Copyright 1986-2022 Xilinx, Inc. All Rights Reserved. Copyright 2022-2024 Advanced Micro Devices, Inc. All Rights Reserved.
---------------------------------------------------------------------------------------------------------------------------------------------------------------------------------------------------
| Tool Version : Vivado v.2024.2 (lin64) Build 5239630 Fri Nov 08 22:34:34 MST 2024
| Date         : Wed Jun 17 03:44:14 2026
| Host         : young-PC running 64-bit Ubuntu 24.04.4 LTS
| Command      : report_timing_summary -delay_type max -max_paths 5 -file /home/young/dev/20_digital-systems-lab/projects/simple-cpu-gemm-accelerator/fpga/reports/mode4/100mhz_timing_summary.rpt
| Design       : zybo_top
| Device       : 7z020-clg400
| Speed File   : -1  PRODUCTION 1.12 2019-11-22
| Design State : Routed
---------------------------------------------------------------------------------------------------------------------------------------------------------------------------------------------------

Timing Summary Report

------------------------------------------------------------------------------------------------
| Timer Settings
| --------------
------------------------------------------------------------------------------------------------

  Enable Multi Corner Analysis               :  Yes
  Enable Pessimism Removal                   :  Yes
  Pessimism Removal Resolution               :  Nearest Common Node
  Enable Input Delay Default Clock           :  No
  Enable Preset / Clear Arcs                 :  No
  Disable Flight Delays                      :  No
  Ignore I/O Paths                           :  No
  Timing Early Launch at Borrowing Latches   :  No
  Borrow Time for Max Delay Exceptions       :  Yes
  Merge Timing Exceptions                    :  Yes
  Inter-SLR Compensation                     :  Conservative

  Corner  Analyze    Analyze    
  Name    Max Paths  Min Paths  
  ------  ---------  ---------  
  Slow    Yes        Yes        
  Fast    Yes        Yes        


------------------------------------------------------------------------------------------------
| Report Methodology
| ------------------
------------------------------------------------------------------------------------------------

Rule       Severity  Description                                 Violations  
---------  --------  ------------------------------------------  ----------  
SYNTH-6    Warning   Timing of a RAM block might be sub-optimal  4           
TIMING-16  Warning   Large setup violation                       84          
TIMING-18  Warning   Missing input or output delay               5           

Note: This report is based on the most recent report_methodology run and may not be up-to-date. Run report_methodology on the current design for the latest report.



check_timing report

Table of Contents
-----------------
1. checking no_clock (0)
2. checking constant_clock (0)
3. checking pulse_width_clock (0)
4. checking unconstrained_internal_endpoints (0)
5. checking no_input_delay (1)
6. checking no_output_delay (4)
7. checking multiple_clock (0)
8. checking generated_clocks (0)
9. checking loops (0)
10. checking partial_input_delay (0)
11. checking partial_output_delay (0)
12. checking latch_loops (0)

1. checking no_clock (0)
------------------------
 There are 0 register/latch pins with no clock.


2. checking constant_clock (0)
------------------------------
 There are 0 register/latch pins with constant_clock.


3. checking pulse_width_clock (0)
---------------------------------
 There are 0 register/latch pins which need pulse_width check


4. checking unconstrained_internal_endpoints (0)
------------------------------------------------
 There are 0 pins that are not constrained for maximum delay.

 There are 0 pins that are not constrained for maximum delay due to constant clock.


5. checking no_input_delay (1)
------------------------------
 There is 1 input port with no input delay specified. (HIGH)

 There are 0 input ports with no input delay but user has a false path constraint.


6. checking no_output_delay (4)
-------------------------------
 There are 4 ports with no output delay specified. (HIGH)

 There are 0 ports with no output delay but user has a false path constraint

 There are 0 ports with no output delay but with a timing clock defined on it or propagating through it


7. checking multiple_clock (0)
------------------------------
 There are 0 register/latch pins with multiple clocks.


8. checking generated_clocks (0)
--------------------------------
 There are 0 generated clocks that are not connected to a clock source.


9. checking loops (0)
---------------------
 There are 0 combinational loops in the design.


10. checking partial_input_delay (0)
------------------------------------
 There are 0 input ports with partial input delay specified.


11. checking partial_output_delay (0)
-------------------------------------
 There are 0 ports with partial output delay specified.


12. checking latch_loops (0)
----------------------------
 There are 0 combinational latch loops in the design through latch input



------------------------------------------------------------------------------------------------
| Design Timing Summary
| ---------------------
------------------------------------------------------------------------------------------------

    WNS(ns)      TNS(ns)  TNS Failing Endpoints  TNS Total Endpoints     WPWS(ns)     TPWS(ns)  TPWS Failing Endpoints  TPWS Total Endpoints  
    -------      -------  ---------------------  -------------------     --------     --------  ----------------------  --------------------  
     -1.961     -138.188                     99                 2913        3.750        0.000                       0                  1050  


Timing constraints are not met.


------------------------------------------------------------------------------------------------
| Clock Summary
| -------------
------------------------------------------------------------------------------------------------

Clock        Waveform(ns)       Period(ns)      Frequency(MHz)
-----        ------------       ----------      --------------
sys_clk_pin  {0.000 5.000}      10.000          100.000         


------------------------------------------------------------------------------------------------
| Intra Clock Table
| -----------------
------------------------------------------------------------------------------------------------

Clock             WNS(ns)      TNS(ns)  TNS Failing Endpoints  TNS Total Endpoints     WPWS(ns)     TPWS(ns)  TPWS Failing Endpoints  TPWS Total Endpoints  
-----             -------      -------  ---------------------  -------------------     --------     --------  ----------------------  --------------------  
sys_clk_pin        -1.961     -138.188                     99                 2913        3.750        0.000                       0                  1050  


------------------------------------------------------------------------------------------------
| Inter Clock Table
| -----------------
------------------------------------------------------------------------------------------------

From Clock    To Clock          WNS(ns)      TNS(ns)  TNS Failing Endpoints  TNS Total Endpoints  
----------    --------          -------      -------  ---------------------  -------------------  


------------------------------------------------------------------------------------------------
| Other Path Groups Table
| -----------------------
------------------------------------------------------------------------------------------------

Path Group    From Clock    To Clock          WNS(ns)      TNS(ns)  TNS Failing Endpoints  TNS Total Endpoints  
----------    ----------    --------          -------      -------  ---------------------  -------------------  


------------------------------------------------------------------------------------------------
| Timing Details
| --------------
------------------------------------------------------------------------------------------------


---------------------------------------------------------------------------------------------------
From Clock:  sys_clk_pin
  To Clock:  sys_clk_pin

Setup :           99  Failing Endpoints,  Worst Slack       -1.961ns,  Total Violation     -138.188ns
Hold  :           NA  Failing Endpoints,  Worst Slack           NA  ,  Total Violation           NA
PW    :            0  Failing Endpoints,  Worst Slack        3.750ns,  Total Violation        0.000ns
---------------------------------------------------------------------------------------------------


Max Delay Paths
--------------------------------------------------------------------------------------
Slack (VIOLATED) :        -1.961ns  (required time - arrival time)
  Source:                 u_system/u_gemm/g_mac4.u_mac/i_reg[1]/C
                            (rising edge-triggered cell FDRE clocked by sys_clk_pin  {rise@0.000ns fall@5.000ns period=10.000ns})
  Destination:            u_system/u_gemm/g_mac4.u_mac/acc1_reg[31]/D
                            (rising edge-triggered cell FDRE clocked by sys_clk_pin  {rise@0.000ns fall@5.000ns period=10.000ns})
  Path Group:             sys_clk_pin
  Path Type:              Setup (Max at Slow Process Corner)
  Requirement:            10.000ns  (sys_clk_pin rise@10.000ns - sys_clk_pin rise@0.000ns)
  Data Path Delay:        11.982ns  (logic 4.812ns (40.159%)  route 7.170ns (59.841%))
  Logic Levels:           15  (CARRY4=7 LUT2=2 LUT3=1 LUT4=1 LUT6=3 RAMD32=1)
  Clock Path Skew:        -0.061ns (DCD - SCD + CPR)
    Destination Clock Delay (DCD):    5.568ns = ( 15.568 - 10.000 ) 
    Source Clock Delay      (SCD):    6.071ns
    Clock Pessimism Removal (CPR):    0.441ns
  Clock Uncertainty:      0.035ns  ((TSJ^2 + TIJ^2)^1/2 + DJ) / 2 + PE
    Total System Jitter     (TSJ):    0.071ns
    Total Input Jitter      (TIJ):    0.000ns
    Discrete Jitter          (DJ):    0.000ns
    Phase Error              (PE):    0.000ns

    Location             Delay type                Incr(ns)  Path(ns)    Netlist Resource(s)
  -------------------------------------------------------------------    -------------------
                         (clock sys_clk_pin rise edge)
                                                      0.000     0.000 r  
    K17                                               0.000     0.000 r  clk (IN)
                         net (fo=0)                   0.000     0.000    clk
    K17                  IBUF (Prop_ibuf_I_O)         1.475     1.475 r  clk_IBUF_inst/O
                         net (fo=1, routed)           2.522     3.997    clk_IBUF
    BUFGCTRL_X0Y16       BUFG (Prop_bufg_I_O)         0.101     4.098 r  clk_IBUF_BUFG_inst/O
                         net (fo=1049, routed)        1.973     6.071    u_system/u_gemm/g_mac4.u_mac/clk_IBUF_BUFG
    SLICE_X97Y138        FDRE                                         r  u_system/u_gemm/g_mac4.u_mac/i_reg[1]/C
  -------------------------------------------------------------------    -------------------
    SLICE_X97Y138        FDRE (Prop_fdre_C_Q)         0.456     6.527 r  u_system/u_gemm/g_mac4.u_mac/i_reg[1]/Q
                         net (fo=11, routed)          0.983     7.510    u_system/u_gemm/u_mmio/i[1]
    SLICE_X100Y139       LUT6 (Prop_lut6_I1_O)        0.124     7.634 r  u_system/u_gemm/u_mmio/a_buf_reg_0_15_0_5_i_7/O
                         net (fo=1, routed)           0.655     8.289    u_system/u_gemm/g_mac4.u_mac/u_buf/a_buf_reg_0_15_0_5
    SLICE_X101Y139       LUT4 (Prop_lut4_I3_O)        0.124     8.413 r  u_system/u_gemm/g_mac4.u_mac/a_buf_reg_0_15_0_5_i_1/O
                         net (fo=8, routed)           0.800     9.212    u_buf/a_buf_reg_0_15_0_5/ADDRB3
    SLICE_X96Y142        RAMD32 (Prop_ramd32_RADR3_O)
                                                      0.124     9.336 r  u_buf/a_buf_reg_0_15_0_5/RAMB_D1/O
                         net (fo=76, routed)          1.002    10.338    u_system/u_gemm/u_buf/buf_a_rdata[3]
    SLICE_X97Y143        LUT6 (Prop_lut6_I0_O)        0.124    10.462 r  u_system/u_gemm/u_buf/p1__0_carry__0_i_4/O
                         net (fo=2, routed)           0.575    11.037    u_system/u_gemm/u_buf/a_wdata_reg[6]_4[0]
    SLICE_X95Y143        LUT6 (Prop_lut6_I0_O)        0.124    11.161 r  u_system/u_gemm/u_buf/p1__0_carry__0_i_8/O
                         net (fo=1, routed)           0.000    11.161    u_system/u_gemm/g_mac4.u_mac/p1__85_carry_i_8_1[0]
    SLICE_X95Y143        CARRY4 (Prop_carry4_S[0]_O[3])
                                                      0.606    11.767 r  u_system/u_gemm/g_mac4.u_mac/p1__0_carry__0/O[3]
                         net (fo=2, routed)           0.680    12.446    u_system/u_gemm/g_mac4.u_mac/p1__0_carry__0_n_4
    SLICE_X94Y142        LUT3 (Prop_lut3_I1_O)        0.332    12.778 r  u_system/u_gemm/g_mac4.u_mac/p1__85_carry__0_i_4/O
                         net (fo=2, routed)           0.805    13.583    u_system/u_gemm/g_mac4.u_mac/p1__85_carry__0_i_4_n_0
    SLICE_X94Y143        CARRY4 (Prop_carry4_DI[0]_CO[3])
                                                      0.781    14.364 r  u_system/u_gemm/g_mac4.u_mac/p1__85_carry__0/CO[3]
                         net (fo=1, routed)           0.000    14.364    u_system/u_gemm/g_mac4.u_mac/p1__85_carry__0_n_0
    SLICE_X94Y144        CARRY4 (Prop_carry4_CI_O[3])
                                                      0.315    14.679 r  u_system/u_gemm/g_mac4.u_mac/p1__85_carry__1/O[3]
                         net (fo=4, routed)           0.824    15.503    u_system/u_gemm/u_buf/acc10_carry__3[0]
    SLICE_X92Y140        LUT2 (Prop_lut2_I0_O)        0.307    15.810 r  u_system/u_gemm/u_buf/acc10_carry__3_i_5/O
                         net (fo=1, routed)           0.000    15.810    u_system/u_gemm/g_mac4.u_mac/acc1_reg[19]_1[0]
    SLICE_X92Y140        CARRY4 (Prop_carry4_S[0]_CO[3])
                                                      0.513    16.323 r  u_system/u_gemm/g_mac4.u_mac/acc10_carry__3/CO[3]
                         net (fo=1, routed)           0.000    16.323    u_system/u_gemm/g_mac4.u_mac/acc10_carry__3_n_0
    SLICE_X92Y141        CARRY4 (Prop_carry4_CI_CO[3])
                                                      0.117    16.440 r  u_system/u_gemm/g_mac4.u_mac/acc10_carry__4/CO[3]
                         net (fo=1, routed)           0.000    16.440    u_system/u_gemm/g_mac4.u_mac/acc10_carry__4_n_0
    SLICE_X92Y142        CARRY4 (Prop_carry4_CI_CO[3])
                                                      0.117    16.557 r  u_system/u_gemm/g_mac4.u_mac/acc10_carry__5/CO[3]
                         net (fo=1, routed)           0.000    16.557    u_system/u_gemm/g_mac4.u_mac/acc10_carry__5_n_0
    SLICE_X92Y143        CARRY4 (Prop_carry4_CI_O[3])
                                                      0.315    16.872 r  u_system/u_gemm/g_mac4.u_mac/acc10_carry__6/O[3]
                         net (fo=1, routed)           0.848    17.720    u_system/u_gemm/g_mac4.u_mac/acc10[31]
    SLICE_X90Y147        LUT2 (Prop_lut2_I0_O)        0.333    18.053 r  u_system/u_gemm/g_mac4.u_mac/acc1[31]_i_1/O
                         net (fo=1, routed)           0.000    18.053    u_system/u_gemm/g_mac4.u_mac/acc1[31]
    SLICE_X90Y147        FDRE                                         r  u_system/u_gemm/g_mac4.u_mac/acc1_reg[31]/D
  -------------------------------------------------------------------    -------------------

                         (clock sys_clk_pin rise edge)
                                                     10.000    10.000 r  
    K17                                               0.000    10.000 r  clk (IN)
                         net (fo=0)                   0.000    10.000    clk
    K17                  IBUF (Prop_ibuf_I_O)         1.404    11.404 r  clk_IBUF_inst/O
                         net (fo=1, routed)           2.293    13.697    clk_IBUF
    BUFGCTRL_X0Y16       BUFG (Prop_bufg_I_O)         0.091    13.788 r  clk_IBUF_BUFG_inst/O
                         net (fo=1049, routed)        1.780    15.568    u_system/u_gemm/g_mac4.u_mac/clk_IBUF_BUFG
    SLICE_X90Y147        FDRE                                         r  u_system/u_gemm/g_mac4.u_mac/acc1_reg[31]/C
                         clock pessimism              0.441    16.010    
                         clock uncertainty           -0.035    15.974    
    SLICE_X90Y147        FDRE (Setup_fdre_C_D)        0.118    16.092    u_system/u_gemm/g_mac4.u_mac/acc1_reg[31]
  -------------------------------------------------------------------
                         required time                         16.092    
                         arrival time                         -18.053    
  -------------------------------------------------------------------
                         slack                                 -1.961    

Slack (VIOLATED) :        -1.858ns  (required time - arrival time)
  Source:                 u_system/u_gemm/g_mac4.u_mac/i_reg[1]/C
                            (rising edge-triggered cell FDRE clocked by sys_clk_pin  {rise@0.000ns fall@5.000ns period=10.000ns})
  Destination:            u_system/u_gemm/g_mac4.u_mac/acc1_reg[29]/D
                            (rising edge-triggered cell FDRE clocked by sys_clk_pin  {rise@0.000ns fall@5.000ns period=10.000ns})
  Path Group:             sys_clk_pin
  Path Type:              Setup (Max at Slow Process Corner)
  Requirement:            10.000ns  (sys_clk_pin rise@10.000ns - sys_clk_pin rise@0.000ns)
  Data Path Delay:        11.879ns  (logic 4.822ns (40.592%)  route 7.057ns (59.408%))
  Logic Levels:           15  (CARRY4=7 LUT2=2 LUT3=1 LUT4=1 LUT6=3 RAMD32=1)
  Clock Path Skew:        -0.061ns (DCD - SCD + CPR)
    Destination Clock Delay (DCD):    5.568ns = ( 15.568 - 10.000 ) 
    Source Clock Delay      (SCD):    6.071ns
    Clock Pessimism Removal (CPR):    0.441ns
  Clock Uncertainty:      0.035ns  ((TSJ^2 + TIJ^2)^1/2 + DJ) / 2 + PE
    Total System Jitter     (TSJ):    0.071ns
    Total Input Jitter      (TIJ):    0.000ns
    Discrete Jitter          (DJ):    0.000ns
    Phase Error              (PE):    0.000ns

    Location             Delay type                Incr(ns)  Path(ns)    Netlist Resource(s)
  -------------------------------------------------------------------    -------------------
                         (clock sys_clk_pin rise edge)
                                                      0.000     0.000 r  
    K17                                               0.000     0.000 r  clk (IN)
                         net (fo=0)                   0.000     0.000    clk
    K17                  IBUF (Prop_ibuf_I_O)         1.475     1.475 r  clk_IBUF_inst/O
                         net (fo=1, routed)           2.522     3.997    clk_IBUF
    BUFGCTRL_X0Y16       BUFG (Prop_bufg_I_O)         0.101     4.098 r  clk_IBUF_BUFG_inst/O
                         net (fo=1049, routed)        1.973     6.071    u_system/u_gemm/g_mac4.u_mac/clk_IBUF_BUFG
    SLICE_X97Y138        FDRE                                         r  u_system/u_gemm/g_mac4.u_mac/i_reg[1]/C
  -------------------------------------------------------------------    -------------------
    SLICE_X97Y138        FDRE (Prop_fdre_C_Q)         0.456     6.527 r  u_system/u_gemm/g_mac4.u_mac/i_reg[1]/Q
                         net (fo=11, routed)          0.983     7.510    u_system/u_gemm/u_mmio/i[1]
    SLICE_X100Y139       LUT6 (Prop_lut6_I1_O)        0.124     7.634 r  u_system/u_gemm/u_mmio/a_buf_reg_0_15_0_5_i_7/O
                         net (fo=1, routed)           0.655     8.289    u_system/u_gemm/g_mac4.u_mac/u_buf/a_buf_reg_0_15_0_5
    SLICE_X101Y139       LUT4 (Prop_lut4_I3_O)        0.124     8.413 r  u_system/u_gemm/g_mac4.u_mac/a_buf_reg_0_15_0_5_i_1/O
                         net (fo=8, routed)           0.800     9.212    u_buf/a_buf_reg_0_15_0_5/ADDRB3
    SLICE_X96Y142        RAMD32 (Prop_ramd32_RADR3_O)
                                                      0.124     9.336 r  u_buf/a_buf_reg_0_15_0_5/RAMB_D1/O
                         net (fo=76, routed)          1.002    10.338    u_system/u_gemm/u_buf/buf_a_rdata[3]
    SLICE_X97Y143        LUT6 (Prop_lut6_I0_O)        0.124    10.462 r  u_system/u_gemm/u_buf/p1__0_carry__0_i_4/O
                         net (fo=2, routed)           0.575    11.037    u_system/u_gemm/u_buf/a_wdata_reg[6]_4[0]
    SLICE_X95Y143        LUT6 (Prop_lut6_I0_O)        0.124    11.161 r  u_system/u_gemm/u_buf/p1__0_carry__0_i_8/O
                         net (fo=1, routed)           0.000    11.161    u_system/u_gemm/g_mac4.u_mac/p1__85_carry_i_8_1[0]
    SLICE_X95Y143        CARRY4 (Prop_carry4_S[0]_O[3])
                                                      0.606    11.767 r  u_system/u_gemm/g_mac4.u_mac/p1__0_carry__0/O[3]
                         net (fo=2, routed)           0.680    12.446    u_system/u_gemm/g_mac4.u_mac/p1__0_carry__0_n_4
    SLICE_X94Y142        LUT3 (Prop_lut3_I1_O)        0.332    12.778 r  u_system/u_gemm/g_mac4.u_mac/p1__85_carry__0_i_4/O
                         net (fo=2, routed)           0.805    13.583    u_system/u_gemm/g_mac4.u_mac/p1__85_carry__0_i_4_n_0
    SLICE_X94Y143        CARRY4 (Prop_carry4_DI[0]_CO[3])
                                                      0.781    14.364 r  u_system/u_gemm/g_mac4.u_mac/p1__85_carry__0/CO[3]
                         net (fo=1, routed)           0.000    14.364    u_system/u_gemm/g_mac4.u_mac/p1__85_carry__0_n_0
    SLICE_X94Y144        CARRY4 (Prop_carry4_CI_O[3])
                                                      0.315    14.679 r  u_system/u_gemm/g_mac4.u_mac/p1__85_carry__1/O[3]
                         net (fo=4, routed)           0.824    15.503    u_system/u_gemm/u_buf/acc10_carry__3[0]
    SLICE_X92Y140        LUT2 (Prop_lut2_I0_O)        0.307    15.810 r  u_system/u_gemm/u_buf/acc10_carry__3_i_5/O
                         net (fo=1, routed)           0.000    15.810    u_system/u_gemm/g_mac4.u_mac/acc1_reg[19]_1[0]
    SLICE_X92Y140        CARRY4 (Prop_carry4_S[0]_CO[3])
                                                      0.513    16.323 r  u_system/u_gemm/g_mac4.u_mac/acc10_carry__3/CO[3]
                         net (fo=1, routed)           0.000    16.323    u_system/u_gemm/g_mac4.u_mac/acc10_carry__3_n_0
    SLICE_X92Y141        CARRY4 (Prop_carry4_CI_CO[3])
                                                      0.117    16.440 r  u_system/u_gemm/g_mac4.u_mac/acc10_carry__4/CO[3]
                         net (fo=1, routed)           0.000    16.440    u_system/u_gemm/g_mac4.u_mac/acc10_carry__4_n_0
    SLICE_X92Y142        CARRY4 (Prop_carry4_CI_CO[3])
                                                      0.117    16.557 r  u_system/u_gemm/g_mac4.u_mac/acc10_carry__5/CO[3]
                         net (fo=1, routed)           0.000    16.557    u_system/u_gemm/g_mac4.u_mac/acc10_carry__5_n_0
    SLICE_X92Y143        CARRY4 (Prop_carry4_CI_O[1])
                                                      0.323    16.880 r  u_system/u_gemm/g_mac4.u_mac/acc10_carry__6/O[1]
                         net (fo=1, routed)           0.735    17.615    u_system/u_gemm/g_mac4.u_mac/acc10[29]
    SLICE_X92Y145        LUT2 (Prop_lut2_I0_O)        0.335    17.950 r  u_system/u_gemm/g_mac4.u_mac/acc1[29]_i_1/O
                         net (fo=1, routed)           0.000    17.950    u_system/u_gemm/g_mac4.u_mac/acc1[29]
    SLICE_X92Y145        FDRE                                         r  u_system/u_gemm/g_mac4.u_mac/acc1_reg[29]/D
  -------------------------------------------------------------------    -------------------

                         (clock sys_clk_pin rise edge)
                                                     10.000    10.000 r  
    K17                                               0.000    10.000 r  clk (IN)
                         net (fo=0)                   0.000    10.000    clk
    K17                  IBUF (Prop_ibuf_I_O)         1.404    11.404 r  clk_IBUF_inst/O
                         net (fo=1, routed)           2.293    13.697    clk_IBUF
    BUFGCTRL_X0Y16       BUFG (Prop_bufg_I_O)         0.091    13.788 r  clk_IBUF_BUFG_inst/O
                         net (fo=1049, routed)        1.780    15.568    u_system/u_gemm/g_mac4.u_mac/clk_IBUF_BUFG
    SLICE_X92Y145        FDRE                                         r  u_system/u_gemm/g_mac4.u_mac/acc1_reg[29]/C
                         clock pessimism              0.441    16.010    
                         clock uncertainty           -0.035    15.974    
    SLICE_X92Y145        FDRE (Setup_fdre_C_D)        0.118    16.092    u_system/u_gemm/g_mac4.u_mac/acc1_reg[29]
  -------------------------------------------------------------------
                         required time                         16.092    
                         arrival time                         -17.950    
  -------------------------------------------------------------------
                         slack                                 -1.858    

Slack (VIOLATED) :        -1.853ns  (required time - arrival time)
  Source:                 u_system/u_gemm/g_mac4.u_mac/i_reg[1]/C
                            (rising edge-triggered cell FDRE clocked by sys_clk_pin  {rise@0.000ns fall@5.000ns period=10.000ns})
  Destination:            u_system/u_gemm/g_mac4.u_mac/acc0_reg[28]/D
                            (rising edge-triggered cell FDRE clocked by sys_clk_pin  {rise@0.000ns fall@5.000ns period=10.000ns})
  Path Group:             sys_clk_pin
  Path Type:              Setup (Max at Slow Process Corner)
  Requirement:            10.000ns  (sys_clk_pin rise@10.000ns - sys_clk_pin rise@0.000ns)
  Data Path Delay:        11.836ns  (logic 4.567ns (38.587%)  route 7.269ns (61.413%))
  Logic Levels:           18  (CARRY4=10 LUT2=2 LUT3=1 LUT4=2 LUT6=2 RAMD32=1)
  Clock Path Skew:        -0.061ns (DCD - SCD + CPR)
    Destination Clock Delay (DCD):    5.568ns = ( 15.568 - 10.000 ) 
    Source Clock Delay      (SCD):    6.071ns
    Clock Pessimism Removal (CPR):    0.441ns
  Clock Uncertainty:      0.035ns  ((TSJ^2 + TIJ^2)^1/2 + DJ) / 2 + PE
    Total System Jitter     (TSJ):    0.071ns
    Total Input Jitter      (TIJ):    0.000ns
    Discrete Jitter          (DJ):    0.000ns
    Phase Error              (PE):    0.000ns

    Location             Delay type                Incr(ns)  Path(ns)    Netlist Resource(s)
  -------------------------------------------------------------------    -------------------
                         (clock sys_clk_pin rise edge)
                                                      0.000     0.000 r  
    K17                                               0.000     0.000 r  clk (IN)
                         net (fo=0)                   0.000     0.000    clk
    K17                  IBUF (Prop_ibuf_I_O)         1.475     1.475 r  clk_IBUF_inst/O
                         net (fo=1, routed)           2.522     3.997    clk_IBUF
    BUFGCTRL_X0Y16       BUFG (Prop_bufg_I_O)         0.101     4.098 r  clk_IBUF_BUFG_inst/O
                         net (fo=1049, routed)        1.973     6.071    u_system/u_gemm/g_mac4.u_mac/clk_IBUF_BUFG
    SLICE_X97Y138        FDRE                                         r  u_system/u_gemm/g_mac4.u_mac/i_reg[1]/C
  -------------------------------------------------------------------    -------------------
    SLICE_X97Y138        FDRE (Prop_fdre_C_Q)         0.456     6.527 r  u_system/u_gemm/g_mac4.u_mac/i_reg[1]/Q
                         net (fo=11, routed)          0.983     7.510    u_system/u_gemm/u_mmio/i[1]
    SLICE_X100Y139       LUT6 (Prop_lut6_I1_O)        0.124     7.634 r  u_system/u_gemm/u_mmio/a_buf_reg_0_15_0_5_i_7/O
                         net (fo=1, routed)           0.655     8.289    u_system/u_gemm/g_mac4.u_mac/u_buf/a_buf_reg_0_15_0_5
    SLICE_X101Y139       LUT4 (Prop_lut4_I3_O)        0.124     8.413 r  u_system/u_gemm/g_mac4.u_mac/a_buf_reg_0_15_0_5_i_1/O
                         net (fo=8, routed)           0.800     9.212    u_buf/a_buf_reg_0_15_0_5/ADDRB3
    SLICE_X96Y142        RAMD32 (Prop_ramd32_RADR3_O)
                                                      0.124     9.336 r  u_buf/a_buf_reg_0_15_0_5/RAMB_D1/O
                         net (fo=76, routed)          1.311    10.647    u_system/u_gemm/u_buf/buf_a_rdata[3]
    SLICE_X91Y141        LUT6 (Prop_lut6_I1_O)        0.124    10.771 r  u_system/u_gemm/u_buf/p0__0_carry_i_1/O
                         net (fo=1, routed)           0.611    11.383    u_system/u_gemm/g_mac4.u_mac/i__carry_i_4__2_0[2]
    SLICE_X91Y142        CARRY4 (Prop_carry4_DI[3]_CO[3])
                                                      0.385    11.768 r  u_system/u_gemm/g_mac4.u_mac/p0__0_carry/CO[3]
                         net (fo=1, routed)           0.000    11.768    u_system/u_gemm/g_mac4.u_mac/p0__0_carry_n_0
    SLICE_X91Y143        CARRY4 (Prop_carry4_CI_O[2])
                                                      0.239    12.007 r  u_system/u_gemm/g_mac4.u_mac/p0__0_carry__0/O[2]
                         net (fo=2, routed)           0.678    12.684    u_system/u_gemm/g_mac4.u_mac/p0__0_carry__0_n_5
    SLICE_X89Y145        LUT3 (Prop_lut3_I1_O)        0.302    12.986 r  u_system/u_gemm/g_mac4.u_mac/p0__85_carry_i_1/O
                         net (fo=2, routed)           0.914    13.900    u_system/u_gemm/g_mac4.u_mac/p0__85_carry_i_1_n_0
    SLICE_X91Y145        LUT4 (Prop_lut4_I3_O)        0.124    14.024 r  u_system/u_gemm/g_mac4.u_mac/p0__85_carry_i_5/O
                         net (fo=1, routed)           0.000    14.024    u_system/u_gemm/g_mac4.u_mac/p0__85_carry_i_5_n_0
    SLICE_X91Y145        CARRY4 (Prop_carry4_S[3]_CO[3])
                                                      0.401    14.425 r  u_system/u_gemm/g_mac4.u_mac/p0__85_carry/CO[3]
                         net (fo=1, routed)           0.000    14.425    u_system/u_gemm/g_mac4.u_mac/p0__85_carry_n_0
    SLICE_X91Y146        CARRY4 (Prop_carry4_CI_O[1])
                                                      0.334    14.759 r  u_system/u_gemm/g_mac4.u_mac/p0__85_carry__0/O[1]
                         net (fo=1, routed)           0.595    15.354    u_system/u_gemm/g_mac4.u_mac/p0[9]
    SLICE_X93Y144        LUT2 (Prop_lut2_I1_O)        0.303    15.657 r  u_system/u_gemm/g_mac4.u_mac/i__carry__1_i_3__0/O
                         net (fo=1, routed)           0.000    15.657    u_system/u_gemm/g_mac4.u_mac/i__carry__1_i_3__0_n_0
    SLICE_X93Y144        CARRY4 (Prop_carry4_S[1]_CO[3])
                                                      0.550    16.207 r  u_system/u_gemm/g_mac4.u_mac/acc00_inferred__0/i__carry__1/CO[3]
                         net (fo=1, routed)           0.000    16.207    u_system/u_gemm/g_mac4.u_mac/acc00_inferred__0/i__carry__1_n_0
    SLICE_X93Y145        CARRY4 (Prop_carry4_CI_CO[3])
                                                      0.114    16.321 r  u_system/u_gemm/g_mac4.u_mac/acc00_inferred__0/i__carry__2/CO[3]
                         net (fo=1, routed)           0.000    16.321    u_system/u_gemm/g_mac4.u_mac/acc00_inferred__0/i__carry__2_n_0
    SLICE_X93Y146        CARRY4 (Prop_carry4_CI_CO[3])
                                                      0.114    16.435 r  u_system/u_gemm/g_mac4.u_mac/acc00_inferred__0/i__carry__3/CO[3]
                         net (fo=1, routed)           0.000    16.435    u_system/u_gemm/g_mac4.u_mac/acc00_inferred__0/i__carry__3_n_0
    SLICE_X93Y147        CARRY4 (Prop_carry4_CI_CO[3])
                                                      0.114    16.549 r  u_system/u_gemm/g_mac4.u_mac/acc00_inferred__0/i__carry__4/CO[3]
                         net (fo=1, routed)           0.000    16.549    u_system/u_gemm/g_mac4.u_mac/acc00_inferred__0/i__carry__4_n_0
    SLICE_X93Y148        CARRY4 (Prop_carry4_CI_CO[3])
                                                      0.114    16.663 r  u_system/u_gemm/g_mac4.u_mac/acc00_inferred__0/i__carry__5/CO[3]
                         net (fo=1, routed)           0.000    16.663    u_system/u_gemm/g_mac4.u_mac/acc00_inferred__0/i__carry__5_n_0
    SLICE_X93Y149        CARRY4 (Prop_carry4_CI_O[0])
                                                      0.222    16.885 r  u_system/u_gemm/g_mac4.u_mac/acc00_inferred__0/i__carry__6/O[0]
                         net (fo=1, routed)           0.722    17.607    u_system/u_gemm/g_mac4.u_mac/acc00[28]
    SLICE_X92Y144        LUT2 (Prop_lut2_I0_O)        0.299    17.906 r  u_system/u_gemm/g_mac4.u_mac/acc0[28]_i_1/O
                         net (fo=1, routed)           0.000    17.906    u_system/u_gemm/g_mac4.u_mac/acc00_in[28]
    SLICE_X92Y144        FDRE                                         r  u_system/u_gemm/g_mac4.u_mac/acc0_reg[28]/D
  -------------------------------------------------------------------    -------------------

                         (clock sys_clk_pin rise edge)
                                                     10.000    10.000 r  
    K17                                               0.000    10.000 r  clk (IN)
                         net (fo=0)                   0.000    10.000    clk
    K17                  IBUF (Prop_ibuf_I_O)         1.404    11.404 r  clk_IBUF_inst/O
                         net (fo=1, routed)           2.293    13.697    clk_IBUF
    BUFGCTRL_X0Y16       BUFG (Prop_bufg_I_O)         0.091    13.788 r  clk_IBUF_BUFG_inst/O
                         net (fo=1049, routed)        1.780    15.568    u_system/u_gemm/g_mac4.u_mac/clk_IBUF_BUFG
    SLICE_X92Y144        FDRE                                         r  u_system/u_gemm/g_mac4.u_mac/acc0_reg[28]/C
                         clock pessimism              0.441    16.010    
                         clock uncertainty           -0.035    15.974    
    SLICE_X92Y144        FDRE (Setup_fdre_C_D)        0.079    16.053    u_system/u_gemm/g_mac4.u_mac/acc0_reg[28]
  -------------------------------------------------------------------
                         required time                         16.053    
                         arrival time                         -17.906    
  -------------------------------------------------------------------
                         slack                                 -1.853    

Slack (VIOLATED) :        -1.843ns  (required time - arrival time)
  Source:                 u_system/u_gemm/g_mac4.u_mac/i_reg[1]/C
                            (rising edge-triggered cell FDRE clocked by sys_clk_pin  {rise@0.000ns fall@5.000ns period=10.000ns})
  Destination:            u_system/u_gemm/g_mac4.u_mac/acc1_reg[26]/D
                            (rising edge-triggered cell FDRE clocked by sys_clk_pin  {rise@0.000ns fall@5.000ns period=10.000ns})
  Path Group:             sys_clk_pin
  Path Type:              Setup (Max at Slow Process Corner)
  Requirement:            10.000ns  (sys_clk_pin rise@10.000ns - sys_clk_pin rise@0.000ns)
  Data Path Delay:        11.866ns  (logic 4.613ns (38.876%)  route 7.253ns (61.124%))
  Logic Levels:           14  (CARRY4=6 LUT2=2 LUT3=1 LUT4=1 LUT6=3 RAMD32=1)
  Clock Path Skew:        -0.060ns (DCD - SCD + CPR)
    Destination Clock Delay (DCD):    5.569ns = ( 15.569 - 10.000 ) 
    Source Clock Delay      (SCD):    6.071ns
    Clock Pessimism Removal (CPR):    0.441ns
  Clock Uncertainty:      0.035ns  ((TSJ^2 + TIJ^2)^1/2 + DJ) / 2 + PE
    Total System Jitter     (TSJ):    0.071ns
    Total Input Jitter      (TIJ):    0.000ns
    Discrete Jitter          (DJ):    0.000ns
    Phase Error              (PE):    0.000ns

    Location             Delay type                Incr(ns)  Path(ns)    Netlist Resource(s)
  -------------------------------------------------------------------    -------------------
                         (clock sys_clk_pin rise edge)
                                                      0.000     0.000 r  
    K17                                               0.000     0.000 r  clk (IN)
                         net (fo=0)                   0.000     0.000    clk
    K17                  IBUF (Prop_ibuf_I_O)         1.475     1.475 r  clk_IBUF_inst/O
                         net (fo=1, routed)           2.522     3.997    clk_IBUF
    BUFGCTRL_X0Y16       BUFG (Prop_bufg_I_O)         0.101     4.098 r  clk_IBUF_BUFG_inst/O
                         net (fo=1049, routed)        1.973     6.071    u_system/u_gemm/g_mac4.u_mac/clk_IBUF_BUFG
    SLICE_X97Y138        FDRE                                         r  u_system/u_gemm/g_mac4.u_mac/i_reg[1]/C
  -------------------------------------------------------------------    -------------------
    SLICE_X97Y138        FDRE (Prop_fdre_C_Q)         0.456     6.527 r  u_system/u_gemm/g_mac4.u_mac/i_reg[1]/Q
                         net (fo=11, routed)          0.983     7.510    u_system/u_gemm/u_mmio/i[1]
    SLICE_X100Y139       LUT6 (Prop_lut6_I1_O)        0.124     7.634 r  u_system/u_gemm/u_mmio/a_buf_reg_0_15_0_5_i_7/O
                         net (fo=1, routed)           0.655     8.289    u_system/u_gemm/g_mac4.u_mac/u_buf/a_buf_reg_0_15_0_5
    SLICE_X101Y139       LUT4 (Prop_lut4_I3_O)        0.124     8.413 r  u_system/u_gemm/g_mac4.u_mac/a_buf_reg_0_15_0_5_i_1/O
                         net (fo=8, routed)           0.800     9.212    u_buf/a_buf_reg_0_15_0_5/ADDRB3
    SLICE_X96Y142        RAMD32 (Prop_ramd32_RADR3_O)
                                                      0.124     9.336 r  u_buf/a_buf_reg_0_15_0_5/RAMB_D1/O
                         net (fo=76, routed)          1.002    10.338    u_system/u_gemm/u_buf/buf_a_rdata[3]
    SLICE_X97Y143        LUT6 (Prop_lut6_I0_O)        0.124    10.462 r  u_system/u_gemm/u_buf/p1__0_carry__0_i_4/O
                         net (fo=2, routed)           0.575    11.037    u_system/u_gemm/u_buf/a_wdata_reg[6]_4[0]
    SLICE_X95Y143        LUT6 (Prop_lut6_I0_O)        0.124    11.161 r  u_system/u_gemm/u_buf/p1__0_carry__0_i_8/O
                         net (fo=1, routed)           0.000    11.161    u_system/u_gemm/g_mac4.u_mac/p1__85_carry_i_8_1[0]
    SLICE_X95Y143        CARRY4 (Prop_carry4_S[0]_O[3])
                                                      0.606    11.767 r  u_system/u_gemm/g_mac4.u_mac/p1__0_carry__0/O[3]
                         net (fo=2, routed)           0.680    12.446    u_system/u_gemm/g_mac4.u_mac/p1__0_carry__0_n_4
    SLICE_X94Y142        LUT3 (Prop_lut3_I1_O)        0.332    12.778 r  u_system/u_gemm/g_mac4.u_mac/p1__85_carry__0_i_4/O
                         net (fo=2, routed)           0.805    13.583    u_system/u_gemm/g_mac4.u_mac/p1__85_carry__0_i_4_n_0
    SLICE_X94Y143        CARRY4 (Prop_carry4_DI[0]_CO[3])
                                                      0.781    14.364 r  u_system/u_gemm/g_mac4.u_mac/p1__85_carry__0/CO[3]
                         net (fo=1, routed)           0.000    14.364    u_system/u_gemm/g_mac4.u_mac/p1__85_carry__0_n_0
    SLICE_X94Y144        CARRY4 (Prop_carry4_CI_O[3])
                                                      0.315    14.679 r  u_system/u_gemm/g_mac4.u_mac/p1__85_carry__1/O[3]
                         net (fo=4, routed)           0.824    15.503    u_system/u_gemm/u_buf/acc10_carry__3[0]
    SLICE_X92Y140        LUT2 (Prop_lut2_I0_O)        0.307    15.810 r  u_system/u_gemm/u_buf/acc10_carry__3_i_5/O
                         net (fo=1, routed)           0.000    15.810    u_system/u_gemm/g_mac4.u_mac/acc1_reg[19]_1[0]
    SLICE_X92Y140        CARRY4 (Prop_carry4_S[0]_CO[3])
                                                      0.513    16.323 r  u_system/u_gemm/g_mac4.u_mac/acc10_carry__3/CO[3]
                         net (fo=1, routed)           0.000    16.323    u_system/u_gemm/g_mac4.u_mac/acc10_carry__3_n_0
    SLICE_X92Y141        CARRY4 (Prop_carry4_CI_CO[3])
                                                      0.117    16.440 r  u_system/u_gemm/g_mac4.u_mac/acc10_carry__4/CO[3]
                         net (fo=1, routed)           0.000    16.440    u_system/u_gemm/g_mac4.u_mac/acc10_carry__4_n_0
    SLICE_X92Y142        CARRY4 (Prop_carry4_CI_O[2])
                                                      0.239    16.679 r  u_system/u_gemm/g_mac4.u_mac/acc10_carry__5/O[2]
                         net (fo=1, routed)           0.931    17.610    u_system/u_gemm/g_mac4.u_mac/acc10[26]
    SLICE_X92Y149        LUT2 (Prop_lut2_I0_O)        0.327    17.937 r  u_system/u_gemm/g_mac4.u_mac/acc1[26]_i_1/O
                         net (fo=1, routed)           0.000    17.937    u_system/u_gemm/g_mac4.u_mac/acc1[26]
    SLICE_X92Y149        FDRE                                         r  u_system/u_gemm/g_mac4.u_mac/acc1_reg[26]/D
  -------------------------------------------------------------------    -------------------

                         (clock sys_clk_pin rise edge)
                                                     10.000    10.000 r  
    K17                                               0.000    10.000 r  clk (IN)
                         net (fo=0)                   0.000    10.000    clk
    K17                  IBUF (Prop_ibuf_I_O)         1.404    11.404 r  clk_IBUF_inst/O
                         net (fo=1, routed)           2.293    13.697    clk_IBUF
    BUFGCTRL_X0Y16       BUFG (Prop_bufg_I_O)         0.091    13.788 r  clk_IBUF_BUFG_inst/O
                         net (fo=1049, routed)        1.781    15.569    u_system/u_gemm/g_mac4.u_mac/clk_IBUF_BUFG
    SLICE_X92Y149        FDRE                                         r  u_system/u_gemm/g_mac4.u_mac/acc1_reg[26]/C
                         clock pessimism              0.441    16.011    
                         clock uncertainty           -0.035    15.975    
    SLICE_X92Y149        FDRE (Setup_fdre_C_D)        0.118    16.093    u_system/u_gemm/g_mac4.u_mac/acc1_reg[26]
  -------------------------------------------------------------------
                         required time                         16.093    
                         arrival time                         -17.937    
  -------------------------------------------------------------------
                         slack                                 -1.843    

Slack (VIOLATED) :        -1.815ns  (required time - arrival time)
  Source:                 u_system/u_gemm/g_mac4.u_mac/i_reg[1]/C
                            (rising edge-triggered cell FDRE clocked by sys_clk_pin  {rise@0.000ns fall@5.000ns period=10.000ns})
  Destination:            u_system/u_gemm/g_mac4.u_mac/acc0_reg[29]/D
                            (rising edge-triggered cell FDRE clocked by sys_clk_pin  {rise@0.000ns fall@5.000ns period=10.000ns})
  Path Group:             sys_clk_pin
  Path Type:              Setup (Max at Slow Process Corner)
  Requirement:            10.000ns  (sys_clk_pin rise@10.000ns - sys_clk_pin rise@0.000ns)
  Data Path Delay:        11.798ns  (logic 4.683ns (39.693%)  route 7.115ns (60.307%))
  Logic Levels:           18  (CARRY4=10 LUT2=2 LUT3=1 LUT4=2 LUT6=2 RAMD32=1)
  Clock Path Skew:        -0.061ns (DCD - SCD + CPR)
    Destination Clock Delay (DCD):    5.568ns = ( 15.568 - 10.000 ) 
    Source Clock Delay      (SCD):    6.071ns
    Clock Pessimism Removal (CPR):    0.441ns
  Clock Uncertainty:      0.035ns  ((TSJ^2 + TIJ^2)^1/2 + DJ) / 2 + PE
    Total System Jitter     (TSJ):    0.071ns
    Total Input Jitter      (TIJ):    0.000ns
    Discrete Jitter          (DJ):    0.000ns
    Phase Error              (PE):    0.000ns

    Location             Delay type                Incr(ns)  Path(ns)    Netlist Resource(s)
  -------------------------------------------------------------------    -------------------
                         (clock sys_clk_pin rise edge)
                                                      0.000     0.000 r  
    K17                                               0.000     0.000 r  clk (IN)
                         net (fo=0)                   0.000     0.000    clk
    K17                  IBUF (Prop_ibuf_I_O)         1.475     1.475 r  clk_IBUF_inst/O
                         net (fo=1, routed)           2.522     3.997    clk_IBUF
    BUFGCTRL_X0Y16       BUFG (Prop_bufg_I_O)         0.101     4.098 r  clk_IBUF_BUFG_inst/O
                         net (fo=1049, routed)        1.973     6.071    u_system/u_gemm/g_mac4.u_mac/clk_IBUF_BUFG
    SLICE_X97Y138        FDRE                                         r  u_system/u_gemm/g_mac4.u_mac/i_reg[1]/C
  -------------------------------------------------------------------    -------------------
    SLICE_X97Y138        FDRE (Prop_fdre_C_Q)         0.456     6.527 r  u_system/u_gemm/g_mac4.u_mac/i_reg[1]/Q
                         net (fo=11, routed)          0.983     7.510    u_system/u_gemm/u_mmio/i[1]
    SLICE_X100Y139       LUT6 (Prop_lut6_I1_O)        0.124     7.634 r  u_system/u_gemm/u_mmio/a_buf_reg_0_15_0_5_i_7/O
                         net (fo=1, routed)           0.655     8.289    u_system/u_gemm/g_mac4.u_mac/u_buf/a_buf_reg_0_15_0_5
    SLICE_X101Y139       LUT4 (Prop_lut4_I3_O)        0.124     8.413 r  u_system/u_gemm/g_mac4.u_mac/a_buf_reg_0_15_0_5_i_1/O
                         net (fo=8, routed)           0.800     9.212    u_buf/a_buf_reg_0_15_0_5/ADDRB3
    SLICE_X96Y142        RAMD32 (Prop_ramd32_RADR3_O)
                                                      0.124     9.336 r  u_buf/a_buf_reg_0_15_0_5/RAMB_D1/O
                         net (fo=76, routed)          1.311    10.647    u_system/u_gemm/u_buf/buf_a_rdata[3]
    SLICE_X91Y141        LUT6 (Prop_lut6_I1_O)        0.124    10.771 r  u_system/u_gemm/u_buf/p0__0_carry_i_1/O
                         net (fo=1, routed)           0.611    11.383    u_system/u_gemm/g_mac4.u_mac/i__carry_i_4__2_0[2]
    SLICE_X91Y142        CARRY4 (Prop_carry4_DI[3]_CO[3])
                                                      0.385    11.768 r  u_system/u_gemm/g_mac4.u_mac/p0__0_carry/CO[3]
                         net (fo=1, routed)           0.000    11.768    u_system/u_gemm/g_mac4.u_mac/p0__0_carry_n_0
    SLICE_X91Y143        CARRY4 (Prop_carry4_CI_O[2])
                                                      0.239    12.007 r  u_system/u_gemm/g_mac4.u_mac/p0__0_carry__0/O[2]
                         net (fo=2, routed)           0.678    12.684    u_system/u_gemm/g_mac4.u_mac/p0__0_carry__0_n_5
    SLICE_X89Y145        LUT3 (Prop_lut3_I1_O)        0.302    12.986 r  u_system/u_gemm/g_mac4.u_mac/p0__85_carry_i_1/O
                         net (fo=2, routed)           0.914    13.900    u_system/u_gemm/g_mac4.u_mac/p0__85_carry_i_1_n_0
    SLICE_X91Y145        LUT4 (Prop_lut4_I3_O)        0.124    14.024 r  u_system/u_gemm/g_mac4.u_mac/p0__85_carry_i_5/O
                         net (fo=1, routed)           0.000    14.024    u_system/u_gemm/g_mac4.u_mac/p0__85_carry_i_5_n_0
    SLICE_X91Y145        CARRY4 (Prop_carry4_S[3]_CO[3])
                                                      0.401    14.425 r  u_system/u_gemm/g_mac4.u_mac/p0__85_carry/CO[3]
                         net (fo=1, routed)           0.000    14.425    u_system/u_gemm/g_mac4.u_mac/p0__85_carry_n_0
    SLICE_X91Y146        CARRY4 (Prop_carry4_CI_O[1])
                                                      0.334    14.759 r  u_system/u_gemm/g_mac4.u_mac/p0__85_carry__0/O[1]
                         net (fo=1, routed)           0.595    15.354    u_system/u_gemm/g_mac4.u_mac/p0[9]
    SLICE_X93Y144        LUT2 (Prop_lut2_I1_O)        0.303    15.657 r  u_system/u_gemm/g_mac4.u_mac/i__carry__1_i_3__0/O
                         net (fo=1, routed)           0.000    15.657    u_system/u_gemm/g_mac4.u_mac/i__carry__1_i_3__0_n_0
    SLICE_X93Y144        CARRY4 (Prop_carry4_S[1]_CO[3])
                                                      0.550    16.207 r  u_system/u_gemm/g_mac4.u_mac/acc00_inferred__0/i__carry__1/CO[3]
                         net (fo=1, routed)           0.000    16.207    u_system/u_gemm/g_mac4.u_mac/acc00_inferred__0/i__carry__1_n_0
    SLICE_X93Y145        CARRY4 (Prop_carry4_CI_CO[3])
                                                      0.114    16.321 r  u_system/u_gemm/g_mac4.u_mac/acc00_inferred__0/i__carry__2/CO[3]
                         net (fo=1, routed)           0.000    16.321    u_system/u_gemm/g_mac4.u_mac/acc00_inferred__0/i__carry__2_n_0
    SLICE_X93Y146        CARRY4 (Prop_carry4_CI_CO[3])
                                                      0.114    16.435 r  u_system/u_gemm/g_mac4.u_mac/acc00_inferred__0/i__carry__3/CO[3]
                         net (fo=1, routed)           0.000    16.435    u_system/u_gemm/g_mac4.u_mac/acc00_inferred__0/i__carry__3_n_0
    SLICE_X93Y147        CARRY4 (Prop_carry4_CI_CO[3])
                                                      0.114    16.549 r  u_system/u_gemm/g_mac4.u_mac/acc00_inferred__0/i__carry__4/CO[3]
                         net (fo=1, routed)           0.000    16.549    u_system/u_gemm/g_mac4.u_mac/acc00_inferred__0/i__carry__4_n_0
    SLICE_X93Y148        CARRY4 (Prop_carry4_CI_CO[3])
                                                      0.114    16.663 r  u_system/u_gemm/g_mac4.u_mac/acc00_inferred__0/i__carry__5/CO[3]
                         net (fo=1, routed)           0.000    16.663    u_system/u_gemm/g_mac4.u_mac/acc00_inferred__0/i__carry__5_n_0
    SLICE_X93Y149        CARRY4 (Prop_carry4_CI_O[1])
                                                      0.334    16.997 r  u_system/u_gemm/g_mac4.u_mac/acc00_inferred__0/i__carry__6/O[1]
                         net (fo=1, routed)           0.568    17.566    u_system/u_gemm/g_mac4.u_mac/acc00[29]
    SLICE_X92Y145        LUT2 (Prop_lut2_I0_O)        0.303    17.869 r  u_system/u_gemm/g_mac4.u_mac/acc0[29]_i_1/O
                         net (fo=1, routed)           0.000    17.869    u_system/u_gemm/g_mac4.u_mac/acc00_in[29]
    SLICE_X92Y145        FDRE                                         r  u_system/u_gemm/g_mac4.u_mac/acc0_reg[29]/D
  -------------------------------------------------------------------    -------------------

                         (clock sys_clk_pin rise edge)
                                                     10.000    10.000 r  
    K17                                               0.000    10.000 r  clk (IN)
                         net (fo=0)                   0.000    10.000    clk
    K17                  IBUF (Prop_ibuf_I_O)         1.404    11.404 r  clk_IBUF_inst/O
                         net (fo=1, routed)           2.293    13.697    clk_IBUF
    BUFGCTRL_X0Y16       BUFG (Prop_bufg_I_O)         0.091    13.788 r  clk_IBUF_BUFG_inst/O
                         net (fo=1049, routed)        1.780    15.568    u_system/u_gemm/g_mac4.u_mac/clk_IBUF_BUFG
    SLICE_X92Y145        FDRE                                         r  u_system/u_gemm/g_mac4.u_mac/acc0_reg[29]/C
                         clock pessimism              0.441    16.010    
                         clock uncertainty           -0.035    15.974    
    SLICE_X92Y145        FDRE (Setup_fdre_C_D)        0.079    16.053    u_system/u_gemm/g_mac4.u_mac/acc0_reg[29]
  -------------------------------------------------------------------
                         required time                         16.053    
                         arrival time                         -17.869    
  -------------------------------------------------------------------
                         slack                                 -1.815    





Pulse Width Checks
--------------------------------------------------------------------------------------
Clock Name:         sys_clk_pin
Waveform(ns):       { 0.000 5.000 }
Period(ns):         10.000
Sources:            { clk }

Check Type        Corner  Lib Pin             Reference Pin  Required(ns)  Actual(ns)  Slack(ns)  Location       Pin
Min Period        n/a     RAMB36E1/CLKARDCLK  n/a            2.944         10.000      7.056      RAMB36_X4Y26   u_system/mem_reg_0/CLKARDCLK
Min Period        n/a     RAMB36E1/CLKARDCLK  n/a            2.944         10.000      7.056      RAMB36_X4Y27   u_system/mem_reg_1/CLKARDCLK
Min Period        n/a     RAMB36E1/CLKARDCLK  n/a            2.944         10.000      7.056      RAMB36_X4Y28   u_system/mem_reg_2/CLKARDCLK
Min Period        n/a     RAMB36E1/CLKARDCLK  n/a            2.944         10.000      7.056      RAMB36_X4Y25   u_system/mem_reg_3/CLKARDCLK
Min Period        n/a     RAMB36E1/CLKBWRCLK  n/a            2.576         10.000      7.424      RAMB36_X4Y26   u_system/mem_reg_0/CLKBWRCLK
Low Pulse Width   Slow    RAMD32/CLK          n/a            1.250         5.000       3.750      SLICE_X96Y142  u_buf/a_buf_reg_0_15_0_5/RAMA/CLK
Low Pulse Width   Fast    RAMD32/CLK          n/a            1.250         5.000       3.750      SLICE_X96Y142  u_buf/a_buf_reg_0_15_0_5/RAMA/CLK
Low Pulse Width   Slow    RAMD32/CLK          n/a            1.250         5.000       3.750      SLICE_X96Y142  u_buf/a_buf_reg_0_15_0_5/RAMA_D1/CLK
Low Pulse Width   Fast    RAMD32/CLK          n/a            1.250         5.000       3.750      SLICE_X96Y142  u_buf/a_buf_reg_0_15_0_5/RAMA_D1/CLK
Low Pulse Width   Slow    RAMD32/CLK          n/a            1.250         5.000       3.750      SLICE_X96Y142  u_buf/a_buf_reg_0_15_0_5/RAMB/CLK
High Pulse Width  Slow    RAMD32/CLK          n/a            1.250         5.000       3.750      SLICE_X96Y142  u_buf/a_buf_reg_0_15_0_5/RAMA/CLK
High Pulse Width  Fast    RAMD32/CLK          n/a            1.250         5.000       3.750      SLICE_X96Y142  u_buf/a_buf_reg_0_15_0_5/RAMA/CLK
High Pulse Width  Slow    RAMD32/CLK          n/a            1.250         5.000       3.750      SLICE_X96Y142  u_buf/a_buf_reg_0_15_0_5/RAMA_D1/CLK
High Pulse Width  Fast    RAMD32/CLK          n/a            1.250         5.000       3.750      SLICE_X96Y142  u_buf/a_buf_reg_0_15_0_5/RAMA_D1/CLK
High Pulse Width  Slow    RAMD32/CLK          n/a            1.250         5.000       3.750      SLICE_X96Y142  u_buf/a_buf_reg_0_15_0_5/RAMB/CLK



