Copyright 1986-2022 Xilinx, Inc. All Rights Reserved. Copyright 2022-2024 Advanced Micro Devices, Inc. All Rights Reserved.
--------------------------------------------------------------------------------------------------------------------------------------------------------------------------------------------------
| Tool Version : Vivado v.2024.2 (lin64) Build 5239630 Fri Nov 08 22:34:34 MST 2024
| Date         : Wed Jun 17 03:49:18 2026
| Host         : young-PC running 64-bit Ubuntu 24.04.4 LTS
| Command      : report_timing_summary -delay_type max -max_paths 5 -file /home/young/dev/20_digital-systems-lab/projects/simple-cpu-gemm-accelerator/fpga/reports/mode4/10mhz_timing_summary.rpt
| Design       : zybo_top
| Device       : 7z020-clg400
| Speed File   : -1  PRODUCTION 1.12 2019-11-22
| Design State : Routed
--------------------------------------------------------------------------------------------------------------------------------------------------------------------------------------------------

Timing Summary Report

------------------------------------------------------------------------------------------------
| Timer Settings
| --------------
------------------------------------------------------------------------------------------------

  Enable Multi Corner Analysis               :  Yes
  Enable Pessimism Removal                   :  Yes
  Pessimism Removal Resolution               :  Nearest Common Node
  Enable Input Delay Default Clock           :  No
  Enable Preset / Clear Arcs                 :  No
  Disable Flight Delays                      :  No
  Ignore I/O Paths                           :  No
  Timing Early Launch at Borrowing Latches   :  No
  Borrow Time for Max Delay Exceptions       :  Yes
  Merge Timing Exceptions                    :  Yes
  Inter-SLR Compensation                     :  Conservative

  Corner  Analyze    Analyze    
  Name    Max Paths  Min Paths  
  ------  ---------  ---------  
  Slow    Yes        Yes        
  Fast    Yes        Yes        


------------------------------------------------------------------------------------------------
| Report Methodology
| ------------------
------------------------------------------------------------------------------------------------

Rule       Severity  Description                                 Violations  
---------  --------  ------------------------------------------  ----------  
SYNTH-6    Warning   Timing of a RAM block might be sub-optimal  4           
TIMING-18  Warning   Missing input or output delay               5           

Note: This report is based on the most recent report_methodology run and may not be up-to-date. Run report_methodology on the current design for the latest report.



check_timing report

Table of Contents
-----------------
1. checking no_clock (0)
2. checking constant_clock (0)
3. checking pulse_width_clock (0)
4. checking unconstrained_internal_endpoints (0)
5. checking no_input_delay (1)
6. checking no_output_delay (4)
7. checking multiple_clock (0)
8. checking generated_clocks (0)
9. checking loops (0)
10. checking partial_input_delay (0)
11. checking partial_output_delay (0)
12. checking latch_loops (0)

1. checking no_clock (0)
------------------------
 There are 0 register/latch pins with no clock.


2. checking constant_clock (0)
------------------------------
 There are 0 register/latch pins with constant_clock.


3. checking pulse_width_clock (0)
---------------------------------
 There are 0 register/latch pins which need pulse_width check


4. checking unconstrained_internal_endpoints (0)
------------------------------------------------
 There are 0 pins that are not constrained for maximum delay.

 There are 0 pins that are not constrained for maximum delay due to constant clock.


5. checking no_input_delay (1)
------------------------------
 There is 1 input port with no input delay specified. (HIGH)

 There are 0 input ports with no input delay but user has a false path constraint.


6. checking no_output_delay (4)
-------------------------------
 There are 4 ports with no output delay specified. (HIGH)

 There are 0 ports with no output delay but user has a false path constraint

 There are 0 ports with no output delay but with a timing clock defined on it or propagating through it


7. checking multiple_clock (0)
------------------------------
 There are 0 register/latch pins with multiple clocks.


8. checking generated_clocks (0)
--------------------------------
 There are 0 generated clocks that are not connected to a clock source.


9. checking loops (0)
---------------------
 There are 0 combinational loops in the design.


10. checking partial_input_delay (0)
------------------------------------
 There are 0 input ports with partial input delay specified.


11. checking partial_output_delay (0)
-------------------------------------
 There are 0 ports with partial output delay specified.


12. checking latch_loops (0)
----------------------------
 There are 0 combinational latch loops in the design through latch input



------------------------------------------------------------------------------------------------
| Design Timing Summary
| ---------------------
------------------------------------------------------------------------------------------------

    WNS(ns)      TNS(ns)  TNS Failing Endpoints  TNS Total Endpoints     WPWS(ns)     TPWS(ns)  TPWS Failing Endpoints  TPWS Total Endpoints  
    -------      -------  ---------------------  -------------------     --------     --------  ----------------------  --------------------  
     84.847        0.000                      0                 2910       48.750        0.000                       0                  1048  


All user specified timing constraints are met.


------------------------------------------------------------------------------------------------
| Clock Summary
| -------------
------------------------------------------------------------------------------------------------

Clock        Waveform(ns)         Period(ns)      Frequency(MHz)
-----        ------------         ----------      --------------
sys_clk_pin  {0.000 50.000}       100.000         10.000          


------------------------------------------------------------------------------------------------
| Intra Clock Table
| -----------------
------------------------------------------------------------------------------------------------

Clock             WNS(ns)      TNS(ns)  TNS Failing Endpoints  TNS Total Endpoints     WPWS(ns)     TPWS(ns)  TPWS Failing Endpoints  TPWS Total Endpoints  
-----             -------      -------  ---------------------  -------------------     --------     --------  ----------------------  --------------------  
sys_clk_pin        84.847        0.000                      0                 2910       48.750        0.000                       0                  1048  


------------------------------------------------------------------------------------------------
| Inter Clock Table
| -----------------
------------------------------------------------------------------------------------------------

From Clock    To Clock          WNS(ns)      TNS(ns)  TNS Failing Endpoints  TNS Total Endpoints  
----------    --------          -------      -------  ---------------------  -------------------  


------------------------------------------------------------------------------------------------
| Other Path Groups Table
| -----------------------
------------------------------------------------------------------------------------------------

Path Group    From Clock    To Clock          WNS(ns)      TNS(ns)  TNS Failing Endpoints  TNS Total Endpoints  
----------    ----------    --------          -------      -------  ---------------------  -------------------  


------------------------------------------------------------------------------------------------
| Timing Details
| --------------
------------------------------------------------------------------------------------------------


---------------------------------------------------------------------------------------------------
From Clock:  sys_clk_pin
  To Clock:  sys_clk_pin

Setup :            0  Failing Endpoints,  Worst Slack       84.847ns,  Total Violation        0.000ns
Hold  :           NA  Failing Endpoints,  Worst Slack           NA  ,  Total Violation           NA
PW    :            0  Failing Endpoints,  Worst Slack       48.750ns,  Total Violation        0.000ns
---------------------------------------------------------------------------------------------------


Max Delay Paths
--------------------------------------------------------------------------------------
Slack (MET) :             84.847ns  (required time - arrival time)
  Source:                 u_system/u_gemm/u_mmio/r_n_reg[0]/C
                            (rising edge-triggered cell FDRE clocked by sys_clk_pin  {rise@0.000ns fall@50.000ns period=100.000ns})
  Destination:            u_system/u_gemm/g_mac4.u_mac/acc3_reg[25]/D
                            (rising edge-triggered cell FDRE clocked by sys_clk_pin  {rise@0.000ns fall@50.000ns period=100.000ns})
  Path Group:             sys_clk_pin
  Path Type:              Setup (Max at Slow Process Corner)
  Requirement:            100.000ns  (sys_clk_pin rise@100.000ns - sys_clk_pin rise@0.000ns)
  Data Path Delay:        15.144ns  (logic 5.523ns (36.471%)  route 9.621ns (63.529%))
  Logic Levels:           15  (CARRY4=7 LUT2=4 LUT3=1 LUT4=1 LUT6=1 RAMD32=1)
  Clock Path Skew:        -0.049ns (DCD - SCD + CPR)
    Destination Clock Delay (DCD):    5.569ns = ( 105.569 - 100.000 ) 
    Source Clock Delay      (SCD):    6.060ns
    Clock Pessimism Removal (CPR):    0.441ns
  Clock Uncertainty:      0.035ns  ((TSJ^2 + TIJ^2)^1/2 + DJ) / 2 + PE
    Total System Jitter     (TSJ):    0.071ns
    Total Input Jitter      (TIJ):    0.000ns
    Discrete Jitter          (DJ):    0.000ns
    Phase Error              (PE):    0.000ns

    Location             Delay type                Incr(ns)  Path(ns)    Netlist Resource(s)
  -------------------------------------------------------------------    -------------------
                         (clock sys_clk_pin rise edge)
                                                      0.000     0.000 r  
    K17                                               0.000     0.000 r  clk (IN)
                         net (fo=0)                   0.000     0.000    clk
    K17                  IBUF (Prop_ibuf_I_O)         1.475     1.475 r  clk_IBUF_inst/O
                         net (fo=1, routed)           2.522     3.997    clk_IBUF
    BUFGCTRL_X0Y16       BUFG (Prop_bufg_I_O)         0.101     4.098 r  clk_IBUF_BUFG_inst/O
                         net (fo=1047, routed)        1.962     6.060    u_system/u_gemm/u_mmio/clk_IBUF_BUFG
    SLICE_X97Y121        FDRE                                         r  u_system/u_gemm/u_mmio/r_n_reg[0]/C
  -------------------------------------------------------------------    -------------------
    SLICE_X97Y121        FDRE (Prop_fdre_C_Q)         0.456     6.516 f  u_system/u_gemm/u_mmio/r_n_reg[0]/Q
                         net (fo=61, routed)          1.615     8.131    u_system/u_gemm/u_mmio/r_n_reg[2]_0[0]
    SLICE_X94Y128        LUT2 (Prop_lut2_I0_O)        0.152     8.283 r  u_system/u_gemm/u_mmio/b_buf_reg_r1_0_15_0_5_i_4/O
                         net (fo=16, routed)          2.067    10.351    u_buf/b_buf_reg_r1_0_15_0_5/ADDRB0
    SLICE_X96Y131        RAMD32 (Prop_ramd32_RADR0_O)
                                                      0.376    10.727 r  u_buf/b_buf_reg_r1_0_15_0_5/RAMB/O
                         net (fo=16, routed)          1.660    12.386    u_system/u_gemm/u_buf/buf_brow3[2]
    SLICE_X100Y129       LUT2 (Prop_lut2_I1_O)        0.376    12.762 r  u_system/u_gemm/u_buf/p3__0_carry_i_8/O
                         net (fo=1, routed)           0.633    13.396    u_system/u_gemm/u_buf/p3__0_carry_i_8_n_0
    SLICE_X99Y129        LUT6 (Prop_lut6_I3_O)        0.348    13.744 r  u_system/u_gemm/u_buf/p3__0_carry_i_4/O
                         net (fo=1, routed)           0.000    13.744    u_system/u_gemm/g_mac4.u_mac/acc30_carry_i_4_0[3]
    SLICE_X99Y129        CARRY4 (Prop_carry4_S[3]_CO[3])
                                                      0.401    14.145 r  u_system/u_gemm/g_mac4.u_mac/p3__0_carry/CO[3]
                         net (fo=1, routed)           0.000    14.145    u_system/u_gemm/g_mac4.u_mac/p3__0_carry_n_0
    SLICE_X99Y130        CARRY4 (Prop_carry4_CI_O[3])
                                                      0.313    14.458 r  u_system/u_gemm/g_mac4.u_mac/p3__0_carry__0/O[3]
                         net (fo=2, routed)           1.152    15.610    u_system/u_gemm/g_mac4.u_mac/p3__0_carry__0_n_4
    SLICE_X101Y132       LUT3 (Prop_lut3_I1_O)        0.331    15.941 r  u_system/u_gemm/g_mac4.u_mac/p3__85_carry__0_i_4/O
                         net (fo=2, routed)           0.645    16.587    u_system/u_gemm/g_mac4.u_mac/p3__85_carry__0_i_4_n_0
    SLICE_X101Y133       LUT4 (Prop_lut4_I3_O)        0.332    16.919 r  u_system/u_gemm/g_mac4.u_mac/p3__85_carry__0_i_8/O
                         net (fo=1, routed)           0.000    16.919    u_system/u_gemm/g_mac4.u_mac/p3__85_carry__0_i_8_n_0
    SLICE_X101Y133       CARRY4 (Prop_carry4_S[0]_CO[3])
                                                      0.532    17.451 r  u_system/u_gemm/g_mac4.u_mac/p3__85_carry__0/CO[3]
                         net (fo=1, routed)           0.000    17.451    u_system/u_gemm/g_mac4.u_mac/p3__85_carry__0_n_0
    SLICE_X101Y134       CARRY4 (Prop_carry4_CI_O[3])
                                                      0.313    17.764 r  u_system/u_gemm/g_mac4.u_mac/p3__85_carry__1/O[3]
                         net (fo=3, routed)           0.862    18.626    u_system/u_gemm/u_buf/O[0]
    SLICE_X100Y139       LUT2 (Prop_lut2_I0_O)        0.306    18.932 r  u_system/u_gemm/u_buf/acc30_carry__3_i_5/O
                         net (fo=1, routed)           0.000    18.932    u_system/u_gemm/g_mac4.u_mac/acc3_reg[19]_0[0]
    SLICE_X100Y139       CARRY4 (Prop_carry4_S[0]_CO[3])
                                                      0.513    19.445 r  u_system/u_gemm/g_mac4.u_mac/acc30_carry__3/CO[3]
                         net (fo=1, routed)           0.000    19.445    u_system/u_gemm/g_mac4.u_mac/acc30_carry__3_n_0
    SLICE_X100Y140       CARRY4 (Prop_carry4_CI_CO[3])
                                                      0.117    19.562 r  u_system/u_gemm/g_mac4.u_mac/acc30_carry__4/CO[3]
                         net (fo=1, routed)           0.000    19.562    u_system/u_gemm/g_mac4.u_mac/acc30_carry__4_n_0
    SLICE_X100Y141       CARRY4 (Prop_carry4_CI_O[1])
                                                      0.323    19.885 r  u_system/u_gemm/g_mac4.u_mac/acc30_carry__5/O[1]
                         net (fo=1, routed)           0.985    20.869    u_system/u_gemm/g_mac4.u_mac/acc30[25]
    SLICE_X97Y141        LUT2 (Prop_lut2_I0_O)        0.334    21.203 r  u_system/u_gemm/g_mac4.u_mac/acc3[25]_i_1/O
                         net (fo=1, routed)           0.000    21.203    u_system/u_gemm/g_mac4.u_mac/acc3[25]
    SLICE_X97Y141        FDRE                                         r  u_system/u_gemm/g_mac4.u_mac/acc3_reg[25]/D
  -------------------------------------------------------------------    -------------------

                         (clock sys_clk_pin rise edge)
                                                    100.000   100.000 r  
    K17                                               0.000   100.000 r  clk (IN)
                         net (fo=0)                   0.000   100.000    clk
    K17                  IBUF (Prop_ibuf_I_O)         1.404   101.404 r  clk_IBUF_inst/O
                         net (fo=1, routed)           2.293   103.697    clk_IBUF
    BUFGCTRL_X0Y16       BUFG (Prop_bufg_I_O)         0.091   103.788 r  clk_IBUF_BUFG_inst/O
                         net (fo=1047, routed)        1.781   105.569    u_system/u_gemm/g_mac4.u_mac/clk_IBUF_BUFG
    SLICE_X97Y141        FDRE                                         r  u_system/u_gemm/g_mac4.u_mac/acc3_reg[25]/C
                         clock pessimism              0.441   106.011    
                         clock uncertainty           -0.035   105.975    
    SLICE_X97Y141        FDRE (Setup_fdre_C_D)        0.075   106.050    u_system/u_gemm/g_mac4.u_mac/acc3_reg[25]
  -------------------------------------------------------------------
                         required time                        106.050    
                         arrival time                         -21.203    
  -------------------------------------------------------------------
                         slack                                 84.847    

Slack (MET) :             84.871ns  (required time - arrival time)
  Source:                 u_system/u_gemm/g_mac4.u_mac/i_reg[0]/C
                            (rising edge-triggered cell FDRE clocked by sys_clk_pin  {rise@0.000ns fall@50.000ns period=100.000ns})
  Destination:            u_system/u_gemm/g_mac4.u_mac/acc1_reg[30]/D
                            (rising edge-triggered cell FDRE clocked by sys_clk_pin  {rise@0.000ns fall@50.000ns period=100.000ns})
  Path Group:             sys_clk_pin
  Path Type:              Setup (Max at Slow Process Corner)
  Requirement:            100.000ns  (sys_clk_pin rise@100.000ns - sys_clk_pin rise@0.000ns)
  Data Path Delay:        15.114ns  (logic 4.927ns (32.599%)  route 10.187ns (67.401%))
  Logic Levels:           16  (CARRY4=8 LUT2=2 LUT3=1 LUT4=2 LUT6=2 RAMD32=1)
  Clock Path Skew:        -0.055ns (DCD - SCD + CPR)
    Destination Clock Delay (DCD):    5.569ns = ( 105.569 - 100.000 ) 
    Source Clock Delay      (SCD):    6.066ns
    Clock Pessimism Removal (CPR):    0.441ns
  Clock Uncertainty:      0.035ns  ((TSJ^2 + TIJ^2)^1/2 + DJ) / 2 + PE
    Total System Jitter     (TSJ):    0.071ns
    Total Input Jitter      (TIJ):    0.000ns
    Discrete Jitter          (DJ):    0.000ns
    Phase Error              (PE):    0.000ns

    Location             Delay type                Incr(ns)  Path(ns)    Netlist Resource(s)
  -------------------------------------------------------------------    -------------------
                         (clock sys_clk_pin rise edge)
                                                      0.000     0.000 r  
    K17                                               0.000     0.000 r  clk (IN)
                         net (fo=0)                   0.000     0.000    clk
    K17                  IBUF (Prop_ibuf_I_O)         1.475     1.475 r  clk_IBUF_inst/O
                         net (fo=1, routed)           2.522     3.997    clk_IBUF
    BUFGCTRL_X0Y16       BUFG (Prop_bufg_I_O)         0.101     4.098 r  clk_IBUF_BUFG_inst/O
                         net (fo=1047, routed)        1.968     6.066    u_system/u_gemm/g_mac4.u_mac/clk_IBUF_BUFG
    SLICE_X91Y136        FDRE                                         r  u_system/u_gemm/g_mac4.u_mac/i_reg[0]/C
  -------------------------------------------------------------------    -------------------
    SLICE_X91Y136        FDRE (Prop_fdre_C_Q)         0.456     6.522 r  u_system/u_gemm/g_mac4.u_mac/i_reg[0]/Q
                         net (fo=14, routed)          1.698     8.220    u_system/u_gemm/g_mac4.u_mac/i[0]
    SLICE_X94Y126        LUT6 (Prop_lut6_I0_O)        0.124     8.344 r  u_system/u_gemm/g_mac4.u_mac/a_buf_reg_0_15_0_5_i_5/O
                         net (fo=2, routed)           0.850     9.194    u_system/u_gemm/g_mac4.u_mac/a_buf_reg_0_15_0_5_i_5_n_0
    SLICE_X94Y126        LUT4 (Prop_lut4_I0_O)        0.146     9.340 r  u_system/u_gemm/g_mac4.u_mac/a_buf_reg_0_15_0_5_i_1/O
                         net (fo=8, routed)           0.768    10.108    u_buf/a_buf_reg_0_15_0_5/ADDRB3
    SLICE_X96Y125        RAMD32 (Prop_ramd32_RADR3_O)
                                                      0.328    10.436 r  u_buf/a_buf_reg_0_15_0_5/RAMB_D1/O
                         net (fo=76, routed)          3.018    13.454    u_system/u_gemm/u_buf/buf_a_rdata[3]
    SLICE_X89Y133        LUT6 (Prop_lut6_I1_O)        0.124    13.578 r  u_system/u_gemm/u_buf/p1__30_carry_i_1/O
                         net (fo=1, routed)           0.417    13.995    u_system/u_gemm/g_mac4.u_mac/p1__85_carry_i_8_2[2]
    SLICE_X90Y133        CARRY4 (Prop_carry4_DI[3]_CO[3])
                                                      0.396    14.391 r  u_system/u_gemm/g_mac4.u_mac/p1__30_carry/CO[3]
                         net (fo=1, routed)           0.000    14.391    u_system/u_gemm/g_mac4.u_mac/p1__30_carry_n_0
    SLICE_X90Y134        CARRY4 (Prop_carry4_CI_O[0])
                                                      0.219    14.610 r  u_system/u_gemm/g_mac4.u_mac/p1__30_carry__0/O[0]
                         net (fo=2, routed)           0.649    15.259    u_system/u_gemm/g_mac4.u_mac/p1__30_carry__0_n_7
    SLICE_X91Y133        LUT3 (Prop_lut3_I0_O)        0.320    15.579 r  u_system/u_gemm/g_mac4.u_mac/p1__85_carry__0_i_4/O
                         net (fo=2, routed)           0.594    16.173    u_system/u_gemm/g_mac4.u_mac/p1__85_carry__0_i_4_n_0
    SLICE_X91Y134        LUT4 (Prop_lut4_I3_O)        0.332    16.505 r  u_system/u_gemm/g_mac4.u_mac/p1__85_carry__0_i_8/O
                         net (fo=1, routed)           0.000    16.505    u_system/u_gemm/g_mac4.u_mac/p1__85_carry__0_i_8_n_0
    SLICE_X91Y134        CARRY4 (Prop_carry4_S[0]_CO[3])
                                                      0.532    17.037 r  u_system/u_gemm/g_mac4.u_mac/p1__85_carry__0/CO[3]
                         net (fo=1, routed)           0.000    17.037    u_system/u_gemm/g_mac4.u_mac/p1__85_carry__0_n_0
    SLICE_X91Y135        CARRY4 (Prop_carry4_CI_O[3])
                                                      0.313    17.350 r  u_system/u_gemm/g_mac4.u_mac/p1__85_carry__1/O[3]
                         net (fo=4, routed)           1.065    18.415    u_system/u_gemm/u_buf/acc10_carry__3[0]
    SLICE_X95Y138        LUT2 (Prop_lut2_I0_O)        0.306    18.721 r  u_system/u_gemm/u_buf/acc10_carry__3_i_5/O
                         net (fo=1, routed)           0.000    18.721    u_system/u_gemm/g_mac4.u_mac/acc1_reg[19]_1[0]
    SLICE_X95Y138        CARRY4 (Prop_carry4_S[0]_CO[3])
                                                      0.532    19.253 r  u_system/u_gemm/g_mac4.u_mac/acc10_carry__3/CO[3]
                         net (fo=1, routed)           0.000    19.253    u_system/u_gemm/g_mac4.u_mac/acc10_carry__3_n_0
    SLICE_X95Y139        CARRY4 (Prop_carry4_CI_CO[3])
                                                      0.114    19.367 r  u_system/u_gemm/g_mac4.u_mac/acc10_carry__4/CO[3]
                         net (fo=1, routed)           0.000    19.367    u_system/u_gemm/g_mac4.u_mac/acc10_carry__4_n_0
    SLICE_X95Y140        CARRY4 (Prop_carry4_CI_CO[3])
                                                      0.114    19.481 r  u_system/u_gemm/g_mac4.u_mac/acc10_carry__5/CO[3]
                         net (fo=1, routed)           0.000    19.481    u_system/u_gemm/g_mac4.u_mac/acc10_carry__5_n_0
    SLICE_X95Y141        CARRY4 (Prop_carry4_CI_O[2])
                                                      0.239    19.720 r  u_system/u_gemm/g_mac4.u_mac/acc10_carry__6/O[2]
                         net (fo=1, routed)           1.128    20.848    u_system/u_gemm/g_mac4.u_mac/acc10[30]
    SLICE_X95Y142        LUT2 (Prop_lut2_I0_O)        0.332    21.180 r  u_system/u_gemm/g_mac4.u_mac/acc1[30]_i_1/O
                         net (fo=1, routed)           0.000    21.180    u_system/u_gemm/g_mac4.u_mac/acc1[30]
    SLICE_X95Y142        FDRE                                         r  u_system/u_gemm/g_mac4.u_mac/acc1_reg[30]/D
  -------------------------------------------------------------------    -------------------

                         (clock sys_clk_pin rise edge)
                                                    100.000   100.000 r  
    K17                                               0.000   100.000 r  clk (IN)
                         net (fo=0)                   0.000   100.000    clk
    K17                  IBUF (Prop_ibuf_I_O)         1.404   101.404 r  clk_IBUF_inst/O
                         net (fo=1, routed)           2.293   103.697    clk_IBUF
    BUFGCTRL_X0Y16       BUFG (Prop_bufg_I_O)         0.091   103.788 r  clk_IBUF_BUFG_inst/O
                         net (fo=1047, routed)        1.781   105.569    u_system/u_gemm/g_mac4.u_mac/clk_IBUF_BUFG
    SLICE_X95Y142        FDRE                                         r  u_system/u_gemm/g_mac4.u_mac/acc1_reg[30]/C
                         clock pessimism              0.441   106.011    
                         clock uncertainty           -0.035   105.975    
    SLICE_X95Y142        FDRE (Setup_fdre_C_D)        0.075   106.050    u_system/u_gemm/g_mac4.u_mac/acc1_reg[30]
  -------------------------------------------------------------------
                         required time                        106.050    
                         arrival time                         -21.180    
  -------------------------------------------------------------------
                         slack                                 84.871    

Slack (MET) :             84.929ns  (required time - arrival time)
  Source:                 u_system/u_gemm/u_mmio/r_n_reg[0]/C
                            (rising edge-triggered cell FDRE clocked by sys_clk_pin  {rise@0.000ns fall@50.000ns period=100.000ns})
  Destination:            u_system/u_gemm/g_mac4.u_mac/acc3_reg[31]/D
                            (rising edge-triggered cell FDRE clocked by sys_clk_pin  {rise@0.000ns fall@50.000ns period=100.000ns})
  Path Group:             sys_clk_pin
  Path Type:              Setup (Max at Slow Process Corner)
  Requirement:            100.000ns  (sys_clk_pin rise@100.000ns - sys_clk_pin rise@0.000ns)
  Data Path Delay:        15.062ns  (logic 5.631ns (37.386%)  route 9.431ns (62.614%))
  Logic Levels:           16  (CARRY4=8 LUT2=4 LUT3=1 LUT4=1 LUT6=1 RAMD32=1)
  Clock Path Skew:        -0.049ns (DCD - SCD + CPR)
    Destination Clock Delay (DCD):    5.569ns = ( 105.569 - 100.000 ) 
    Source Clock Delay      (SCD):    6.060ns
    Clock Pessimism Removal (CPR):    0.441ns
  Clock Uncertainty:      0.035ns  ((TSJ^2 + TIJ^2)^1/2 + DJ) / 2 + PE
    Total System Jitter     (TSJ):    0.071ns
    Total Input Jitter      (TIJ):    0.000ns
    Discrete Jitter          (DJ):    0.000ns
    Phase Error              (PE):    0.000ns

    Location             Delay type                Incr(ns)  Path(ns)    Netlist Resource(s)
  -------------------------------------------------------------------    -------------------
                         (clock sys_clk_pin rise edge)
                                                      0.000     0.000 r  
    K17                                               0.000     0.000 r  clk (IN)
                         net (fo=0)                   0.000     0.000    clk
    K17                  IBUF (Prop_ibuf_I_O)         1.475     1.475 r  clk_IBUF_inst/O
                         net (fo=1, routed)           2.522     3.997    clk_IBUF
    BUFGCTRL_X0Y16       BUFG (Prop_bufg_I_O)         0.101     4.098 r  clk_IBUF_BUFG_inst/O
                         net (fo=1047, routed)        1.962     6.060    u_system/u_gemm/u_mmio/clk_IBUF_BUFG
    SLICE_X97Y121        FDRE                                         r  u_system/u_gemm/u_mmio/r_n_reg[0]/C
  -------------------------------------------------------------------    -------------------
    SLICE_X97Y121        FDRE (Prop_fdre_C_Q)         0.456     6.516 f  u_system/u_gemm/u_mmio/r_n_reg[0]/Q
                         net (fo=61, routed)          1.615     8.131    u_system/u_gemm/u_mmio/r_n_reg[2]_0[0]
    SLICE_X94Y128        LUT2 (Prop_lut2_I0_O)        0.152     8.283 r  u_system/u_gemm/u_mmio/b_buf_reg_r1_0_15_0_5_i_4/O
                         net (fo=16, routed)          2.067    10.351    u_buf/b_buf_reg_r1_0_15_0_5/ADDRB0
    SLICE_X96Y131        RAMD32 (Prop_ramd32_RADR0_O)
                                                      0.376    10.727 r  u_buf/b_buf_reg_r1_0_15_0_5/RAMB/O
                         net (fo=16, routed)          1.660    12.386    u_system/u_gemm/u_buf/buf_brow3[2]
    SLICE_X100Y129       LUT2 (Prop_lut2_I1_O)        0.376    12.762 r  u_system/u_gemm/u_buf/p3__0_carry_i_8/O
                         net (fo=1, routed)           0.633    13.396    u_system/u_gemm/u_buf/p3__0_carry_i_8_n_0
    SLICE_X99Y129        LUT6 (Prop_lut6_I3_O)        0.348    13.744 r  u_system/u_gemm/u_buf/p3__0_carry_i_4/O
                         net (fo=1, routed)           0.000    13.744    u_system/u_gemm/g_mac4.u_mac/acc30_carry_i_4_0[3]
    SLICE_X99Y129        CARRY4 (Prop_carry4_S[3]_CO[3])
                                                      0.401    14.145 r  u_system/u_gemm/g_mac4.u_mac/p3__0_carry/CO[3]
                         net (fo=1, routed)           0.000    14.145    u_system/u_gemm/g_mac4.u_mac/p3__0_carry_n_0
    SLICE_X99Y130        CARRY4 (Prop_carry4_CI_O[3])
                                                      0.313    14.458 r  u_system/u_gemm/g_mac4.u_mac/p3__0_carry__0/O[3]
                         net (fo=2, routed)           1.152    15.610    u_system/u_gemm/g_mac4.u_mac/p3__0_carry__0_n_4
    SLICE_X101Y132       LUT3 (Prop_lut3_I1_O)        0.331    15.941 r  u_system/u_gemm/g_mac4.u_mac/p3__85_carry__0_i_4/O
                         net (fo=2, routed)           0.645    16.587    u_system/u_gemm/g_mac4.u_mac/p3__85_carry__0_i_4_n_0
    SLICE_X101Y133       LUT4 (Prop_lut4_I3_O)        0.332    16.919 r  u_system/u_gemm/g_mac4.u_mac/p3__85_carry__0_i_8/O
                         net (fo=1, routed)           0.000    16.919    u_system/u_gemm/g_mac4.u_mac/p3__85_carry__0_i_8_n_0
    SLICE_X101Y133       CARRY4 (Prop_carry4_S[0]_CO[3])
                                                      0.532    17.451 r  u_system/u_gemm/g_mac4.u_mac/p3__85_carry__0/CO[3]
                         net (fo=1, routed)           0.000    17.451    u_system/u_gemm/g_mac4.u_mac/p3__85_carry__0_n_0
    SLICE_X101Y134       CARRY4 (Prop_carry4_CI_O[3])
                                                      0.313    17.764 r  u_system/u_gemm/g_mac4.u_mac/p3__85_carry__1/O[3]
                         net (fo=3, routed)           0.862    18.626    u_system/u_gemm/u_buf/O[0]
    SLICE_X100Y139       LUT2 (Prop_lut2_I0_O)        0.306    18.932 r  u_system/u_gemm/u_buf/acc30_carry__3_i_5/O
                         net (fo=1, routed)           0.000    18.932    u_system/u_gemm/g_mac4.u_mac/acc3_reg[19]_0[0]
    SLICE_X100Y139       CARRY4 (Prop_carry4_S[0]_CO[3])
                                                      0.513    19.445 r  u_system/u_gemm/g_mac4.u_mac/acc30_carry__3/CO[3]
                         net (fo=1, routed)           0.000    19.445    u_system/u_gemm/g_mac4.u_mac/acc30_carry__3_n_0
    SLICE_X100Y140       CARRY4 (Prop_carry4_CI_CO[3])
                                                      0.117    19.562 r  u_system/u_gemm/g_mac4.u_mac/acc30_carry__4/CO[3]
                         net (fo=1, routed)           0.000    19.562    u_system/u_gemm/g_mac4.u_mac/acc30_carry__4_n_0
    SLICE_X100Y141       CARRY4 (Prop_carry4_CI_CO[3])
                                                      0.117    19.679 r  u_system/u_gemm/g_mac4.u_mac/acc30_carry__5/CO[3]
                         net (fo=1, routed)           0.000    19.679    u_system/u_gemm/g_mac4.u_mac/acc30_carry__5_n_0
    SLICE_X100Y142       CARRY4 (Prop_carry4_CI_O[3])
                                                      0.315    19.994 r  u_system/u_gemm/g_mac4.u_mac/acc30_carry__6/O[3]
                         net (fo=1, routed)           0.795    20.789    u_system/u_gemm/g_mac4.u_mac/acc30[31]
    SLICE_X99Y142        LUT2 (Prop_lut2_I0_O)        0.333    21.122 r  u_system/u_gemm/g_mac4.u_mac/acc3[31]_i_2/O
                         net (fo=1, routed)           0.000    21.122    u_system/u_gemm/g_mac4.u_mac/acc3[31]
    SLICE_X99Y142        FDRE                                         r  u_system/u_gemm/g_mac4.u_mac/acc3_reg[31]/D
  -------------------------------------------------------------------    -------------------

                         (clock sys_clk_pin rise edge)
                                                    100.000   100.000 r  
    K17                                               0.000   100.000 r  clk (IN)
                         net (fo=0)                   0.000   100.000    clk
    K17                  IBUF (Prop_ibuf_I_O)         1.404   101.404 r  clk_IBUF_inst/O
                         net (fo=1, routed)           2.293   103.697    clk_IBUF
    BUFGCTRL_X0Y16       BUFG (Prop_bufg_I_O)         0.091   103.788 r  clk_IBUF_BUFG_inst/O
                         net (fo=1047, routed)        1.781   105.569    u_system/u_gemm/g_mac4.u_mac/clk_IBUF_BUFG
    SLICE_X99Y142        FDRE                                         r  u_system/u_gemm/g_mac4.u_mac/acc3_reg[31]/C
                         clock pessimism              0.441   106.011    
                         clock uncertainty           -0.035   105.975    
    SLICE_X99Y142        FDRE (Setup_fdre_C_D)        0.075   106.050    u_system/u_gemm/g_mac4.u_mac/acc3_reg[31]
  -------------------------------------------------------------------
                         required time                        106.050    
                         arrival time                         -21.122    
  -------------------------------------------------------------------
                         slack                                 84.929    

Slack (MET) :             85.035ns  (required time - arrival time)
  Source:                 u_system/u_gemm/g_mac4.u_mac/i_reg[0]/C
                            (rising edge-triggered cell FDRE clocked by sys_clk_pin  {rise@0.000ns fall@50.000ns period=100.000ns})
  Destination:            u_system/u_gemm/g_mac4.u_mac/acc0_reg[29]/D
                            (rising edge-triggered cell FDRE clocked by sys_clk_pin  {rise@0.000ns fall@50.000ns period=100.000ns})
  Path Group:             sys_clk_pin
  Path Type:              Setup (Max at Slow Process Corner)
  Requirement:            100.000ns  (sys_clk_pin rise@100.000ns - sys_clk_pin rise@0.000ns)
  Data Path Delay:        14.906ns  (logic 5.284ns (35.449%)  route 9.622ns (64.551%))
  Logic Levels:           18  (CARRY4=9 LUT2=2 LUT3=1 LUT4=2 LUT6=3 RAMD32=1)
  Clock Path Skew:        -0.055ns (DCD - SCD + CPR)
    Destination Clock Delay (DCD):    5.569ns = ( 105.569 - 100.000 ) 
    Source Clock Delay      (SCD):    6.066ns
    Clock Pessimism Removal (CPR):    0.441ns
  Clock Uncertainty:      0.035ns  ((TSJ^2 + TIJ^2)^1/2 + DJ) / 2 + PE
    Total System Jitter     (TSJ):    0.071ns
    Total Input Jitter      (TIJ):    0.000ns
    Discrete Jitter          (DJ):    0.000ns
    Phase Error              (PE):    0.000ns

    Location             Delay type                Incr(ns)  Path(ns)    Netlist Resource(s)
  -------------------------------------------------------------------    -------------------
                         (clock sys_clk_pin rise edge)
                                                      0.000     0.000 r  
    K17                                               0.000     0.000 r  clk (IN)
                         net (fo=0)                   0.000     0.000    clk
    K17                  IBUF (Prop_ibuf_I_O)         1.475     1.475 r  clk_IBUF_inst/O
                         net (fo=1, routed)           2.522     3.997    clk_IBUF
    BUFGCTRL_X0Y16       BUFG (Prop_bufg_I_O)         0.101     4.098 r  clk_IBUF_BUFG_inst/O
                         net (fo=1047, routed)        1.968     6.066    u_system/u_gemm/g_mac4.u_mac/clk_IBUF_BUFG
    SLICE_X91Y136        FDRE                                         r  u_system/u_gemm/g_mac4.u_mac/i_reg[0]/C
  -------------------------------------------------------------------    -------------------
    SLICE_X91Y136        FDRE (Prop_fdre_C_Q)         0.456     6.522 r  u_system/u_gemm/g_mac4.u_mac/i_reg[0]/Q
                         net (fo=14, routed)          1.698     8.220    u_system/u_gemm/g_mac4.u_mac/i[0]
    SLICE_X94Y126        LUT6 (Prop_lut6_I0_O)        0.124     8.344 r  u_system/u_gemm/g_mac4.u_mac/a_buf_reg_0_15_0_5_i_5/O
                         net (fo=2, routed)           0.850     9.194    u_system/u_gemm/g_mac4.u_mac/a_buf_reg_0_15_0_5_i_5_n_0
    SLICE_X94Y126        LUT4 (Prop_lut4_I0_O)        0.146     9.340 r  u_system/u_gemm/g_mac4.u_mac/a_buf_reg_0_15_0_5_i_1/O
                         net (fo=8, routed)           0.632     9.972    u_buf/a_buf_reg_0_15_0_5/ADDRC3
    SLICE_X96Y125        RAMD32 (Prop_ramd32_RADR3_O)
                                                      0.357    10.329 r  u_buf/a_buf_reg_0_15_0_5/RAMC/O
                         net (fo=68, routed)          2.978    13.308    u_system/u_gemm/u_buf/buf_a_rdata[4]
    SLICE_X87Y136        LUT6 (Prop_lut6_I3_O)        0.331    13.639 r  u_system/u_gemm/u_buf/p0__0_carry__0_i_1/O
                         net (fo=2, routed)           0.780    14.418    u_system/u_gemm/u_buf/a_wdata_reg[6]_6[3]
    SLICE_X89Y136        LUT6 (Prop_lut6_I0_O)        0.124    14.542 r  u_system/u_gemm/u_buf/p0__0_carry__0_i_5/O
                         net (fo=1, routed)           0.000    14.542    u_system/u_gemm/g_mac4.u_mac/p0__85_carry_i_8_1[3]
    SLICE_X89Y136        CARRY4 (Prop_carry4_S[3]_CO[3])
                                                      0.401    14.943 r  u_system/u_gemm/g_mac4.u_mac/p0__0_carry__0/CO[3]
                         net (fo=1, routed)           0.000    14.943    u_system/u_gemm/g_mac4.u_mac/p0__0_carry__0_n_0
    SLICE_X89Y137        CARRY4 (Prop_carry4_CI_O[0])
                                                      0.222    15.165 r  u_system/u_gemm/g_mac4.u_mac/p0__0_carry__1/O[0]
                         net (fo=2, routed)           0.412    15.577    u_system/u_gemm/g_mac4.u_mac/p0__0_carry__1_n_7
    SLICE_X90Y137        LUT3 (Prop_lut3_I1_O)        0.299    15.876 r  u_system/u_gemm/g_mac4.u_mac/p0__85_carry__0_i_3/O
                         net (fo=2, routed)           0.745    16.621    u_system/u_gemm/g_mac4.u_mac/p0__85_carry__0_i_3_n_0
    SLICE_X88Y137        LUT4 (Prop_lut4_I3_O)        0.124    16.745 r  u_system/u_gemm/g_mac4.u_mac/p0__85_carry__0_i_7/O
                         net (fo=1, routed)           0.000    16.745    u_system/u_gemm/g_mac4.u_mac/p0__85_carry__0_i_7_n_0
    SLICE_X88Y137        CARRY4 (Prop_carry4_S[1]_CO[3])
                                                      0.550    17.295 r  u_system/u_gemm/g_mac4.u_mac/p0__85_carry__0/CO[3]
                         net (fo=1, routed)           0.000    17.295    u_system/u_gemm/g_mac4.u_mac/p0__85_carry__0_n_0
    SLICE_X88Y138        CARRY4 (Prop_carry4_CI_O[1])
                                                      0.334    17.629 r  u_system/u_gemm/g_mac4.u_mac/p0__85_carry__1/O[1]
                         net (fo=1, routed)           0.726    18.356    u_system/u_gemm/g_mac4.u_mac/p0[13]
    SLICE_X94Y137        LUT2 (Prop_lut2_I1_O)        0.303    18.659 r  u_system/u_gemm/g_mac4.u_mac/i__carry__2_i_3/O
                         net (fo=1, routed)           0.000    18.659    u_system/u_gemm/g_mac4.u_mac/i__carry__2_i_3_n_0
    SLICE_X94Y137        CARRY4 (Prop_carry4_S[1]_CO[3])
                                                      0.533    19.192 r  u_system/u_gemm/g_mac4.u_mac/acc00_inferred__0/i__carry__2/CO[3]
                         net (fo=1, routed)           0.000    19.192    u_system/u_gemm/g_mac4.u_mac/acc00_inferred__0/i__carry__2_n_0
    SLICE_X94Y138        CARRY4 (Prop_carry4_CI_CO[3])
                                                      0.117    19.309 r  u_system/u_gemm/g_mac4.u_mac/acc00_inferred__0/i__carry__3/CO[3]
                         net (fo=1, routed)           0.000    19.309    u_system/u_gemm/g_mac4.u_mac/acc00_inferred__0/i__carry__3_n_0
    SLICE_X94Y139        CARRY4 (Prop_carry4_CI_CO[3])
                                                      0.117    19.426 r  u_system/u_gemm/g_mac4.u_mac/acc00_inferred__0/i__carry__4/CO[3]
                         net (fo=1, routed)           0.000    19.426    u_system/u_gemm/g_mac4.u_mac/acc00_inferred__0/i__carry__4_n_0
    SLICE_X94Y140        CARRY4 (Prop_carry4_CI_CO[3])
                                                      0.117    19.543 r  u_system/u_gemm/g_mac4.u_mac/acc00_inferred__0/i__carry__5/CO[3]
                         net (fo=1, routed)           0.000    19.543    u_system/u_gemm/g_mac4.u_mac/acc00_inferred__0/i__carry__5_n_0
    SLICE_X94Y141        CARRY4 (Prop_carry4_CI_O[1])
                                                      0.323    19.866 r  u_system/u_gemm/g_mac4.u_mac/acc00_inferred__0/i__carry__6/O[1]
                         net (fo=1, routed)           0.800    20.666    u_system/u_gemm/g_mac4.u_mac/acc00[29]
    SLICE_X95Y142        LUT2 (Prop_lut2_I0_O)        0.306    20.972 r  u_system/u_gemm/g_mac4.u_mac/acc0[29]_i_1/O
                         net (fo=1, routed)           0.000    20.972    u_system/u_gemm/g_mac4.u_mac/acc00_in[29]
    SLICE_X95Y142        FDRE                                         r  u_system/u_gemm/g_mac4.u_mac/acc0_reg[29]/D
  -------------------------------------------------------------------    -------------------

                         (clock sys_clk_pin rise edge)
                                                    100.000   100.000 r  
    K17                                               0.000   100.000 r  clk (IN)
                         net (fo=0)                   0.000   100.000    clk
    K17                  IBUF (Prop_ibuf_I_O)         1.404   101.404 r  clk_IBUF_inst/O
                         net (fo=1, routed)           2.293   103.697    clk_IBUF
    BUFGCTRL_X0Y16       BUFG (Prop_bufg_I_O)         0.091   103.788 r  clk_IBUF_BUFG_inst/O
                         net (fo=1047, routed)        1.781   105.569    u_system/u_gemm/g_mac4.u_mac/clk_IBUF_BUFG
    SLICE_X95Y142        FDRE                                         r  u_system/u_gemm/g_mac4.u_mac/acc0_reg[29]/C
                         clock pessimism              0.441   106.011    
                         clock uncertainty           -0.035   105.975    
    SLICE_X95Y142        FDRE (Setup_fdre_C_D)        0.031   106.006    u_system/u_gemm/g_mac4.u_mac/acc0_reg[29]
  -------------------------------------------------------------------
                         required time                        106.006    
                         arrival time                         -20.972    
  -------------------------------------------------------------------
                         slack                                 85.035    

Slack (MET) :             85.037ns  (required time - arrival time)
  Source:                 u_system/u_gemm/u_mmio/r_n_reg[0]/C
                            (rising edge-triggered cell FDRE clocked by sys_clk_pin  {rise@0.000ns fall@50.000ns period=100.000ns})
  Destination:            u_system/u_gemm/g_mac4.u_mac/acc3_reg[28]/D
                            (rising edge-triggered cell FDRE clocked by sys_clk_pin  {rise@0.000ns fall@50.000ns period=100.000ns})
  Path Group:             sys_clk_pin
  Path Type:              Setup (Max at Slow Process Corner)
  Requirement:            100.000ns  (sys_clk_pin rise@100.000ns - sys_clk_pin rise@0.000ns)
  Data Path Delay:        14.954ns  (logic 5.525ns (36.948%)  route 9.429ns (63.052%))
  Logic Levels:           16  (CARRY4=8 LUT2=4 LUT3=1 LUT4=1 LUT6=1 RAMD32=1)
  Clock Path Skew:        -0.049ns (DCD - SCD + CPR)
    Destination Clock Delay (DCD):    5.569ns = ( 105.569 - 100.000 ) 
    Source Clock Delay      (SCD):    6.060ns
    Clock Pessimism Removal (CPR):    0.441ns
  Clock Uncertainty:      0.035ns  ((TSJ^2 + TIJ^2)^1/2 + DJ) / 2 + PE
    Total System Jitter     (TSJ):    0.071ns
    Total Input Jitter      (TIJ):    0.000ns
    Discrete Jitter          (DJ):    0.000ns
    Phase Error              (PE):    0.000ns

    Location             Delay type                Incr(ns)  Path(ns)    Netlist Resource(s)
  -------------------------------------------------------------------    -------------------
                         (clock sys_clk_pin rise edge)
                                                      0.000     0.000 r  
    K17                                               0.000     0.000 r  clk (IN)
                         net (fo=0)                   0.000     0.000    clk
    K17                  IBUF (Prop_ibuf_I_O)         1.475     1.475 r  clk_IBUF_inst/O
                         net (fo=1, routed)           2.522     3.997    clk_IBUF
    BUFGCTRL_X0Y16       BUFG (Prop_bufg_I_O)         0.101     4.098 r  clk_IBUF_BUFG_inst/O
                         net (fo=1047, routed)        1.962     6.060    u_system/u_gemm/u_mmio/clk_IBUF_BUFG
    SLICE_X97Y121        FDRE                                         r  u_system/u_gemm/u_mmio/r_n_reg[0]/C
  -------------------------------------------------------------------    -------------------
    SLICE_X97Y121        FDRE (Prop_fdre_C_Q)         0.456     6.516 f  u_system/u_gemm/u_mmio/r_n_reg[0]/Q
                         net (fo=61, routed)          1.615     8.131    u_system/u_gemm/u_mmio/r_n_reg[2]_0[0]
    SLICE_X94Y128        LUT2 (Prop_lut2_I0_O)        0.152     8.283 r  u_system/u_gemm/u_mmio/b_buf_reg_r1_0_15_0_5_i_4/O
                         net (fo=16, routed)          2.067    10.351    u_buf/b_buf_reg_r1_0_15_0_5/ADDRB0
    SLICE_X96Y131        RAMD32 (Prop_ramd32_RADR0_O)
                                                      0.376    10.727 r  u_buf/b_buf_reg_r1_0_15_0_5/RAMB/O
                         net (fo=16, routed)          1.660    12.386    u_system/u_gemm/u_buf/buf_brow3[2]
    SLICE_X100Y129       LUT2 (Prop_lut2_I1_O)        0.376    12.762 r  u_system/u_gemm/u_buf/p3__0_carry_i_8/O
                         net (fo=1, routed)           0.633    13.396    u_system/u_gemm/u_buf/p3__0_carry_i_8_n_0
    SLICE_X99Y129        LUT6 (Prop_lut6_I3_O)        0.348    13.744 r  u_system/u_gemm/u_buf/p3__0_carry_i_4/O
                         net (fo=1, routed)           0.000    13.744    u_system/u_gemm/g_mac4.u_mac/acc30_carry_i_4_0[3]
    SLICE_X99Y129        CARRY4 (Prop_carry4_S[3]_CO[3])
                                                      0.401    14.145 r  u_system/u_gemm/g_mac4.u_mac/p3__0_carry/CO[3]
                         net (fo=1, routed)           0.000    14.145    u_system/u_gemm/g_mac4.u_mac/p3__0_carry_n_0
    SLICE_X99Y130        CARRY4 (Prop_carry4_CI_O[3])
                                                      0.313    14.458 r  u_system/u_gemm/g_mac4.u_mac/p3__0_carry__0/O[3]
                         net (fo=2, routed)           1.152    15.610    u_system/u_gemm/g_mac4.u_mac/p3__0_carry__0_n_4
    SLICE_X101Y132       LUT3 (Prop_lut3_I1_O)        0.331    15.941 r  u_system/u_gemm/g_mac4.u_mac/p3__85_carry__0_i_4/O
                         net (fo=2, routed)           0.645    16.587    u_system/u_gemm/g_mac4.u_mac/p3__85_carry__0_i_4_n_0
    SLICE_X101Y133       LUT4 (Prop_lut4_I3_O)        0.332    16.919 r  u_system/u_gemm/g_mac4.u_mac/p3__85_carry__0_i_8/O
                         net (fo=1, routed)           0.000    16.919    u_system/u_gemm/g_mac4.u_mac/p3__85_carry__0_i_8_n_0
    SLICE_X101Y133       CARRY4 (Prop_carry4_S[0]_CO[3])
                                                      0.532    17.451 r  u_system/u_gemm/g_mac4.u_mac/p3__85_carry__0/CO[3]
                         net (fo=1, routed)           0.000    17.451    u_system/u_gemm/g_mac4.u_mac/p3__85_carry__0_n_0
    SLICE_X101Y134       CARRY4 (Prop_carry4_CI_O[3])
                                                      0.313    17.764 r  u_system/u_gemm/g_mac4.u_mac/p3__85_carry__1/O[3]
                         net (fo=3, routed)           0.862    18.626    u_system/u_gemm/u_buf/O[0]
    SLICE_X100Y139       LUT2 (Prop_lut2_I0_O)        0.306    18.932 r  u_system/u_gemm/u_buf/acc30_carry__3_i_5/O
                         net (fo=1, routed)           0.000    18.932    u_system/u_gemm/g_mac4.u_mac/acc3_reg[19]_0[0]
    SLICE_X100Y139       CARRY4 (Prop_carry4_S[0]_CO[3])
                                                      0.513    19.445 r  u_system/u_gemm/g_mac4.u_mac/acc30_carry__3/CO[3]
                         net (fo=1, routed)           0.000    19.445    u_system/u_gemm/g_mac4.u_mac/acc30_carry__3_n_0
    SLICE_X100Y140       CARRY4 (Prop_carry4_CI_CO[3])
                                                      0.117    19.562 r  u_system/u_gemm/g_mac4.u_mac/acc30_carry__4/CO[3]
                         net (fo=1, routed)           0.000    19.562    u_system/u_gemm/g_mac4.u_mac/acc30_carry__4_n_0
    SLICE_X100Y141       CARRY4 (Prop_carry4_CI_CO[3])
                                                      0.117    19.679 r  u_system/u_gemm/g_mac4.u_mac/acc30_carry__5/CO[3]
                         net (fo=1, routed)           0.000    19.679    u_system/u_gemm/g_mac4.u_mac/acc30_carry__5_n_0
    SLICE_X100Y142       CARRY4 (Prop_carry4_CI_O[0])
                                                      0.219    19.898 r  u_system/u_gemm/g_mac4.u_mac/acc30_carry__6/O[0]
                         net (fo=1, routed)           0.793    20.690    u_system/u_gemm/g_mac4.u_mac/acc30[28]
    SLICE_X99Y142        LUT2 (Prop_lut2_I0_O)        0.323    21.013 r  u_system/u_gemm/g_mac4.u_mac/acc3[28]_i_1/O
                         net (fo=1, routed)           0.000    21.013    u_system/u_gemm/g_mac4.u_mac/acc3[28]
    SLICE_X99Y142        FDRE                                         r  u_system/u_gemm/g_mac4.u_mac/acc3_reg[28]/D
  -------------------------------------------------------------------    -------------------

                         (clock sys_clk_pin rise edge)
                                                    100.000   100.000 r  
    K17                                               0.000   100.000 r  clk (IN)
                         net (fo=0)                   0.000   100.000    clk
    K17                  IBUF (Prop_ibuf_I_O)         1.404   101.404 r  clk_IBUF_inst/O
                         net (fo=1, routed)           2.293   103.697    clk_IBUF
    BUFGCTRL_X0Y16       BUFG (Prop_bufg_I_O)         0.091   103.788 r  clk_IBUF_BUFG_inst/O
                         net (fo=1047, routed)        1.781   105.569    u_system/u_gemm/g_mac4.u_mac/clk_IBUF_BUFG
    SLICE_X99Y142        FDRE                                         r  u_system/u_gemm/g_mac4.u_mac/acc3_reg[28]/C
                         clock pessimism              0.441   106.011    
                         clock uncertainty           -0.035   105.975    
    SLICE_X99Y142        FDRE (Setup_fdre_C_D)        0.075   106.050    u_system/u_gemm/g_mac4.u_mac/acc3_reg[28]
  -------------------------------------------------------------------
                         required time                        106.050    
                         arrival time                         -21.013    
  -------------------------------------------------------------------
                         slack                                 85.037    





Pulse Width Checks
--------------------------------------------------------------------------------------
Clock Name:         sys_clk_pin
Waveform(ns):       { 0.000 50.000 }
Period(ns):         100.000
Sources:            { clk }

Check Type        Corner  Lib Pin             Reference Pin  Required(ns)  Actual(ns)  Slack(ns)  Location       Pin
Min Period        n/a     RAMB36E1/CLKARDCLK  n/a            2.944         100.000     97.056     RAMB36_X4Y24   u_system/mem_reg_0/CLKARDCLK
Min Period        n/a     RAMB36E1/CLKARDCLK  n/a            2.944         100.000     97.056     RAMB36_X4Y25   u_system/mem_reg_1/CLKARDCLK
Min Period        n/a     RAMB36E1/CLKARDCLK  n/a            2.944         100.000     97.056     RAMB36_X4Y26   u_system/mem_reg_2/CLKARDCLK
Min Period        n/a     RAMB36E1/CLKARDCLK  n/a            2.944         100.000     97.056     RAMB36_X4Y27   u_system/mem_reg_3/CLKARDCLK
Min Period        n/a     RAMB36E1/CLKBWRCLK  n/a            2.576         100.000     97.424     RAMB36_X4Y24   u_system/mem_reg_0/CLKBWRCLK
Low Pulse Width   Slow    RAMD32/CLK          n/a            1.250         50.000      48.750     SLICE_X96Y125  u_buf/a_buf_reg_0_15_0_5/RAMA/CLK
Low Pulse Width   Fast    RAMD32/CLK          n/a            1.250         50.000      48.750     SLICE_X96Y125  u_buf/a_buf_reg_0_15_0_5/RAMA/CLK
Low Pulse Width   Slow    RAMD32/CLK          n/a            1.250         50.000      48.750     SLICE_X96Y125  u_buf/a_buf_reg_0_15_0_5/RAMA_D1/CLK
Low Pulse Width   Fast    RAMD32/CLK          n/a            1.250         50.000      48.750     SLICE_X96Y125  u_buf/a_buf_reg_0_15_0_5/RAMA_D1/CLK
Low Pulse Width   Slow    RAMD32/CLK          n/a            1.250         50.000      48.750     SLICE_X96Y125  u_buf/a_buf_reg_0_15_0_5/RAMB/CLK
High Pulse Width  Slow    RAMD32/CLK          n/a            1.250         50.000      48.750     SLICE_X96Y125  u_buf/a_buf_reg_0_15_0_5/RAMA/CLK
High Pulse Width  Fast    RAMD32/CLK          n/a            1.250         50.000      48.750     SLICE_X96Y125  u_buf/a_buf_reg_0_15_0_5/RAMA/CLK
High Pulse Width  Slow    RAMD32/CLK          n/a            1.250         50.000      48.750     SLICE_X96Y125  u_buf/a_buf_reg_0_15_0_5/RAMA_D1/CLK
High Pulse Width  Fast    RAMD32/CLK          n/a            1.250         50.000      48.750     SLICE_X96Y125  u_buf/a_buf_reg_0_15_0_5/RAMA_D1/CLK
High Pulse Width  Slow    RAMD32/CLK          n/a            1.250         50.000      48.750     SLICE_X96Y125  u_buf/a_buf_reg_0_15_0_5/RAMB/CLK



