Copyright 1986-2022 Xilinx, Inc. All Rights Reserved. Copyright 2022-2024 Advanced Micro Devices, Inc. All Rights Reserved.
--------------------------------------------------------------------------------------------------------------------------------------------------------------------------------------------------
| Tool Version : Vivado v.2024.2 (lin64) Build 5239630 Fri Nov 08 22:34:34 MST 2024
| Date         : Wed Jun 17 03:48:06 2026
| Host         : young-PC running 64-bit Ubuntu 24.04.4 LTS
| Command      : report_timing_summary -delay_type max -max_paths 5 -file /home/young/dev/20_digital-systems-lab/projects/simple-cpu-gemm-accelerator/fpga/reports/mode4/20mhz_timing_summary.rpt
| Design       : zybo_top
| Device       : 7z020-clg400
| Speed File   : -1  PRODUCTION 1.12 2019-11-22
| Design State : Routed
--------------------------------------------------------------------------------------------------------------------------------------------------------------------------------------------------

Timing Summary Report

------------------------------------------------------------------------------------------------
| Timer Settings
| --------------
------------------------------------------------------------------------------------------------

  Enable Multi Corner Analysis               :  Yes
  Enable Pessimism Removal                   :  Yes
  Pessimism Removal Resolution               :  Nearest Common Node
  Enable Input Delay Default Clock           :  No
  Enable Preset / Clear Arcs                 :  No
  Disable Flight Delays                      :  No
  Ignore I/O Paths                           :  No
  Timing Early Launch at Borrowing Latches   :  No
  Borrow Time for Max Delay Exceptions       :  Yes
  Merge Timing Exceptions                    :  Yes
  Inter-SLR Compensation                     :  Conservative

  Corner  Analyze    Analyze    
  Name    Max Paths  Min Paths  
  ------  ---------  ---------  
  Slow    Yes        Yes        
  Fast    Yes        Yes        


------------------------------------------------------------------------------------------------
| Report Methodology
| ------------------
------------------------------------------------------------------------------------------------

Rule       Severity  Description                                 Violations  
---------  --------  ------------------------------------------  ----------  
SYNTH-6    Warning   Timing of a RAM block might be sub-optimal  4           
TIMING-18  Warning   Missing input or output delay               5           

Note: This report is based on the most recent report_methodology run and may not be up-to-date. Run report_methodology on the current design for the latest report.



check_timing report

Table of Contents
-----------------
1. checking no_clock (0)
2. checking constant_clock (0)
3. checking pulse_width_clock (0)
4. checking unconstrained_internal_endpoints (0)
5. checking no_input_delay (1)
6. checking no_output_delay (4)
7. checking multiple_clock (0)
8. checking generated_clocks (0)
9. checking loops (0)
10. checking partial_input_delay (0)
11. checking partial_output_delay (0)
12. checking latch_loops (0)

1. checking no_clock (0)
------------------------
 There are 0 register/latch pins with no clock.


2. checking constant_clock (0)
------------------------------
 There are 0 register/latch pins with constant_clock.


3. checking pulse_width_clock (0)
---------------------------------
 There are 0 register/latch pins which need pulse_width check


4. checking unconstrained_internal_endpoints (0)
------------------------------------------------
 There are 0 pins that are not constrained for maximum delay.

 There are 0 pins that are not constrained for maximum delay due to constant clock.


5. checking no_input_delay (1)
------------------------------
 There is 1 input port with no input delay specified. (HIGH)

 There are 0 input ports with no input delay but user has a false path constraint.


6. checking no_output_delay (4)
-------------------------------
 There are 4 ports with no output delay specified. (HIGH)

 There are 0 ports with no output delay but user has a false path constraint

 There are 0 ports with no output delay but with a timing clock defined on it or propagating through it


7. checking multiple_clock (0)
------------------------------
 There are 0 register/latch pins with multiple clocks.


8. checking generated_clocks (0)
--------------------------------
 There are 0 generated clocks that are not connected to a clock source.


9. checking loops (0)
---------------------
 There are 0 combinational loops in the design.


10. checking partial_input_delay (0)
------------------------------------
 There are 0 input ports with partial input delay specified.


11. checking partial_output_delay (0)
-------------------------------------
 There are 0 ports with partial output delay specified.


12. checking latch_loops (0)
----------------------------
 There are 0 combinational latch loops in the design through latch input



------------------------------------------------------------------------------------------------
| Design Timing Summary
| ---------------------
------------------------------------------------------------------------------------------------

    WNS(ns)      TNS(ns)  TNS Failing Endpoints  TNS Total Endpoints     WPWS(ns)     TPWS(ns)  TPWS Failing Endpoints  TPWS Total Endpoints  
    -------      -------  ---------------------  -------------------     --------     --------  ----------------------  --------------------  
     34.415        0.000                      0                 2910       23.750        0.000                       0                  1048  


All user specified timing constraints are met.


------------------------------------------------------------------------------------------------
| Clock Summary
| -------------
------------------------------------------------------------------------------------------------

Clock        Waveform(ns)       Period(ns)      Frequency(MHz)
-----        ------------       ----------      --------------
sys_clk_pin  {0.000 25.000}     50.000          20.000          


------------------------------------------------------------------------------------------------
| Intra Clock Table
| -----------------
------------------------------------------------------------------------------------------------

Clock             WNS(ns)      TNS(ns)  TNS Failing Endpoints  TNS Total Endpoints     WPWS(ns)     TPWS(ns)  TPWS Failing Endpoints  TPWS Total Endpoints  
-----             -------      -------  ---------------------  -------------------     --------     --------  ----------------------  --------------------  
sys_clk_pin        34.415        0.000                      0                 2910       23.750        0.000                       0                  1048  


------------------------------------------------------------------------------------------------
| Inter Clock Table
| -----------------
------------------------------------------------------------------------------------------------

From Clock    To Clock          WNS(ns)      TNS(ns)  TNS Failing Endpoints  TNS Total Endpoints  
----------    --------          -------      -------  ---------------------  -------------------  


------------------------------------------------------------------------------------------------
| Other Path Groups Table
| -----------------------
------------------------------------------------------------------------------------------------

Path Group    From Clock    To Clock          WNS(ns)      TNS(ns)  TNS Failing Endpoints  TNS Total Endpoints  
----------    ----------    --------          -------      -------  ---------------------  -------------------  


------------------------------------------------------------------------------------------------
| Timing Details
| --------------
------------------------------------------------------------------------------------------------


---------------------------------------------------------------------------------------------------
From Clock:  sys_clk_pin
  To Clock:  sys_clk_pin

Setup :            0  Failing Endpoints,  Worst Slack       34.415ns,  Total Violation        0.000ns
Hold  :           NA  Failing Endpoints,  Worst Slack           NA  ,  Total Violation           NA
PW    :            0  Failing Endpoints,  Worst Slack       23.750ns,  Total Violation        0.000ns
---------------------------------------------------------------------------------------------------


Max Delay Paths
--------------------------------------------------------------------------------------
Slack (MET) :             34.415ns  (required time - arrival time)
  Source:                 u_system/u_gemm/g_mac4.u_mac/i_reg[1]/C
                            (rising edge-triggered cell FDRE clocked by sys_clk_pin  {rise@0.000ns fall@25.000ns period=50.000ns})
  Destination:            u_system/u_gemm/g_mac4.u_mac/acc1_reg[28]/D
                            (rising edge-triggered cell FDRE clocked by sys_clk_pin  {rise@0.000ns fall@25.000ns period=50.000ns})
  Path Group:             sys_clk_pin
  Path Type:              Setup (Max at Slow Process Corner)
  Requirement:            50.000ns  (sys_clk_pin rise@50.000ns - sys_clk_pin rise@0.000ns)
  Data Path Delay:        15.630ns  (logic 4.930ns (31.542%)  route 10.700ns (68.458%))
  Logic Levels:           15  (CARRY4=7 LUT2=3 LUT4=2 LUT6=2 RAMD32=1)
  Clock Path Skew:        0.005ns (DCD - SCD + CPR)
    Destination Clock Delay (DCD):    5.569ns = ( 55.569 - 50.000 ) 
    Source Clock Delay      (SCD):    6.006ns
    Clock Pessimism Removal (CPR):    0.441ns
  Clock Uncertainty:      0.035ns  ((TSJ^2 + TIJ^2)^1/2 + DJ) / 2 + PE
    Total System Jitter     (TSJ):    0.071ns
    Total Input Jitter      (TIJ):    0.000ns
    Discrete Jitter          (DJ):    0.000ns
    Phase Error              (PE):    0.000ns

    Location             Delay type                Incr(ns)  Path(ns)    Netlist Resource(s)
  -------------------------------------------------------------------    -------------------
                         (clock sys_clk_pin rise edge)
                                                      0.000     0.000 r  
    K17                                               0.000     0.000 r  clk (IN)
                         net (fo=0)                   0.000     0.000    clk
    K17                  IBUF (Prop_ibuf_I_O)         1.475     1.475 r  clk_IBUF_inst/O
                         net (fo=1, routed)           2.522     3.997    clk_IBUF
    BUFGCTRL_X0Y16       BUFG (Prop_bufg_I_O)         0.101     4.098 r  clk_IBUF_BUFG_inst/O
                         net (fo=1047, routed)        1.908     6.006    u_system/u_gemm/g_mac4.u_mac/clk_IBUF_BUFG
    SLICE_X85Y136        FDRE                                         r  u_system/u_gemm/g_mac4.u_mac/i_reg[1]/C
  -------------------------------------------------------------------    -------------------
    SLICE_X85Y136        FDRE (Prop_fdre_C_Q)         0.419     6.425 r  u_system/u_gemm/g_mac4.u_mac/i_reg[1]/Q
                         net (fo=11, routed)          1.804     8.229    u_system/u_gemm/g_mac4.u_mac/i[1]
    SLICE_X94Y126        LUT6 (Prop_lut6_I2_O)        0.299     8.528 r  u_system/u_gemm/g_mac4.u_mac/a_buf_reg_0_15_0_5_i_5/O
                         net (fo=2, routed)           0.850     9.378    u_system/u_gemm/g_mac4.u_mac/a_buf_reg_0_15_0_5_i_5_n_0
    SLICE_X94Y126        LUT4 (Prop_lut4_I0_O)        0.146     9.524 r  u_system/u_gemm/g_mac4.u_mac/a_buf_reg_0_15_0_5_i_1/O
                         net (fo=8, routed)           0.632    10.156    u_buf/a_buf_reg_0_15_0_5/ADDRC3
    SLICE_X96Y125        RAMD32 (Prop_ramd32_RADR3_O)
                                                      0.328    10.484 r  u_buf/a_buf_reg_0_15_0_5/RAMC_D1/O
                         net (fo=76, routed)          4.072    14.556    u_system/u_gemm/u_buf/buf_a_rdata[5]
    SLICE_X89Y133        LUT2 (Prop_lut2_I0_O)        0.152    14.708 r  u_system/u_gemm/u_buf/p1__30_carry__0_i_9/O
                         net (fo=1, routed)           0.678    15.386    u_system/u_gemm/u_buf/p1__30_carry__0_i_9_n_0
    SLICE_X90Y134        LUT6 (Prop_lut6_I3_O)        0.326    15.712 r  u_system/u_gemm/u_buf/p1__30_carry__0_i_5/O
                         net (fo=1, routed)           0.000    15.712    u_system/u_gemm/g_mac4.u_mac/p1__85_carry__0_i_4_1[3]
    SLICE_X90Y134        CARRY4 (Prop_carry4_S[3]_CO[3])
                                                      0.376    16.088 r  u_system/u_gemm/g_mac4.u_mac/p1__30_carry__0/CO[3]
                         net (fo=1, routed)           0.000    16.088    u_system/u_gemm/g_mac4.u_mac/p1__30_carry__0_n_0
    SLICE_X90Y135        CARRY4 (Prop_carry4_CI_O[1])
                                                      0.323    16.411 r  u_system/u_gemm/g_mac4.u_mac/p1__30_carry__1/O[1]
                         net (fo=3, routed)           0.559    16.971    u_system/u_gemm/g_mac4.u_mac/p1__30_carry__1_i_4_0[1]
    SLICE_X91Y135        LUT4 (Prop_lut4_I1_O)        0.306    17.277 r  u_system/u_gemm/g_mac4.u_mac/p1__85_carry__1_i_4/O
                         net (fo=1, routed)           0.000    17.277    u_system/u_gemm/g_mac4.u_mac/p1__85_carry__1_i_4_n_0
    SLICE_X91Y135        CARRY4 (Prop_carry4_S[1]_O[3])
                                                      0.640    17.917 r  u_system/u_gemm/g_mac4.u_mac/p1__85_carry__1/O[3]
                         net (fo=4, routed)           1.114    19.031    u_system/u_gemm/u_buf/acc10_carry__3[0]
    SLICE_X95Y138        LUT2 (Prop_lut2_I0_O)        0.306    19.337 r  u_system/u_gemm/u_buf/acc10_carry__3_i_5/O
                         net (fo=1, routed)           0.000    19.337    u_system/u_gemm/g_mac4.u_mac/acc1_reg[19]_1[0]
    SLICE_X95Y138        CARRY4 (Prop_carry4_S[0]_CO[3])
                                                      0.532    19.869 r  u_system/u_gemm/g_mac4.u_mac/acc10_carry__3/CO[3]
                         net (fo=1, routed)           0.000    19.869    u_system/u_gemm/g_mac4.u_mac/acc10_carry__3_n_0
    SLICE_X95Y139        CARRY4 (Prop_carry4_CI_CO[3])
                                                      0.114    19.983 r  u_system/u_gemm/g_mac4.u_mac/acc10_carry__4/CO[3]
                         net (fo=1, routed)           0.000    19.983    u_system/u_gemm/g_mac4.u_mac/acc10_carry__4_n_0
    SLICE_X95Y140        CARRY4 (Prop_carry4_CI_CO[3])
                                                      0.114    20.097 r  u_system/u_gemm/g_mac4.u_mac/acc10_carry__5/CO[3]
                         net (fo=1, routed)           0.000    20.097    u_system/u_gemm/g_mac4.u_mac/acc10_carry__5_n_0
    SLICE_X95Y141        CARRY4 (Prop_carry4_CI_O[0])
                                                      0.222    20.319 r  u_system/u_gemm/g_mac4.u_mac/acc10_carry__6/O[0]
                         net (fo=1, routed)           0.990    21.309    u_system/u_gemm/g_mac4.u_mac/acc10[28]
    SLICE_X95Y142        LUT2 (Prop_lut2_I0_O)        0.327    21.636 r  u_system/u_gemm/g_mac4.u_mac/acc1[28]_i_1/O
                         net (fo=1, routed)           0.000    21.636    u_system/u_gemm/g_mac4.u_mac/acc1[28]
    SLICE_X95Y142        FDRE                                         r  u_system/u_gemm/g_mac4.u_mac/acc1_reg[28]/D
  -------------------------------------------------------------------    -------------------

                         (clock sys_clk_pin rise edge)
                                                     50.000    50.000 r  
    K17                                               0.000    50.000 r  clk (IN)
                         net (fo=0)                   0.000    50.000    clk
    K17                  IBUF (Prop_ibuf_I_O)         1.404    51.404 r  clk_IBUF_inst/O
                         net (fo=1, routed)           2.293    53.697    clk_IBUF
    BUFGCTRL_X0Y16       BUFG (Prop_bufg_I_O)         0.091    53.788 r  clk_IBUF_BUFG_inst/O
                         net (fo=1047, routed)        1.781    55.569    u_system/u_gemm/g_mac4.u_mac/clk_IBUF_BUFG
    SLICE_X95Y142        FDRE                                         r  u_system/u_gemm/g_mac4.u_mac/acc1_reg[28]/C
                         clock pessimism              0.441    56.011    
                         clock uncertainty           -0.035    55.975    
    SLICE_X95Y142        FDRE (Setup_fdre_C_D)        0.075    56.050    u_system/u_gemm/g_mac4.u_mac/acc1_reg[28]
  -------------------------------------------------------------------
                         required time                         56.050    
                         arrival time                         -21.636    
  -------------------------------------------------------------------
                         slack                                 34.415    

Slack (MET) :             34.493ns  (required time - arrival time)
  Source:                 u_system/u_gemm/g_mac4.u_mac/i_reg[1]/C
                            (rising edge-triggered cell FDRE clocked by sys_clk_pin  {rise@0.000ns fall@25.000ns period=50.000ns})
  Destination:            u_system/u_gemm/g_mac4.u_mac/acc1_reg[30]/D
                            (rising edge-triggered cell FDRE clocked by sys_clk_pin  {rise@0.000ns fall@25.000ns period=50.000ns})
  Path Group:             sys_clk_pin
  Path Type:              Setup (Max at Slow Process Corner)
  Requirement:            50.000ns  (sys_clk_pin rise@50.000ns - sys_clk_pin rise@0.000ns)
  Data Path Delay:        15.595ns  (logic 4.950ns (31.741%)  route 10.645ns (68.259%))
  Logic Levels:           15  (CARRY4=7 LUT2=3 LUT4=2 LUT6=2 RAMD32=1)
  Clock Path Skew:        0.005ns (DCD - SCD + CPR)
    Destination Clock Delay (DCD):    5.569ns = ( 55.569 - 50.000 ) 
    Source Clock Delay      (SCD):    6.006ns
    Clock Pessimism Removal (CPR):    0.441ns
  Clock Uncertainty:      0.035ns  ((TSJ^2 + TIJ^2)^1/2 + DJ) / 2 + PE
    Total System Jitter     (TSJ):    0.071ns
    Total Input Jitter      (TIJ):    0.000ns
    Discrete Jitter          (DJ):    0.000ns
    Phase Error              (PE):    0.000ns

    Location             Delay type                Incr(ns)  Path(ns)    Netlist Resource(s)
  -------------------------------------------------------------------    -------------------
                         (clock sys_clk_pin rise edge)
                                                      0.000     0.000 r  
    K17                                               0.000     0.000 r  clk (IN)
                         net (fo=0)                   0.000     0.000    clk
    K17                  IBUF (Prop_ibuf_I_O)         1.475     1.475 r  clk_IBUF_inst/O
                         net (fo=1, routed)           2.522     3.997    clk_IBUF
    BUFGCTRL_X0Y16       BUFG (Prop_bufg_I_O)         0.101     4.098 r  clk_IBUF_BUFG_inst/O
                         net (fo=1047, routed)        1.908     6.006    u_system/u_gemm/g_mac4.u_mac/clk_IBUF_BUFG
    SLICE_X85Y136        FDRE                                         r  u_system/u_gemm/g_mac4.u_mac/i_reg[1]/C
  -------------------------------------------------------------------    -------------------
    SLICE_X85Y136        FDRE (Prop_fdre_C_Q)         0.419     6.425 r  u_system/u_gemm/g_mac4.u_mac/i_reg[1]/Q
                         net (fo=11, routed)          1.804     8.229    u_system/u_gemm/g_mac4.u_mac/i[1]
    SLICE_X94Y126        LUT6 (Prop_lut6_I2_O)        0.299     8.528 r  u_system/u_gemm/g_mac4.u_mac/a_buf_reg_0_15_0_5_i_5/O
                         net (fo=2, routed)           0.850     9.378    u_system/u_gemm/g_mac4.u_mac/a_buf_reg_0_15_0_5_i_5_n_0
    SLICE_X94Y126        LUT4 (Prop_lut4_I0_O)        0.146     9.524 r  u_system/u_gemm/g_mac4.u_mac/a_buf_reg_0_15_0_5_i_1/O
                         net (fo=8, routed)           0.632    10.156    u_buf/a_buf_reg_0_15_0_5/ADDRC3
    SLICE_X96Y125        RAMD32 (Prop_ramd32_RADR3_O)
                                                      0.328    10.484 r  u_buf/a_buf_reg_0_15_0_5/RAMC_D1/O
                         net (fo=76, routed)          4.072    14.556    u_system/u_gemm/u_buf/buf_a_rdata[5]
    SLICE_X89Y133        LUT2 (Prop_lut2_I0_O)        0.152    14.708 r  u_system/u_gemm/u_buf/p1__30_carry__0_i_9/O
                         net (fo=1, routed)           0.678    15.386    u_system/u_gemm/u_buf/p1__30_carry__0_i_9_n_0
    SLICE_X90Y134        LUT6 (Prop_lut6_I3_O)        0.326    15.712 r  u_system/u_gemm/u_buf/p1__30_carry__0_i_5/O
                         net (fo=1, routed)           0.000    15.712    u_system/u_gemm/g_mac4.u_mac/p1__85_carry__0_i_4_1[3]
    SLICE_X90Y134        CARRY4 (Prop_carry4_S[3]_CO[3])
                                                      0.376    16.088 r  u_system/u_gemm/g_mac4.u_mac/p1__30_carry__0/CO[3]
                         net (fo=1, routed)           0.000    16.088    u_system/u_gemm/g_mac4.u_mac/p1__30_carry__0_n_0
    SLICE_X90Y135        CARRY4 (Prop_carry4_CI_O[1])
                                                      0.323    16.411 r  u_system/u_gemm/g_mac4.u_mac/p1__30_carry__1/O[1]
                         net (fo=3, routed)           0.559    16.971    u_system/u_gemm/g_mac4.u_mac/p1__30_carry__1_i_4_0[1]
    SLICE_X91Y135        LUT4 (Prop_lut4_I1_O)        0.306    17.277 r  u_system/u_gemm/g_mac4.u_mac/p1__85_carry__1_i_4/O
                         net (fo=1, routed)           0.000    17.277    u_system/u_gemm/g_mac4.u_mac/p1__85_carry__1_i_4_n_0
    SLICE_X91Y135        CARRY4 (Prop_carry4_S[1]_O[3])
                                                      0.640    17.917 r  u_system/u_gemm/g_mac4.u_mac/p1__85_carry__1/O[3]
                         net (fo=4, routed)           1.114    19.031    u_system/u_gemm/u_buf/acc10_carry__3[0]
    SLICE_X95Y138        LUT2 (Prop_lut2_I0_O)        0.306    19.337 r  u_system/u_gemm/u_buf/acc10_carry__3_i_5/O
                         net (fo=1, routed)           0.000    19.337    u_system/u_gemm/g_mac4.u_mac/acc1_reg[19]_1[0]
    SLICE_X95Y138        CARRY4 (Prop_carry4_S[0]_CO[3])
                                                      0.532    19.869 r  u_system/u_gemm/g_mac4.u_mac/acc10_carry__3/CO[3]
                         net (fo=1, routed)           0.000    19.869    u_system/u_gemm/g_mac4.u_mac/acc10_carry__3_n_0
    SLICE_X95Y139        CARRY4 (Prop_carry4_CI_CO[3])
                                                      0.114    19.983 r  u_system/u_gemm/g_mac4.u_mac/acc10_carry__4/CO[3]
                         net (fo=1, routed)           0.000    19.983    u_system/u_gemm/g_mac4.u_mac/acc10_carry__4_n_0
    SLICE_X95Y140        CARRY4 (Prop_carry4_CI_CO[3])
                                                      0.114    20.097 r  u_system/u_gemm/g_mac4.u_mac/acc10_carry__5/CO[3]
                         net (fo=1, routed)           0.000    20.097    u_system/u_gemm/g_mac4.u_mac/acc10_carry__5_n_0
    SLICE_X95Y141        CARRY4 (Prop_carry4_CI_O[2])
                                                      0.239    20.336 r  u_system/u_gemm/g_mac4.u_mac/acc10_carry__6/O[2]
                         net (fo=1, routed)           0.935    21.271    u_system/u_gemm/g_mac4.u_mac/acc10[30]
    SLICE_X94Y142        LUT2 (Prop_lut2_I0_O)        0.330    21.601 r  u_system/u_gemm/g_mac4.u_mac/acc1[30]_i_1/O
                         net (fo=1, routed)           0.000    21.601    u_system/u_gemm/g_mac4.u_mac/acc1[30]
    SLICE_X94Y142        FDRE                                         r  u_system/u_gemm/g_mac4.u_mac/acc1_reg[30]/D
  -------------------------------------------------------------------    -------------------

                         (clock sys_clk_pin rise edge)
                                                     50.000    50.000 r  
    K17                                               0.000    50.000 r  clk (IN)
                         net (fo=0)                   0.000    50.000    clk
    K17                  IBUF (Prop_ibuf_I_O)         1.404    51.404 r  clk_IBUF_inst/O
                         net (fo=1, routed)           2.293    53.697    clk_IBUF
    BUFGCTRL_X0Y16       BUFG (Prop_bufg_I_O)         0.091    53.788 r  clk_IBUF_BUFG_inst/O
                         net (fo=1047, routed)        1.781    55.569    u_system/u_gemm/g_mac4.u_mac/clk_IBUF_BUFG
    SLICE_X94Y142        FDRE                                         r  u_system/u_gemm/g_mac4.u_mac/acc1_reg[30]/C
                         clock pessimism              0.441    56.011    
                         clock uncertainty           -0.035    55.975    
    SLICE_X94Y142        FDRE (Setup_fdre_C_D)        0.118    56.093    u_system/u_gemm/g_mac4.u_mac/acc1_reg[30]
  -------------------------------------------------------------------
                         required time                         56.093    
                         arrival time                         -21.601    
  -------------------------------------------------------------------
                         slack                                 34.493    

Slack (MET) :             34.509ns  (required time - arrival time)
  Source:                 u_system/u_gemm/g_mac4.u_mac/i_reg[1]/C
                            (rising edge-triggered cell FDRE clocked by sys_clk_pin  {rise@0.000ns fall@25.000ns period=50.000ns})
  Destination:            u_system/u_gemm/g_mac4.u_mac/acc1_reg[29]/D
                            (rising edge-triggered cell FDRE clocked by sys_clk_pin  {rise@0.000ns fall@25.000ns period=50.000ns})
  Path Group:             sys_clk_pin
  Path Type:              Setup (Max at Slow Process Corner)
  Requirement:            50.000ns  (sys_clk_pin rise@50.000ns - sys_clk_pin rise@0.000ns)
  Data Path Delay:        15.579ns  (logic 5.044ns (32.377%)  route 10.535ns (67.623%))
  Logic Levels:           15  (CARRY4=7 LUT2=3 LUT4=2 LUT6=2 RAMD32=1)
  Clock Path Skew:        0.005ns (DCD - SCD + CPR)
    Destination Clock Delay (DCD):    5.569ns = ( 55.569 - 50.000 ) 
    Source Clock Delay      (SCD):    6.006ns
    Clock Pessimism Removal (CPR):    0.441ns
  Clock Uncertainty:      0.035ns  ((TSJ^2 + TIJ^2)^1/2 + DJ) / 2 + PE
    Total System Jitter     (TSJ):    0.071ns
    Total Input Jitter      (TIJ):    0.000ns
    Discrete Jitter          (DJ):    0.000ns
    Phase Error              (PE):    0.000ns

    Location             Delay type                Incr(ns)  Path(ns)    Netlist Resource(s)
  -------------------------------------------------------------------    -------------------
                         (clock sys_clk_pin rise edge)
                                                      0.000     0.000 r  
    K17                                               0.000     0.000 r  clk (IN)
                         net (fo=0)                   0.000     0.000    clk
    K17                  IBUF (Prop_ibuf_I_O)         1.475     1.475 r  clk_IBUF_inst/O
                         net (fo=1, routed)           2.522     3.997    clk_IBUF
    BUFGCTRL_X0Y16       BUFG (Prop_bufg_I_O)         0.101     4.098 r  clk_IBUF_BUFG_inst/O
                         net (fo=1047, routed)        1.908     6.006    u_system/u_gemm/g_mac4.u_mac/clk_IBUF_BUFG
    SLICE_X85Y136        FDRE                                         r  u_system/u_gemm/g_mac4.u_mac/i_reg[1]/C
  -------------------------------------------------------------------    -------------------
    SLICE_X85Y136        FDRE (Prop_fdre_C_Q)         0.419     6.425 r  u_system/u_gemm/g_mac4.u_mac/i_reg[1]/Q
                         net (fo=11, routed)          1.804     8.229    u_system/u_gemm/g_mac4.u_mac/i[1]
    SLICE_X94Y126        LUT6 (Prop_lut6_I2_O)        0.299     8.528 r  u_system/u_gemm/g_mac4.u_mac/a_buf_reg_0_15_0_5_i_5/O
                         net (fo=2, routed)           0.850     9.378    u_system/u_gemm/g_mac4.u_mac/a_buf_reg_0_15_0_5_i_5_n_0
    SLICE_X94Y126        LUT4 (Prop_lut4_I0_O)        0.146     9.524 r  u_system/u_gemm/g_mac4.u_mac/a_buf_reg_0_15_0_5_i_1/O
                         net (fo=8, routed)           0.632    10.156    u_buf/a_buf_reg_0_15_0_5/ADDRC3
    SLICE_X96Y125        RAMD32 (Prop_ramd32_RADR3_O)
                                                      0.328    10.484 r  u_buf/a_buf_reg_0_15_0_5/RAMC_D1/O
                         net (fo=76, routed)          4.072    14.556    u_system/u_gemm/u_buf/buf_a_rdata[5]
    SLICE_X89Y133        LUT2 (Prop_lut2_I0_O)        0.152    14.708 r  u_system/u_gemm/u_buf/p1__30_carry__0_i_9/O
                         net (fo=1, routed)           0.678    15.386    u_system/u_gemm/u_buf/p1__30_carry__0_i_9_n_0
    SLICE_X90Y134        LUT6 (Prop_lut6_I3_O)        0.326    15.712 r  u_system/u_gemm/u_buf/p1__30_carry__0_i_5/O
                         net (fo=1, routed)           0.000    15.712    u_system/u_gemm/g_mac4.u_mac/p1__85_carry__0_i_4_1[3]
    SLICE_X90Y134        CARRY4 (Prop_carry4_S[3]_CO[3])
                                                      0.376    16.088 r  u_system/u_gemm/g_mac4.u_mac/p1__30_carry__0/CO[3]
                         net (fo=1, routed)           0.000    16.088    u_system/u_gemm/g_mac4.u_mac/p1__30_carry__0_n_0
    SLICE_X90Y135        CARRY4 (Prop_carry4_CI_O[1])
                                                      0.323    16.411 r  u_system/u_gemm/g_mac4.u_mac/p1__30_carry__1/O[1]
                         net (fo=3, routed)           0.559    16.971    u_system/u_gemm/g_mac4.u_mac/p1__30_carry__1_i_4_0[1]
    SLICE_X91Y135        LUT4 (Prop_lut4_I1_O)        0.306    17.277 r  u_system/u_gemm/g_mac4.u_mac/p1__85_carry__1_i_4/O
                         net (fo=1, routed)           0.000    17.277    u_system/u_gemm/g_mac4.u_mac/p1__85_carry__1_i_4_n_0
    SLICE_X91Y135        CARRY4 (Prop_carry4_S[1]_O[3])
                                                      0.640    17.917 r  u_system/u_gemm/g_mac4.u_mac/p1__85_carry__1/O[3]
                         net (fo=4, routed)           1.114    19.031    u_system/u_gemm/u_buf/acc10_carry__3[0]
    SLICE_X95Y138        LUT2 (Prop_lut2_I0_O)        0.306    19.337 r  u_system/u_gemm/u_buf/acc10_carry__3_i_5/O
                         net (fo=1, routed)           0.000    19.337    u_system/u_gemm/g_mac4.u_mac/acc1_reg[19]_1[0]
    SLICE_X95Y138        CARRY4 (Prop_carry4_S[0]_CO[3])
                                                      0.532    19.869 r  u_system/u_gemm/g_mac4.u_mac/acc10_carry__3/CO[3]
                         net (fo=1, routed)           0.000    19.869    u_system/u_gemm/g_mac4.u_mac/acc10_carry__3_n_0
    SLICE_X95Y139        CARRY4 (Prop_carry4_CI_CO[3])
                                                      0.114    19.983 r  u_system/u_gemm/g_mac4.u_mac/acc10_carry__4/CO[3]
                         net (fo=1, routed)           0.000    19.983    u_system/u_gemm/g_mac4.u_mac/acc10_carry__4_n_0
    SLICE_X95Y140        CARRY4 (Prop_carry4_CI_CO[3])
                                                      0.114    20.097 r  u_system/u_gemm/g_mac4.u_mac/acc10_carry__5/CO[3]
                         net (fo=1, routed)           0.000    20.097    u_system/u_gemm/g_mac4.u_mac/acc10_carry__5_n_0
    SLICE_X95Y141        CARRY4 (Prop_carry4_CI_O[1])
                                                      0.334    20.431 r  u_system/u_gemm/g_mac4.u_mac/acc10_carry__6/O[1]
                         net (fo=1, routed)           0.825    21.256    u_system/u_gemm/g_mac4.u_mac/acc10[29]
    SLICE_X94Y142        LUT2 (Prop_lut2_I0_O)        0.329    21.585 r  u_system/u_gemm/g_mac4.u_mac/acc1[29]_i_1/O
                         net (fo=1, routed)           0.000    21.585    u_system/u_gemm/g_mac4.u_mac/acc1[29]
    SLICE_X94Y142        FDRE                                         r  u_system/u_gemm/g_mac4.u_mac/acc1_reg[29]/D
  -------------------------------------------------------------------    -------------------

                         (clock sys_clk_pin rise edge)
                                                     50.000    50.000 r  
    K17                                               0.000    50.000 r  clk (IN)
                         net (fo=0)                   0.000    50.000    clk
    K17                  IBUF (Prop_ibuf_I_O)         1.404    51.404 r  clk_IBUF_inst/O
                         net (fo=1, routed)           2.293    53.697    clk_IBUF
    BUFGCTRL_X0Y16       BUFG (Prop_bufg_I_O)         0.091    53.788 r  clk_IBUF_BUFG_inst/O
                         net (fo=1047, routed)        1.781    55.569    u_system/u_gemm/g_mac4.u_mac/clk_IBUF_BUFG
    SLICE_X94Y142        FDRE                                         r  u_system/u_gemm/g_mac4.u_mac/acc1_reg[29]/C
                         clock pessimism              0.441    56.011    
                         clock uncertainty           -0.035    55.975    
    SLICE_X94Y142        FDRE (Setup_fdre_C_D)        0.118    56.093    u_system/u_gemm/g_mac4.u_mac/acc1_reg[29]
  -------------------------------------------------------------------
                         required time                         56.093    
                         arrival time                         -21.585    
  -------------------------------------------------------------------
                         slack                                 34.509    

Slack (MET) :             34.511ns  (required time - arrival time)
  Source:                 u_system/u_gemm/g_mac4.u_mac/i_reg[1]/C
                            (rising edge-triggered cell FDRE clocked by sys_clk_pin  {rise@0.000ns fall@25.000ns period=50.000ns})
  Destination:            u_system/u_gemm/g_mac4.u_mac/acc1_reg[25]/D
                            (rising edge-triggered cell FDRE clocked by sys_clk_pin  {rise@0.000ns fall@25.000ns period=50.000ns})
  Path Group:             sys_clk_pin
  Path Type:              Setup (Max at Slow Process Corner)
  Requirement:            50.000ns  (sys_clk_pin rise@50.000ns - sys_clk_pin rise@0.000ns)
  Data Path Delay:        15.576ns  (logic 4.926ns (31.626%)  route 10.650ns (68.374%))
  Logic Levels:           14  (CARRY4=6 LUT2=3 LUT4=2 LUT6=2 RAMD32=1)
  Clock Path Skew:        0.004ns (DCD - SCD + CPR)
    Destination Clock Delay (DCD):    5.568ns = ( 55.568 - 50.000 ) 
    Source Clock Delay      (SCD):    6.006ns
    Clock Pessimism Removal (CPR):    0.441ns
  Clock Uncertainty:      0.035ns  ((TSJ^2 + TIJ^2)^1/2 + DJ) / 2 + PE
    Total System Jitter     (TSJ):    0.071ns
    Total Input Jitter      (TIJ):    0.000ns
    Discrete Jitter          (DJ):    0.000ns
    Phase Error              (PE):    0.000ns

    Location             Delay type                Incr(ns)  Path(ns)    Netlist Resource(s)
  -------------------------------------------------------------------    -------------------
                         (clock sys_clk_pin rise edge)
                                                      0.000     0.000 r  
    K17                                               0.000     0.000 r  clk (IN)
                         net (fo=0)                   0.000     0.000    clk
    K17                  IBUF (Prop_ibuf_I_O)         1.475     1.475 r  clk_IBUF_inst/O
                         net (fo=1, routed)           2.522     3.997    clk_IBUF
    BUFGCTRL_X0Y16       BUFG (Prop_bufg_I_O)         0.101     4.098 r  clk_IBUF_BUFG_inst/O
                         net (fo=1047, routed)        1.908     6.006    u_system/u_gemm/g_mac4.u_mac/clk_IBUF_BUFG
    SLICE_X85Y136        FDRE                                         r  u_system/u_gemm/g_mac4.u_mac/i_reg[1]/C
  -------------------------------------------------------------------    -------------------
    SLICE_X85Y136        FDRE (Prop_fdre_C_Q)         0.419     6.425 r  u_system/u_gemm/g_mac4.u_mac/i_reg[1]/Q
                         net (fo=11, routed)          1.804     8.229    u_system/u_gemm/g_mac4.u_mac/i[1]
    SLICE_X94Y126        LUT6 (Prop_lut6_I2_O)        0.299     8.528 r  u_system/u_gemm/g_mac4.u_mac/a_buf_reg_0_15_0_5_i_5/O
                         net (fo=2, routed)           0.850     9.378    u_system/u_gemm/g_mac4.u_mac/a_buf_reg_0_15_0_5_i_5_n_0
    SLICE_X94Y126        LUT4 (Prop_lut4_I0_O)        0.146     9.524 r  u_system/u_gemm/g_mac4.u_mac/a_buf_reg_0_15_0_5_i_1/O
                         net (fo=8, routed)           0.632    10.156    u_buf/a_buf_reg_0_15_0_5/ADDRC3
    SLICE_X96Y125        RAMD32 (Prop_ramd32_RADR3_O)
                                                      0.328    10.484 r  u_buf/a_buf_reg_0_15_0_5/RAMC_D1/O
                         net (fo=76, routed)          4.072    14.556    u_system/u_gemm/u_buf/buf_a_rdata[5]
    SLICE_X89Y133        LUT2 (Prop_lut2_I0_O)        0.152    14.708 r  u_system/u_gemm/u_buf/p1__30_carry__0_i_9/O
                         net (fo=1, routed)           0.678    15.386    u_system/u_gemm/u_buf/p1__30_carry__0_i_9_n_0
    SLICE_X90Y134        LUT6 (Prop_lut6_I3_O)        0.326    15.712 r  u_system/u_gemm/u_buf/p1__30_carry__0_i_5/O
                         net (fo=1, routed)           0.000    15.712    u_system/u_gemm/g_mac4.u_mac/p1__85_carry__0_i_4_1[3]
    SLICE_X90Y134        CARRY4 (Prop_carry4_S[3]_CO[3])
                                                      0.376    16.088 r  u_system/u_gemm/g_mac4.u_mac/p1__30_carry__0/CO[3]
                         net (fo=1, routed)           0.000    16.088    u_system/u_gemm/g_mac4.u_mac/p1__30_carry__0_n_0
    SLICE_X90Y135        CARRY4 (Prop_carry4_CI_O[1])
                                                      0.323    16.411 r  u_system/u_gemm/g_mac4.u_mac/p1__30_carry__1/O[1]
                         net (fo=3, routed)           0.559    16.971    u_system/u_gemm/g_mac4.u_mac/p1__30_carry__1_i_4_0[1]
    SLICE_X91Y135        LUT4 (Prop_lut4_I1_O)        0.306    17.277 r  u_system/u_gemm/g_mac4.u_mac/p1__85_carry__1_i_4/O
                         net (fo=1, routed)           0.000    17.277    u_system/u_gemm/g_mac4.u_mac/p1__85_carry__1_i_4_n_0
    SLICE_X91Y135        CARRY4 (Prop_carry4_S[1]_O[3])
                                                      0.640    17.917 r  u_system/u_gemm/g_mac4.u_mac/p1__85_carry__1/O[3]
                         net (fo=4, routed)           1.114    19.031    u_system/u_gemm/u_buf/acc10_carry__3[0]
    SLICE_X95Y138        LUT2 (Prop_lut2_I0_O)        0.306    19.337 r  u_system/u_gemm/u_buf/acc10_carry__3_i_5/O
                         net (fo=1, routed)           0.000    19.337    u_system/u_gemm/g_mac4.u_mac/acc1_reg[19]_1[0]
    SLICE_X95Y138        CARRY4 (Prop_carry4_S[0]_CO[3])
                                                      0.532    19.869 r  u_system/u_gemm/g_mac4.u_mac/acc10_carry__3/CO[3]
                         net (fo=1, routed)           0.000    19.869    u_system/u_gemm/g_mac4.u_mac/acc10_carry__3_n_0
    SLICE_X95Y139        CARRY4 (Prop_carry4_CI_CO[3])
                                                      0.114    19.983 r  u_system/u_gemm/g_mac4.u_mac/acc10_carry__4/CO[3]
                         net (fo=1, routed)           0.000    19.983    u_system/u_gemm/g_mac4.u_mac/acc10_carry__4_n_0
    SLICE_X95Y140        CARRY4 (Prop_carry4_CI_O[1])
                                                      0.334    20.317 r  u_system/u_gemm/g_mac4.u_mac/acc10_carry__5/O[1]
                         net (fo=1, routed)           0.940    21.257    u_system/u_gemm/g_mac4.u_mac/acc10[25]
    SLICE_X96Y140        LUT2 (Prop_lut2_I0_O)        0.325    21.582 r  u_system/u_gemm/g_mac4.u_mac/acc1[25]_i_1/O
                         net (fo=1, routed)           0.000    21.582    u_system/u_gemm/g_mac4.u_mac/acc1[25]
    SLICE_X96Y140        FDRE                                         r  u_system/u_gemm/g_mac4.u_mac/acc1_reg[25]/D
  -------------------------------------------------------------------    -------------------

                         (clock sys_clk_pin rise edge)
                                                     50.000    50.000 r  
    K17                                               0.000    50.000 r  clk (IN)
                         net (fo=0)                   0.000    50.000    clk
    K17                  IBUF (Prop_ibuf_I_O)         1.404    51.404 r  clk_IBUF_inst/O
                         net (fo=1, routed)           2.293    53.697    clk_IBUF
    BUFGCTRL_X0Y16       BUFG (Prop_bufg_I_O)         0.091    53.788 r  clk_IBUF_BUFG_inst/O
                         net (fo=1047, routed)        1.780    55.568    u_system/u_gemm/g_mac4.u_mac/clk_IBUF_BUFG
    SLICE_X96Y140        FDRE                                         r  u_system/u_gemm/g_mac4.u_mac/acc1_reg[25]/C
                         clock pessimism              0.441    56.010    
                         clock uncertainty           -0.035    55.974    
    SLICE_X96Y140        FDRE (Setup_fdre_C_D)        0.118    56.092    u_system/u_gemm/g_mac4.u_mac/acc1_reg[25]
  -------------------------------------------------------------------
                         required time                         56.092    
                         arrival time                         -21.582    
  -------------------------------------------------------------------
                         slack                                 34.511    

Slack (MET) :             34.530ns  (required time - arrival time)
  Source:                 u_system/u_gemm/g_mac4.u_mac/i_reg[1]/C
                            (rising edge-triggered cell FDRE clocked by sys_clk_pin  {rise@0.000ns fall@25.000ns period=50.000ns})
  Destination:            u_system/u_gemm/g_mac4.u_mac/acc1_reg[31]/D
                            (rising edge-triggered cell FDRE clocked by sys_clk_pin  {rise@0.000ns fall@25.000ns period=50.000ns})
  Path Group:             sys_clk_pin
  Path Type:              Setup (Max at Slow Process Corner)
  Requirement:            50.000ns  (sys_clk_pin rise@50.000ns - sys_clk_pin rise@0.000ns)
  Data Path Delay:        15.515ns  (logic 5.026ns (32.395%)  route 10.489ns (67.605%))
  Logic Levels:           15  (CARRY4=7 LUT2=3 LUT4=2 LUT6=2 RAMD32=1)
  Clock Path Skew:        0.005ns (DCD - SCD + CPR)
    Destination Clock Delay (DCD):    5.569ns = ( 55.569 - 50.000 ) 
    Source Clock Delay      (SCD):    6.006ns
    Clock Pessimism Removal (CPR):    0.441ns
  Clock Uncertainty:      0.035ns  ((TSJ^2 + TIJ^2)^1/2 + DJ) / 2 + PE
    Total System Jitter     (TSJ):    0.071ns
    Total Input Jitter      (TIJ):    0.000ns
    Discrete Jitter          (DJ):    0.000ns
    Phase Error              (PE):    0.000ns

    Location             Delay type                Incr(ns)  Path(ns)    Netlist Resource(s)
  -------------------------------------------------------------------    -------------------
                         (clock sys_clk_pin rise edge)
                                                      0.000     0.000 r  
    K17                                               0.000     0.000 r  clk (IN)
                         net (fo=0)                   0.000     0.000    clk
    K17                  IBUF (Prop_ibuf_I_O)         1.475     1.475 r  clk_IBUF_inst/O
                         net (fo=1, routed)           2.522     3.997    clk_IBUF
    BUFGCTRL_X0Y16       BUFG (Prop_bufg_I_O)         0.101     4.098 r  clk_IBUF_BUFG_inst/O
                         net (fo=1047, routed)        1.908     6.006    u_system/u_gemm/g_mac4.u_mac/clk_IBUF_BUFG
    SLICE_X85Y136        FDRE                                         r  u_system/u_gemm/g_mac4.u_mac/i_reg[1]/C
  -------------------------------------------------------------------    -------------------
    SLICE_X85Y136        FDRE (Prop_fdre_C_Q)         0.419     6.425 r  u_system/u_gemm/g_mac4.u_mac/i_reg[1]/Q
                         net (fo=11, routed)          1.804     8.229    u_system/u_gemm/g_mac4.u_mac/i[1]
    SLICE_X94Y126        LUT6 (Prop_lut6_I2_O)        0.299     8.528 r  u_system/u_gemm/g_mac4.u_mac/a_buf_reg_0_15_0_5_i_5/O
                         net (fo=2, routed)           0.850     9.378    u_system/u_gemm/g_mac4.u_mac/a_buf_reg_0_15_0_5_i_5_n_0
    SLICE_X94Y126        LUT4 (Prop_lut4_I0_O)        0.146     9.524 r  u_system/u_gemm/g_mac4.u_mac/a_buf_reg_0_15_0_5_i_1/O
                         net (fo=8, routed)           0.632    10.156    u_buf/a_buf_reg_0_15_0_5/ADDRC3
    SLICE_X96Y125        RAMD32 (Prop_ramd32_RADR3_O)
                                                      0.328    10.484 r  u_buf/a_buf_reg_0_15_0_5/RAMC_D1/O
                         net (fo=76, routed)          4.072    14.556    u_system/u_gemm/u_buf/buf_a_rdata[5]
    SLICE_X89Y133        LUT2 (Prop_lut2_I0_O)        0.152    14.708 r  u_system/u_gemm/u_buf/p1__30_carry__0_i_9/O
                         net (fo=1, routed)           0.678    15.386    u_system/u_gemm/u_buf/p1__30_carry__0_i_9_n_0
    SLICE_X90Y134        LUT6 (Prop_lut6_I3_O)        0.326    15.712 r  u_system/u_gemm/u_buf/p1__30_carry__0_i_5/O
                         net (fo=1, routed)           0.000    15.712    u_system/u_gemm/g_mac4.u_mac/p1__85_carry__0_i_4_1[3]
    SLICE_X90Y134        CARRY4 (Prop_carry4_S[3]_CO[3])
                                                      0.376    16.088 r  u_system/u_gemm/g_mac4.u_mac/p1__30_carry__0/CO[3]
                         net (fo=1, routed)           0.000    16.088    u_system/u_gemm/g_mac4.u_mac/p1__30_carry__0_n_0
    SLICE_X90Y135        CARRY4 (Prop_carry4_CI_O[1])
                                                      0.323    16.411 r  u_system/u_gemm/g_mac4.u_mac/p1__30_carry__1/O[1]
                         net (fo=3, routed)           0.559    16.971    u_system/u_gemm/g_mac4.u_mac/p1__30_carry__1_i_4_0[1]
    SLICE_X91Y135        LUT4 (Prop_lut4_I1_O)        0.306    17.277 r  u_system/u_gemm/g_mac4.u_mac/p1__85_carry__1_i_4/O
                         net (fo=1, routed)           0.000    17.277    u_system/u_gemm/g_mac4.u_mac/p1__85_carry__1_i_4_n_0
    SLICE_X91Y135        CARRY4 (Prop_carry4_S[1]_O[3])
                                                      0.640    17.917 r  u_system/u_gemm/g_mac4.u_mac/p1__85_carry__1/O[3]
                         net (fo=4, routed)           1.114    19.031    u_system/u_gemm/u_buf/acc10_carry__3[0]
    SLICE_X95Y138        LUT2 (Prop_lut2_I0_O)        0.306    19.337 r  u_system/u_gemm/u_buf/acc10_carry__3_i_5/O
                         net (fo=1, routed)           0.000    19.337    u_system/u_gemm/g_mac4.u_mac/acc1_reg[19]_1[0]
    SLICE_X95Y138        CARRY4 (Prop_carry4_S[0]_CO[3])
                                                      0.532    19.869 r  u_system/u_gemm/g_mac4.u_mac/acc10_carry__3/CO[3]
                         net (fo=1, routed)           0.000    19.869    u_system/u_gemm/g_mac4.u_mac/acc10_carry__3_n_0
    SLICE_X95Y139        CARRY4 (Prop_carry4_CI_CO[3])
                                                      0.114    19.983 r  u_system/u_gemm/g_mac4.u_mac/acc10_carry__4/CO[3]
                         net (fo=1, routed)           0.000    19.983    u_system/u_gemm/g_mac4.u_mac/acc10_carry__4_n_0
    SLICE_X95Y140        CARRY4 (Prop_carry4_CI_CO[3])
                                                      0.114    20.097 r  u_system/u_gemm/g_mac4.u_mac/acc10_carry__5/CO[3]
                         net (fo=1, routed)           0.000    20.097    u_system/u_gemm/g_mac4.u_mac/acc10_carry__5_n_0
    SLICE_X95Y141        CARRY4 (Prop_carry4_CI_O[3])
                                                      0.313    20.410 r  u_system/u_gemm/g_mac4.u_mac/acc10_carry__6/O[3]
                         net (fo=1, routed)           0.778    21.188    u_system/u_gemm/g_mac4.u_mac/acc10[31]
    SLICE_X97Y141        LUT2 (Prop_lut2_I0_O)        0.332    21.520 r  u_system/u_gemm/g_mac4.u_mac/acc1[31]_i_1/O
                         net (fo=1, routed)           0.000    21.520    u_system/u_gemm/g_mac4.u_mac/acc1[31]
    SLICE_X97Y141        FDRE                                         r  u_system/u_gemm/g_mac4.u_mac/acc1_reg[31]/D
  -------------------------------------------------------------------    -------------------

                         (clock sys_clk_pin rise edge)
                                                     50.000    50.000 r  
    K17                                               0.000    50.000 r  clk (IN)
                         net (fo=0)                   0.000    50.000    clk
    K17                  IBUF (Prop_ibuf_I_O)         1.404    51.404 r  clk_IBUF_inst/O
                         net (fo=1, routed)           2.293    53.697    clk_IBUF
    BUFGCTRL_X0Y16       BUFG (Prop_bufg_I_O)         0.091    53.788 r  clk_IBUF_BUFG_inst/O
                         net (fo=1047, routed)        1.781    55.569    u_system/u_gemm/g_mac4.u_mac/clk_IBUF_BUFG
    SLICE_X97Y141        FDRE                                         r  u_system/u_gemm/g_mac4.u_mac/acc1_reg[31]/C
                         clock pessimism              0.441    56.011    
                         clock uncertainty           -0.035    55.975    
    SLICE_X97Y141        FDRE (Setup_fdre_C_D)        0.075    56.050    u_system/u_gemm/g_mac4.u_mac/acc1_reg[31]
  -------------------------------------------------------------------
                         required time                         56.050    
                         arrival time                         -21.520    
  -------------------------------------------------------------------
                         slack                                 34.530    





Pulse Width Checks
--------------------------------------------------------------------------------------
Clock Name:         sys_clk_pin
Waveform(ns):       { 0.000 25.000 }
Period(ns):         50.000
Sources:            { clk }

Check Type        Corner  Lib Pin             Reference Pin  Required(ns)  Actual(ns)  Slack(ns)  Location       Pin
Min Period        n/a     RAMB36E1/CLKARDCLK  n/a            2.944         50.000      47.056     RAMB36_X4Y24   u_system/mem_reg_0/CLKARDCLK
Min Period        n/a     RAMB36E1/CLKARDCLK  n/a            2.944         50.000      47.056     RAMB36_X4Y25   u_system/mem_reg_1/CLKARDCLK
Min Period        n/a     RAMB36E1/CLKARDCLK  n/a            2.944         50.000      47.056     RAMB36_X4Y26   u_system/mem_reg_2/CLKARDCLK
Min Period        n/a     RAMB36E1/CLKARDCLK  n/a            2.944         50.000      47.056     RAMB36_X4Y27   u_system/mem_reg_3/CLKARDCLK
Min Period        n/a     RAMB36E1/CLKBWRCLK  n/a            2.576         50.000      47.424     RAMB36_X4Y24   u_system/mem_reg_0/CLKBWRCLK
Low Pulse Width   Slow    RAMD32/CLK          n/a            1.250         25.000      23.750     SLICE_X96Y125  u_buf/a_buf_reg_0_15_0_5/RAMA/CLK
Low Pulse Width   Fast    RAMD32/CLK          n/a            1.250         25.000      23.750     SLICE_X96Y125  u_buf/a_buf_reg_0_15_0_5/RAMA/CLK
Low Pulse Width   Slow    RAMD32/CLK          n/a            1.250         25.000      23.750     SLICE_X96Y125  u_buf/a_buf_reg_0_15_0_5/RAMA_D1/CLK
Low Pulse Width   Fast    RAMD32/CLK          n/a            1.250         25.000      23.750     SLICE_X96Y125  u_buf/a_buf_reg_0_15_0_5/RAMA_D1/CLK
Low Pulse Width   Slow    RAMD32/CLK          n/a            1.250         25.000      23.750     SLICE_X96Y125  u_buf/a_buf_reg_0_15_0_5/RAMB/CLK
High Pulse Width  Slow    RAMD32/CLK          n/a            1.250         25.000      23.750     SLICE_X96Y125  u_buf/a_buf_reg_0_15_0_5/RAMA/CLK
High Pulse Width  Fast    RAMD32/CLK          n/a            1.250         25.000      23.750     SLICE_X96Y125  u_buf/a_buf_reg_0_15_0_5/RAMA/CLK
High Pulse Width  Slow    RAMD32/CLK          n/a            1.250         25.000      23.750     SLICE_X96Y125  u_buf/a_buf_reg_0_15_0_5/RAMA_D1/CLK
High Pulse Width  Fast    RAMD32/CLK          n/a            1.250         25.000      23.750     SLICE_X96Y125  u_buf/a_buf_reg_0_15_0_5/RAMA_D1/CLK
High Pulse Width  Slow    RAMD32/CLK          n/a            1.250         25.000      23.750     SLICE_X96Y125  u_buf/a_buf_reg_0_15_0_5/RAMB/CLK



