Copyright 1986-2022 Xilinx, Inc. All Rights Reserved. Copyright 2022-2024 Advanced Micro Devices, Inc. All Rights Reserved.
----------------------------------------------------------------------------------------------------------------------------------------------------------------------------------------------------
| Tool Version : Vivado v.2024.2 (lin64) Build 5239630 Fri Nov 08 22:34:34 MST 2024
| Date         : Wed Jun 17 03:46:49 2026
| Host         : young-PC running 64-bit Ubuntu 24.04.4 LTS
| Command      : report_timing_summary -delay_type max -max_paths 5 -file /home/young/dev/20_digital-systems-lab/projects/simple-cpu-gemm-accelerator/fpga/reports/mode4/33_3mhz_timing_summary.rpt
| Design       : zybo_top
| Device       : 7z020-clg400
| Speed File   : -1  PRODUCTION 1.12 2019-11-22
| Design State : Routed
----------------------------------------------------------------------------------------------------------------------------------------------------------------------------------------------------

Timing Summary Report

------------------------------------------------------------------------------------------------
| Timer Settings
| --------------
------------------------------------------------------------------------------------------------

  Enable Multi Corner Analysis               :  Yes
  Enable Pessimism Removal                   :  Yes
  Pessimism Removal Resolution               :  Nearest Common Node
  Enable Input Delay Default Clock           :  No
  Enable Preset / Clear Arcs                 :  No
  Disable Flight Delays                      :  No
  Ignore I/O Paths                           :  No
  Timing Early Launch at Borrowing Latches   :  No
  Borrow Time for Max Delay Exceptions       :  Yes
  Merge Timing Exceptions                    :  Yes
  Inter-SLR Compensation                     :  Conservative

  Corner  Analyze    Analyze    
  Name    Max Paths  Min Paths  
  ------  ---------  ---------  
  Slow    Yes        Yes        
  Fast    Yes        Yes        


------------------------------------------------------------------------------------------------
| Report Methodology
| ------------------
------------------------------------------------------------------------------------------------

Rule       Severity  Description                                 Violations  
---------  --------  ------------------------------------------  ----------  
SYNTH-6    Warning   Timing of a RAM block might be sub-optimal  4           
TIMING-18  Warning   Missing input or output delay               5           

Note: This report is based on the most recent report_methodology run and may not be up-to-date. Run report_methodology on the current design for the latest report.



check_timing report

Table of Contents
-----------------
1. checking no_clock (0)
2. checking constant_clock (0)
3. checking pulse_width_clock (0)
4. checking unconstrained_internal_endpoints (0)
5. checking no_input_delay (1)
6. checking no_output_delay (4)
7. checking multiple_clock (0)
8. checking generated_clocks (0)
9. checking loops (0)
10. checking partial_input_delay (0)
11. checking partial_output_delay (0)
12. checking latch_loops (0)

1. checking no_clock (0)
------------------------
 There are 0 register/latch pins with no clock.


2. checking constant_clock (0)
------------------------------
 There are 0 register/latch pins with constant_clock.


3. checking pulse_width_clock (0)
---------------------------------
 There are 0 register/latch pins which need pulse_width check


4. checking unconstrained_internal_endpoints (0)
------------------------------------------------
 There are 0 pins that are not constrained for maximum delay.

 There are 0 pins that are not constrained for maximum delay due to constant clock.


5. checking no_input_delay (1)
------------------------------
 There is 1 input port with no input delay specified. (HIGH)

 There are 0 input ports with no input delay but user has a false path constraint.


6. checking no_output_delay (4)
-------------------------------
 There are 4 ports with no output delay specified. (HIGH)

 There are 0 ports with no output delay but user has a false path constraint

 There are 0 ports with no output delay but with a timing clock defined on it or propagating through it


7. checking multiple_clock (0)
------------------------------
 There are 0 register/latch pins with multiple clocks.


8. checking generated_clocks (0)
--------------------------------
 There are 0 generated clocks that are not connected to a clock source.


9. checking loops (0)
---------------------
 There are 0 combinational loops in the design.


10. checking partial_input_delay (0)
------------------------------------
 There are 0 input ports with partial input delay specified.


11. checking partial_output_delay (0)
-------------------------------------
 There are 0 ports with partial output delay specified.


12. checking latch_loops (0)
----------------------------
 There are 0 combinational latch loops in the design through latch input



------------------------------------------------------------------------------------------------
| Design Timing Summary
| ---------------------
------------------------------------------------------------------------------------------------

    WNS(ns)      TNS(ns)  TNS Failing Endpoints  TNS Total Endpoints     WPWS(ns)     TPWS(ns)  TPWS Failing Endpoints  TPWS Total Endpoints  
    -------      -------  ---------------------  -------------------     --------     --------  ----------------------  --------------------  
     15.866        0.000                      0                 2910       13.750        0.000                       0                  1048  


All user specified timing constraints are met.


------------------------------------------------------------------------------------------------
| Clock Summary
| -------------
------------------------------------------------------------------------------------------------

Clock        Waveform(ns)       Period(ns)      Frequency(MHz)
-----        ------------       ----------      --------------
sys_clk_pin  {0.000 15.000}     30.000          33.333          


------------------------------------------------------------------------------------------------
| Intra Clock Table
| -----------------
------------------------------------------------------------------------------------------------

Clock             WNS(ns)      TNS(ns)  TNS Failing Endpoints  TNS Total Endpoints     WPWS(ns)     TPWS(ns)  TPWS Failing Endpoints  TPWS Total Endpoints  
-----             -------      -------  ---------------------  -------------------     --------     --------  ----------------------  --------------------  
sys_clk_pin        15.866        0.000                      0                 2910       13.750        0.000                       0                  1048  


------------------------------------------------------------------------------------------------
| Inter Clock Table
| -----------------
------------------------------------------------------------------------------------------------

From Clock    To Clock          WNS(ns)      TNS(ns)  TNS Failing Endpoints  TNS Total Endpoints  
----------    --------          -------      -------  ---------------------  -------------------  


------------------------------------------------------------------------------------------------
| Other Path Groups Table
| -----------------------
------------------------------------------------------------------------------------------------

Path Group    From Clock    To Clock          WNS(ns)      TNS(ns)  TNS Failing Endpoints  TNS Total Endpoints  
----------    ----------    --------          -------      -------  ---------------------  -------------------  


------------------------------------------------------------------------------------------------
| Timing Details
| --------------
------------------------------------------------------------------------------------------------


---------------------------------------------------------------------------------------------------
From Clock:  sys_clk_pin
  To Clock:  sys_clk_pin

Setup :            0  Failing Endpoints,  Worst Slack       15.866ns,  Total Violation        0.000ns
Hold  :           NA  Failing Endpoints,  Worst Slack           NA  ,  Total Violation           NA
PW    :            0  Failing Endpoints,  Worst Slack       13.750ns,  Total Violation        0.000ns
---------------------------------------------------------------------------------------------------


Max Delay Paths
--------------------------------------------------------------------------------------
Slack (MET) :             15.866ns  (required time - arrival time)
  Source:                 u_system/u_gemm/u_mmio/r_k_reg[0]/C
                            (rising edge-triggered cell FDRE clocked by sys_clk_pin  {rise@0.000ns fall@15.000ns period=30.000ns})
  Destination:            u_system/u_gemm/g_mac4.u_mac/acc1_reg[31]/D
                            (rising edge-triggered cell FDRE clocked by sys_clk_pin  {rise@0.000ns fall@15.000ns period=30.000ns})
  Path Group:             sys_clk_pin
  Path Type:              Setup (Max at Slow Process Corner)
  Requirement:            30.000ns  (sys_clk_pin rise@30.000ns - sys_clk_pin rise@0.000ns)
  Data Path Delay:        14.169ns  (logic 5.529ns (39.023%)  route 8.640ns (60.977%))
  Logic Levels:           17  (CARRY4=8 LUT2=3 LUT3=1 LUT4=2 LUT6=2 RAMD32=1)
  Clock Path Skew:        -0.048ns (DCD - SCD + CPR)
    Destination Clock Delay (DCD):    5.571ns = ( 35.571 - 30.000 ) 
    Source Clock Delay      (SCD):    6.061ns
    Clock Pessimism Removal (CPR):    0.441ns
  Clock Uncertainty:      0.035ns  ((TSJ^2 + TIJ^2)^1/2 + DJ) / 2 + PE
    Total System Jitter     (TSJ):    0.071ns
    Total Input Jitter      (TIJ):    0.000ns
    Discrete Jitter          (DJ):    0.000ns
    Phase Error              (PE):    0.000ns

    Location             Delay type                Incr(ns)  Path(ns)    Netlist Resource(s)
  -------------------------------------------------------------------    -------------------
                         (clock sys_clk_pin rise edge)
                                                      0.000     0.000 r  
    K17                                               0.000     0.000 r  clk (IN)
                         net (fo=0)                   0.000     0.000    clk
    K17                  IBUF (Prop_ibuf_I_O)         1.475     1.475 r  clk_IBUF_inst/O
                         net (fo=1, routed)           2.522     3.997    clk_IBUF
    BUFGCTRL_X0Y16       BUFG (Prop_bufg_I_O)         0.101     4.098 r  clk_IBUF_BUFG_inst/O
                         net (fo=1047, routed)        1.963     6.061    u_system/u_gemm/u_mmio/clk_IBUF_BUFG
    SLICE_X94Y129        FDRE                                         r  u_system/u_gemm/u_mmio/r_k_reg[0]/C
  -------------------------------------------------------------------    -------------------
    SLICE_X94Y129        FDRE (Prop_fdre_C_Q)         0.518     6.579 r  u_system/u_gemm/u_mmio/r_k_reg[0]/Q
                         net (fo=44, routed)          1.407     7.986    u_system/u_gemm/u_mmio/Q[0]
    SLICE_X97Y132        LUT6 (Prop_lut6_I0_O)        0.124     8.110 r  u_system/u_gemm/u_mmio/a_buf_reg_0_15_0_5_i_7/O
                         net (fo=1, routed)           0.665     8.775    u_system/u_gemm/g_mac4.u_mac/u_buf/a_buf_reg_0_15_0_5
    SLICE_X97Y132        LUT4 (Prop_lut4_I3_O)        0.152     8.927 r  u_system/u_gemm/g_mac4.u_mac/a_buf_reg_0_15_0_5_i_1/O
                         net (fo=8, routed)           0.962     9.889    u_buf/a_buf_reg_0_15_0_5/ADDRA3
    SLICE_X94Y134        RAMD32 (Prop_ramd32_RADR3_O)
                                                      0.326    10.215 r  u_buf/a_buf_reg_0_15_0_5/RAMA_D1/O
                         net (fo=68, routed)          1.922    12.137    u_system/u_gemm/u_buf/buf_a_rdata[1]
    SLICE_X107Y134       LUT2 (Prop_lut2_I0_O)        0.150    12.287 r  u_system/u_gemm/u_buf/p1__0_carry_i_8/O
                         net (fo=1, routed)           0.649    12.936    u_system/u_gemm/u_buf/p1__0_carry_i_8_n_0
    SLICE_X103Y134       LUT6 (Prop_lut6_I3_O)        0.326    13.262 r  u_system/u_gemm/u_buf/p1__0_carry_i_4/O
                         net (fo=1, routed)           0.000    13.262    u_system/u_gemm/g_mac4.u_mac/acc10_carry_i_4_1[3]
    SLICE_X103Y134       CARRY4 (Prop_carry4_S[3]_CO[3])
                                                      0.401    13.663 r  u_system/u_gemm/g_mac4.u_mac/p1__0_carry/CO[3]
                         net (fo=1, routed)           0.000    13.663    u_system/u_gemm/g_mac4.u_mac/p1__0_carry_n_0
    SLICE_X103Y135       CARRY4 (Prop_carry4_CI_O[3])
                                                      0.313    13.976 r  u_system/u_gemm/g_mac4.u_mac/p1__0_carry__0/O[3]
                         net (fo=2, routed)           0.995    14.970    u_system/u_gemm/g_mac4.u_mac/p1__0_carry__0_n_4
    SLICE_X101Y136       LUT3 (Prop_lut3_I1_O)        0.331    15.301 r  u_system/u_gemm/g_mac4.u_mac/p1__85_carry__0_i_4/O
                         net (fo=2, routed)           0.447    15.749    u_system/u_gemm/g_mac4.u_mac/p1__85_carry__0_i_4_n_0
    SLICE_X101Y137       LUT4 (Prop_lut4_I3_O)        0.332    16.081 r  u_system/u_gemm/g_mac4.u_mac/p1__85_carry__0_i_8/O
                         net (fo=1, routed)           0.000    16.081    u_system/u_gemm/g_mac4.u_mac/p1__85_carry__0_i_8_n_0
    SLICE_X101Y137       CARRY4 (Prop_carry4_S[0]_CO[3])
                                                      0.532    16.613 r  u_system/u_gemm/g_mac4.u_mac/p1__85_carry__0/CO[3]
                         net (fo=1, routed)           0.000    16.613    u_system/u_gemm/g_mac4.u_mac/p1__85_carry__0_n_0
    SLICE_X101Y138       CARRY4 (Prop_carry4_CI_O[3])
                                                      0.313    16.926 r  u_system/u_gemm/g_mac4.u_mac/p1__85_carry__1/O[3]
                         net (fo=4, routed)           0.874    17.800    u_system/u_gemm/u_buf/acc10_carry__3[0]
    SLICE_X103Y143       LUT2 (Prop_lut2_I0_O)        0.306    18.106 r  u_system/u_gemm/u_buf/acc10_carry__3_i_5/O
                         net (fo=1, routed)           0.000    18.106    u_system/u_gemm/g_mac4.u_mac/acc1_reg[19]_1[0]
    SLICE_X103Y143       CARRY4 (Prop_carry4_S[0]_CO[3])
                                                      0.532    18.638 r  u_system/u_gemm/g_mac4.u_mac/acc10_carry__3/CO[3]
                         net (fo=1, routed)           0.000    18.638    u_system/u_gemm/g_mac4.u_mac/acc10_carry__3_n_0
    SLICE_X103Y144       CARRY4 (Prop_carry4_CI_CO[3])
                                                      0.114    18.752 r  u_system/u_gemm/g_mac4.u_mac/acc10_carry__4/CO[3]
                         net (fo=1, routed)           0.000    18.752    u_system/u_gemm/g_mac4.u_mac/acc10_carry__4_n_0
    SLICE_X103Y145       CARRY4 (Prop_carry4_CI_CO[3])
                                                      0.114    18.866 r  u_system/u_gemm/g_mac4.u_mac/acc10_carry__5/CO[3]
                         net (fo=1, routed)           0.000    18.866    u_system/u_gemm/g_mac4.u_mac/acc10_carry__5_n_0
    SLICE_X103Y146       CARRY4 (Prop_carry4_CI_O[3])
                                                      0.313    19.179 r  u_system/u_gemm/g_mac4.u_mac/acc10_carry__6/O[3]
                         net (fo=1, routed)           0.718    19.897    u_system/u_gemm/g_mac4.u_mac/acc10[31]
    SLICE_X102Y146       LUT2 (Prop_lut2_I0_O)        0.332    20.229 r  u_system/u_gemm/g_mac4.u_mac/acc1[31]_i_1/O
                         net (fo=1, routed)           0.000    20.229    u_system/u_gemm/g_mac4.u_mac/acc1[31]
    SLICE_X102Y146       FDRE                                         r  u_system/u_gemm/g_mac4.u_mac/acc1_reg[31]/D
  -------------------------------------------------------------------    -------------------

                         (clock sys_clk_pin rise edge)
                                                     30.000    30.000 r  
    K17                                               0.000    30.000 r  clk (IN)
                         net (fo=0)                   0.000    30.000    clk
    K17                  IBUF (Prop_ibuf_I_O)         1.404    31.404 r  clk_IBUF_inst/O
                         net (fo=1, routed)           2.293    33.697    clk_IBUF
    BUFGCTRL_X0Y16       BUFG (Prop_bufg_I_O)         0.091    33.788 r  clk_IBUF_BUFG_inst/O
                         net (fo=1047, routed)        1.783    35.571    u_system/u_gemm/g_mac4.u_mac/clk_IBUF_BUFG
    SLICE_X102Y146       FDRE                                         r  u_system/u_gemm/g_mac4.u_mac/acc1_reg[31]/C
                         clock pessimism              0.441    36.013    
                         clock uncertainty           -0.035    35.977    
    SLICE_X102Y146       FDRE (Setup_fdre_C_D)        0.118    36.095    u_system/u_gemm/g_mac4.u_mac/acc1_reg[31]
  -------------------------------------------------------------------
                         required time                         36.095    
                         arrival time                         -20.229    
  -------------------------------------------------------------------
                         slack                                 15.866    

Slack (MET) :             15.902ns  (required time - arrival time)
  Source:                 u_system/u_gemm/u_mmio/r_k_reg[0]/C
                            (rising edge-triggered cell FDRE clocked by sys_clk_pin  {rise@0.000ns fall@15.000ns period=30.000ns})
  Destination:            u_system/u_gemm/g_mac4.u_mac/acc1_reg[29]/D
                            (rising edge-triggered cell FDRE clocked by sys_clk_pin  {rise@0.000ns fall@15.000ns period=30.000ns})
  Path Group:             sys_clk_pin
  Path Type:              Setup (Max at Slow Process Corner)
  Requirement:            30.000ns  (sys_clk_pin rise@30.000ns - sys_clk_pin rise@0.000ns)
  Data Path Delay:        14.133ns  (logic 5.547ns (39.248%)  route 8.586ns (60.752%))
  Logic Levels:           17  (CARRY4=8 LUT2=3 LUT3=1 LUT4=2 LUT6=2 RAMD32=1)
  Clock Path Skew:        -0.048ns (DCD - SCD + CPR)
    Destination Clock Delay (DCD):    5.571ns = ( 35.571 - 30.000 ) 
    Source Clock Delay      (SCD):    6.061ns
    Clock Pessimism Removal (CPR):    0.441ns
  Clock Uncertainty:      0.035ns  ((TSJ^2 + TIJ^2)^1/2 + DJ) / 2 + PE
    Total System Jitter     (TSJ):    0.071ns
    Total Input Jitter      (TIJ):    0.000ns
    Discrete Jitter          (DJ):    0.000ns
    Phase Error              (PE):    0.000ns

    Location             Delay type                Incr(ns)  Path(ns)    Netlist Resource(s)
  -------------------------------------------------------------------    -------------------
                         (clock sys_clk_pin rise edge)
                                                      0.000     0.000 r  
    K17                                               0.000     0.000 r  clk (IN)
                         net (fo=0)                   0.000     0.000    clk
    K17                  IBUF (Prop_ibuf_I_O)         1.475     1.475 r  clk_IBUF_inst/O
                         net (fo=1, routed)           2.522     3.997    clk_IBUF
    BUFGCTRL_X0Y16       BUFG (Prop_bufg_I_O)         0.101     4.098 r  clk_IBUF_BUFG_inst/O
                         net (fo=1047, routed)        1.963     6.061    u_system/u_gemm/u_mmio/clk_IBUF_BUFG
    SLICE_X94Y129        FDRE                                         r  u_system/u_gemm/u_mmio/r_k_reg[0]/C
  -------------------------------------------------------------------    -------------------
    SLICE_X94Y129        FDRE (Prop_fdre_C_Q)         0.518     6.579 r  u_system/u_gemm/u_mmio/r_k_reg[0]/Q
                         net (fo=44, routed)          1.407     7.986    u_system/u_gemm/u_mmio/Q[0]
    SLICE_X97Y132        LUT6 (Prop_lut6_I0_O)        0.124     8.110 r  u_system/u_gemm/u_mmio/a_buf_reg_0_15_0_5_i_7/O
                         net (fo=1, routed)           0.665     8.775    u_system/u_gemm/g_mac4.u_mac/u_buf/a_buf_reg_0_15_0_5
    SLICE_X97Y132        LUT4 (Prop_lut4_I3_O)        0.152     8.927 r  u_system/u_gemm/g_mac4.u_mac/a_buf_reg_0_15_0_5_i_1/O
                         net (fo=8, routed)           0.962     9.889    u_buf/a_buf_reg_0_15_0_5/ADDRA3
    SLICE_X94Y134        RAMD32 (Prop_ramd32_RADR3_O)
                                                      0.326    10.215 r  u_buf/a_buf_reg_0_15_0_5/RAMA_D1/O
                         net (fo=68, routed)          1.922    12.137    u_system/u_gemm/u_buf/buf_a_rdata[1]
    SLICE_X107Y134       LUT2 (Prop_lut2_I0_O)        0.150    12.287 r  u_system/u_gemm/u_buf/p1__0_carry_i_8/O
                         net (fo=1, routed)           0.649    12.936    u_system/u_gemm/u_buf/p1__0_carry_i_8_n_0
    SLICE_X103Y134       LUT6 (Prop_lut6_I3_O)        0.326    13.262 r  u_system/u_gemm/u_buf/p1__0_carry_i_4/O
                         net (fo=1, routed)           0.000    13.262    u_system/u_gemm/g_mac4.u_mac/acc10_carry_i_4_1[3]
    SLICE_X103Y134       CARRY4 (Prop_carry4_S[3]_CO[3])
                                                      0.401    13.663 r  u_system/u_gemm/g_mac4.u_mac/p1__0_carry/CO[3]
                         net (fo=1, routed)           0.000    13.663    u_system/u_gemm/g_mac4.u_mac/p1__0_carry_n_0
    SLICE_X103Y135       CARRY4 (Prop_carry4_CI_O[3])
                                                      0.313    13.976 r  u_system/u_gemm/g_mac4.u_mac/p1__0_carry__0/O[3]
                         net (fo=2, routed)           0.995    14.970    u_system/u_gemm/g_mac4.u_mac/p1__0_carry__0_n_4
    SLICE_X101Y136       LUT3 (Prop_lut3_I1_O)        0.331    15.301 r  u_system/u_gemm/g_mac4.u_mac/p1__85_carry__0_i_4/O
                         net (fo=2, routed)           0.447    15.749    u_system/u_gemm/g_mac4.u_mac/p1__85_carry__0_i_4_n_0
    SLICE_X101Y137       LUT4 (Prop_lut4_I3_O)        0.332    16.081 r  u_system/u_gemm/g_mac4.u_mac/p1__85_carry__0_i_8/O
                         net (fo=1, routed)           0.000    16.081    u_system/u_gemm/g_mac4.u_mac/p1__85_carry__0_i_8_n_0
    SLICE_X101Y137       CARRY4 (Prop_carry4_S[0]_CO[3])
                                                      0.532    16.613 r  u_system/u_gemm/g_mac4.u_mac/p1__85_carry__0/CO[3]
                         net (fo=1, routed)           0.000    16.613    u_system/u_gemm/g_mac4.u_mac/p1__85_carry__0_n_0
    SLICE_X101Y138       CARRY4 (Prop_carry4_CI_O[3])
                                                      0.313    16.926 r  u_system/u_gemm/g_mac4.u_mac/p1__85_carry__1/O[3]
                         net (fo=4, routed)           0.874    17.800    u_system/u_gemm/u_buf/acc10_carry__3[0]
    SLICE_X103Y143       LUT2 (Prop_lut2_I0_O)        0.306    18.106 r  u_system/u_gemm/u_buf/acc10_carry__3_i_5/O
                         net (fo=1, routed)           0.000    18.106    u_system/u_gemm/g_mac4.u_mac/acc1_reg[19]_1[0]
    SLICE_X103Y143       CARRY4 (Prop_carry4_S[0]_CO[3])
                                                      0.532    18.638 r  u_system/u_gemm/g_mac4.u_mac/acc10_carry__3/CO[3]
                         net (fo=1, routed)           0.000    18.638    u_system/u_gemm/g_mac4.u_mac/acc10_carry__3_n_0
    SLICE_X103Y144       CARRY4 (Prop_carry4_CI_CO[3])
                                                      0.114    18.752 r  u_system/u_gemm/g_mac4.u_mac/acc10_carry__4/CO[3]
                         net (fo=1, routed)           0.000    18.752    u_system/u_gemm/g_mac4.u_mac/acc10_carry__4_n_0
    SLICE_X103Y145       CARRY4 (Prop_carry4_CI_CO[3])
                                                      0.114    18.866 r  u_system/u_gemm/g_mac4.u_mac/acc10_carry__5/CO[3]
                         net (fo=1, routed)           0.000    18.866    u_system/u_gemm/g_mac4.u_mac/acc10_carry__5_n_0
    SLICE_X103Y146       CARRY4 (Prop_carry4_CI_O[1])
                                                      0.334    19.200 r  u_system/u_gemm/g_mac4.u_mac/acc10_carry__6/O[1]
                         net (fo=1, routed)           0.665    19.865    u_system/u_gemm/g_mac4.u_mac/acc10[29]
    SLICE_X102Y146       LUT2 (Prop_lut2_I0_O)        0.329    20.194 r  u_system/u_gemm/g_mac4.u_mac/acc1[29]_i_1/O
                         net (fo=1, routed)           0.000    20.194    u_system/u_gemm/g_mac4.u_mac/acc1[29]
    SLICE_X102Y146       FDRE                                         r  u_system/u_gemm/g_mac4.u_mac/acc1_reg[29]/D
  -------------------------------------------------------------------    -------------------

                         (clock sys_clk_pin rise edge)
                                                     30.000    30.000 r  
    K17                                               0.000    30.000 r  clk (IN)
                         net (fo=0)                   0.000    30.000    clk
    K17                  IBUF (Prop_ibuf_I_O)         1.404    31.404 r  clk_IBUF_inst/O
                         net (fo=1, routed)           2.293    33.697    clk_IBUF
    BUFGCTRL_X0Y16       BUFG (Prop_bufg_I_O)         0.091    33.788 r  clk_IBUF_BUFG_inst/O
                         net (fo=1047, routed)        1.783    35.571    u_system/u_gemm/g_mac4.u_mac/clk_IBUF_BUFG
    SLICE_X102Y146       FDRE                                         r  u_system/u_gemm/g_mac4.u_mac/acc1_reg[29]/C
                         clock pessimism              0.441    36.013    
                         clock uncertainty           -0.035    35.977    
    SLICE_X102Y146       FDRE (Setup_fdre_C_D)        0.118    36.095    u_system/u_gemm/g_mac4.u_mac/acc1_reg[29]
  -------------------------------------------------------------------
                         required time                         36.095    
                         arrival time                         -20.194    
  -------------------------------------------------------------------
                         slack                                 15.902    

Slack (MET) :             15.971ns  (required time - arrival time)
  Source:                 u_system/u_gemm/u_mmio/r_k_reg[0]/C
                            (rising edge-triggered cell FDRE clocked by sys_clk_pin  {rise@0.000ns fall@15.000ns period=30.000ns})
  Destination:            u_system/u_gemm/g_mac4.u_mac/acc1_reg[28]/D
                            (rising edge-triggered cell FDRE clocked by sys_clk_pin  {rise@0.000ns fall@15.000ns period=30.000ns})
  Path Group:             sys_clk_pin
  Path Type:              Setup (Max at Slow Process Corner)
  Requirement:            30.000ns  (sys_clk_pin rise@30.000ns - sys_clk_pin rise@0.000ns)
  Data Path Delay:        14.064ns  (logic 5.429ns (38.603%)  route 8.635ns (61.397%))
  Logic Levels:           17  (CARRY4=8 LUT2=3 LUT3=1 LUT4=2 LUT6=2 RAMD32=1)
  Clock Path Skew:        -0.048ns (DCD - SCD + CPR)
    Destination Clock Delay (DCD):    5.571ns = ( 35.571 - 30.000 ) 
    Source Clock Delay      (SCD):    6.061ns
    Clock Pessimism Removal (CPR):    0.441ns
  Clock Uncertainty:      0.035ns  ((TSJ^2 + TIJ^2)^1/2 + DJ) / 2 + PE
    Total System Jitter     (TSJ):    0.071ns
    Total Input Jitter      (TIJ):    0.000ns
    Discrete Jitter          (DJ):    0.000ns
    Phase Error              (PE):    0.000ns

    Location             Delay type                Incr(ns)  Path(ns)    Netlist Resource(s)
  -------------------------------------------------------------------    -------------------
                         (clock sys_clk_pin rise edge)
                                                      0.000     0.000 r  
    K17                                               0.000     0.000 r  clk (IN)
                         net (fo=0)                   0.000     0.000    clk
    K17                  IBUF (Prop_ibuf_I_O)         1.475     1.475 r  clk_IBUF_inst/O
                         net (fo=1, routed)           2.522     3.997    clk_IBUF
    BUFGCTRL_X0Y16       BUFG (Prop_bufg_I_O)         0.101     4.098 r  clk_IBUF_BUFG_inst/O
                         net (fo=1047, routed)        1.963     6.061    u_system/u_gemm/u_mmio/clk_IBUF_BUFG
    SLICE_X94Y129        FDRE                                         r  u_system/u_gemm/u_mmio/r_k_reg[0]/C
  -------------------------------------------------------------------    -------------------
    SLICE_X94Y129        FDRE (Prop_fdre_C_Q)         0.518     6.579 r  u_system/u_gemm/u_mmio/r_k_reg[0]/Q
                         net (fo=44, routed)          1.407     7.986    u_system/u_gemm/u_mmio/Q[0]
    SLICE_X97Y132        LUT6 (Prop_lut6_I0_O)        0.124     8.110 r  u_system/u_gemm/u_mmio/a_buf_reg_0_15_0_5_i_7/O
                         net (fo=1, routed)           0.665     8.775    u_system/u_gemm/g_mac4.u_mac/u_buf/a_buf_reg_0_15_0_5
    SLICE_X97Y132        LUT4 (Prop_lut4_I3_O)        0.152     8.927 r  u_system/u_gemm/g_mac4.u_mac/a_buf_reg_0_15_0_5_i_1/O
                         net (fo=8, routed)           0.962     9.889    u_buf/a_buf_reg_0_15_0_5/ADDRA3
    SLICE_X94Y134        RAMD32 (Prop_ramd32_RADR3_O)
                                                      0.326    10.215 r  u_buf/a_buf_reg_0_15_0_5/RAMA_D1/O
                         net (fo=68, routed)          1.922    12.137    u_system/u_gemm/u_buf/buf_a_rdata[1]
    SLICE_X107Y134       LUT2 (Prop_lut2_I0_O)        0.150    12.287 r  u_system/u_gemm/u_buf/p1__0_carry_i_8/O
                         net (fo=1, routed)           0.649    12.936    u_system/u_gemm/u_buf/p1__0_carry_i_8_n_0
    SLICE_X103Y134       LUT6 (Prop_lut6_I3_O)        0.326    13.262 r  u_system/u_gemm/u_buf/p1__0_carry_i_4/O
                         net (fo=1, routed)           0.000    13.262    u_system/u_gemm/g_mac4.u_mac/acc10_carry_i_4_1[3]
    SLICE_X103Y134       CARRY4 (Prop_carry4_S[3]_CO[3])
                                                      0.401    13.663 r  u_system/u_gemm/g_mac4.u_mac/p1__0_carry/CO[3]
                         net (fo=1, routed)           0.000    13.663    u_system/u_gemm/g_mac4.u_mac/p1__0_carry_n_0
    SLICE_X103Y135       CARRY4 (Prop_carry4_CI_O[3])
                                                      0.313    13.976 r  u_system/u_gemm/g_mac4.u_mac/p1__0_carry__0/O[3]
                         net (fo=2, routed)           0.995    14.970    u_system/u_gemm/g_mac4.u_mac/p1__0_carry__0_n_4
    SLICE_X101Y136       LUT3 (Prop_lut3_I1_O)        0.331    15.301 r  u_system/u_gemm/g_mac4.u_mac/p1__85_carry__0_i_4/O
                         net (fo=2, routed)           0.447    15.749    u_system/u_gemm/g_mac4.u_mac/p1__85_carry__0_i_4_n_0
    SLICE_X101Y137       LUT4 (Prop_lut4_I3_O)        0.332    16.081 r  u_system/u_gemm/g_mac4.u_mac/p1__85_carry__0_i_8/O
                         net (fo=1, routed)           0.000    16.081    u_system/u_gemm/g_mac4.u_mac/p1__85_carry__0_i_8_n_0
    SLICE_X101Y137       CARRY4 (Prop_carry4_S[0]_CO[3])
                                                      0.532    16.613 r  u_system/u_gemm/g_mac4.u_mac/p1__85_carry__0/CO[3]
                         net (fo=1, routed)           0.000    16.613    u_system/u_gemm/g_mac4.u_mac/p1__85_carry__0_n_0
    SLICE_X101Y138       CARRY4 (Prop_carry4_CI_O[3])
                                                      0.313    16.926 r  u_system/u_gemm/g_mac4.u_mac/p1__85_carry__1/O[3]
                         net (fo=4, routed)           0.874    17.800    u_system/u_gemm/u_buf/acc10_carry__3[0]
    SLICE_X103Y143       LUT2 (Prop_lut2_I0_O)        0.306    18.106 r  u_system/u_gemm/u_buf/acc10_carry__3_i_5/O
                         net (fo=1, routed)           0.000    18.106    u_system/u_gemm/g_mac4.u_mac/acc1_reg[19]_1[0]
    SLICE_X103Y143       CARRY4 (Prop_carry4_S[0]_CO[3])
                                                      0.532    18.638 r  u_system/u_gemm/g_mac4.u_mac/acc10_carry__3/CO[3]
                         net (fo=1, routed)           0.000    18.638    u_system/u_gemm/g_mac4.u_mac/acc10_carry__3_n_0
    SLICE_X103Y144       CARRY4 (Prop_carry4_CI_CO[3])
                                                      0.114    18.752 r  u_system/u_gemm/g_mac4.u_mac/acc10_carry__4/CO[3]
                         net (fo=1, routed)           0.000    18.752    u_system/u_gemm/g_mac4.u_mac/acc10_carry__4_n_0
    SLICE_X103Y145       CARRY4 (Prop_carry4_CI_CO[3])
                                                      0.114    18.866 r  u_system/u_gemm/g_mac4.u_mac/acc10_carry__5/CO[3]
                         net (fo=1, routed)           0.000    18.866    u_system/u_gemm/g_mac4.u_mac/acc10_carry__5_n_0
    SLICE_X103Y146       CARRY4 (Prop_carry4_CI_O[0])
                                                      0.222    19.088 r  u_system/u_gemm/g_mac4.u_mac/acc10_carry__6/O[0]
                         net (fo=1, routed)           0.714    19.802    u_system/u_gemm/g_mac4.u_mac/acc10[28]
    SLICE_X102Y146       LUT2 (Prop_lut2_I0_O)        0.323    20.125 r  u_system/u_gemm/g_mac4.u_mac/acc1[28]_i_1/O
                         net (fo=1, routed)           0.000    20.125    u_system/u_gemm/g_mac4.u_mac/acc1[28]
    SLICE_X102Y146       FDRE                                         r  u_system/u_gemm/g_mac4.u_mac/acc1_reg[28]/D
  -------------------------------------------------------------------    -------------------

                         (clock sys_clk_pin rise edge)
                                                     30.000    30.000 r  
    K17                                               0.000    30.000 r  clk (IN)
                         net (fo=0)                   0.000    30.000    clk
    K17                  IBUF (Prop_ibuf_I_O)         1.404    31.404 r  clk_IBUF_inst/O
                         net (fo=1, routed)           2.293    33.697    clk_IBUF
    BUFGCTRL_X0Y16       BUFG (Prop_bufg_I_O)         0.091    33.788 r  clk_IBUF_BUFG_inst/O
                         net (fo=1047, routed)        1.783    35.571    u_system/u_gemm/g_mac4.u_mac/clk_IBUF_BUFG
    SLICE_X102Y146       FDRE                                         r  u_system/u_gemm/g_mac4.u_mac/acc1_reg[28]/C
                         clock pessimism              0.441    36.013    
                         clock uncertainty           -0.035    35.977    
    SLICE_X102Y146       FDRE (Setup_fdre_C_D)        0.118    36.095    u_system/u_gemm/g_mac4.u_mac/acc1_reg[28]
  -------------------------------------------------------------------
                         required time                         36.095    
                         arrival time                         -20.125    
  -------------------------------------------------------------------
                         slack                                 15.971    

Slack (MET) :             15.980ns  (required time - arrival time)
  Source:                 u_system/u_gemm/u_mmio/r_k_reg[0]/C
                            (rising edge-triggered cell FDRE clocked by sys_clk_pin  {rise@0.000ns fall@15.000ns period=30.000ns})
  Destination:            u_system/u_gemm/g_mac4.u_mac/acc1_reg[27]/D
                            (rising edge-triggered cell FDRE clocked by sys_clk_pin  {rise@0.000ns fall@15.000ns period=30.000ns})
  Path Group:             sys_clk_pin
  Path Type:              Setup (Max at Slow Process Corner)
  Requirement:            30.000ns  (sys_clk_pin rise@30.000ns - sys_clk_pin rise@0.000ns)
  Data Path Delay:        14.055ns  (logic 5.415ns (38.528%)  route 8.640ns (61.472%))
  Logic Levels:           16  (CARRY4=7 LUT2=3 LUT3=1 LUT4=2 LUT6=2 RAMD32=1)
  Clock Path Skew:        -0.048ns (DCD - SCD + CPR)
    Destination Clock Delay (DCD):    5.571ns = ( 35.571 - 30.000 ) 
    Source Clock Delay      (SCD):    6.061ns
    Clock Pessimism Removal (CPR):    0.441ns
  Clock Uncertainty:      0.035ns  ((TSJ^2 + TIJ^2)^1/2 + DJ) / 2 + PE
    Total System Jitter     (TSJ):    0.071ns
    Total Input Jitter      (TIJ):    0.000ns
    Discrete Jitter          (DJ):    0.000ns
    Phase Error              (PE):    0.000ns

    Location             Delay type                Incr(ns)  Path(ns)    Netlist Resource(s)
  -------------------------------------------------------------------    -------------------
                         (clock sys_clk_pin rise edge)
                                                      0.000     0.000 r  
    K17                                               0.000     0.000 r  clk (IN)
                         net (fo=0)                   0.000     0.000    clk
    K17                  IBUF (Prop_ibuf_I_O)         1.475     1.475 r  clk_IBUF_inst/O
                         net (fo=1, routed)           2.522     3.997    clk_IBUF
    BUFGCTRL_X0Y16       BUFG (Prop_bufg_I_O)         0.101     4.098 r  clk_IBUF_BUFG_inst/O
                         net (fo=1047, routed)        1.963     6.061    u_system/u_gemm/u_mmio/clk_IBUF_BUFG
    SLICE_X94Y129        FDRE                                         r  u_system/u_gemm/u_mmio/r_k_reg[0]/C
  -------------------------------------------------------------------    -------------------
    SLICE_X94Y129        FDRE (Prop_fdre_C_Q)         0.518     6.579 r  u_system/u_gemm/u_mmio/r_k_reg[0]/Q
                         net (fo=44, routed)          1.407     7.986    u_system/u_gemm/u_mmio/Q[0]
    SLICE_X97Y132        LUT6 (Prop_lut6_I0_O)        0.124     8.110 r  u_system/u_gemm/u_mmio/a_buf_reg_0_15_0_5_i_7/O
                         net (fo=1, routed)           0.665     8.775    u_system/u_gemm/g_mac4.u_mac/u_buf/a_buf_reg_0_15_0_5
    SLICE_X97Y132        LUT4 (Prop_lut4_I3_O)        0.152     8.927 r  u_system/u_gemm/g_mac4.u_mac/a_buf_reg_0_15_0_5_i_1/O
                         net (fo=8, routed)           0.962     9.889    u_buf/a_buf_reg_0_15_0_5/ADDRA3
    SLICE_X94Y134        RAMD32 (Prop_ramd32_RADR3_O)
                                                      0.326    10.215 r  u_buf/a_buf_reg_0_15_0_5/RAMA_D1/O
                         net (fo=68, routed)          1.922    12.137    u_system/u_gemm/u_buf/buf_a_rdata[1]
    SLICE_X107Y134       LUT2 (Prop_lut2_I0_O)        0.150    12.287 r  u_system/u_gemm/u_buf/p1__0_carry_i_8/O
                         net (fo=1, routed)           0.649    12.936    u_system/u_gemm/u_buf/p1__0_carry_i_8_n_0
    SLICE_X103Y134       LUT6 (Prop_lut6_I3_O)        0.326    13.262 r  u_system/u_gemm/u_buf/p1__0_carry_i_4/O
                         net (fo=1, routed)           0.000    13.262    u_system/u_gemm/g_mac4.u_mac/acc10_carry_i_4_1[3]
    SLICE_X103Y134       CARRY4 (Prop_carry4_S[3]_CO[3])
                                                      0.401    13.663 r  u_system/u_gemm/g_mac4.u_mac/p1__0_carry/CO[3]
                         net (fo=1, routed)           0.000    13.663    u_system/u_gemm/g_mac4.u_mac/p1__0_carry_n_0
    SLICE_X103Y135       CARRY4 (Prop_carry4_CI_O[3])
                                                      0.313    13.976 r  u_system/u_gemm/g_mac4.u_mac/p1__0_carry__0/O[3]
                         net (fo=2, routed)           0.995    14.970    u_system/u_gemm/g_mac4.u_mac/p1__0_carry__0_n_4
    SLICE_X101Y136       LUT3 (Prop_lut3_I1_O)        0.331    15.301 r  u_system/u_gemm/g_mac4.u_mac/p1__85_carry__0_i_4/O
                         net (fo=2, routed)           0.447    15.749    u_system/u_gemm/g_mac4.u_mac/p1__85_carry__0_i_4_n_0
    SLICE_X101Y137       LUT4 (Prop_lut4_I3_O)        0.332    16.081 r  u_system/u_gemm/g_mac4.u_mac/p1__85_carry__0_i_8/O
                         net (fo=1, routed)           0.000    16.081    u_system/u_gemm/g_mac4.u_mac/p1__85_carry__0_i_8_n_0
    SLICE_X101Y137       CARRY4 (Prop_carry4_S[0]_CO[3])
                                                      0.532    16.613 r  u_system/u_gemm/g_mac4.u_mac/p1__85_carry__0/CO[3]
                         net (fo=1, routed)           0.000    16.613    u_system/u_gemm/g_mac4.u_mac/p1__85_carry__0_n_0
    SLICE_X101Y138       CARRY4 (Prop_carry4_CI_O[3])
                                                      0.313    16.926 r  u_system/u_gemm/g_mac4.u_mac/p1__85_carry__1/O[3]
                         net (fo=4, routed)           0.874    17.800    u_system/u_gemm/u_buf/acc10_carry__3[0]
    SLICE_X103Y143       LUT2 (Prop_lut2_I0_O)        0.306    18.106 r  u_system/u_gemm/u_buf/acc10_carry__3_i_5/O
                         net (fo=1, routed)           0.000    18.106    u_system/u_gemm/g_mac4.u_mac/acc1_reg[19]_1[0]
    SLICE_X103Y143       CARRY4 (Prop_carry4_S[0]_CO[3])
                                                      0.532    18.638 r  u_system/u_gemm/g_mac4.u_mac/acc10_carry__3/CO[3]
                         net (fo=1, routed)           0.000    18.638    u_system/u_gemm/g_mac4.u_mac/acc10_carry__3_n_0
    SLICE_X103Y144       CARRY4 (Prop_carry4_CI_CO[3])
                                                      0.114    18.752 r  u_system/u_gemm/g_mac4.u_mac/acc10_carry__4/CO[3]
                         net (fo=1, routed)           0.000    18.752    u_system/u_gemm/g_mac4.u_mac/acc10_carry__4_n_0
    SLICE_X103Y145       CARRY4 (Prop_carry4_CI_O[3])
                                                      0.313    19.065 r  u_system/u_gemm/g_mac4.u_mac/acc10_carry__5/O[3]
                         net (fo=1, routed)           0.718    19.783    u_system/u_gemm/g_mac4.u_mac/acc10[27]
    SLICE_X102Y145       LUT2 (Prop_lut2_I0_O)        0.332    20.115 r  u_system/u_gemm/g_mac4.u_mac/acc1[27]_i_1/O
                         net (fo=1, routed)           0.000    20.115    u_system/u_gemm/g_mac4.u_mac/acc1[27]
    SLICE_X102Y145       FDRE                                         r  u_system/u_gemm/g_mac4.u_mac/acc1_reg[27]/D
  -------------------------------------------------------------------    -------------------

                         (clock sys_clk_pin rise edge)
                                                     30.000    30.000 r  
    K17                                               0.000    30.000 r  clk (IN)
                         net (fo=0)                   0.000    30.000    clk
    K17                  IBUF (Prop_ibuf_I_O)         1.404    31.404 r  clk_IBUF_inst/O
                         net (fo=1, routed)           2.293    33.697    clk_IBUF
    BUFGCTRL_X0Y16       BUFG (Prop_bufg_I_O)         0.091    33.788 r  clk_IBUF_BUFG_inst/O
                         net (fo=1047, routed)        1.783    35.571    u_system/u_gemm/g_mac4.u_mac/clk_IBUF_BUFG
    SLICE_X102Y145       FDRE                                         r  u_system/u_gemm/g_mac4.u_mac/acc1_reg[27]/C
                         clock pessimism              0.441    36.013    
                         clock uncertainty           -0.035    35.977    
    SLICE_X102Y145       FDRE (Setup_fdre_C_D)        0.118    36.095    u_system/u_gemm/g_mac4.u_mac/acc1_reg[27]
  -------------------------------------------------------------------
                         required time                         36.095    
                         arrival time                         -20.115    
  -------------------------------------------------------------------
                         slack                                 15.980    

Slack (MET) :             15.998ns  (required time - arrival time)
  Source:                 u_system/u_gemm/u_mmio/r_k_reg[0]/C
                            (rising edge-triggered cell FDRE clocked by sys_clk_pin  {rise@0.000ns fall@15.000ns period=30.000ns})
  Destination:            u_system/u_gemm/g_mac4.u_mac/acc1_reg[30]/D
                            (rising edge-triggered cell FDRE clocked by sys_clk_pin  {rise@0.000ns fall@15.000ns period=30.000ns})
  Path Group:             sys_clk_pin
  Path Type:              Setup (Max at Slow Process Corner)
  Requirement:            30.000ns  (sys_clk_pin rise@30.000ns - sys_clk_pin rise@0.000ns)
  Data Path Delay:        14.037ns  (logic 5.454ns (38.855%)  route 8.583ns (61.145%))
  Logic Levels:           17  (CARRY4=8 LUT2=3 LUT3=1 LUT4=2 LUT6=2 RAMD32=1)
  Clock Path Skew:        -0.048ns (DCD - SCD + CPR)
    Destination Clock Delay (DCD):    5.571ns = ( 35.571 - 30.000 ) 
    Source Clock Delay      (SCD):    6.061ns
    Clock Pessimism Removal (CPR):    0.441ns
  Clock Uncertainty:      0.035ns  ((TSJ^2 + TIJ^2)^1/2 + DJ) / 2 + PE
    Total System Jitter     (TSJ):    0.071ns
    Total Input Jitter      (TIJ):    0.000ns
    Discrete Jitter          (DJ):    0.000ns
    Phase Error              (PE):    0.000ns

    Location             Delay type                Incr(ns)  Path(ns)    Netlist Resource(s)
  -------------------------------------------------------------------    -------------------
                         (clock sys_clk_pin rise edge)
                                                      0.000     0.000 r  
    K17                                               0.000     0.000 r  clk (IN)
                         net (fo=0)                   0.000     0.000    clk
    K17                  IBUF (Prop_ibuf_I_O)         1.475     1.475 r  clk_IBUF_inst/O
                         net (fo=1, routed)           2.522     3.997    clk_IBUF
    BUFGCTRL_X0Y16       BUFG (Prop_bufg_I_O)         0.101     4.098 r  clk_IBUF_BUFG_inst/O
                         net (fo=1047, routed)        1.963     6.061    u_system/u_gemm/u_mmio/clk_IBUF_BUFG
    SLICE_X94Y129        FDRE                                         r  u_system/u_gemm/u_mmio/r_k_reg[0]/C
  -------------------------------------------------------------------    -------------------
    SLICE_X94Y129        FDRE (Prop_fdre_C_Q)         0.518     6.579 r  u_system/u_gemm/u_mmio/r_k_reg[0]/Q
                         net (fo=44, routed)          1.407     7.986    u_system/u_gemm/u_mmio/Q[0]
    SLICE_X97Y132        LUT6 (Prop_lut6_I0_O)        0.124     8.110 r  u_system/u_gemm/u_mmio/a_buf_reg_0_15_0_5_i_7/O
                         net (fo=1, routed)           0.665     8.775    u_system/u_gemm/g_mac4.u_mac/u_buf/a_buf_reg_0_15_0_5
    SLICE_X97Y132        LUT4 (Prop_lut4_I3_O)        0.152     8.927 r  u_system/u_gemm/g_mac4.u_mac/a_buf_reg_0_15_0_5_i_1/O
                         net (fo=8, routed)           0.962     9.889    u_buf/a_buf_reg_0_15_0_5/ADDRA3
    SLICE_X94Y134        RAMD32 (Prop_ramd32_RADR3_O)
                                                      0.326    10.215 r  u_buf/a_buf_reg_0_15_0_5/RAMA_D1/O
                         net (fo=68, routed)          1.922    12.137    u_system/u_gemm/u_buf/buf_a_rdata[1]
    SLICE_X107Y134       LUT2 (Prop_lut2_I0_O)        0.150    12.287 r  u_system/u_gemm/u_buf/p1__0_carry_i_8/O
                         net (fo=1, routed)           0.649    12.936    u_system/u_gemm/u_buf/p1__0_carry_i_8_n_0
    SLICE_X103Y134       LUT6 (Prop_lut6_I3_O)        0.326    13.262 r  u_system/u_gemm/u_buf/p1__0_carry_i_4/O
                         net (fo=1, routed)           0.000    13.262    u_system/u_gemm/g_mac4.u_mac/acc10_carry_i_4_1[3]
    SLICE_X103Y134       CARRY4 (Prop_carry4_S[3]_CO[3])
                                                      0.401    13.663 r  u_system/u_gemm/g_mac4.u_mac/p1__0_carry/CO[3]
                         net (fo=1, routed)           0.000    13.663    u_system/u_gemm/g_mac4.u_mac/p1__0_carry_n_0
    SLICE_X103Y135       CARRY4 (Prop_carry4_CI_O[3])
                                                      0.313    13.976 r  u_system/u_gemm/g_mac4.u_mac/p1__0_carry__0/O[3]
                         net (fo=2, routed)           0.995    14.970    u_system/u_gemm/g_mac4.u_mac/p1__0_carry__0_n_4
    SLICE_X101Y136       LUT3 (Prop_lut3_I1_O)        0.331    15.301 r  u_system/u_gemm/g_mac4.u_mac/p1__85_carry__0_i_4/O
                         net (fo=2, routed)           0.447    15.749    u_system/u_gemm/g_mac4.u_mac/p1__85_carry__0_i_4_n_0
    SLICE_X101Y137       LUT4 (Prop_lut4_I3_O)        0.332    16.081 r  u_system/u_gemm/g_mac4.u_mac/p1__85_carry__0_i_8/O
                         net (fo=1, routed)           0.000    16.081    u_system/u_gemm/g_mac4.u_mac/p1__85_carry__0_i_8_n_0
    SLICE_X101Y137       CARRY4 (Prop_carry4_S[0]_CO[3])
                                                      0.532    16.613 r  u_system/u_gemm/g_mac4.u_mac/p1__85_carry__0/CO[3]
                         net (fo=1, routed)           0.000    16.613    u_system/u_gemm/g_mac4.u_mac/p1__85_carry__0_n_0
    SLICE_X101Y138       CARRY4 (Prop_carry4_CI_O[3])
                                                      0.313    16.926 r  u_system/u_gemm/g_mac4.u_mac/p1__85_carry__1/O[3]
                         net (fo=4, routed)           0.874    17.800    u_system/u_gemm/u_buf/acc10_carry__3[0]
    SLICE_X103Y143       LUT2 (Prop_lut2_I0_O)        0.306    18.106 r  u_system/u_gemm/u_buf/acc10_carry__3_i_5/O
                         net (fo=1, routed)           0.000    18.106    u_system/u_gemm/g_mac4.u_mac/acc1_reg[19]_1[0]
    SLICE_X103Y143       CARRY4 (Prop_carry4_S[0]_CO[3])
                                                      0.532    18.638 r  u_system/u_gemm/g_mac4.u_mac/acc10_carry__3/CO[3]
                         net (fo=1, routed)           0.000    18.638    u_system/u_gemm/g_mac4.u_mac/acc10_carry__3_n_0
    SLICE_X103Y144       CARRY4 (Prop_carry4_CI_CO[3])
                                                      0.114    18.752 r  u_system/u_gemm/g_mac4.u_mac/acc10_carry__4/CO[3]
                         net (fo=1, routed)           0.000    18.752    u_system/u_gemm/g_mac4.u_mac/acc10_carry__4_n_0
    SLICE_X103Y145       CARRY4 (Prop_carry4_CI_CO[3])
                                                      0.114    18.866 r  u_system/u_gemm/g_mac4.u_mac/acc10_carry__5/CO[3]
                         net (fo=1, routed)           0.000    18.866    u_system/u_gemm/g_mac4.u_mac/acc10_carry__5_n_0
    SLICE_X103Y146       CARRY4 (Prop_carry4_CI_O[2])
                                                      0.239    19.105 r  u_system/u_gemm/g_mac4.u_mac/acc10_carry__6/O[2]
                         net (fo=1, routed)           0.662    19.766    u_system/u_gemm/g_mac4.u_mac/acc10[30]
    SLICE_X102Y146       LUT2 (Prop_lut2_I0_O)        0.331    20.097 r  u_system/u_gemm/g_mac4.u_mac/acc1[30]_i_1/O
                         net (fo=1, routed)           0.000    20.097    u_system/u_gemm/g_mac4.u_mac/acc1[30]
    SLICE_X102Y146       FDRE                                         r  u_system/u_gemm/g_mac4.u_mac/acc1_reg[30]/D
  -------------------------------------------------------------------    -------------------

                         (clock sys_clk_pin rise edge)
                                                     30.000    30.000 r  
    K17                                               0.000    30.000 r  clk (IN)
                         net (fo=0)                   0.000    30.000    clk
    K17                  IBUF (Prop_ibuf_I_O)         1.404    31.404 r  clk_IBUF_inst/O
                         net (fo=1, routed)           2.293    33.697    clk_IBUF
    BUFGCTRL_X0Y16       BUFG (Prop_bufg_I_O)         0.091    33.788 r  clk_IBUF_BUFG_inst/O
                         net (fo=1047, routed)        1.783    35.571    u_system/u_gemm/g_mac4.u_mac/clk_IBUF_BUFG
    SLICE_X102Y146       FDRE                                         r  u_system/u_gemm/g_mac4.u_mac/acc1_reg[30]/C
                         clock pessimism              0.441    36.013    
                         clock uncertainty           -0.035    35.977    
    SLICE_X102Y146       FDRE (Setup_fdre_C_D)        0.118    36.095    u_system/u_gemm/g_mac4.u_mac/acc1_reg[30]
  -------------------------------------------------------------------
                         required time                         36.095    
                         arrival time                         -20.097    
  -------------------------------------------------------------------
                         slack                                 15.998    





Pulse Width Checks
--------------------------------------------------------------------------------------
Clock Name:         sys_clk_pin
Waveform(ns):       { 0.000 15.000 }
Period(ns):         30.000
Sources:            { clk }

Check Type        Corner  Lib Pin             Reference Pin  Required(ns)  Actual(ns)  Slack(ns)  Location       Pin
Min Period        n/a     RAMB36E1/CLKARDCLK  n/a            2.944         30.000      27.056     RAMB36_X4Y26   u_system/mem_reg_0/CLKARDCLK
Min Period        n/a     RAMB36E1/CLKARDCLK  n/a            2.944         30.000      27.056     RAMB36_X4Y27   u_system/mem_reg_1/CLKARDCLK
Min Period        n/a     RAMB36E1/CLKARDCLK  n/a            2.944         30.000      27.056     RAMB36_X4Y28   u_system/mem_reg_2/CLKARDCLK
Min Period        n/a     RAMB36E1/CLKARDCLK  n/a            2.944         30.000      27.056     RAMB36_X4Y29   u_system/mem_reg_3/CLKARDCLK
Min Period        n/a     RAMB36E1/CLKBWRCLK  n/a            2.576         30.000      27.424     RAMB36_X4Y26   u_system/mem_reg_0/CLKBWRCLK
Low Pulse Width   Slow    RAMD32/CLK          n/a            1.250         15.000      13.750     SLICE_X94Y134  u_buf/a_buf_reg_0_15_0_5/RAMA/CLK
Low Pulse Width   Fast    RAMD32/CLK          n/a            1.250         15.000      13.750     SLICE_X94Y134  u_buf/a_buf_reg_0_15_0_5/RAMA/CLK
Low Pulse Width   Slow    RAMD32/CLK          n/a            1.250         15.000      13.750     SLICE_X94Y134  u_buf/a_buf_reg_0_15_0_5/RAMA_D1/CLK
Low Pulse Width   Fast    RAMD32/CLK          n/a            1.250         15.000      13.750     SLICE_X94Y134  u_buf/a_buf_reg_0_15_0_5/RAMA_D1/CLK
Low Pulse Width   Slow    RAMD32/CLK          n/a            1.250         15.000      13.750     SLICE_X94Y134  u_buf/a_buf_reg_0_15_0_5/RAMB/CLK
High Pulse Width  Slow    RAMD32/CLK          n/a            1.250         15.000      13.750     SLICE_X94Y134  u_buf/a_buf_reg_0_15_0_5/RAMA/CLK
High Pulse Width  Fast    RAMD32/CLK          n/a            1.250         15.000      13.750     SLICE_X94Y134  u_buf/a_buf_reg_0_15_0_5/RAMA/CLK
High Pulse Width  Slow    RAMD32/CLK          n/a            1.250         15.000      13.750     SLICE_X94Y134  u_buf/a_buf_reg_0_15_0_5/RAMA_D1/CLK
High Pulse Width  Fast    RAMD32/CLK          n/a            1.250         15.000      13.750     SLICE_X94Y134  u_buf/a_buf_reg_0_15_0_5/RAMA_D1/CLK
High Pulse Width  Slow    RAMD32/CLK          n/a            1.250         15.000      13.750     SLICE_X94Y134  u_buf/a_buf_reg_0_15_0_5/RAMB/CLK



