Copyright 1986-2022 Xilinx, Inc. All Rights Reserved. Copyright 2022-2024 Advanced Micro Devices, Inc. All Rights Reserved.
----------------------------------------------------------------------------------------------------------------------------------------------------------------------------------------------------
| Tool Version : Vivado v.2024.2 (lin64) Build 5239630 Fri Nov 08 22:34:34 MST 2024
| Date         : Wed Jun 17 03:50:49 2026
| Host         : young-PC running 64-bit Ubuntu 24.04.4 LTS
| Command      : report_timing_summary -delay_type max -max_paths 5 -file /home/young/dev/20_digital-systems-lab/projects/simple-cpu-gemm-accelerator/fpga/reports/mode4/62_5mhz_timing_summary.rpt
| Design       : zybo_top
| Device       : 7z020-clg400
| Speed File   : -1  PRODUCTION 1.12 2019-11-22
| Design State : Routed
----------------------------------------------------------------------------------------------------------------------------------------------------------------------------------------------------

Timing Summary Report

------------------------------------------------------------------------------------------------
| Timer Settings
| --------------
------------------------------------------------------------------------------------------------

  Enable Multi Corner Analysis               :  Yes
  Enable Pessimism Removal                   :  Yes
  Pessimism Removal Resolution               :  Nearest Common Node
  Enable Input Delay Default Clock           :  No
  Enable Preset / Clear Arcs                 :  No
  Disable Flight Delays                      :  No
  Ignore I/O Paths                           :  No
  Timing Early Launch at Borrowing Latches   :  No
  Borrow Time for Max Delay Exceptions       :  Yes
  Merge Timing Exceptions                    :  Yes
  Inter-SLR Compensation                     :  Conservative

  Corner  Analyze    Analyze    
  Name    Max Paths  Min Paths  
  ------  ---------  ---------  
  Slow    Yes        Yes        
  Fast    Yes        Yes        


------------------------------------------------------------------------------------------------
| Report Methodology
| ------------------
------------------------------------------------------------------------------------------------

Rule       Severity  Description                                 Violations  
---------  --------  ------------------------------------------  ----------  
SYNTH-6    Warning   Timing of a RAM block might be sub-optimal  4           
TIMING-18  Warning   Missing input or output delay               5           

Note: This report is based on the most recent report_methodology run and may not be up-to-date. Run report_methodology on the current design for the latest report.



check_timing report

Table of Contents
-----------------
1. checking no_clock (0)
2. checking constant_clock (0)
3. checking pulse_width_clock (0)
4. checking unconstrained_internal_endpoints (0)
5. checking no_input_delay (1)
6. checking no_output_delay (4)
7. checking multiple_clock (0)
8. checking generated_clocks (0)
9. checking loops (0)
10. checking partial_input_delay (0)
11. checking partial_output_delay (0)
12. checking latch_loops (0)

1. checking no_clock (0)
------------------------
 There are 0 register/latch pins with no clock.


2. checking constant_clock (0)
------------------------------
 There are 0 register/latch pins with constant_clock.


3. checking pulse_width_clock (0)
---------------------------------
 There are 0 register/latch pins which need pulse_width check


4. checking unconstrained_internal_endpoints (0)
------------------------------------------------
 There are 0 pins that are not constrained for maximum delay.

 There are 0 pins that are not constrained for maximum delay due to constant clock.


5. checking no_input_delay (1)
------------------------------
 There is 1 input port with no input delay specified. (HIGH)

 There are 0 input ports with no input delay but user has a false path constraint.


6. checking no_output_delay (4)
-------------------------------
 There are 4 ports with no output delay specified. (HIGH)

 There are 0 ports with no output delay but user has a false path constraint

 There are 0 ports with no output delay but with a timing clock defined on it or propagating through it


7. checking multiple_clock (0)
------------------------------
 There are 0 register/latch pins with multiple clocks.


8. checking generated_clocks (0)
--------------------------------
 There are 0 generated clocks that are not connected to a clock source.


9. checking loops (0)
---------------------
 There are 0 combinational loops in the design.


10. checking partial_input_delay (0)
------------------------------------
 There are 0 input ports with partial input delay specified.


11. checking partial_output_delay (0)
-------------------------------------
 There are 0 ports with partial output delay specified.


12. checking latch_loops (0)
----------------------------
 There are 0 combinational latch loops in the design through latch input



------------------------------------------------------------------------------------------------
| Design Timing Summary
| ---------------------
------------------------------------------------------------------------------------------------

    WNS(ns)      TNS(ns)  TNS Failing Endpoints  TNS Total Endpoints     WPWS(ns)     TPWS(ns)  TPWS Failing Endpoints  TPWS Total Endpoints  
    -------      -------  ---------------------  -------------------     --------     --------  ----------------------  --------------------  
      2.867        0.000                      0                 2910        6.750        0.000                       0                  1048  


All user specified timing constraints are met.


------------------------------------------------------------------------------------------------
| Clock Summary
| -------------
------------------------------------------------------------------------------------------------

Clock        Waveform(ns)       Period(ns)      Frequency(MHz)
-----        ------------       ----------      --------------
sys_clk_pin  {0.000 8.000}      16.000          62.500          


------------------------------------------------------------------------------------------------
| Intra Clock Table
| -----------------
------------------------------------------------------------------------------------------------

Clock             WNS(ns)      TNS(ns)  TNS Failing Endpoints  TNS Total Endpoints     WPWS(ns)     TPWS(ns)  TPWS Failing Endpoints  TPWS Total Endpoints  
-----             -------      -------  ---------------------  -------------------     --------     --------  ----------------------  --------------------  
sys_clk_pin         2.867        0.000                      0                 2910        6.750        0.000                       0                  1048  


------------------------------------------------------------------------------------------------
| Inter Clock Table
| -----------------
------------------------------------------------------------------------------------------------

From Clock    To Clock          WNS(ns)      TNS(ns)  TNS Failing Endpoints  TNS Total Endpoints  
----------    --------          -------      -------  ---------------------  -------------------  


------------------------------------------------------------------------------------------------
| Other Path Groups Table
| -----------------------
------------------------------------------------------------------------------------------------

Path Group    From Clock    To Clock          WNS(ns)      TNS(ns)  TNS Failing Endpoints  TNS Total Endpoints  
----------    ----------    --------          -------      -------  ---------------------  -------------------  


------------------------------------------------------------------------------------------------
| Timing Details
| --------------
------------------------------------------------------------------------------------------------


---------------------------------------------------------------------------------------------------
From Clock:  sys_clk_pin
  To Clock:  sys_clk_pin

Setup :            0  Failing Endpoints,  Worst Slack        2.867ns,  Total Violation        0.000ns
Hold  :           NA  Failing Endpoints,  Worst Slack           NA  ,  Total Violation           NA
PW    :            0  Failing Endpoints,  Worst Slack        6.750ns,  Total Violation        0.000ns
---------------------------------------------------------------------------------------------------


Max Delay Paths
--------------------------------------------------------------------------------------
Slack (MET) :             2.867ns  (required time - arrival time)
  Source:                 u_system/u_gemm/g_mac4.u_mac/i_reg[1]/C
                            (rising edge-triggered cell FDRE clocked by sys_clk_pin  {rise@0.000ns fall@8.000ns period=16.000ns})
  Destination:            u_system/u_gemm/g_mac4.u_mac/acc1_reg[29]/D
                            (rising edge-triggered cell FDRE clocked by sys_clk_pin  {rise@0.000ns fall@8.000ns period=16.000ns})
  Path Group:             sys_clk_pin
  Path Type:              Setup (Max at Slow Process Corner)
  Requirement:            16.000ns  (sys_clk_pin rise@16.000ns - sys_clk_pin rise@0.000ns)
  Data Path Delay:        13.162ns  (logic 5.762ns (43.776%)  route 7.400ns (56.224%))
  Logic Levels:           17  (CARRY4=8 LUT2=2 LUT3=1 LUT4=2 LUT6=3 RAMD32=1)
  Clock Path Skew:        -0.053ns (DCD - SCD + CPR)
    Destination Clock Delay (DCD):    5.571ns = ( 21.571 - 16.000 ) 
    Source Clock Delay      (SCD):    6.066ns
    Clock Pessimism Removal (CPR):    0.441ns
  Clock Uncertainty:      0.035ns  ((TSJ^2 + TIJ^2)^1/2 + DJ) / 2 + PE
    Total System Jitter     (TSJ):    0.071ns
    Total Input Jitter      (TIJ):    0.000ns
    Discrete Jitter          (DJ):    0.000ns
    Phase Error              (PE):    0.000ns

    Location             Delay type                Incr(ns)  Path(ns)    Netlist Resource(s)
  -------------------------------------------------------------------    -------------------
                         (clock sys_clk_pin rise edge)
                                                      0.000     0.000 r  
    K17                                               0.000     0.000 r  clk (IN)
                         net (fo=0)                   0.000     0.000    clk
    K17                  IBUF (Prop_ibuf_I_O)         1.475     1.475 r  clk_IBUF_inst/O
                         net (fo=1, routed)           2.522     3.997    clk_IBUF
    BUFGCTRL_X0Y16       BUFG (Prop_bufg_I_O)         0.101     4.098 r  clk_IBUF_BUFG_inst/O
                         net (fo=1047, routed)        1.968     6.066    u_system/u_gemm/g_mac4.u_mac/clk_IBUF_BUFG
    SLICE_X94Y133        FDRE                                         r  u_system/u_gemm/g_mac4.u_mac/i_reg[1]/C
  -------------------------------------------------------------------    -------------------
    SLICE_X94Y133        FDRE (Prop_fdre_C_Q)         0.478     6.544 r  u_system/u_gemm/g_mac4.u_mac/i_reg[1]/Q
                         net (fo=11, routed)          1.050     7.594    u_system/u_gemm/g_mac4.u_mac/i[1]
    SLICE_X94Y131        LUT6 (Prop_lut6_I0_O)        0.295     7.889 r  u_system/u_gemm/g_mac4.u_mac/a_buf_reg_0_15_0_5_i_6/O
                         net (fo=2, routed)           0.797     8.686    u_system/u_gemm/g_mac4.u_mac/a_buf_reg_0_15_0_5_i_6_n_0
    SLICE_X97Y131        LUT4 (Prop_lut4_I1_O)        0.152     8.838 r  u_system/u_gemm/g_mac4.u_mac/a_buf_reg_0_15_0_5_i_1/O
                         net (fo=8, routed)           0.787     9.625    u_buf/a_buf_reg_0_15_0_5/ADDRC3
    SLICE_X94Y134        RAMD32 (Prop_ramd32_RADR3_O)
                                                      0.355     9.980 r  u_buf/a_buf_reg_0_15_0_5/RAMC/O
                         net (fo=68, routed)          1.324    11.304    u_system/u_gemm/u_buf/buf_a_rdata[4]
    SLICE_X104Y135       LUT6 (Prop_lut6_I0_O)        0.331    11.635 r  u_system/u_gemm/u_buf/p1__0_carry__0_i_3/O
                         net (fo=2, routed)           0.644    12.280    u_system/u_gemm/u_buf/a_wdata_reg[6]_4[1]
    SLICE_X103Y135       LUT6 (Prop_lut6_I0_O)        0.124    12.404 r  u_system/u_gemm/u_buf/p1__0_carry__0_i_7/O
                         net (fo=1, routed)           0.000    12.404    u_system/u_gemm/g_mac4.u_mac/p1__85_carry_i_8_1[1]
    SLICE_X103Y135       CARRY4 (Prop_carry4_S[1]_O[3])
                                                      0.640    13.044 r  u_system/u_gemm/g_mac4.u_mac/p1__0_carry__0/O[3]
                         net (fo=2, routed)           0.869    13.912    u_system/u_gemm/g_mac4.u_mac/p1__0_carry__0_n_4
    SLICE_X101Y136       LUT3 (Prop_lut3_I1_O)        0.331    14.243 r  u_system/u_gemm/g_mac4.u_mac/p1__85_carry__0_i_4/O
                         net (fo=2, routed)           0.447    14.691    u_system/u_gemm/g_mac4.u_mac/p1__85_carry__0_i_4_n_0
    SLICE_X101Y137       LUT4 (Prop_lut4_I3_O)        0.332    15.023 r  u_system/u_gemm/g_mac4.u_mac/p1__85_carry__0_i_8/O
                         net (fo=1, routed)           0.000    15.023    u_system/u_gemm/g_mac4.u_mac/p1__85_carry__0_i_8_n_0
    SLICE_X101Y137       CARRY4 (Prop_carry4_S[0]_CO[3])
                                                      0.532    15.555 r  u_system/u_gemm/g_mac4.u_mac/p1__85_carry__0/CO[3]
                         net (fo=1, routed)           0.000    15.555    u_system/u_gemm/g_mac4.u_mac/p1__85_carry__0_n_0
    SLICE_X101Y138       CARRY4 (Prop_carry4_CI_O[1])
                                                      0.334    15.889 r  u_system/u_gemm/g_mac4.u_mac/p1__85_carry__1/O[1]
                         net (fo=1, routed)           0.685    16.574    u_system/u_gemm/g_mac4.u_mac/p1[13]
    SLICE_X103Y142       LUT2 (Prop_lut2_I1_O)        0.303    16.877 r  u_system/u_gemm/g_mac4.u_mac/acc10_carry__2_i_3/O
                         net (fo=1, routed)           0.000    16.877    u_system/u_gemm/g_mac4.u_mac/acc10_carry__2_i_3_n_0
    SLICE_X103Y142       CARRY4 (Prop_carry4_S[1]_CO[3])
                                                      0.550    17.427 r  u_system/u_gemm/g_mac4.u_mac/acc10_carry__2/CO[3]
                         net (fo=1, routed)           0.000    17.427    u_system/u_gemm/g_mac4.u_mac/acc10_carry__2_n_0
    SLICE_X103Y143       CARRY4 (Prop_carry4_CI_CO[3])
                                                      0.114    17.541 r  u_system/u_gemm/g_mac4.u_mac/acc10_carry__3/CO[3]
                         net (fo=1, routed)           0.000    17.541    u_system/u_gemm/g_mac4.u_mac/acc10_carry__3_n_0
    SLICE_X103Y144       CARRY4 (Prop_carry4_CI_CO[3])
                                                      0.114    17.655 r  u_system/u_gemm/g_mac4.u_mac/acc10_carry__4/CO[3]
                         net (fo=1, routed)           0.000    17.655    u_system/u_gemm/g_mac4.u_mac/acc10_carry__4_n_0
    SLICE_X103Y145       CARRY4 (Prop_carry4_CI_CO[3])
                                                      0.114    17.769 r  u_system/u_gemm/g_mac4.u_mac/acc10_carry__5/CO[3]
                         net (fo=1, routed)           0.000    17.769    u_system/u_gemm/g_mac4.u_mac/acc10_carry__5_n_0
    SLICE_X103Y146       CARRY4 (Prop_carry4_CI_O[1])
                                                      0.334    18.103 r  u_system/u_gemm/g_mac4.u_mac/acc10_carry__6/O[1]
                         net (fo=1, routed)           0.796    18.899    u_system/u_gemm/g_mac4.u_mac/acc10[29]
    SLICE_X102Y146       LUT2 (Prop_lut2_I0_O)        0.329    19.228 r  u_system/u_gemm/g_mac4.u_mac/acc1[29]_i_1/O
                         net (fo=1, routed)           0.000    19.228    u_system/u_gemm/g_mac4.u_mac/acc1[29]
    SLICE_X102Y146       FDRE                                         r  u_system/u_gemm/g_mac4.u_mac/acc1_reg[29]/D
  -------------------------------------------------------------------    -------------------

                         (clock sys_clk_pin rise edge)
                                                     16.000    16.000 r  
    K17                                               0.000    16.000 r  clk (IN)
                         net (fo=0)                   0.000    16.000    clk
    K17                  IBUF (Prop_ibuf_I_O)         1.404    17.404 r  clk_IBUF_inst/O
                         net (fo=1, routed)           2.293    19.697    clk_IBUF
    BUFGCTRL_X0Y16       BUFG (Prop_bufg_I_O)         0.091    19.788 r  clk_IBUF_BUFG_inst/O
                         net (fo=1047, routed)        1.783    21.571    u_system/u_gemm/g_mac4.u_mac/clk_IBUF_BUFG
    SLICE_X102Y146       FDRE                                         r  u_system/u_gemm/g_mac4.u_mac/acc1_reg[29]/C
                         clock pessimism              0.441    22.013    
                         clock uncertainty           -0.035    21.977    
    SLICE_X102Y146       FDRE (Setup_fdre_C_D)        0.118    22.095    u_system/u_gemm/g_mac4.u_mac/acc1_reg[29]
  -------------------------------------------------------------------
                         required time                         22.095    
                         arrival time                         -19.228    
  -------------------------------------------------------------------
                         slack                                  2.867    

Slack (MET) :             2.981ns  (required time - arrival time)
  Source:                 u_system/u_gemm/g_mac4.u_mac/i_reg[1]/C
                            (rising edge-triggered cell FDRE clocked by sys_clk_pin  {rise@0.000ns fall@8.000ns period=16.000ns})
  Destination:            u_system/u_gemm/g_mac4.u_mac/acc0_reg[29]/D
                            (rising edge-triggered cell FDRE clocked by sys_clk_pin  {rise@0.000ns fall@8.000ns period=16.000ns})
  Path Group:             sys_clk_pin
  Path Type:              Setup (Max at Slow Process Corner)
  Requirement:            16.000ns  (sys_clk_pin rise@16.000ns - sys_clk_pin rise@0.000ns)
  Data Path Delay:        13.011ns  (logic 5.718ns (43.946%)  route 7.293ns (56.054%))
  Logic Levels:           17  (CARRY4=8 LUT2=2 LUT3=1 LUT4=2 LUT6=3 RAMD32=1)
  Clock Path Skew:        -0.053ns (DCD - SCD + CPR)
    Destination Clock Delay (DCD):    5.571ns = ( 21.571 - 16.000 ) 
    Source Clock Delay      (SCD):    6.066ns
    Clock Pessimism Removal (CPR):    0.441ns
  Clock Uncertainty:      0.035ns  ((TSJ^2 + TIJ^2)^1/2 + DJ) / 2 + PE
    Total System Jitter     (TSJ):    0.071ns
    Total Input Jitter      (TIJ):    0.000ns
    Discrete Jitter          (DJ):    0.000ns
    Phase Error              (PE):    0.000ns

    Location             Delay type                Incr(ns)  Path(ns)    Netlist Resource(s)
  -------------------------------------------------------------------    -------------------
                         (clock sys_clk_pin rise edge)
                                                      0.000     0.000 r  
    K17                                               0.000     0.000 r  clk (IN)
                         net (fo=0)                   0.000     0.000    clk
    K17                  IBUF (Prop_ibuf_I_O)         1.475     1.475 r  clk_IBUF_inst/O
                         net (fo=1, routed)           2.522     3.997    clk_IBUF
    BUFGCTRL_X0Y16       BUFG (Prop_bufg_I_O)         0.101     4.098 r  clk_IBUF_BUFG_inst/O
                         net (fo=1047, routed)        1.968     6.066    u_system/u_gemm/g_mac4.u_mac/clk_IBUF_BUFG
    SLICE_X94Y133        FDRE                                         r  u_system/u_gemm/g_mac4.u_mac/i_reg[1]/C
  -------------------------------------------------------------------    -------------------
    SLICE_X94Y133        FDRE (Prop_fdre_C_Q)         0.478     6.544 r  u_system/u_gemm/g_mac4.u_mac/i_reg[1]/Q
                         net (fo=11, routed)          1.050     7.594    u_system/u_gemm/g_mac4.u_mac/i[1]
    SLICE_X94Y131        LUT6 (Prop_lut6_I0_O)        0.295     7.889 r  u_system/u_gemm/g_mac4.u_mac/a_buf_reg_0_15_0_5_i_6/O
                         net (fo=2, routed)           0.797     8.686    u_system/u_gemm/g_mac4.u_mac/a_buf_reg_0_15_0_5_i_6_n_0
    SLICE_X97Y131        LUT4 (Prop_lut4_I1_O)        0.152     8.838 r  u_system/u_gemm/g_mac4.u_mac/a_buf_reg_0_15_0_5_i_1/O
                         net (fo=8, routed)           0.787     9.625    u_buf/a_buf_reg_0_15_0_5/ADDRB3
    SLICE_X94Y134        RAMD32 (Prop_ramd32_RADR3_O)
                                                      0.352     9.977 r  u_buf/a_buf_reg_0_15_0_5/RAMB/O
                         net (fo=64, routed)          1.544    11.521    u_system/u_gemm/u_buf/buf_a_rdata[2]
    SLICE_X108Y135       LUT6 (Prop_lut6_I3_O)        0.348    11.869 r  u_system/u_gemm/u_buf/p0__0_carry__0_i_3/O
                         net (fo=2, routed)           0.575    12.444    u_system/u_gemm/u_buf/a_wdata_reg[6]_6[1]
    SLICE_X106Y135       LUT6 (Prop_lut6_I0_O)        0.124    12.568 r  u_system/u_gemm/u_buf/p0__0_carry__0_i_7/O
                         net (fo=1, routed)           0.000    12.568    u_system/u_gemm/g_mac4.u_mac/p0__85_carry_i_8_1[1]
    SLICE_X106Y135       CARRY4 (Prop_carry4_S[1]_O[3])
                                                      0.640    13.208 r  u_system/u_gemm/g_mac4.u_mac/p0__0_carry__0/O[3]
                         net (fo=2, routed)           0.856    14.063    u_system/u_gemm/g_mac4.u_mac/p0__0_carry__0_n_4
    SLICE_X105Y136       LUT3 (Prop_lut3_I1_O)        0.299    14.362 r  u_system/u_gemm/g_mac4.u_mac/p0__85_carry__0_i_4/O
                         net (fo=2, routed)           0.450    14.813    u_system/u_gemm/g_mac4.u_mac/p0__85_carry__0_i_4_n_0
    SLICE_X105Y137       LUT4 (Prop_lut4_I3_O)        0.332    15.145 r  u_system/u_gemm/g_mac4.u_mac/p0__85_carry__0_i_8/O
                         net (fo=1, routed)           0.000    15.145    u_system/u_gemm/g_mac4.u_mac/p0__85_carry__0_i_8_n_0
    SLICE_X105Y137       CARRY4 (Prop_carry4_S[0]_CO[3])
                                                      0.532    15.677 r  u_system/u_gemm/g_mac4.u_mac/p0__85_carry__0/CO[3]
                         net (fo=1, routed)           0.000    15.677    u_system/u_gemm/g_mac4.u_mac/p0__85_carry__0_n_0
    SLICE_X105Y138       CARRY4 (Prop_carry4_CI_O[1])
                                                      0.334    16.011 r  u_system/u_gemm/g_mac4.u_mac/p0__85_carry__1/O[1]
                         net (fo=1, routed)           0.580    16.591    u_system/u_gemm/g_mac4.u_mac/p0[13]
    SLICE_X105Y142       LUT2 (Prop_lut2_I1_O)        0.303    16.894 r  u_system/u_gemm/g_mac4.u_mac/i__carry__2_i_3/O
                         net (fo=1, routed)           0.000    16.894    u_system/u_gemm/g_mac4.u_mac/i__carry__2_i_3_n_0
    SLICE_X105Y142       CARRY4 (Prop_carry4_S[1]_CO[3])
                                                      0.550    17.444 r  u_system/u_gemm/g_mac4.u_mac/acc00_inferred__0/i__carry__2/CO[3]
                         net (fo=1, routed)           0.000    17.444    u_system/u_gemm/g_mac4.u_mac/acc00_inferred__0/i__carry__2_n_0
    SLICE_X105Y143       CARRY4 (Prop_carry4_CI_CO[3])
                                                      0.114    17.558 r  u_system/u_gemm/g_mac4.u_mac/acc00_inferred__0/i__carry__3/CO[3]
                         net (fo=1, routed)           0.000    17.558    u_system/u_gemm/g_mac4.u_mac/acc00_inferred__0/i__carry__3_n_0
    SLICE_X105Y144       CARRY4 (Prop_carry4_CI_CO[3])
                                                      0.114    17.672 r  u_system/u_gemm/g_mac4.u_mac/acc00_inferred__0/i__carry__4/CO[3]
                         net (fo=1, routed)           0.000    17.672    u_system/u_gemm/g_mac4.u_mac/acc00_inferred__0/i__carry__4_n_0
    SLICE_X105Y145       CARRY4 (Prop_carry4_CI_CO[3])
                                                      0.114    17.786 r  u_system/u_gemm/g_mac4.u_mac/acc00_inferred__0/i__carry__5/CO[3]
                         net (fo=1, routed)           0.000    17.786    u_system/u_gemm/g_mac4.u_mac/acc00_inferred__0/i__carry__5_n_0
    SLICE_X105Y146       CARRY4 (Prop_carry4_CI_O[1])
                                                      0.334    18.120 r  u_system/u_gemm/g_mac4.u_mac/acc00_inferred__0/i__carry__6/O[1]
                         net (fo=1, routed)           0.655    18.774    u_system/u_gemm/g_mac4.u_mac/acc00[29]
    SLICE_X102Y146       LUT2 (Prop_lut2_I0_O)        0.303    19.077 r  u_system/u_gemm/g_mac4.u_mac/acc0[29]_i_1/O
                         net (fo=1, routed)           0.000    19.077    u_system/u_gemm/g_mac4.u_mac/acc00_in[29]
    SLICE_X102Y146       FDRE                                         r  u_system/u_gemm/g_mac4.u_mac/acc0_reg[29]/D
  -------------------------------------------------------------------    -------------------

                         (clock sys_clk_pin rise edge)
                                                     16.000    16.000 r  
    K17                                               0.000    16.000 r  clk (IN)
                         net (fo=0)                   0.000    16.000    clk
    K17                  IBUF (Prop_ibuf_I_O)         1.404    17.404 r  clk_IBUF_inst/O
                         net (fo=1, routed)           2.293    19.697    clk_IBUF
    BUFGCTRL_X0Y16       BUFG (Prop_bufg_I_O)         0.091    19.788 r  clk_IBUF_BUFG_inst/O
                         net (fo=1047, routed)        1.783    21.571    u_system/u_gemm/g_mac4.u_mac/clk_IBUF_BUFG
    SLICE_X102Y146       FDRE                                         r  u_system/u_gemm/g_mac4.u_mac/acc0_reg[29]/C
                         clock pessimism              0.441    22.013    
                         clock uncertainty           -0.035    21.977    
    SLICE_X102Y146       FDRE (Setup_fdre_C_D)        0.081    22.058    u_system/u_gemm/g_mac4.u_mac/acc0_reg[29]
  -------------------------------------------------------------------
                         required time                         22.058    
                         arrival time                         -19.077    
  -------------------------------------------------------------------
                         slack                                  2.981    

Slack (MET) :             3.034ns  (required time - arrival time)
  Source:                 u_system/u_gemm/g_mac4.u_mac/i_reg[1]/C
                            (rising edge-triggered cell FDRE clocked by sys_clk_pin  {rise@0.000ns fall@8.000ns period=16.000ns})
  Destination:            u_system/u_gemm/g_mac4.u_mac/acc0_reg[31]/D
                            (rising edge-triggered cell FDRE clocked by sys_clk_pin  {rise@0.000ns fall@8.000ns period=16.000ns})
  Path Group:             sys_clk_pin
  Path Type:              Setup (Max at Slow Process Corner)
  Requirement:            16.000ns  (sys_clk_pin rise@16.000ns - sys_clk_pin rise@0.000ns)
  Data Path Delay:        12.957ns  (logic 5.700ns (43.992%)  route 7.257ns (56.008%))
  Logic Levels:           17  (CARRY4=8 LUT2=2 LUT3=1 LUT4=2 LUT6=3 RAMD32=1)
  Clock Path Skew:        -0.053ns (DCD - SCD + CPR)
    Destination Clock Delay (DCD):    5.571ns = ( 21.571 - 16.000 ) 
    Source Clock Delay      (SCD):    6.066ns
    Clock Pessimism Removal (CPR):    0.441ns
  Clock Uncertainty:      0.035ns  ((TSJ^2 + TIJ^2)^1/2 + DJ) / 2 + PE
    Total System Jitter     (TSJ):    0.071ns
    Total Input Jitter      (TIJ):    0.000ns
    Discrete Jitter          (DJ):    0.000ns
    Phase Error              (PE):    0.000ns

    Location             Delay type                Incr(ns)  Path(ns)    Netlist Resource(s)
  -------------------------------------------------------------------    -------------------
                         (clock sys_clk_pin rise edge)
                                                      0.000     0.000 r  
    K17                                               0.000     0.000 r  clk (IN)
                         net (fo=0)                   0.000     0.000    clk
    K17                  IBUF (Prop_ibuf_I_O)         1.475     1.475 r  clk_IBUF_inst/O
                         net (fo=1, routed)           2.522     3.997    clk_IBUF
    BUFGCTRL_X0Y16       BUFG (Prop_bufg_I_O)         0.101     4.098 r  clk_IBUF_BUFG_inst/O
                         net (fo=1047, routed)        1.968     6.066    u_system/u_gemm/g_mac4.u_mac/clk_IBUF_BUFG
    SLICE_X94Y133        FDRE                                         r  u_system/u_gemm/g_mac4.u_mac/i_reg[1]/C
  -------------------------------------------------------------------    -------------------
    SLICE_X94Y133        FDRE (Prop_fdre_C_Q)         0.478     6.544 r  u_system/u_gemm/g_mac4.u_mac/i_reg[1]/Q
                         net (fo=11, routed)          1.050     7.594    u_system/u_gemm/g_mac4.u_mac/i[1]
    SLICE_X94Y131        LUT6 (Prop_lut6_I0_O)        0.295     7.889 r  u_system/u_gemm/g_mac4.u_mac/a_buf_reg_0_15_0_5_i_6/O
                         net (fo=2, routed)           0.797     8.686    u_system/u_gemm/g_mac4.u_mac/a_buf_reg_0_15_0_5_i_6_n_0
    SLICE_X97Y131        LUT4 (Prop_lut4_I1_O)        0.152     8.838 r  u_system/u_gemm/g_mac4.u_mac/a_buf_reg_0_15_0_5_i_1/O
                         net (fo=8, routed)           0.787     9.625    u_buf/a_buf_reg_0_15_0_5/ADDRB3
    SLICE_X94Y134        RAMD32 (Prop_ramd32_RADR3_O)
                                                      0.352     9.977 r  u_buf/a_buf_reg_0_15_0_5/RAMB/O
                         net (fo=64, routed)          1.544    11.521    u_system/u_gemm/u_buf/buf_a_rdata[2]
    SLICE_X108Y135       LUT6 (Prop_lut6_I3_O)        0.348    11.869 r  u_system/u_gemm/u_buf/p0__0_carry__0_i_3/O
                         net (fo=2, routed)           0.575    12.444    u_system/u_gemm/u_buf/a_wdata_reg[6]_6[1]
    SLICE_X106Y135       LUT6 (Prop_lut6_I0_O)        0.124    12.568 r  u_system/u_gemm/u_buf/p0__0_carry__0_i_7/O
                         net (fo=1, routed)           0.000    12.568    u_system/u_gemm/g_mac4.u_mac/p0__85_carry_i_8_1[1]
    SLICE_X106Y135       CARRY4 (Prop_carry4_S[1]_O[3])
                                                      0.640    13.208 r  u_system/u_gemm/g_mac4.u_mac/p0__0_carry__0/O[3]
                         net (fo=2, routed)           0.856    14.063    u_system/u_gemm/g_mac4.u_mac/p0__0_carry__0_n_4
    SLICE_X105Y136       LUT3 (Prop_lut3_I1_O)        0.299    14.362 r  u_system/u_gemm/g_mac4.u_mac/p0__85_carry__0_i_4/O
                         net (fo=2, routed)           0.450    14.813    u_system/u_gemm/g_mac4.u_mac/p0__85_carry__0_i_4_n_0
    SLICE_X105Y137       LUT4 (Prop_lut4_I3_O)        0.332    15.145 r  u_system/u_gemm/g_mac4.u_mac/p0__85_carry__0_i_8/O
                         net (fo=1, routed)           0.000    15.145    u_system/u_gemm/g_mac4.u_mac/p0__85_carry__0_i_8_n_0
    SLICE_X105Y137       CARRY4 (Prop_carry4_S[0]_CO[3])
                                                      0.532    15.677 r  u_system/u_gemm/g_mac4.u_mac/p0__85_carry__0/CO[3]
                         net (fo=1, routed)           0.000    15.677    u_system/u_gemm/g_mac4.u_mac/p0__85_carry__0_n_0
    SLICE_X105Y138       CARRY4 (Prop_carry4_CI_O[1])
                                                      0.334    16.011 r  u_system/u_gemm/g_mac4.u_mac/p0__85_carry__1/O[1]
                         net (fo=1, routed)           0.580    16.591    u_system/u_gemm/g_mac4.u_mac/p0[13]
    SLICE_X105Y142       LUT2 (Prop_lut2_I1_O)        0.303    16.894 r  u_system/u_gemm/g_mac4.u_mac/i__carry__2_i_3/O
                         net (fo=1, routed)           0.000    16.894    u_system/u_gemm/g_mac4.u_mac/i__carry__2_i_3_n_0
    SLICE_X105Y142       CARRY4 (Prop_carry4_S[1]_CO[3])
                                                      0.550    17.444 r  u_system/u_gemm/g_mac4.u_mac/acc00_inferred__0/i__carry__2/CO[3]
                         net (fo=1, routed)           0.000    17.444    u_system/u_gemm/g_mac4.u_mac/acc00_inferred__0/i__carry__2_n_0
    SLICE_X105Y143       CARRY4 (Prop_carry4_CI_CO[3])
                                                      0.114    17.558 r  u_system/u_gemm/g_mac4.u_mac/acc00_inferred__0/i__carry__3/CO[3]
                         net (fo=1, routed)           0.000    17.558    u_system/u_gemm/g_mac4.u_mac/acc00_inferred__0/i__carry__3_n_0
    SLICE_X105Y144       CARRY4 (Prop_carry4_CI_CO[3])
                                                      0.114    17.672 r  u_system/u_gemm/g_mac4.u_mac/acc00_inferred__0/i__carry__4/CO[3]
                         net (fo=1, routed)           0.000    17.672    u_system/u_gemm/g_mac4.u_mac/acc00_inferred__0/i__carry__4_n_0
    SLICE_X105Y145       CARRY4 (Prop_carry4_CI_CO[3])
                                                      0.114    17.786 r  u_system/u_gemm/g_mac4.u_mac/acc00_inferred__0/i__carry__5/CO[3]
                         net (fo=1, routed)           0.000    17.786    u_system/u_gemm/g_mac4.u_mac/acc00_inferred__0/i__carry__5_n_0
    SLICE_X105Y146       CARRY4 (Prop_carry4_CI_O[3])
                                                      0.313    18.099 r  u_system/u_gemm/g_mac4.u_mac/acc00_inferred__0/i__carry__6/O[3]
                         net (fo=1, routed)           0.618    18.717    u_system/u_gemm/g_mac4.u_mac/acc00[31]
    SLICE_X102Y146       LUT2 (Prop_lut2_I0_O)        0.306    19.023 r  u_system/u_gemm/g_mac4.u_mac/acc0[31]_i_1/O
                         net (fo=1, routed)           0.000    19.023    u_system/u_gemm/g_mac4.u_mac/acc00_in[31]
    SLICE_X102Y146       FDRE                                         r  u_system/u_gemm/g_mac4.u_mac/acc0_reg[31]/D
  -------------------------------------------------------------------    -------------------

                         (clock sys_clk_pin rise edge)
                                                     16.000    16.000 r  
    K17                                               0.000    16.000 r  clk (IN)
                         net (fo=0)                   0.000    16.000    clk
    K17                  IBUF (Prop_ibuf_I_O)         1.404    17.404 r  clk_IBUF_inst/O
                         net (fo=1, routed)           2.293    19.697    clk_IBUF
    BUFGCTRL_X0Y16       BUFG (Prop_bufg_I_O)         0.091    19.788 r  clk_IBUF_BUFG_inst/O
                         net (fo=1047, routed)        1.783    21.571    u_system/u_gemm/g_mac4.u_mac/clk_IBUF_BUFG
    SLICE_X102Y146       FDRE                                         r  u_system/u_gemm/g_mac4.u_mac/acc0_reg[31]/C
                         clock pessimism              0.441    22.013    
                         clock uncertainty           -0.035    21.977    
    SLICE_X102Y146       FDRE (Setup_fdre_C_D)        0.079    22.056    u_system/u_gemm/g_mac4.u_mac/acc0_reg[31]
  -------------------------------------------------------------------
                         required time                         22.056    
                         arrival time                         -19.023    
  -------------------------------------------------------------------
                         slack                                  3.034    

Slack (MET) :             3.095ns  (required time - arrival time)
  Source:                 u_system/u_gemm/g_mac4.u_mac/i_reg[1]/C
                            (rising edge-triggered cell FDRE clocked by sys_clk_pin  {rise@0.000ns fall@8.000ns period=16.000ns})
  Destination:            u_system/u_gemm/g_mac4.u_mac/acc1_reg[30]/D
                            (rising edge-triggered cell FDRE clocked by sys_clk_pin  {rise@0.000ns fall@8.000ns period=16.000ns})
  Path Group:             sys_clk_pin
  Path Type:              Setup (Max at Slow Process Corner)
  Requirement:            16.000ns  (sys_clk_pin rise@16.000ns - sys_clk_pin rise@0.000ns)
  Data Path Delay:        12.935ns  (logic 5.669ns (43.828%)  route 7.266ns (56.172%))
  Logic Levels:           17  (CARRY4=8 LUT2=2 LUT3=1 LUT4=2 LUT6=3 RAMD32=1)
  Clock Path Skew:        -0.053ns (DCD - SCD + CPR)
    Destination Clock Delay (DCD):    5.571ns = ( 21.571 - 16.000 ) 
    Source Clock Delay      (SCD):    6.066ns
    Clock Pessimism Removal (CPR):    0.441ns
  Clock Uncertainty:      0.035ns  ((TSJ^2 + TIJ^2)^1/2 + DJ) / 2 + PE
    Total System Jitter     (TSJ):    0.071ns
    Total Input Jitter      (TIJ):    0.000ns
    Discrete Jitter          (DJ):    0.000ns
    Phase Error              (PE):    0.000ns

    Location             Delay type                Incr(ns)  Path(ns)    Netlist Resource(s)
  -------------------------------------------------------------------    -------------------
                         (clock sys_clk_pin rise edge)
                                                      0.000     0.000 r  
    K17                                               0.000     0.000 r  clk (IN)
                         net (fo=0)                   0.000     0.000    clk
    K17                  IBUF (Prop_ibuf_I_O)         1.475     1.475 r  clk_IBUF_inst/O
                         net (fo=1, routed)           2.522     3.997    clk_IBUF
    BUFGCTRL_X0Y16       BUFG (Prop_bufg_I_O)         0.101     4.098 r  clk_IBUF_BUFG_inst/O
                         net (fo=1047, routed)        1.968     6.066    u_system/u_gemm/g_mac4.u_mac/clk_IBUF_BUFG
    SLICE_X94Y133        FDRE                                         r  u_system/u_gemm/g_mac4.u_mac/i_reg[1]/C
  -------------------------------------------------------------------    -------------------
    SLICE_X94Y133        FDRE (Prop_fdre_C_Q)         0.478     6.544 r  u_system/u_gemm/g_mac4.u_mac/i_reg[1]/Q
                         net (fo=11, routed)          1.050     7.594    u_system/u_gemm/g_mac4.u_mac/i[1]
    SLICE_X94Y131        LUT6 (Prop_lut6_I0_O)        0.295     7.889 r  u_system/u_gemm/g_mac4.u_mac/a_buf_reg_0_15_0_5_i_6/O
                         net (fo=2, routed)           0.797     8.686    u_system/u_gemm/g_mac4.u_mac/a_buf_reg_0_15_0_5_i_6_n_0
    SLICE_X97Y131        LUT4 (Prop_lut4_I1_O)        0.152     8.838 r  u_system/u_gemm/g_mac4.u_mac/a_buf_reg_0_15_0_5_i_1/O
                         net (fo=8, routed)           0.787     9.625    u_buf/a_buf_reg_0_15_0_5/ADDRC3
    SLICE_X94Y134        RAMD32 (Prop_ramd32_RADR3_O)
                                                      0.355     9.980 r  u_buf/a_buf_reg_0_15_0_5/RAMC/O
                         net (fo=68, routed)          1.324    11.304    u_system/u_gemm/u_buf/buf_a_rdata[4]
    SLICE_X104Y135       LUT6 (Prop_lut6_I0_O)        0.331    11.635 r  u_system/u_gemm/u_buf/p1__0_carry__0_i_3/O
                         net (fo=2, routed)           0.644    12.280    u_system/u_gemm/u_buf/a_wdata_reg[6]_4[1]
    SLICE_X103Y135       LUT6 (Prop_lut6_I0_O)        0.124    12.404 r  u_system/u_gemm/u_buf/p1__0_carry__0_i_7/O
                         net (fo=1, routed)           0.000    12.404    u_system/u_gemm/g_mac4.u_mac/p1__85_carry_i_8_1[1]
    SLICE_X103Y135       CARRY4 (Prop_carry4_S[1]_O[3])
                                                      0.640    13.044 r  u_system/u_gemm/g_mac4.u_mac/p1__0_carry__0/O[3]
                         net (fo=2, routed)           0.869    13.912    u_system/u_gemm/g_mac4.u_mac/p1__0_carry__0_n_4
    SLICE_X101Y136       LUT3 (Prop_lut3_I1_O)        0.331    14.243 r  u_system/u_gemm/g_mac4.u_mac/p1__85_carry__0_i_4/O
                         net (fo=2, routed)           0.447    14.691    u_system/u_gemm/g_mac4.u_mac/p1__85_carry__0_i_4_n_0
    SLICE_X101Y137       LUT4 (Prop_lut4_I3_O)        0.332    15.023 r  u_system/u_gemm/g_mac4.u_mac/p1__85_carry__0_i_8/O
                         net (fo=1, routed)           0.000    15.023    u_system/u_gemm/g_mac4.u_mac/p1__85_carry__0_i_8_n_0
    SLICE_X101Y137       CARRY4 (Prop_carry4_S[0]_CO[3])
                                                      0.532    15.555 r  u_system/u_gemm/g_mac4.u_mac/p1__85_carry__0/CO[3]
                         net (fo=1, routed)           0.000    15.555    u_system/u_gemm/g_mac4.u_mac/p1__85_carry__0_n_0
    SLICE_X101Y138       CARRY4 (Prop_carry4_CI_O[1])
                                                      0.334    15.889 r  u_system/u_gemm/g_mac4.u_mac/p1__85_carry__1/O[1]
                         net (fo=1, routed)           0.685    16.574    u_system/u_gemm/g_mac4.u_mac/p1[13]
    SLICE_X103Y142       LUT2 (Prop_lut2_I1_O)        0.303    16.877 r  u_system/u_gemm/g_mac4.u_mac/acc10_carry__2_i_3/O
                         net (fo=1, routed)           0.000    16.877    u_system/u_gemm/g_mac4.u_mac/acc10_carry__2_i_3_n_0
    SLICE_X103Y142       CARRY4 (Prop_carry4_S[1]_CO[3])
                                                      0.550    17.427 r  u_system/u_gemm/g_mac4.u_mac/acc10_carry__2/CO[3]
                         net (fo=1, routed)           0.000    17.427    u_system/u_gemm/g_mac4.u_mac/acc10_carry__2_n_0
    SLICE_X103Y143       CARRY4 (Prop_carry4_CI_CO[3])
                                                      0.114    17.541 r  u_system/u_gemm/g_mac4.u_mac/acc10_carry__3/CO[3]
                         net (fo=1, routed)           0.000    17.541    u_system/u_gemm/g_mac4.u_mac/acc10_carry__3_n_0
    SLICE_X103Y144       CARRY4 (Prop_carry4_CI_CO[3])
                                                      0.114    17.655 r  u_system/u_gemm/g_mac4.u_mac/acc10_carry__4/CO[3]
                         net (fo=1, routed)           0.000    17.655    u_system/u_gemm/g_mac4.u_mac/acc10_carry__4_n_0
    SLICE_X103Y145       CARRY4 (Prop_carry4_CI_CO[3])
                                                      0.114    17.769 r  u_system/u_gemm/g_mac4.u_mac/acc10_carry__5/CO[3]
                         net (fo=1, routed)           0.000    17.769    u_system/u_gemm/g_mac4.u_mac/acc10_carry__5_n_0
    SLICE_X103Y146       CARRY4 (Prop_carry4_CI_O[2])
                                                      0.239    18.008 r  u_system/u_gemm/g_mac4.u_mac/acc10_carry__6/O[2]
                         net (fo=1, routed)           0.662    18.669    u_system/u_gemm/g_mac4.u_mac/acc10[30]
    SLICE_X102Y146       LUT2 (Prop_lut2_I0_O)        0.331    19.000 r  u_system/u_gemm/g_mac4.u_mac/acc1[30]_i_1/O
                         net (fo=1, routed)           0.000    19.000    u_system/u_gemm/g_mac4.u_mac/acc1[30]
    SLICE_X102Y146       FDRE                                         r  u_system/u_gemm/g_mac4.u_mac/acc1_reg[30]/D
  -------------------------------------------------------------------    -------------------

                         (clock sys_clk_pin rise edge)
                                                     16.000    16.000 r  
    K17                                               0.000    16.000 r  clk (IN)
                         net (fo=0)                   0.000    16.000    clk
    K17                  IBUF (Prop_ibuf_I_O)         1.404    17.404 r  clk_IBUF_inst/O
                         net (fo=1, routed)           2.293    19.697    clk_IBUF
    BUFGCTRL_X0Y16       BUFG (Prop_bufg_I_O)         0.091    19.788 r  clk_IBUF_BUFG_inst/O
                         net (fo=1047, routed)        1.783    21.571    u_system/u_gemm/g_mac4.u_mac/clk_IBUF_BUFG
    SLICE_X102Y146       FDRE                                         r  u_system/u_gemm/g_mac4.u_mac/acc1_reg[30]/C
                         clock pessimism              0.441    22.013    
                         clock uncertainty           -0.035    21.977    
    SLICE_X102Y146       FDRE (Setup_fdre_C_D)        0.118    22.095    u_system/u_gemm/g_mac4.u_mac/acc1_reg[30]
  -------------------------------------------------------------------
                         required time                         22.095    
                         arrival time                         -19.000    
  -------------------------------------------------------------------
                         slack                                  3.095    

Slack (MET) :             3.113ns  (required time - arrival time)
  Source:                 u_system/u_gemm/g_mac4.u_mac/i_reg[1]/C
                            (rising edge-triggered cell FDRE clocked by sys_clk_pin  {rise@0.000ns fall@8.000ns period=16.000ns})
  Destination:            u_system/u_gemm/g_mac4.u_mac/acc1_reg[25]/D
                            (rising edge-triggered cell FDRE clocked by sys_clk_pin  {rise@0.000ns fall@8.000ns period=16.000ns})
  Path Group:             sys_clk_pin
  Path Type:              Setup (Max at Slow Process Corner)
  Requirement:            16.000ns  (sys_clk_pin rise@16.000ns - sys_clk_pin rise@0.000ns)
  Data Path Delay:        12.917ns  (logic 5.648ns (43.725%)  route 7.269ns (56.275%))
  Logic Levels:           16  (CARRY4=7 LUT2=2 LUT3=1 LUT4=2 LUT6=3 RAMD32=1)
  Clock Path Skew:        -0.053ns (DCD - SCD + CPR)
    Destination Clock Delay (DCD):    5.571ns = ( 21.571 - 16.000 ) 
    Source Clock Delay      (SCD):    6.066ns
    Clock Pessimism Removal (CPR):    0.441ns
  Clock Uncertainty:      0.035ns  ((TSJ^2 + TIJ^2)^1/2 + DJ) / 2 + PE
    Total System Jitter     (TSJ):    0.071ns
    Total Input Jitter      (TIJ):    0.000ns
    Discrete Jitter          (DJ):    0.000ns
    Phase Error              (PE):    0.000ns

    Location             Delay type                Incr(ns)  Path(ns)    Netlist Resource(s)
  -------------------------------------------------------------------    -------------------
                         (clock sys_clk_pin rise edge)
                                                      0.000     0.000 r  
    K17                                               0.000     0.000 r  clk (IN)
                         net (fo=0)                   0.000     0.000    clk
    K17                  IBUF (Prop_ibuf_I_O)         1.475     1.475 r  clk_IBUF_inst/O
                         net (fo=1, routed)           2.522     3.997    clk_IBUF
    BUFGCTRL_X0Y16       BUFG (Prop_bufg_I_O)         0.101     4.098 r  clk_IBUF_BUFG_inst/O
                         net (fo=1047, routed)        1.968     6.066    u_system/u_gemm/g_mac4.u_mac/clk_IBUF_BUFG
    SLICE_X94Y133        FDRE                                         r  u_system/u_gemm/g_mac4.u_mac/i_reg[1]/C
  -------------------------------------------------------------------    -------------------
    SLICE_X94Y133        FDRE (Prop_fdre_C_Q)         0.478     6.544 r  u_system/u_gemm/g_mac4.u_mac/i_reg[1]/Q
                         net (fo=11, routed)          1.050     7.594    u_system/u_gemm/g_mac4.u_mac/i[1]
    SLICE_X94Y131        LUT6 (Prop_lut6_I0_O)        0.295     7.889 r  u_system/u_gemm/g_mac4.u_mac/a_buf_reg_0_15_0_5_i_6/O
                         net (fo=2, routed)           0.797     8.686    u_system/u_gemm/g_mac4.u_mac/a_buf_reg_0_15_0_5_i_6_n_0
    SLICE_X97Y131        LUT4 (Prop_lut4_I1_O)        0.152     8.838 r  u_system/u_gemm/g_mac4.u_mac/a_buf_reg_0_15_0_5_i_1/O
                         net (fo=8, routed)           0.787     9.625    u_buf/a_buf_reg_0_15_0_5/ADDRC3
    SLICE_X94Y134        RAMD32 (Prop_ramd32_RADR3_O)
                                                      0.355     9.980 r  u_buf/a_buf_reg_0_15_0_5/RAMC/O
                         net (fo=68, routed)          1.324    11.304    u_system/u_gemm/u_buf/buf_a_rdata[4]
    SLICE_X104Y135       LUT6 (Prop_lut6_I0_O)        0.331    11.635 r  u_system/u_gemm/u_buf/p1__0_carry__0_i_3/O
                         net (fo=2, routed)           0.644    12.280    u_system/u_gemm/u_buf/a_wdata_reg[6]_4[1]
    SLICE_X103Y135       LUT6 (Prop_lut6_I0_O)        0.124    12.404 r  u_system/u_gemm/u_buf/p1__0_carry__0_i_7/O
                         net (fo=1, routed)           0.000    12.404    u_system/u_gemm/g_mac4.u_mac/p1__85_carry_i_8_1[1]
    SLICE_X103Y135       CARRY4 (Prop_carry4_S[1]_O[3])
                                                      0.640    13.044 r  u_system/u_gemm/g_mac4.u_mac/p1__0_carry__0/O[3]
                         net (fo=2, routed)           0.869    13.912    u_system/u_gemm/g_mac4.u_mac/p1__0_carry__0_n_4
    SLICE_X101Y136       LUT3 (Prop_lut3_I1_O)        0.331    14.243 r  u_system/u_gemm/g_mac4.u_mac/p1__85_carry__0_i_4/O
                         net (fo=2, routed)           0.447    14.691    u_system/u_gemm/g_mac4.u_mac/p1__85_carry__0_i_4_n_0
    SLICE_X101Y137       LUT4 (Prop_lut4_I3_O)        0.332    15.023 r  u_system/u_gemm/g_mac4.u_mac/p1__85_carry__0_i_8/O
                         net (fo=1, routed)           0.000    15.023    u_system/u_gemm/g_mac4.u_mac/p1__85_carry__0_i_8_n_0
    SLICE_X101Y137       CARRY4 (Prop_carry4_S[0]_CO[3])
                                                      0.532    15.555 r  u_system/u_gemm/g_mac4.u_mac/p1__85_carry__0/CO[3]
                         net (fo=1, routed)           0.000    15.555    u_system/u_gemm/g_mac4.u_mac/p1__85_carry__0_n_0
    SLICE_X101Y138       CARRY4 (Prop_carry4_CI_O[1])
                                                      0.334    15.889 r  u_system/u_gemm/g_mac4.u_mac/p1__85_carry__1/O[1]
                         net (fo=1, routed)           0.685    16.574    u_system/u_gemm/g_mac4.u_mac/p1[13]
    SLICE_X103Y142       LUT2 (Prop_lut2_I1_O)        0.303    16.877 r  u_system/u_gemm/g_mac4.u_mac/acc10_carry__2_i_3/O
                         net (fo=1, routed)           0.000    16.877    u_system/u_gemm/g_mac4.u_mac/acc10_carry__2_i_3_n_0
    SLICE_X103Y142       CARRY4 (Prop_carry4_S[1]_CO[3])
                                                      0.550    17.427 r  u_system/u_gemm/g_mac4.u_mac/acc10_carry__2/CO[3]
                         net (fo=1, routed)           0.000    17.427    u_system/u_gemm/g_mac4.u_mac/acc10_carry__2_n_0
    SLICE_X103Y143       CARRY4 (Prop_carry4_CI_CO[3])
                                                      0.114    17.541 r  u_system/u_gemm/g_mac4.u_mac/acc10_carry__3/CO[3]
                         net (fo=1, routed)           0.000    17.541    u_system/u_gemm/g_mac4.u_mac/acc10_carry__3_n_0
    SLICE_X103Y144       CARRY4 (Prop_carry4_CI_CO[3])
                                                      0.114    17.655 r  u_system/u_gemm/g_mac4.u_mac/acc10_carry__4/CO[3]
                         net (fo=1, routed)           0.000    17.655    u_system/u_gemm/g_mac4.u_mac/acc10_carry__4_n_0
    SLICE_X103Y145       CARRY4 (Prop_carry4_CI_O[1])
                                                      0.334    17.989 r  u_system/u_gemm/g_mac4.u_mac/acc10_carry__5/O[1]
                         net (fo=1, routed)           0.665    18.654    u_system/u_gemm/g_mac4.u_mac/acc10[25]
    SLICE_X102Y145       LUT2 (Prop_lut2_I0_O)        0.329    18.983 r  u_system/u_gemm/g_mac4.u_mac/acc1[25]_i_1/O
                         net (fo=1, routed)           0.000    18.983    u_system/u_gemm/g_mac4.u_mac/acc1[25]
    SLICE_X102Y145       FDRE                                         r  u_system/u_gemm/g_mac4.u_mac/acc1_reg[25]/D
  -------------------------------------------------------------------    -------------------

                         (clock sys_clk_pin rise edge)
                                                     16.000    16.000 r  
    K17                                               0.000    16.000 r  clk (IN)
                         net (fo=0)                   0.000    16.000    clk
    K17                  IBUF (Prop_ibuf_I_O)         1.404    17.404 r  clk_IBUF_inst/O
                         net (fo=1, routed)           2.293    19.697    clk_IBUF
    BUFGCTRL_X0Y16       BUFG (Prop_bufg_I_O)         0.091    19.788 r  clk_IBUF_BUFG_inst/O
                         net (fo=1047, routed)        1.783    21.571    u_system/u_gemm/g_mac4.u_mac/clk_IBUF_BUFG
    SLICE_X102Y145       FDRE                                         r  u_system/u_gemm/g_mac4.u_mac/acc1_reg[25]/C
                         clock pessimism              0.441    22.013    
                         clock uncertainty           -0.035    21.977    
    SLICE_X102Y145       FDRE (Setup_fdre_C_D)        0.118    22.095    u_system/u_gemm/g_mac4.u_mac/acc1_reg[25]
  -------------------------------------------------------------------
                         required time                         22.095    
                         arrival time                         -18.983    
  -------------------------------------------------------------------
                         slack                                  3.113    





Pulse Width Checks
--------------------------------------------------------------------------------------
Clock Name:         sys_clk_pin
Waveform(ns):       { 0.000 8.000 }
Period(ns):         16.000
Sources:            { clk }

Check Type        Corner  Lib Pin             Reference Pin  Required(ns)  Actual(ns)  Slack(ns)  Location       Pin
Min Period        n/a     RAMB36E1/CLKARDCLK  n/a            2.944         16.000      13.056     RAMB36_X4Y26   u_system/mem_reg_0/CLKARDCLK
Min Period        n/a     RAMB36E1/CLKARDCLK  n/a            2.944         16.000      13.056     RAMB36_X4Y27   u_system/mem_reg_1/CLKARDCLK
Min Period        n/a     RAMB36E1/CLKARDCLK  n/a            2.944         16.000      13.056     RAMB36_X4Y28   u_system/mem_reg_2/CLKARDCLK
Min Period        n/a     RAMB36E1/CLKARDCLK  n/a            2.944         16.000      13.056     RAMB36_X4Y29   u_system/mem_reg_3/CLKARDCLK
Min Period        n/a     RAMB36E1/CLKBWRCLK  n/a            2.576         16.000      13.424     RAMB36_X4Y26   u_system/mem_reg_0/CLKBWRCLK
Low Pulse Width   Slow    RAMD32/CLK          n/a            1.250         8.000       6.750      SLICE_X94Y134  u_buf/a_buf_reg_0_15_0_5/RAMA/CLK
Low Pulse Width   Fast    RAMD32/CLK          n/a            1.250         8.000       6.750      SLICE_X94Y134  u_buf/a_buf_reg_0_15_0_5/RAMA/CLK
Low Pulse Width   Slow    RAMD32/CLK          n/a            1.250         8.000       6.750      SLICE_X94Y134  u_buf/a_buf_reg_0_15_0_5/RAMA_D1/CLK
Low Pulse Width   Fast    RAMD32/CLK          n/a            1.250         8.000       6.750      SLICE_X94Y134  u_buf/a_buf_reg_0_15_0_5/RAMA_D1/CLK
Low Pulse Width   Slow    RAMD32/CLK          n/a            1.250         8.000       6.750      SLICE_X94Y134  u_buf/a_buf_reg_0_15_0_5/RAMB/CLK
High Pulse Width  Slow    RAMD32/CLK          n/a            1.250         8.000       6.750      SLICE_X94Y134  u_buf/a_buf_reg_0_15_0_5/RAMA/CLK
High Pulse Width  Fast    RAMD32/CLK          n/a            1.250         8.000       6.750      SLICE_X94Y134  u_buf/a_buf_reg_0_15_0_5/RAMA/CLK
High Pulse Width  Slow    RAMD32/CLK          n/a            1.250         8.000       6.750      SLICE_X94Y134  u_buf/a_buf_reg_0_15_0_5/RAMA_D1/CLK
High Pulse Width  Fast    RAMD32/CLK          n/a            1.250         8.000       6.750      SLICE_X94Y134  u_buf/a_buf_reg_0_15_0_5/RAMA_D1/CLK
High Pulse Width  Slow    RAMD32/CLK          n/a            1.250         8.000       6.750      SLICE_X94Y134  u_buf/a_buf_reg_0_15_0_5/RAMB/CLK



