Copyright 1986-2022 Xilinx, Inc. All Rights Reserved. Copyright 2022-2024 Advanced Micro Devices, Inc. All Rights Reserved.
----------------------------------------------------------------------------------------------------------------------------------------------------------------------------------------------------
| Tool Version : Vivado v.2024.2 (lin64) Build 5239630 Fri Nov 08 22:34:34 MST 2024
| Date         : Wed Jun 17 03:52:06 2026
| Host         : young-PC running 64-bit Ubuntu 24.04.4 LTS
| Command      : report_timing_summary -delay_type max -max_paths 5 -file /home/young/dev/20_digital-systems-lab/projects/simple-cpu-gemm-accelerator/fpga/reports/mode4/66_7mhz_timing_summary.rpt
| Design       : zybo_top
| Device       : 7z020-clg400
| Speed File   : -1  PRODUCTION 1.12 2019-11-22
| Design State : Routed
----------------------------------------------------------------------------------------------------------------------------------------------------------------------------------------------------

Timing Summary Report

------------------------------------------------------------------------------------------------
| Timer Settings
| --------------
------------------------------------------------------------------------------------------------

  Enable Multi Corner Analysis               :  Yes
  Enable Pessimism Removal                   :  Yes
  Pessimism Removal Resolution               :  Nearest Common Node
  Enable Input Delay Default Clock           :  No
  Enable Preset / Clear Arcs                 :  No
  Disable Flight Delays                      :  No
  Ignore I/O Paths                           :  No
  Timing Early Launch at Borrowing Latches   :  No
  Borrow Time for Max Delay Exceptions       :  Yes
  Merge Timing Exceptions                    :  Yes
  Inter-SLR Compensation                     :  Conservative

  Corner  Analyze    Analyze    
  Name    Max Paths  Min Paths  
  ------  ---------  ---------  
  Slow    Yes        Yes        
  Fast    Yes        Yes        


------------------------------------------------------------------------------------------------
| Report Methodology
| ------------------
------------------------------------------------------------------------------------------------

Rule       Severity  Description                                 Violations  
---------  --------  ------------------------------------------  ----------  
SYNTH-6    Warning   Timing of a RAM block might be sub-optimal  4           
TIMING-18  Warning   Missing input or output delay               5           

Note: This report is based on the most recent report_methodology run and may not be up-to-date. Run report_methodology on the current design for the latest report.



check_timing report

Table of Contents
-----------------
1. checking no_clock (0)
2. checking constant_clock (0)
3. checking pulse_width_clock (0)
4. checking unconstrained_internal_endpoints (0)
5. checking no_input_delay (1)
6. checking no_output_delay (4)
7. checking multiple_clock (0)
8. checking generated_clocks (0)
9. checking loops (0)
10. checking partial_input_delay (0)
11. checking partial_output_delay (0)
12. checking latch_loops (0)

1. checking no_clock (0)
------------------------
 There are 0 register/latch pins with no clock.


2. checking constant_clock (0)
------------------------------
 There are 0 register/latch pins with constant_clock.


3. checking pulse_width_clock (0)
---------------------------------
 There are 0 register/latch pins which need pulse_width check


4. checking unconstrained_internal_endpoints (0)
------------------------------------------------
 There are 0 pins that are not constrained for maximum delay.

 There are 0 pins that are not constrained for maximum delay due to constant clock.


5. checking no_input_delay (1)
------------------------------
 There is 1 input port with no input delay specified. (HIGH)

 There are 0 input ports with no input delay but user has a false path constraint.


6. checking no_output_delay (4)
-------------------------------
 There are 4 ports with no output delay specified. (HIGH)

 There are 0 ports with no output delay but user has a false path constraint

 There are 0 ports with no output delay but with a timing clock defined on it or propagating through it


7. checking multiple_clock (0)
------------------------------
 There are 0 register/latch pins with multiple clocks.


8. checking generated_clocks (0)
--------------------------------
 There are 0 generated clocks that are not connected to a clock source.


9. checking loops (0)
---------------------
 There are 0 combinational loops in the design.


10. checking partial_input_delay (0)
------------------------------------
 There are 0 input ports with partial input delay specified.


11. checking partial_output_delay (0)
-------------------------------------
 There are 0 ports with partial output delay specified.


12. checking latch_loops (0)
----------------------------
 There are 0 combinational latch loops in the design through latch input



------------------------------------------------------------------------------------------------
| Design Timing Summary
| ---------------------
------------------------------------------------------------------------------------------------

    WNS(ns)      TNS(ns)  TNS Failing Endpoints  TNS Total Endpoints     WPWS(ns)     TPWS(ns)  TPWS Failing Endpoints  TPWS Total Endpoints  
    -------      -------  ---------------------  -------------------     --------     --------  ----------------------  --------------------  
      2.255        0.000                      0                 2910        6.250        0.000                       0                  1048  


All user specified timing constraints are met.


------------------------------------------------------------------------------------------------
| Clock Summary
| -------------
------------------------------------------------------------------------------------------------

Clock        Waveform(ns)       Period(ns)      Frequency(MHz)
-----        ------------       ----------      --------------
sys_clk_pin  {0.000 7.500}      15.000          66.667          


------------------------------------------------------------------------------------------------
| Intra Clock Table
| -----------------
------------------------------------------------------------------------------------------------

Clock             WNS(ns)      TNS(ns)  TNS Failing Endpoints  TNS Total Endpoints     WPWS(ns)     TPWS(ns)  TPWS Failing Endpoints  TPWS Total Endpoints  
-----             -------      -------  ---------------------  -------------------     --------     --------  ----------------------  --------------------  
sys_clk_pin         2.255        0.000                      0                 2910        6.250        0.000                       0                  1048  


------------------------------------------------------------------------------------------------
| Inter Clock Table
| -----------------
------------------------------------------------------------------------------------------------

From Clock    To Clock          WNS(ns)      TNS(ns)  TNS Failing Endpoints  TNS Total Endpoints  
----------    --------          -------      -------  ---------------------  -------------------  


------------------------------------------------------------------------------------------------
| Other Path Groups Table
| -----------------------
------------------------------------------------------------------------------------------------

Path Group    From Clock    To Clock          WNS(ns)      TNS(ns)  TNS Failing Endpoints  TNS Total Endpoints  
----------    ----------    --------          -------      -------  ---------------------  -------------------  


------------------------------------------------------------------------------------------------
| Timing Details
| --------------
------------------------------------------------------------------------------------------------


---------------------------------------------------------------------------------------------------
From Clock:  sys_clk_pin
  To Clock:  sys_clk_pin

Setup :            0  Failing Endpoints,  Worst Slack        2.255ns,  Total Violation        0.000ns
Hold  :           NA  Failing Endpoints,  Worst Slack           NA  ,  Total Violation           NA
PW    :            0  Failing Endpoints,  Worst Slack        6.250ns,  Total Violation        0.000ns
---------------------------------------------------------------------------------------------------


Max Delay Paths
--------------------------------------------------------------------------------------
Slack (MET) :             2.255ns  (required time - arrival time)
  Source:                 u_system/u_gemm/g_mac4.u_mac/i_reg[0]/C
                            (rising edge-triggered cell FDRE clocked by sys_clk_pin  {rise@0.000ns fall@7.500ns period=15.000ns})
  Destination:            u_system/u_gemm/g_mac4.u_mac/acc3_reg[29]/D
                            (rising edge-triggered cell FDRE clocked by sys_clk_pin  {rise@0.000ns fall@7.500ns period=15.000ns})
  Path Group:             sys_clk_pin
  Path Type:              Setup (Max at Slow Process Corner)
  Requirement:            15.000ns  (sys_clk_pin rise@15.000ns - sys_clk_pin rise@0.000ns)
  Data Path Delay:        12.773ns  (logic 5.496ns (43.027%)  route 7.277ns (56.973%))
  Logic Levels:           17  (CARRY4=8 LUT2=2 LUT3=1 LUT4=2 LUT6=3 RAMD32=1)
  Clock Path Skew:        -0.054ns (DCD - SCD + CPR)
    Destination Clock Delay (DCD):    5.570ns = ( 20.570 - 15.000 ) 
    Source Clock Delay      (SCD):    6.066ns
    Clock Pessimism Removal (CPR):    0.441ns
  Clock Uncertainty:      0.035ns  ((TSJ^2 + TIJ^2)^1/2 + DJ) / 2 + PE
    Total System Jitter     (TSJ):    0.071ns
    Total Input Jitter      (TIJ):    0.000ns
    Discrete Jitter          (DJ):    0.000ns
    Phase Error              (PE):    0.000ns

    Location             Delay type                Incr(ns)  Path(ns)    Netlist Resource(s)
  -------------------------------------------------------------------    -------------------
                         (clock sys_clk_pin rise edge)
                                                      0.000     0.000 r  
    K17                                               0.000     0.000 r  clk (IN)
                         net (fo=0)                   0.000     0.000    clk
    K17                  IBUF (Prop_ibuf_I_O)         1.475     1.475 r  clk_IBUF_inst/O
                         net (fo=1, routed)           2.522     3.997    clk_IBUF
    BUFGCTRL_X0Y16       BUFG (Prop_bufg_I_O)         0.101     4.098 r  clk_IBUF_BUFG_inst/O
                         net (fo=1047, routed)        1.968     6.066    u_system/u_gemm/g_mac4.u_mac/clk_IBUF_BUFG
    SLICE_X94Y133        FDRE                                         r  u_system/u_gemm/g_mac4.u_mac/i_reg[0]/C
  -------------------------------------------------------------------    -------------------
    SLICE_X94Y133        FDRE (Prop_fdre_C_Q)         0.518     6.584 r  u_system/u_gemm/g_mac4.u_mac/i_reg[0]/Q
                         net (fo=14, routed)          1.019     7.603    u_system/u_gemm/g_mac4.u_mac/i[0]
    SLICE_X97Y131        LUT6 (Prop_lut6_I0_O)        0.124     7.727 r  u_system/u_gemm/g_mac4.u_mac/a_buf_reg_0_15_0_5_i_5/O
                         net (fo=2, routed)           0.654     8.381    u_system/u_gemm/g_mac4.u_mac/a_buf_reg_0_15_0_5_i_5_n_0
    SLICE_X94Y131        LUT4 (Prop_lut4_I0_O)        0.148     8.529 r  u_system/u_gemm/g_mac4.u_mac/a_buf_reg_0_15_0_5_i_1/O
                         net (fo=8, routed)           0.777     9.306    u_buf/a_buf_reg_0_15_0_5/ADDRC3
    SLICE_X94Y134        RAMD32 (Prop_ramd32_RADR3_O)
                                                      0.357     9.663 r  u_buf/a_buf_reg_0_15_0_5/RAMC/O
                         net (fo=68, routed)          1.309    10.971    u_system/u_gemm/u_buf/buf_a_rdata[4]
    SLICE_X104Y135       LUT6 (Prop_lut6_I1_O)        0.331    11.302 r  u_system/u_gemm/u_buf/p3__0_carry__0_i_3/O
                         net (fo=2, routed)           0.595    11.897    u_system/u_gemm/u_buf/b_we_reg[1]
    SLICE_X102Y135       LUT6 (Prop_lut6_I0_O)        0.124    12.021 r  u_system/u_gemm/u_buf/p3__0_carry__0_i_7/O
                         net (fo=1, routed)           0.000    12.021    u_system/u_gemm/g_mac4.u_mac/p3__85_carry_i_8_1[1]
    SLICE_X102Y135       CARRY4 (Prop_carry4_S[1]_O[3])
                                                      0.643    12.664 r  u_system/u_gemm/g_mac4.u_mac/p3__0_carry__0/O[3]
                         net (fo=2, routed)           1.019    13.683    u_system/u_gemm/g_mac4.u_mac/p3__0_carry__0_n_4
    SLICE_X98Y140        LUT3 (Prop_lut3_I1_O)        0.332    14.015 r  u_system/u_gemm/g_mac4.u_mac/p3__85_carry__0_i_4/O
                         net (fo=2, routed)           0.607    14.622    u_system/u_gemm/g_mac4.u_mac/p3__85_carry__0_i_4_n_0
    SLICE_X98Y141        LUT4 (Prop_lut4_I3_O)        0.355    14.977 r  u_system/u_gemm/g_mac4.u_mac/p3__85_carry__0_i_8/O
                         net (fo=1, routed)           0.000    14.977    u_system/u_gemm/g_mac4.u_mac/p3__85_carry__0_i_8_n_0
    SLICE_X98Y141        CARRY4 (Prop_carry4_S[0]_CO[3])
                                                      0.513    15.490 r  u_system/u_gemm/g_mac4.u_mac/p3__85_carry__0/CO[3]
                         net (fo=1, routed)           0.000    15.490    u_system/u_gemm/g_mac4.u_mac/p3__85_carry__0_n_0
    SLICE_X98Y142        CARRY4 (Prop_carry4_CI_O[0])
                                                      0.219    15.709 r  u_system/u_gemm/g_mac4.u_mac/p3__85_carry__1/O[0]
                         net (fo=1, routed)           0.701    16.409    u_system/u_gemm/g_mac4.u_mac/p3[12]
    SLICE_X97Y142        LUT2 (Prop_lut2_I1_O)        0.295    16.704 r  u_system/u_gemm/g_mac4.u_mac/acc30_carry__2_i_4/O
                         net (fo=1, routed)           0.000    16.704    u_system/u_gemm/g_mac4.u_mac/acc30_carry__2_i_4_n_0
    SLICE_X97Y142        CARRY4 (Prop_carry4_S[0]_CO[3])
                                                      0.532    17.236 r  u_system/u_gemm/g_mac4.u_mac/acc30_carry__2/CO[3]
                         net (fo=1, routed)           0.000    17.236    u_system/u_gemm/g_mac4.u_mac/acc30_carry__2_n_0
    SLICE_X97Y143        CARRY4 (Prop_carry4_CI_CO[3])
                                                      0.114    17.350 r  u_system/u_gemm/g_mac4.u_mac/acc30_carry__3/CO[3]
                         net (fo=1, routed)           0.000    17.350    u_system/u_gemm/g_mac4.u_mac/acc30_carry__3_n_0
    SLICE_X97Y144        CARRY4 (Prop_carry4_CI_CO[3])
                                                      0.114    17.464 r  u_system/u_gemm/g_mac4.u_mac/acc30_carry__4/CO[3]
                         net (fo=1, routed)           0.000    17.464    u_system/u_gemm/g_mac4.u_mac/acc30_carry__4_n_0
    SLICE_X97Y145        CARRY4 (Prop_carry4_CI_CO[3])
                                                      0.114    17.578 r  u_system/u_gemm/g_mac4.u_mac/acc30_carry__5/CO[3]
                         net (fo=1, routed)           0.000    17.578    u_system/u_gemm/g_mac4.u_mac/acc30_carry__5_n_0
    SLICE_X97Y146        CARRY4 (Prop_carry4_CI_O[1])
                                                      0.334    17.912 r  u_system/u_gemm/g_mac4.u_mac/acc30_carry__6/O[1]
                         net (fo=1, routed)           0.598    18.510    u_system/u_gemm/g_mac4.u_mac/acc30[29]
    SLICE_X98Y146        LUT2 (Prop_lut2_I0_O)        0.329    18.839 r  u_system/u_gemm/g_mac4.u_mac/acc3[29]_i_1/O
                         net (fo=1, routed)           0.000    18.839    u_system/u_gemm/g_mac4.u_mac/acc3[29]
    SLICE_X98Y146        FDRE                                         r  u_system/u_gemm/g_mac4.u_mac/acc3_reg[29]/D
  -------------------------------------------------------------------    -------------------

                         (clock sys_clk_pin rise edge)
                                                     15.000    15.000 r  
    K17                                               0.000    15.000 r  clk (IN)
                         net (fo=0)                   0.000    15.000    clk
    K17                  IBUF (Prop_ibuf_I_O)         1.404    16.404 r  clk_IBUF_inst/O
                         net (fo=1, routed)           2.293    18.697    clk_IBUF
    BUFGCTRL_X0Y16       BUFG (Prop_bufg_I_O)         0.091    18.788 r  clk_IBUF_BUFG_inst/O
                         net (fo=1047, routed)        1.782    20.570    u_system/u_gemm/g_mac4.u_mac/clk_IBUF_BUFG
    SLICE_X98Y146        FDRE                                         r  u_system/u_gemm/g_mac4.u_mac/acc3_reg[29]/C
                         clock pessimism              0.441    21.012    
                         clock uncertainty           -0.035    20.976    
    SLICE_X98Y146        FDRE (Setup_fdre_C_D)        0.118    21.094    u_system/u_gemm/g_mac4.u_mac/acc3_reg[29]
  -------------------------------------------------------------------
                         required time                         21.094    
                         arrival time                         -18.839    
  -------------------------------------------------------------------
                         slack                                  2.255    

Slack (MET) :             2.256ns  (required time - arrival time)
  Source:                 u_system/u_gemm/g_mac4.u_mac/i_reg[0]/C
                            (rising edge-triggered cell FDRE clocked by sys_clk_pin  {rise@0.000ns fall@7.500ns period=15.000ns})
  Destination:            u_system/u_gemm/g_mac4.u_mac/acc3_reg[31]/D
                            (rising edge-triggered cell FDRE clocked by sys_clk_pin  {rise@0.000ns fall@7.500ns period=15.000ns})
  Path Group:             sys_clk_pin
  Path Type:              Setup (Max at Slow Process Corner)
  Requirement:            15.000ns  (sys_clk_pin rise@15.000ns - sys_clk_pin rise@0.000ns)
  Data Path Delay:        12.773ns  (logic 5.477ns (42.880%)  route 7.296ns (57.120%))
  Logic Levels:           17  (CARRY4=8 LUT2=2 LUT3=1 LUT4=2 LUT6=3 RAMD32=1)
  Clock Path Skew:        -0.054ns (DCD - SCD + CPR)
    Destination Clock Delay (DCD):    5.570ns = ( 20.570 - 15.000 ) 
    Source Clock Delay      (SCD):    6.066ns
    Clock Pessimism Removal (CPR):    0.441ns
  Clock Uncertainty:      0.035ns  ((TSJ^2 + TIJ^2)^1/2 + DJ) / 2 + PE
    Total System Jitter     (TSJ):    0.071ns
    Total Input Jitter      (TIJ):    0.000ns
    Discrete Jitter          (DJ):    0.000ns
    Phase Error              (PE):    0.000ns

    Location             Delay type                Incr(ns)  Path(ns)    Netlist Resource(s)
  -------------------------------------------------------------------    -------------------
                         (clock sys_clk_pin rise edge)
                                                      0.000     0.000 r  
    K17                                               0.000     0.000 r  clk (IN)
                         net (fo=0)                   0.000     0.000    clk
    K17                  IBUF (Prop_ibuf_I_O)         1.475     1.475 r  clk_IBUF_inst/O
                         net (fo=1, routed)           2.522     3.997    clk_IBUF
    BUFGCTRL_X0Y16       BUFG (Prop_bufg_I_O)         0.101     4.098 r  clk_IBUF_BUFG_inst/O
                         net (fo=1047, routed)        1.968     6.066    u_system/u_gemm/g_mac4.u_mac/clk_IBUF_BUFG
    SLICE_X94Y133        FDRE                                         r  u_system/u_gemm/g_mac4.u_mac/i_reg[0]/C
  -------------------------------------------------------------------    -------------------
    SLICE_X94Y133        FDRE (Prop_fdre_C_Q)         0.518     6.584 r  u_system/u_gemm/g_mac4.u_mac/i_reg[0]/Q
                         net (fo=14, routed)          1.019     7.603    u_system/u_gemm/g_mac4.u_mac/i[0]
    SLICE_X97Y131        LUT6 (Prop_lut6_I0_O)        0.124     7.727 r  u_system/u_gemm/g_mac4.u_mac/a_buf_reg_0_15_0_5_i_5/O
                         net (fo=2, routed)           0.654     8.381    u_system/u_gemm/g_mac4.u_mac/a_buf_reg_0_15_0_5_i_5_n_0
    SLICE_X94Y131        LUT4 (Prop_lut4_I0_O)        0.148     8.529 r  u_system/u_gemm/g_mac4.u_mac/a_buf_reg_0_15_0_5_i_1/O
                         net (fo=8, routed)           0.777     9.306    u_buf/a_buf_reg_0_15_0_5/ADDRC3
    SLICE_X94Y134        RAMD32 (Prop_ramd32_RADR3_O)
                                                      0.357     9.663 r  u_buf/a_buf_reg_0_15_0_5/RAMC/O
                         net (fo=68, routed)          1.309    10.971    u_system/u_gemm/u_buf/buf_a_rdata[4]
    SLICE_X104Y135       LUT6 (Prop_lut6_I1_O)        0.331    11.302 r  u_system/u_gemm/u_buf/p3__0_carry__0_i_3/O
                         net (fo=2, routed)           0.595    11.897    u_system/u_gemm/u_buf/b_we_reg[1]
    SLICE_X102Y135       LUT6 (Prop_lut6_I0_O)        0.124    12.021 r  u_system/u_gemm/u_buf/p3__0_carry__0_i_7/O
                         net (fo=1, routed)           0.000    12.021    u_system/u_gemm/g_mac4.u_mac/p3__85_carry_i_8_1[1]
    SLICE_X102Y135       CARRY4 (Prop_carry4_S[1]_O[3])
                                                      0.643    12.664 r  u_system/u_gemm/g_mac4.u_mac/p3__0_carry__0/O[3]
                         net (fo=2, routed)           1.019    13.683    u_system/u_gemm/g_mac4.u_mac/p3__0_carry__0_n_4
    SLICE_X98Y140        LUT3 (Prop_lut3_I1_O)        0.332    14.015 r  u_system/u_gemm/g_mac4.u_mac/p3__85_carry__0_i_4/O
                         net (fo=2, routed)           0.607    14.622    u_system/u_gemm/g_mac4.u_mac/p3__85_carry__0_i_4_n_0
    SLICE_X98Y141        LUT4 (Prop_lut4_I3_O)        0.355    14.977 r  u_system/u_gemm/g_mac4.u_mac/p3__85_carry__0_i_8/O
                         net (fo=1, routed)           0.000    14.977    u_system/u_gemm/g_mac4.u_mac/p3__85_carry__0_i_8_n_0
    SLICE_X98Y141        CARRY4 (Prop_carry4_S[0]_CO[3])
                                                      0.513    15.490 r  u_system/u_gemm/g_mac4.u_mac/p3__85_carry__0/CO[3]
                         net (fo=1, routed)           0.000    15.490    u_system/u_gemm/g_mac4.u_mac/p3__85_carry__0_n_0
    SLICE_X98Y142        CARRY4 (Prop_carry4_CI_O[0])
                                                      0.219    15.709 r  u_system/u_gemm/g_mac4.u_mac/p3__85_carry__1/O[0]
                         net (fo=1, routed)           0.701    16.409    u_system/u_gemm/g_mac4.u_mac/p3[12]
    SLICE_X97Y142        LUT2 (Prop_lut2_I1_O)        0.295    16.704 r  u_system/u_gemm/g_mac4.u_mac/acc30_carry__2_i_4/O
                         net (fo=1, routed)           0.000    16.704    u_system/u_gemm/g_mac4.u_mac/acc30_carry__2_i_4_n_0
    SLICE_X97Y142        CARRY4 (Prop_carry4_S[0]_CO[3])
                                                      0.532    17.236 r  u_system/u_gemm/g_mac4.u_mac/acc30_carry__2/CO[3]
                         net (fo=1, routed)           0.000    17.236    u_system/u_gemm/g_mac4.u_mac/acc30_carry__2_n_0
    SLICE_X97Y143        CARRY4 (Prop_carry4_CI_CO[3])
                                                      0.114    17.350 r  u_system/u_gemm/g_mac4.u_mac/acc30_carry__3/CO[3]
                         net (fo=1, routed)           0.000    17.350    u_system/u_gemm/g_mac4.u_mac/acc30_carry__3_n_0
    SLICE_X97Y144        CARRY4 (Prop_carry4_CI_CO[3])
                                                      0.114    17.464 r  u_system/u_gemm/g_mac4.u_mac/acc30_carry__4/CO[3]
                         net (fo=1, routed)           0.000    17.464    u_system/u_gemm/g_mac4.u_mac/acc30_carry__4_n_0
    SLICE_X97Y145        CARRY4 (Prop_carry4_CI_CO[3])
                                                      0.114    17.578 r  u_system/u_gemm/g_mac4.u_mac/acc30_carry__5/CO[3]
                         net (fo=1, routed)           0.000    17.578    u_system/u_gemm/g_mac4.u_mac/acc30_carry__5_n_0
    SLICE_X97Y146        CARRY4 (Prop_carry4_CI_O[3])
                                                      0.313    17.891 r  u_system/u_gemm/g_mac4.u_mac/acc30_carry__6/O[3]
                         net (fo=1, routed)           0.616    18.508    u_system/u_gemm/g_mac4.u_mac/acc30[31]
    SLICE_X98Y146        LUT2 (Prop_lut2_I0_O)        0.331    18.839 r  u_system/u_gemm/g_mac4.u_mac/acc3[31]_i_2/O
                         net (fo=1, routed)           0.000    18.839    u_system/u_gemm/g_mac4.u_mac/acc3[31]
    SLICE_X98Y146        FDRE                                         r  u_system/u_gemm/g_mac4.u_mac/acc3_reg[31]/D
  -------------------------------------------------------------------    -------------------

                         (clock sys_clk_pin rise edge)
                                                     15.000    15.000 r  
    K17                                               0.000    15.000 r  clk (IN)
                         net (fo=0)                   0.000    15.000    clk
    K17                  IBUF (Prop_ibuf_I_O)         1.404    16.404 r  clk_IBUF_inst/O
                         net (fo=1, routed)           2.293    18.697    clk_IBUF
    BUFGCTRL_X0Y16       BUFG (Prop_bufg_I_O)         0.091    18.788 r  clk_IBUF_BUFG_inst/O
                         net (fo=1047, routed)        1.782    20.570    u_system/u_gemm/g_mac4.u_mac/clk_IBUF_BUFG
    SLICE_X98Y146        FDRE                                         r  u_system/u_gemm/g_mac4.u_mac/acc3_reg[31]/C
                         clock pessimism              0.441    21.012    
                         clock uncertainty           -0.035    20.976    
    SLICE_X98Y146        FDRE (Setup_fdre_C_D)        0.118    21.094    u_system/u_gemm/g_mac4.u_mac/acc3_reg[31]
  -------------------------------------------------------------------
                         required time                         21.094    
                         arrival time                         -18.839    
  -------------------------------------------------------------------
                         slack                                  2.256    

Slack (MET) :             2.367ns  (required time - arrival time)
  Source:                 u_system/u_gemm/g_mac4.u_mac/i_reg[0]/C
                            (rising edge-triggered cell FDRE clocked by sys_clk_pin  {rise@0.000ns fall@7.500ns period=15.000ns})
  Destination:            u_system/u_gemm/g_mac4.u_mac/acc3_reg[28]/D
                            (rising edge-triggered cell FDRE clocked by sys_clk_pin  {rise@0.000ns fall@7.500ns period=15.000ns})
  Path Group:             sys_clk_pin
  Path Type:              Setup (Max at Slow Process Corner)
  Requirement:            15.000ns  (sys_clk_pin rise@15.000ns - sys_clk_pin rise@0.000ns)
  Data Path Delay:        12.661ns  (logic 5.380ns (42.492%)  route 7.281ns (57.508%))
  Logic Levels:           17  (CARRY4=8 LUT2=2 LUT3=1 LUT4=2 LUT6=3 RAMD32=1)
  Clock Path Skew:        -0.054ns (DCD - SCD + CPR)
    Destination Clock Delay (DCD):    5.570ns = ( 20.570 - 15.000 ) 
    Source Clock Delay      (SCD):    6.066ns
    Clock Pessimism Removal (CPR):    0.441ns
  Clock Uncertainty:      0.035ns  ((TSJ^2 + TIJ^2)^1/2 + DJ) / 2 + PE
    Total System Jitter     (TSJ):    0.071ns
    Total Input Jitter      (TIJ):    0.000ns
    Discrete Jitter          (DJ):    0.000ns
    Phase Error              (PE):    0.000ns

    Location             Delay type                Incr(ns)  Path(ns)    Netlist Resource(s)
  -------------------------------------------------------------------    -------------------
                         (clock sys_clk_pin rise edge)
                                                      0.000     0.000 r  
    K17                                               0.000     0.000 r  clk (IN)
                         net (fo=0)                   0.000     0.000    clk
    K17                  IBUF (Prop_ibuf_I_O)         1.475     1.475 r  clk_IBUF_inst/O
                         net (fo=1, routed)           2.522     3.997    clk_IBUF
    BUFGCTRL_X0Y16       BUFG (Prop_bufg_I_O)         0.101     4.098 r  clk_IBUF_BUFG_inst/O
                         net (fo=1047, routed)        1.968     6.066    u_system/u_gemm/g_mac4.u_mac/clk_IBUF_BUFG
    SLICE_X94Y133        FDRE                                         r  u_system/u_gemm/g_mac4.u_mac/i_reg[0]/C
  -------------------------------------------------------------------    -------------------
    SLICE_X94Y133        FDRE (Prop_fdre_C_Q)         0.518     6.584 r  u_system/u_gemm/g_mac4.u_mac/i_reg[0]/Q
                         net (fo=14, routed)          1.019     7.603    u_system/u_gemm/g_mac4.u_mac/i[0]
    SLICE_X97Y131        LUT6 (Prop_lut6_I0_O)        0.124     7.727 r  u_system/u_gemm/g_mac4.u_mac/a_buf_reg_0_15_0_5_i_5/O
                         net (fo=2, routed)           0.654     8.381    u_system/u_gemm/g_mac4.u_mac/a_buf_reg_0_15_0_5_i_5_n_0
    SLICE_X94Y131        LUT4 (Prop_lut4_I0_O)        0.148     8.529 r  u_system/u_gemm/g_mac4.u_mac/a_buf_reg_0_15_0_5_i_1/O
                         net (fo=8, routed)           0.777     9.306    u_buf/a_buf_reg_0_15_0_5/ADDRC3
    SLICE_X94Y134        RAMD32 (Prop_ramd32_RADR3_O)
                                                      0.357     9.663 r  u_buf/a_buf_reg_0_15_0_5/RAMC/O
                         net (fo=68, routed)          1.309    10.971    u_system/u_gemm/u_buf/buf_a_rdata[4]
    SLICE_X104Y135       LUT6 (Prop_lut6_I1_O)        0.331    11.302 r  u_system/u_gemm/u_buf/p3__0_carry__0_i_3/O
                         net (fo=2, routed)           0.595    11.897    u_system/u_gemm/u_buf/b_we_reg[1]
    SLICE_X102Y135       LUT6 (Prop_lut6_I0_O)        0.124    12.021 r  u_system/u_gemm/u_buf/p3__0_carry__0_i_7/O
                         net (fo=1, routed)           0.000    12.021    u_system/u_gemm/g_mac4.u_mac/p3__85_carry_i_8_1[1]
    SLICE_X102Y135       CARRY4 (Prop_carry4_S[1]_O[3])
                                                      0.643    12.664 r  u_system/u_gemm/g_mac4.u_mac/p3__0_carry__0/O[3]
                         net (fo=2, routed)           1.019    13.683    u_system/u_gemm/g_mac4.u_mac/p3__0_carry__0_n_4
    SLICE_X98Y140        LUT3 (Prop_lut3_I1_O)        0.332    14.015 r  u_system/u_gemm/g_mac4.u_mac/p3__85_carry__0_i_4/O
                         net (fo=2, routed)           0.607    14.622    u_system/u_gemm/g_mac4.u_mac/p3__85_carry__0_i_4_n_0
    SLICE_X98Y141        LUT4 (Prop_lut4_I3_O)        0.355    14.977 r  u_system/u_gemm/g_mac4.u_mac/p3__85_carry__0_i_8/O
                         net (fo=1, routed)           0.000    14.977    u_system/u_gemm/g_mac4.u_mac/p3__85_carry__0_i_8_n_0
    SLICE_X98Y141        CARRY4 (Prop_carry4_S[0]_CO[3])
                                                      0.513    15.490 r  u_system/u_gemm/g_mac4.u_mac/p3__85_carry__0/CO[3]
                         net (fo=1, routed)           0.000    15.490    u_system/u_gemm/g_mac4.u_mac/p3__85_carry__0_n_0
    SLICE_X98Y142        CARRY4 (Prop_carry4_CI_O[0])
                                                      0.219    15.709 r  u_system/u_gemm/g_mac4.u_mac/p3__85_carry__1/O[0]
                         net (fo=1, routed)           0.701    16.409    u_system/u_gemm/g_mac4.u_mac/p3[12]
    SLICE_X97Y142        LUT2 (Prop_lut2_I1_O)        0.295    16.704 r  u_system/u_gemm/g_mac4.u_mac/acc30_carry__2_i_4/O
                         net (fo=1, routed)           0.000    16.704    u_system/u_gemm/g_mac4.u_mac/acc30_carry__2_i_4_n_0
    SLICE_X97Y142        CARRY4 (Prop_carry4_S[0]_CO[3])
                                                      0.532    17.236 r  u_system/u_gemm/g_mac4.u_mac/acc30_carry__2/CO[3]
                         net (fo=1, routed)           0.000    17.236    u_system/u_gemm/g_mac4.u_mac/acc30_carry__2_n_0
    SLICE_X97Y143        CARRY4 (Prop_carry4_CI_CO[3])
                                                      0.114    17.350 r  u_system/u_gemm/g_mac4.u_mac/acc30_carry__3/CO[3]
                         net (fo=1, routed)           0.000    17.350    u_system/u_gemm/g_mac4.u_mac/acc30_carry__3_n_0
    SLICE_X97Y144        CARRY4 (Prop_carry4_CI_CO[3])
                                                      0.114    17.464 r  u_system/u_gemm/g_mac4.u_mac/acc30_carry__4/CO[3]
                         net (fo=1, routed)           0.000    17.464    u_system/u_gemm/g_mac4.u_mac/acc30_carry__4_n_0
    SLICE_X97Y145        CARRY4 (Prop_carry4_CI_CO[3])
                                                      0.114    17.578 r  u_system/u_gemm/g_mac4.u_mac/acc30_carry__5/CO[3]
                         net (fo=1, routed)           0.000    17.578    u_system/u_gemm/g_mac4.u_mac/acc30_carry__5_n_0
    SLICE_X97Y146        CARRY4 (Prop_carry4_CI_O[0])
                                                      0.222    17.800 r  u_system/u_gemm/g_mac4.u_mac/acc30_carry__6/O[0]
                         net (fo=1, routed)           0.602    18.402    u_system/u_gemm/g_mac4.u_mac/acc30[28]
    SLICE_X98Y146        LUT2 (Prop_lut2_I0_O)        0.325    18.727 r  u_system/u_gemm/g_mac4.u_mac/acc3[28]_i_1/O
                         net (fo=1, routed)           0.000    18.727    u_system/u_gemm/g_mac4.u_mac/acc3[28]
    SLICE_X98Y146        FDRE                                         r  u_system/u_gemm/g_mac4.u_mac/acc3_reg[28]/D
  -------------------------------------------------------------------    -------------------

                         (clock sys_clk_pin rise edge)
                                                     15.000    15.000 r  
    K17                                               0.000    15.000 r  clk (IN)
                         net (fo=0)                   0.000    15.000    clk
    K17                  IBUF (Prop_ibuf_I_O)         1.404    16.404 r  clk_IBUF_inst/O
                         net (fo=1, routed)           2.293    18.697    clk_IBUF
    BUFGCTRL_X0Y16       BUFG (Prop_bufg_I_O)         0.091    18.788 r  clk_IBUF_BUFG_inst/O
                         net (fo=1047, routed)        1.782    20.570    u_system/u_gemm/g_mac4.u_mac/clk_IBUF_BUFG
    SLICE_X98Y146        FDRE                                         r  u_system/u_gemm/g_mac4.u_mac/acc3_reg[28]/C
                         clock pessimism              0.441    21.012    
                         clock uncertainty           -0.035    20.976    
    SLICE_X98Y146        FDRE (Setup_fdre_C_D)        0.118    21.094    u_system/u_gemm/g_mac4.u_mac/acc3_reg[28]
  -------------------------------------------------------------------
                         required time                         21.094    
                         arrival time                         -18.727    
  -------------------------------------------------------------------
                         slack                                  2.367    

Slack (MET) :             2.369ns  (required time - arrival time)
  Source:                 u_system/u_gemm/g_mac4.u_mac/i_reg[0]/C
                            (rising edge-triggered cell FDRE clocked by sys_clk_pin  {rise@0.000ns fall@7.500ns period=15.000ns})
  Destination:            u_system/u_gemm/g_mac4.u_mac/acc3_reg[25]/D
                            (rising edge-triggered cell FDRE clocked by sys_clk_pin  {rise@0.000ns fall@7.500ns period=15.000ns})
  Path Group:             sys_clk_pin
  Path Type:              Setup (Max at Slow Process Corner)
  Requirement:            15.000ns  (sys_clk_pin rise@15.000ns - sys_clk_pin rise@0.000ns)
  Data Path Delay:        12.659ns  (logic 5.382ns (42.514%)  route 7.277ns (57.486%))
  Logic Levels:           16  (CARRY4=7 LUT2=2 LUT3=1 LUT4=2 LUT6=3 RAMD32=1)
  Clock Path Skew:        -0.054ns (DCD - SCD + CPR)
    Destination Clock Delay (DCD):    5.570ns = ( 20.570 - 15.000 ) 
    Source Clock Delay      (SCD):    6.066ns
    Clock Pessimism Removal (CPR):    0.441ns
  Clock Uncertainty:      0.035ns  ((TSJ^2 + TIJ^2)^1/2 + DJ) / 2 + PE
    Total System Jitter     (TSJ):    0.071ns
    Total Input Jitter      (TIJ):    0.000ns
    Discrete Jitter          (DJ):    0.000ns
    Phase Error              (PE):    0.000ns

    Location             Delay type                Incr(ns)  Path(ns)    Netlist Resource(s)
  -------------------------------------------------------------------    -------------------
                         (clock sys_clk_pin rise edge)
                                                      0.000     0.000 r  
    K17                                               0.000     0.000 r  clk (IN)
                         net (fo=0)                   0.000     0.000    clk
    K17                  IBUF (Prop_ibuf_I_O)         1.475     1.475 r  clk_IBUF_inst/O
                         net (fo=1, routed)           2.522     3.997    clk_IBUF
    BUFGCTRL_X0Y16       BUFG (Prop_bufg_I_O)         0.101     4.098 r  clk_IBUF_BUFG_inst/O
                         net (fo=1047, routed)        1.968     6.066    u_system/u_gemm/g_mac4.u_mac/clk_IBUF_BUFG
    SLICE_X94Y133        FDRE                                         r  u_system/u_gemm/g_mac4.u_mac/i_reg[0]/C
  -------------------------------------------------------------------    -------------------
    SLICE_X94Y133        FDRE (Prop_fdre_C_Q)         0.518     6.584 r  u_system/u_gemm/g_mac4.u_mac/i_reg[0]/Q
                         net (fo=14, routed)          1.019     7.603    u_system/u_gemm/g_mac4.u_mac/i[0]
    SLICE_X97Y131        LUT6 (Prop_lut6_I0_O)        0.124     7.727 r  u_system/u_gemm/g_mac4.u_mac/a_buf_reg_0_15_0_5_i_5/O
                         net (fo=2, routed)           0.654     8.381    u_system/u_gemm/g_mac4.u_mac/a_buf_reg_0_15_0_5_i_5_n_0
    SLICE_X94Y131        LUT4 (Prop_lut4_I0_O)        0.148     8.529 r  u_system/u_gemm/g_mac4.u_mac/a_buf_reg_0_15_0_5_i_1/O
                         net (fo=8, routed)           0.777     9.306    u_buf/a_buf_reg_0_15_0_5/ADDRC3
    SLICE_X94Y134        RAMD32 (Prop_ramd32_RADR3_O)
                                                      0.357     9.663 r  u_buf/a_buf_reg_0_15_0_5/RAMC/O
                         net (fo=68, routed)          1.309    10.971    u_system/u_gemm/u_buf/buf_a_rdata[4]
    SLICE_X104Y135       LUT6 (Prop_lut6_I1_O)        0.331    11.302 r  u_system/u_gemm/u_buf/p3__0_carry__0_i_3/O
                         net (fo=2, routed)           0.595    11.897    u_system/u_gemm/u_buf/b_we_reg[1]
    SLICE_X102Y135       LUT6 (Prop_lut6_I0_O)        0.124    12.021 r  u_system/u_gemm/u_buf/p3__0_carry__0_i_7/O
                         net (fo=1, routed)           0.000    12.021    u_system/u_gemm/g_mac4.u_mac/p3__85_carry_i_8_1[1]
    SLICE_X102Y135       CARRY4 (Prop_carry4_S[1]_O[3])
                                                      0.643    12.664 r  u_system/u_gemm/g_mac4.u_mac/p3__0_carry__0/O[3]
                         net (fo=2, routed)           1.019    13.683    u_system/u_gemm/g_mac4.u_mac/p3__0_carry__0_n_4
    SLICE_X98Y140        LUT3 (Prop_lut3_I1_O)        0.332    14.015 r  u_system/u_gemm/g_mac4.u_mac/p3__85_carry__0_i_4/O
                         net (fo=2, routed)           0.607    14.622    u_system/u_gemm/g_mac4.u_mac/p3__85_carry__0_i_4_n_0
    SLICE_X98Y141        LUT4 (Prop_lut4_I3_O)        0.355    14.977 r  u_system/u_gemm/g_mac4.u_mac/p3__85_carry__0_i_8/O
                         net (fo=1, routed)           0.000    14.977    u_system/u_gemm/g_mac4.u_mac/p3__85_carry__0_i_8_n_0
    SLICE_X98Y141        CARRY4 (Prop_carry4_S[0]_CO[3])
                                                      0.513    15.490 r  u_system/u_gemm/g_mac4.u_mac/p3__85_carry__0/CO[3]
                         net (fo=1, routed)           0.000    15.490    u_system/u_gemm/g_mac4.u_mac/p3__85_carry__0_n_0
    SLICE_X98Y142        CARRY4 (Prop_carry4_CI_O[0])
                                                      0.219    15.709 r  u_system/u_gemm/g_mac4.u_mac/p3__85_carry__1/O[0]
                         net (fo=1, routed)           0.701    16.409    u_system/u_gemm/g_mac4.u_mac/p3[12]
    SLICE_X97Y142        LUT2 (Prop_lut2_I1_O)        0.295    16.704 r  u_system/u_gemm/g_mac4.u_mac/acc30_carry__2_i_4/O
                         net (fo=1, routed)           0.000    16.704    u_system/u_gemm/g_mac4.u_mac/acc30_carry__2_i_4_n_0
    SLICE_X97Y142        CARRY4 (Prop_carry4_S[0]_CO[3])
                                                      0.532    17.236 r  u_system/u_gemm/g_mac4.u_mac/acc30_carry__2/CO[3]
                         net (fo=1, routed)           0.000    17.236    u_system/u_gemm/g_mac4.u_mac/acc30_carry__2_n_0
    SLICE_X97Y143        CARRY4 (Prop_carry4_CI_CO[3])
                                                      0.114    17.350 r  u_system/u_gemm/g_mac4.u_mac/acc30_carry__3/CO[3]
                         net (fo=1, routed)           0.000    17.350    u_system/u_gemm/g_mac4.u_mac/acc30_carry__3_n_0
    SLICE_X97Y144        CARRY4 (Prop_carry4_CI_CO[3])
                                                      0.114    17.464 r  u_system/u_gemm/g_mac4.u_mac/acc30_carry__4/CO[3]
                         net (fo=1, routed)           0.000    17.464    u_system/u_gemm/g_mac4.u_mac/acc30_carry__4_n_0
    SLICE_X97Y145        CARRY4 (Prop_carry4_CI_O[1])
                                                      0.334    17.798 r  u_system/u_gemm/g_mac4.u_mac/acc30_carry__5/O[1]
                         net (fo=1, routed)           0.598    18.396    u_system/u_gemm/g_mac4.u_mac/acc30[25]
    SLICE_X98Y145        LUT2 (Prop_lut2_I0_O)        0.329    18.725 r  u_system/u_gemm/g_mac4.u_mac/acc3[25]_i_1/O
                         net (fo=1, routed)           0.000    18.725    u_system/u_gemm/g_mac4.u_mac/acc3[25]
    SLICE_X98Y145        FDRE                                         r  u_system/u_gemm/g_mac4.u_mac/acc3_reg[25]/D
  -------------------------------------------------------------------    -------------------

                         (clock sys_clk_pin rise edge)
                                                     15.000    15.000 r  
    K17                                               0.000    15.000 r  clk (IN)
                         net (fo=0)                   0.000    15.000    clk
    K17                  IBUF (Prop_ibuf_I_O)         1.404    16.404 r  clk_IBUF_inst/O
                         net (fo=1, routed)           2.293    18.697    clk_IBUF
    BUFGCTRL_X0Y16       BUFG (Prop_bufg_I_O)         0.091    18.788 r  clk_IBUF_BUFG_inst/O
                         net (fo=1047, routed)        1.782    20.570    u_system/u_gemm/g_mac4.u_mac/clk_IBUF_BUFG
    SLICE_X98Y145        FDRE                                         r  u_system/u_gemm/g_mac4.u_mac/acc3_reg[25]/C
                         clock pessimism              0.441    21.012    
                         clock uncertainty           -0.035    20.976    
    SLICE_X98Y145        FDRE (Setup_fdre_C_D)        0.118    21.094    u_system/u_gemm/g_mac4.u_mac/acc3_reg[25]
  -------------------------------------------------------------------
                         required time                         21.094    
                         arrival time                         -18.725    
  -------------------------------------------------------------------
                         slack                                  2.369    

Slack (MET) :             2.370ns  (required time - arrival time)
  Source:                 u_system/u_gemm/g_mac4.u_mac/i_reg[0]/C
                            (rising edge-triggered cell FDRE clocked by sys_clk_pin  {rise@0.000ns fall@7.500ns period=15.000ns})
  Destination:            u_system/u_gemm/g_mac4.u_mac/acc3_reg[27]/D
                            (rising edge-triggered cell FDRE clocked by sys_clk_pin  {rise@0.000ns fall@7.500ns period=15.000ns})
  Path Group:             sys_clk_pin
  Path Type:              Setup (Max at Slow Process Corner)
  Requirement:            15.000ns  (sys_clk_pin rise@15.000ns - sys_clk_pin rise@0.000ns)
  Data Path Delay:        12.659ns  (logic 5.363ns (42.365%)  route 7.296ns (57.635%))
  Logic Levels:           16  (CARRY4=7 LUT2=2 LUT3=1 LUT4=2 LUT6=3 RAMD32=1)
  Clock Path Skew:        -0.054ns (DCD - SCD + CPR)
    Destination Clock Delay (DCD):    5.570ns = ( 20.570 - 15.000 ) 
    Source Clock Delay      (SCD):    6.066ns
    Clock Pessimism Removal (CPR):    0.441ns
  Clock Uncertainty:      0.035ns  ((TSJ^2 + TIJ^2)^1/2 + DJ) / 2 + PE
    Total System Jitter     (TSJ):    0.071ns
    Total Input Jitter      (TIJ):    0.000ns
    Discrete Jitter          (DJ):    0.000ns
    Phase Error              (PE):    0.000ns

    Location             Delay type                Incr(ns)  Path(ns)    Netlist Resource(s)
  -------------------------------------------------------------------    -------------------
                         (clock sys_clk_pin rise edge)
                                                      0.000     0.000 r  
    K17                                               0.000     0.000 r  clk (IN)
                         net (fo=0)                   0.000     0.000    clk
    K17                  IBUF (Prop_ibuf_I_O)         1.475     1.475 r  clk_IBUF_inst/O
                         net (fo=1, routed)           2.522     3.997    clk_IBUF
    BUFGCTRL_X0Y16       BUFG (Prop_bufg_I_O)         0.101     4.098 r  clk_IBUF_BUFG_inst/O
                         net (fo=1047, routed)        1.968     6.066    u_system/u_gemm/g_mac4.u_mac/clk_IBUF_BUFG
    SLICE_X94Y133        FDRE                                         r  u_system/u_gemm/g_mac4.u_mac/i_reg[0]/C
  -------------------------------------------------------------------    -------------------
    SLICE_X94Y133        FDRE (Prop_fdre_C_Q)         0.518     6.584 r  u_system/u_gemm/g_mac4.u_mac/i_reg[0]/Q
                         net (fo=14, routed)          1.019     7.603    u_system/u_gemm/g_mac4.u_mac/i[0]
    SLICE_X97Y131        LUT6 (Prop_lut6_I0_O)        0.124     7.727 r  u_system/u_gemm/g_mac4.u_mac/a_buf_reg_0_15_0_5_i_5/O
                         net (fo=2, routed)           0.654     8.381    u_system/u_gemm/g_mac4.u_mac/a_buf_reg_0_15_0_5_i_5_n_0
    SLICE_X94Y131        LUT4 (Prop_lut4_I0_O)        0.148     8.529 r  u_system/u_gemm/g_mac4.u_mac/a_buf_reg_0_15_0_5_i_1/O
                         net (fo=8, routed)           0.777     9.306    u_buf/a_buf_reg_0_15_0_5/ADDRC3
    SLICE_X94Y134        RAMD32 (Prop_ramd32_RADR3_O)
                                                      0.357     9.663 r  u_buf/a_buf_reg_0_15_0_5/RAMC/O
                         net (fo=68, routed)          1.309    10.971    u_system/u_gemm/u_buf/buf_a_rdata[4]
    SLICE_X104Y135       LUT6 (Prop_lut6_I1_O)        0.331    11.302 r  u_system/u_gemm/u_buf/p3__0_carry__0_i_3/O
                         net (fo=2, routed)           0.595    11.897    u_system/u_gemm/u_buf/b_we_reg[1]
    SLICE_X102Y135       LUT6 (Prop_lut6_I0_O)        0.124    12.021 r  u_system/u_gemm/u_buf/p3__0_carry__0_i_7/O
                         net (fo=1, routed)           0.000    12.021    u_system/u_gemm/g_mac4.u_mac/p3__85_carry_i_8_1[1]
    SLICE_X102Y135       CARRY4 (Prop_carry4_S[1]_O[3])
                                                      0.643    12.664 r  u_system/u_gemm/g_mac4.u_mac/p3__0_carry__0/O[3]
                         net (fo=2, routed)           1.019    13.683    u_system/u_gemm/g_mac4.u_mac/p3__0_carry__0_n_4
    SLICE_X98Y140        LUT3 (Prop_lut3_I1_O)        0.332    14.015 r  u_system/u_gemm/g_mac4.u_mac/p3__85_carry__0_i_4/O
                         net (fo=2, routed)           0.607    14.622    u_system/u_gemm/g_mac4.u_mac/p3__85_carry__0_i_4_n_0
    SLICE_X98Y141        LUT4 (Prop_lut4_I3_O)        0.355    14.977 r  u_system/u_gemm/g_mac4.u_mac/p3__85_carry__0_i_8/O
                         net (fo=1, routed)           0.000    14.977    u_system/u_gemm/g_mac4.u_mac/p3__85_carry__0_i_8_n_0
    SLICE_X98Y141        CARRY4 (Prop_carry4_S[0]_CO[3])
                                                      0.513    15.490 r  u_system/u_gemm/g_mac4.u_mac/p3__85_carry__0/CO[3]
                         net (fo=1, routed)           0.000    15.490    u_system/u_gemm/g_mac4.u_mac/p3__85_carry__0_n_0
    SLICE_X98Y142        CARRY4 (Prop_carry4_CI_O[0])
                                                      0.219    15.709 r  u_system/u_gemm/g_mac4.u_mac/p3__85_carry__1/O[0]
                         net (fo=1, routed)           0.701    16.409    u_system/u_gemm/g_mac4.u_mac/p3[12]
    SLICE_X97Y142        LUT2 (Prop_lut2_I1_O)        0.295    16.704 r  u_system/u_gemm/g_mac4.u_mac/acc30_carry__2_i_4/O
                         net (fo=1, routed)           0.000    16.704    u_system/u_gemm/g_mac4.u_mac/acc30_carry__2_i_4_n_0
    SLICE_X97Y142        CARRY4 (Prop_carry4_S[0]_CO[3])
                                                      0.532    17.236 r  u_system/u_gemm/g_mac4.u_mac/acc30_carry__2/CO[3]
                         net (fo=1, routed)           0.000    17.236    u_system/u_gemm/g_mac4.u_mac/acc30_carry__2_n_0
    SLICE_X97Y143        CARRY4 (Prop_carry4_CI_CO[3])
                                                      0.114    17.350 r  u_system/u_gemm/g_mac4.u_mac/acc30_carry__3/CO[3]
                         net (fo=1, routed)           0.000    17.350    u_system/u_gemm/g_mac4.u_mac/acc30_carry__3_n_0
    SLICE_X97Y144        CARRY4 (Prop_carry4_CI_CO[3])
                                                      0.114    17.464 r  u_system/u_gemm/g_mac4.u_mac/acc30_carry__4/CO[3]
                         net (fo=1, routed)           0.000    17.464    u_system/u_gemm/g_mac4.u_mac/acc30_carry__4_n_0
    SLICE_X97Y145        CARRY4 (Prop_carry4_CI_O[3])
                                                      0.313    17.777 r  u_system/u_gemm/g_mac4.u_mac/acc30_carry__5/O[3]
                         net (fo=1, routed)           0.616    18.394    u_system/u_gemm/g_mac4.u_mac/acc30[27]
    SLICE_X98Y145        LUT2 (Prop_lut2_I0_O)        0.331    18.725 r  u_system/u_gemm/g_mac4.u_mac/acc3[27]_i_1/O
                         net (fo=1, routed)           0.000    18.725    u_system/u_gemm/g_mac4.u_mac/acc3[27]
    SLICE_X98Y145        FDRE                                         r  u_system/u_gemm/g_mac4.u_mac/acc3_reg[27]/D
  -------------------------------------------------------------------    -------------------

                         (clock sys_clk_pin rise edge)
                                                     15.000    15.000 r  
    K17                                               0.000    15.000 r  clk (IN)
                         net (fo=0)                   0.000    15.000    clk
    K17                  IBUF (Prop_ibuf_I_O)         1.404    16.404 r  clk_IBUF_inst/O
                         net (fo=1, routed)           2.293    18.697    clk_IBUF
    BUFGCTRL_X0Y16       BUFG (Prop_bufg_I_O)         0.091    18.788 r  clk_IBUF_BUFG_inst/O
                         net (fo=1047, routed)        1.782    20.570    u_system/u_gemm/g_mac4.u_mac/clk_IBUF_BUFG
    SLICE_X98Y145        FDRE                                         r  u_system/u_gemm/g_mac4.u_mac/acc3_reg[27]/C
                         clock pessimism              0.441    21.012    
                         clock uncertainty           -0.035    20.976    
    SLICE_X98Y145        FDRE (Setup_fdre_C_D)        0.118    21.094    u_system/u_gemm/g_mac4.u_mac/acc3_reg[27]
  -------------------------------------------------------------------
                         required time                         21.094    
                         arrival time                         -18.725    
  -------------------------------------------------------------------
                         slack                                  2.370    





Pulse Width Checks
--------------------------------------------------------------------------------------
Clock Name:         sys_clk_pin
Waveform(ns):       { 0.000 7.500 }
Period(ns):         15.000
Sources:            { clk }

Check Type        Corner  Lib Pin             Reference Pin  Required(ns)  Actual(ns)  Slack(ns)  Location       Pin
Min Period        n/a     RAMB36E1/CLKARDCLK  n/a            2.944         15.000      12.056     RAMB36_X4Y26   u_system/mem_reg_0/CLKARDCLK
Min Period        n/a     RAMB36E1/CLKARDCLK  n/a            2.944         15.000      12.056     RAMB36_X4Y27   u_system/mem_reg_1/CLKARDCLK
Min Period        n/a     RAMB36E1/CLKARDCLK  n/a            2.944         15.000      12.056     RAMB36_X4Y28   u_system/mem_reg_2/CLKARDCLK
Min Period        n/a     RAMB36E1/CLKARDCLK  n/a            2.944         15.000      12.056     RAMB36_X4Y29   u_system/mem_reg_3/CLKARDCLK
Min Period        n/a     RAMB36E1/CLKBWRCLK  n/a            2.576         15.000      12.424     RAMB36_X4Y26   u_system/mem_reg_0/CLKBWRCLK
Low Pulse Width   Slow    RAMD32/CLK          n/a            1.250         7.500       6.250      SLICE_X94Y134  u_buf/a_buf_reg_0_15_0_5/RAMA/CLK
Low Pulse Width   Fast    RAMD32/CLK          n/a            1.250         7.500       6.250      SLICE_X94Y134  u_buf/a_buf_reg_0_15_0_5/RAMA/CLK
Low Pulse Width   Slow    RAMD32/CLK          n/a            1.250         7.500       6.250      SLICE_X94Y134  u_buf/a_buf_reg_0_15_0_5/RAMA_D1/CLK
Low Pulse Width   Fast    RAMD32/CLK          n/a            1.250         7.500       6.250      SLICE_X94Y134  u_buf/a_buf_reg_0_15_0_5/RAMA_D1/CLK
Low Pulse Width   Slow    RAMD32/CLK          n/a            1.250         7.500       6.250      SLICE_X94Y134  u_buf/a_buf_reg_0_15_0_5/RAMB/CLK
High Pulse Width  Slow    RAMD32/CLK          n/a            1.250         7.500       6.250      SLICE_X94Y134  u_buf/a_buf_reg_0_15_0_5/RAMA/CLK
High Pulse Width  Fast    RAMD32/CLK          n/a            1.250         7.500       6.250      SLICE_X94Y134  u_buf/a_buf_reg_0_15_0_5/RAMA/CLK
High Pulse Width  Slow    RAMD32/CLK          n/a            1.250         7.500       6.250      SLICE_X94Y134  u_buf/a_buf_reg_0_15_0_5/RAMA_D1/CLK
High Pulse Width  Fast    RAMD32/CLK          n/a            1.250         7.500       6.250      SLICE_X94Y134  u_buf/a_buf_reg_0_15_0_5/RAMA_D1/CLK
High Pulse Width  Slow    RAMD32/CLK          n/a            1.250         7.500       6.250      SLICE_X94Y134  u_buf/a_buf_reg_0_15_0_5/RAMB/CLK



