Copyright 1986-2022 Xilinx, Inc. All Rights Reserved. Copyright 2022-2024 Advanced Micro Devices, Inc. All Rights Reserved.
----------------------------------------------------------------------------------------------------------------------------------------------------------------------------------------------------
| Tool Version : Vivado v.2024.2 (lin64) Build 5239630 Fri Nov 08 22:34:34 MST 2024
| Date         : Wed Jun 17 03:53:24 2026
| Host         : young-PC running 64-bit Ubuntu 24.04.4 LTS
| Command      : report_timing_summary -delay_type max -max_paths 5 -file /home/young/dev/20_digital-systems-lab/projects/simple-cpu-gemm-accelerator/fpga/reports/mode4/71_4mhz_timing_summary.rpt
| Design       : zybo_top
| Device       : 7z020-clg400
| Speed File   : -1  PRODUCTION 1.12 2019-11-22
| Design State : Routed
----------------------------------------------------------------------------------------------------------------------------------------------------------------------------------------------------

Timing Summary Report

------------------------------------------------------------------------------------------------
| Timer Settings
| --------------
------------------------------------------------------------------------------------------------

  Enable Multi Corner Analysis               :  Yes
  Enable Pessimism Removal                   :  Yes
  Pessimism Removal Resolution               :  Nearest Common Node
  Enable Input Delay Default Clock           :  No
  Enable Preset / Clear Arcs                 :  No
  Disable Flight Delays                      :  No
  Ignore I/O Paths                           :  No
  Timing Early Launch at Borrowing Latches   :  No
  Borrow Time for Max Delay Exceptions       :  Yes
  Merge Timing Exceptions                    :  Yes
  Inter-SLR Compensation                     :  Conservative

  Corner  Analyze    Analyze    
  Name    Max Paths  Min Paths  
  ------  ---------  ---------  
  Slow    Yes        Yes        
  Fast    Yes        Yes        


------------------------------------------------------------------------------------------------
| Report Methodology
| ------------------
------------------------------------------------------------------------------------------------

Rule       Severity  Description                                 Violations  
---------  --------  ------------------------------------------  ----------  
SYNTH-6    Warning   Timing of a RAM block might be sub-optimal  4           
TIMING-18  Warning   Missing input or output delay               5           

Note: This report is based on the most recent report_methodology run and may not be up-to-date. Run report_methodology on the current design for the latest report.



check_timing report

Table of Contents
-----------------
1. checking no_clock (0)
2. checking constant_clock (0)
3. checking pulse_width_clock (0)
4. checking unconstrained_internal_endpoints (0)
5. checking no_input_delay (1)
6. checking no_output_delay (4)
7. checking multiple_clock (0)
8. checking generated_clocks (0)
9. checking loops (0)
10. checking partial_input_delay (0)
11. checking partial_output_delay (0)
12. checking latch_loops (0)

1. checking no_clock (0)
------------------------
 There are 0 register/latch pins with no clock.


2. checking constant_clock (0)
------------------------------
 There are 0 register/latch pins with constant_clock.


3. checking pulse_width_clock (0)
---------------------------------
 There are 0 register/latch pins which need pulse_width check


4. checking unconstrained_internal_endpoints (0)
------------------------------------------------
 There are 0 pins that are not constrained for maximum delay.

 There are 0 pins that are not constrained for maximum delay due to constant clock.


5. checking no_input_delay (1)
------------------------------
 There is 1 input port with no input delay specified. (HIGH)

 There are 0 input ports with no input delay but user has a false path constraint.


6. checking no_output_delay (4)
-------------------------------
 There are 4 ports with no output delay specified. (HIGH)

 There are 0 ports with no output delay but user has a false path constraint

 There are 0 ports with no output delay but with a timing clock defined on it or propagating through it


7. checking multiple_clock (0)
------------------------------
 There are 0 register/latch pins with multiple clocks.


8. checking generated_clocks (0)
--------------------------------
 There are 0 generated clocks that are not connected to a clock source.


9. checking loops (0)
---------------------
 There are 0 combinational loops in the design.


10. checking partial_input_delay (0)
------------------------------------
 There are 0 input ports with partial input delay specified.


11. checking partial_output_delay (0)
-------------------------------------
 There are 0 ports with partial output delay specified.


12. checking latch_loops (0)
----------------------------
 There are 0 combinational latch loops in the design through latch input



------------------------------------------------------------------------------------------------
| Design Timing Summary
| ---------------------
------------------------------------------------------------------------------------------------

    WNS(ns)      TNS(ns)  TNS Failing Endpoints  TNS Total Endpoints     WPWS(ns)     TPWS(ns)  TPWS Failing Endpoints  TPWS Total Endpoints  
    -------      -------  ---------------------  -------------------     --------     --------  ----------------------  --------------------  
      1.054        0.000                      0                 2910        5.750        0.000                       0                  1048  


All user specified timing constraints are met.


------------------------------------------------------------------------------------------------
| Clock Summary
| -------------
------------------------------------------------------------------------------------------------

Clock        Waveform(ns)       Period(ns)      Frequency(MHz)
-----        ------------       ----------      --------------
sys_clk_pin  {0.000 7.000}      14.000          71.429          


------------------------------------------------------------------------------------------------
| Intra Clock Table
| -----------------
------------------------------------------------------------------------------------------------

Clock             WNS(ns)      TNS(ns)  TNS Failing Endpoints  TNS Total Endpoints     WPWS(ns)     TPWS(ns)  TPWS Failing Endpoints  TPWS Total Endpoints  
-----             -------      -------  ---------------------  -------------------     --------     --------  ----------------------  --------------------  
sys_clk_pin         1.054        0.000                      0                 2910        5.750        0.000                       0                  1048  


------------------------------------------------------------------------------------------------
| Inter Clock Table
| -----------------
------------------------------------------------------------------------------------------------

From Clock    To Clock          WNS(ns)      TNS(ns)  TNS Failing Endpoints  TNS Total Endpoints  
----------    --------          -------      -------  ---------------------  -------------------  


------------------------------------------------------------------------------------------------
| Other Path Groups Table
| -----------------------
------------------------------------------------------------------------------------------------

Path Group    From Clock    To Clock          WNS(ns)      TNS(ns)  TNS Failing Endpoints  TNS Total Endpoints  
----------    ----------    --------          -------      -------  ---------------------  -------------------  


------------------------------------------------------------------------------------------------
| Timing Details
| --------------
------------------------------------------------------------------------------------------------


---------------------------------------------------------------------------------------------------
From Clock:  sys_clk_pin
  To Clock:  sys_clk_pin

Setup :            0  Failing Endpoints,  Worst Slack        1.054ns,  Total Violation        0.000ns
Hold  :           NA  Failing Endpoints,  Worst Slack           NA  ,  Total Violation           NA
PW    :            0  Failing Endpoints,  Worst Slack        5.750ns,  Total Violation        0.000ns
---------------------------------------------------------------------------------------------------


Max Delay Paths
--------------------------------------------------------------------------------------
Slack (MET) :             1.054ns  (required time - arrival time)
  Source:                 u_system/u_gemm/u_mmio/r_k_reg[0]/C
                            (rising edge-triggered cell FDRE clocked by sys_clk_pin  {rise@0.000ns fall@7.000ns period=14.000ns})
  Destination:            u_system/u_gemm/g_mac4.u_mac/acc0_reg[29]/D
                            (rising edge-triggered cell FDRE clocked by sys_clk_pin  {rise@0.000ns fall@7.000ns period=14.000ns})
  Path Group:             sys_clk_pin
  Path Type:              Setup (Max at Slow Process Corner)
  Requirement:            14.000ns  (sys_clk_pin rise@14.000ns - sys_clk_pin rise@0.000ns)
  Data Path Delay:        12.891ns  (logic 5.521ns (42.828%)  route 7.370ns (57.172%))
  Logic Levels:           17  (CARRY4=9 LUT2=2 LUT3=1 LUT4=2 LUT6=2 RAMD32=1)
  Clock Path Skew:        -0.050ns (DCD - SCD + CPR)
    Destination Clock Delay (DCD):    5.571ns = ( 19.571 - 14.000 ) 
    Source Clock Delay      (SCD):    6.063ns
    Clock Pessimism Removal (CPR):    0.441ns
  Clock Uncertainty:      0.035ns  ((TSJ^2 + TIJ^2)^1/2 + DJ) / 2 + PE
    Total System Jitter     (TSJ):    0.071ns
    Total Input Jitter      (TIJ):    0.000ns
    Discrete Jitter          (DJ):    0.000ns
    Phase Error              (PE):    0.000ns

    Location             Delay type                Incr(ns)  Path(ns)    Netlist Resource(s)
  -------------------------------------------------------------------    -------------------
                         (clock sys_clk_pin rise edge)
                                                      0.000     0.000 r  
    K17                                               0.000     0.000 r  clk (IN)
                         net (fo=0)                   0.000     0.000    clk
    K17                  IBUF (Prop_ibuf_I_O)         1.475     1.475 r  clk_IBUF_inst/O
                         net (fo=1, routed)           2.522     3.997    clk_IBUF
    BUFGCTRL_X0Y16       BUFG (Prop_bufg_I_O)         0.101     4.098 r  clk_IBUF_BUFG_inst/O
                         net (fo=1047, routed)        1.965     6.063    u_system/u_gemm/u_mmio/clk_IBUF_BUFG
    SLICE_X94Y131        FDRE                                         r  u_system/u_gemm/u_mmio/r_k_reg[0]/C
  -------------------------------------------------------------------    -------------------
    SLICE_X94Y131        FDRE (Prop_fdre_C_Q)         0.518     6.581 r  u_system/u_gemm/u_mmio/r_k_reg[0]/Q
                         net (fo=44, routed)          1.008     7.589    u_system/u_gemm/u_mmio/Q[0]
    SLICE_X94Y131        LUT6 (Prop_lut6_I0_O)        0.124     7.713 r  u_system/u_gemm/u_mmio/a_buf_reg_0_15_0_5_i_7/O
                         net (fo=1, routed)           0.680     8.393    u_system/u_gemm/g_mac4.u_mac/u_buf/a_buf_reg_0_15_0_5
    SLICE_X94Y131        LUT4 (Prop_lut4_I3_O)        0.150     8.543 r  u_system/u_gemm/g_mac4.u_mac/a_buf_reg_0_15_0_5_i_1/O
                         net (fo=8, routed)           0.771     9.314    u_buf/a_buf_reg_0_15_0_5/ADDRB3
    SLICE_X94Y134        RAMD32 (Prop_ramd32_RADR3_O)
                                                      0.354     9.668 r  u_buf/a_buf_reg_0_15_0_5/RAMB/O
                         net (fo=64, routed)          1.638    11.307    u_system/u_gemm/u_buf/buf_a_rdata[2]
    SLICE_X108Y134       LUT6 (Prop_lut6_I2_O)        0.348    11.655 r  u_system/u_gemm/u_buf/p0__0_carry_i_1/O
                         net (fo=1, routed)           0.611    12.266    u_system/u_gemm/g_mac4.u_mac/i__carry_i_4__2_0[2]
    SLICE_X106Y134       CARRY4 (Prop_carry4_DI[3]_CO[3])
                                                      0.385    12.651 r  u_system/u_gemm/g_mac4.u_mac/p0__0_carry/CO[3]
                         net (fo=1, routed)           0.000    12.651    u_system/u_gemm/g_mac4.u_mac/p0__0_carry_n_0
    SLICE_X106Y135       CARRY4 (Prop_carry4_CI_O[3])
                                                      0.313    12.964 r  u_system/u_gemm/g_mac4.u_mac/p0__0_carry__0/O[3]
                         net (fo=2, routed)           0.785    13.749    u_system/u_gemm/g_mac4.u_mac/p0__0_carry__0_n_4
    SLICE_X105Y136       LUT3 (Prop_lut3_I1_O)        0.299    14.048 r  u_system/u_gemm/g_mac4.u_mac/p0__85_carry__0_i_4/O
                         net (fo=2, routed)           0.645    14.693    u_system/u_gemm/g_mac4.u_mac/p0__85_carry__0_i_4_n_0
    SLICE_X105Y137       LUT4 (Prop_lut4_I3_O)        0.332    15.025 r  u_system/u_gemm/g_mac4.u_mac/p0__85_carry__0_i_8/O
                         net (fo=1, routed)           0.000    15.025    u_system/u_gemm/g_mac4.u_mac/p0__85_carry__0_i_8_n_0
    SLICE_X105Y137       CARRY4 (Prop_carry4_S[0]_CO[3])
                                                      0.532    15.557 r  u_system/u_gemm/g_mac4.u_mac/p0__85_carry__0/CO[3]
                         net (fo=1, routed)           0.000    15.557    u_system/u_gemm/g_mac4.u_mac/p0__85_carry__0_n_0
    SLICE_X105Y138       CARRY4 (Prop_carry4_CI_O[1])
                                                      0.334    15.891 r  u_system/u_gemm/g_mac4.u_mac/p0__85_carry__1/O[1]
                         net (fo=1, routed)           0.597    16.488    u_system/u_gemm/g_mac4.u_mac/p0[13]
    SLICE_X105Y142       LUT2 (Prop_lut2_I1_O)        0.303    16.791 r  u_system/u_gemm/g_mac4.u_mac/i__carry__2_i_3/O
                         net (fo=1, routed)           0.000    16.791    u_system/u_gemm/g_mac4.u_mac/i__carry__2_i_3_n_0
    SLICE_X105Y142       CARRY4 (Prop_carry4_S[1]_CO[3])
                                                      0.550    17.341 r  u_system/u_gemm/g_mac4.u_mac/acc00_inferred__0/i__carry__2/CO[3]
                         net (fo=1, routed)           0.000    17.341    u_system/u_gemm/g_mac4.u_mac/acc00_inferred__0/i__carry__2_n_0
    SLICE_X105Y143       CARRY4 (Prop_carry4_CI_CO[3])
                                                      0.114    17.455 r  u_system/u_gemm/g_mac4.u_mac/acc00_inferred__0/i__carry__3/CO[3]
                         net (fo=1, routed)           0.000    17.455    u_system/u_gemm/g_mac4.u_mac/acc00_inferred__0/i__carry__3_n_0
    SLICE_X105Y144       CARRY4 (Prop_carry4_CI_CO[3])
                                                      0.114    17.569 r  u_system/u_gemm/g_mac4.u_mac/acc00_inferred__0/i__carry__4/CO[3]
                         net (fo=1, routed)           0.000    17.569    u_system/u_gemm/g_mac4.u_mac/acc00_inferred__0/i__carry__4_n_0
    SLICE_X105Y145       CARRY4 (Prop_carry4_CI_CO[3])
                                                      0.114    17.683 r  u_system/u_gemm/g_mac4.u_mac/acc00_inferred__0/i__carry__5/CO[3]
                         net (fo=1, routed)           0.000    17.683    u_system/u_gemm/g_mac4.u_mac/acc00_inferred__0/i__carry__5_n_0
    SLICE_X105Y146       CARRY4 (Prop_carry4_CI_O[1])
                                                      0.334    18.017 r  u_system/u_gemm/g_mac4.u_mac/acc00_inferred__0/i__carry__6/O[1]
                         net (fo=1, routed)           0.634    18.651    u_system/u_gemm/g_mac4.u_mac/acc00[29]
    SLICE_X103Y146       LUT2 (Prop_lut2_I0_O)        0.303    18.954 r  u_system/u_gemm/g_mac4.u_mac/acc0[29]_i_1/O
                         net (fo=1, routed)           0.000    18.954    u_system/u_gemm/g_mac4.u_mac/acc00_in[29]
    SLICE_X103Y146       FDRE                                         r  u_system/u_gemm/g_mac4.u_mac/acc0_reg[29]/D
  -------------------------------------------------------------------    -------------------

                         (clock sys_clk_pin rise edge)
                                                     14.000    14.000 r  
    K17                                               0.000    14.000 r  clk (IN)
                         net (fo=0)                   0.000    14.000    clk
    K17                  IBUF (Prop_ibuf_I_O)         1.404    15.404 r  clk_IBUF_inst/O
                         net (fo=1, routed)           2.293    17.697    clk_IBUF
    BUFGCTRL_X0Y16       BUFG (Prop_bufg_I_O)         0.091    17.788 r  clk_IBUF_BUFG_inst/O
                         net (fo=1047, routed)        1.783    19.571    u_system/u_gemm/g_mac4.u_mac/clk_IBUF_BUFG
    SLICE_X103Y146       FDRE                                         r  u_system/u_gemm/g_mac4.u_mac/acc0_reg[29]/C
                         clock pessimism              0.441    20.013    
                         clock uncertainty           -0.035    19.977    
    SLICE_X103Y146       FDRE (Setup_fdre_C_D)        0.031    20.008    u_system/u_gemm/g_mac4.u_mac/acc0_reg[29]
  -------------------------------------------------------------------
                         required time                         20.008    
                         arrival time                         -18.954    
  -------------------------------------------------------------------
                         slack                                  1.054    

Slack (MET) :             1.104ns  (required time - arrival time)
  Source:                 u_system/u_gemm/u_mmio/r_k_reg[0]/C
                            (rising edge-triggered cell FDRE clocked by sys_clk_pin  {rise@0.000ns fall@7.000ns period=14.000ns})
  Destination:            u_system/u_gemm/g_mac4.u_mac/acc0_reg[31]/D
                            (rising edge-triggered cell FDRE clocked by sys_clk_pin  {rise@0.000ns fall@7.000ns period=14.000ns})
  Path Group:             sys_clk_pin
  Path Type:              Setup (Max at Slow Process Corner)
  Requirement:            14.000ns  (sys_clk_pin rise@14.000ns - sys_clk_pin rise@0.000ns)
  Data Path Delay:        12.843ns  (logic 5.503ns (42.848%)  route 7.340ns (57.152%))
  Logic Levels:           17  (CARRY4=9 LUT2=2 LUT3=1 LUT4=2 LUT6=2 RAMD32=1)
  Clock Path Skew:        -0.050ns (DCD - SCD + CPR)
    Destination Clock Delay (DCD):    5.571ns = ( 19.571 - 14.000 ) 
    Source Clock Delay      (SCD):    6.063ns
    Clock Pessimism Removal (CPR):    0.441ns
  Clock Uncertainty:      0.035ns  ((TSJ^2 + TIJ^2)^1/2 + DJ) / 2 + PE
    Total System Jitter     (TSJ):    0.071ns
    Total Input Jitter      (TIJ):    0.000ns
    Discrete Jitter          (DJ):    0.000ns
    Phase Error              (PE):    0.000ns

    Location             Delay type                Incr(ns)  Path(ns)    Netlist Resource(s)
  -------------------------------------------------------------------    -------------------
                         (clock sys_clk_pin rise edge)
                                                      0.000     0.000 r  
    K17                                               0.000     0.000 r  clk (IN)
                         net (fo=0)                   0.000     0.000    clk
    K17                  IBUF (Prop_ibuf_I_O)         1.475     1.475 r  clk_IBUF_inst/O
                         net (fo=1, routed)           2.522     3.997    clk_IBUF
    BUFGCTRL_X0Y16       BUFG (Prop_bufg_I_O)         0.101     4.098 r  clk_IBUF_BUFG_inst/O
                         net (fo=1047, routed)        1.965     6.063    u_system/u_gemm/u_mmio/clk_IBUF_BUFG
    SLICE_X94Y131        FDRE                                         r  u_system/u_gemm/u_mmio/r_k_reg[0]/C
  -------------------------------------------------------------------    -------------------
    SLICE_X94Y131        FDRE (Prop_fdre_C_Q)         0.518     6.581 r  u_system/u_gemm/u_mmio/r_k_reg[0]/Q
                         net (fo=44, routed)          1.008     7.589    u_system/u_gemm/u_mmio/Q[0]
    SLICE_X94Y131        LUT6 (Prop_lut6_I0_O)        0.124     7.713 r  u_system/u_gemm/u_mmio/a_buf_reg_0_15_0_5_i_7/O
                         net (fo=1, routed)           0.680     8.393    u_system/u_gemm/g_mac4.u_mac/u_buf/a_buf_reg_0_15_0_5
    SLICE_X94Y131        LUT4 (Prop_lut4_I3_O)        0.150     8.543 r  u_system/u_gemm/g_mac4.u_mac/a_buf_reg_0_15_0_5_i_1/O
                         net (fo=8, routed)           0.771     9.314    u_buf/a_buf_reg_0_15_0_5/ADDRB3
    SLICE_X94Y134        RAMD32 (Prop_ramd32_RADR3_O)
                                                      0.354     9.668 r  u_buf/a_buf_reg_0_15_0_5/RAMB/O
                         net (fo=64, routed)          1.638    11.307    u_system/u_gemm/u_buf/buf_a_rdata[2]
    SLICE_X108Y134       LUT6 (Prop_lut6_I2_O)        0.348    11.655 r  u_system/u_gemm/u_buf/p0__0_carry_i_1/O
                         net (fo=1, routed)           0.611    12.266    u_system/u_gemm/g_mac4.u_mac/i__carry_i_4__2_0[2]
    SLICE_X106Y134       CARRY4 (Prop_carry4_DI[3]_CO[3])
                                                      0.385    12.651 r  u_system/u_gemm/g_mac4.u_mac/p0__0_carry/CO[3]
                         net (fo=1, routed)           0.000    12.651    u_system/u_gemm/g_mac4.u_mac/p0__0_carry_n_0
    SLICE_X106Y135       CARRY4 (Prop_carry4_CI_O[3])
                                                      0.313    12.964 r  u_system/u_gemm/g_mac4.u_mac/p0__0_carry__0/O[3]
                         net (fo=2, routed)           0.785    13.749    u_system/u_gemm/g_mac4.u_mac/p0__0_carry__0_n_4
    SLICE_X105Y136       LUT3 (Prop_lut3_I1_O)        0.299    14.048 r  u_system/u_gemm/g_mac4.u_mac/p0__85_carry__0_i_4/O
                         net (fo=2, routed)           0.645    14.693    u_system/u_gemm/g_mac4.u_mac/p0__85_carry__0_i_4_n_0
    SLICE_X105Y137       LUT4 (Prop_lut4_I3_O)        0.332    15.025 r  u_system/u_gemm/g_mac4.u_mac/p0__85_carry__0_i_8/O
                         net (fo=1, routed)           0.000    15.025    u_system/u_gemm/g_mac4.u_mac/p0__85_carry__0_i_8_n_0
    SLICE_X105Y137       CARRY4 (Prop_carry4_S[0]_CO[3])
                                                      0.532    15.557 r  u_system/u_gemm/g_mac4.u_mac/p0__85_carry__0/CO[3]
                         net (fo=1, routed)           0.000    15.557    u_system/u_gemm/g_mac4.u_mac/p0__85_carry__0_n_0
    SLICE_X105Y138       CARRY4 (Prop_carry4_CI_O[1])
                                                      0.334    15.891 r  u_system/u_gemm/g_mac4.u_mac/p0__85_carry__1/O[1]
                         net (fo=1, routed)           0.597    16.488    u_system/u_gemm/g_mac4.u_mac/p0[13]
    SLICE_X105Y142       LUT2 (Prop_lut2_I1_O)        0.303    16.791 r  u_system/u_gemm/g_mac4.u_mac/i__carry__2_i_3/O
                         net (fo=1, routed)           0.000    16.791    u_system/u_gemm/g_mac4.u_mac/i__carry__2_i_3_n_0
    SLICE_X105Y142       CARRY4 (Prop_carry4_S[1]_CO[3])
                                                      0.550    17.341 r  u_system/u_gemm/g_mac4.u_mac/acc00_inferred__0/i__carry__2/CO[3]
                         net (fo=1, routed)           0.000    17.341    u_system/u_gemm/g_mac4.u_mac/acc00_inferred__0/i__carry__2_n_0
    SLICE_X105Y143       CARRY4 (Prop_carry4_CI_CO[3])
                                                      0.114    17.455 r  u_system/u_gemm/g_mac4.u_mac/acc00_inferred__0/i__carry__3/CO[3]
                         net (fo=1, routed)           0.000    17.455    u_system/u_gemm/g_mac4.u_mac/acc00_inferred__0/i__carry__3_n_0
    SLICE_X105Y144       CARRY4 (Prop_carry4_CI_CO[3])
                                                      0.114    17.569 r  u_system/u_gemm/g_mac4.u_mac/acc00_inferred__0/i__carry__4/CO[3]
                         net (fo=1, routed)           0.000    17.569    u_system/u_gemm/g_mac4.u_mac/acc00_inferred__0/i__carry__4_n_0
    SLICE_X105Y145       CARRY4 (Prop_carry4_CI_CO[3])
                                                      0.114    17.683 r  u_system/u_gemm/g_mac4.u_mac/acc00_inferred__0/i__carry__5/CO[3]
                         net (fo=1, routed)           0.000    17.683    u_system/u_gemm/g_mac4.u_mac/acc00_inferred__0/i__carry__5_n_0
    SLICE_X105Y146       CARRY4 (Prop_carry4_CI_O[3])
                                                      0.313    17.996 r  u_system/u_gemm/g_mac4.u_mac/acc00_inferred__0/i__carry__6/O[3]
                         net (fo=1, routed)           0.603    18.600    u_system/u_gemm/g_mac4.u_mac/acc00[31]
    SLICE_X103Y146       LUT2 (Prop_lut2_I0_O)        0.306    18.906 r  u_system/u_gemm/g_mac4.u_mac/acc0[31]_i_1/O
                         net (fo=1, routed)           0.000    18.906    u_system/u_gemm/g_mac4.u_mac/acc00_in[31]
    SLICE_X103Y146       FDRE                                         r  u_system/u_gemm/g_mac4.u_mac/acc0_reg[31]/D
  -------------------------------------------------------------------    -------------------

                         (clock sys_clk_pin rise edge)
                                                     14.000    14.000 r  
    K17                                               0.000    14.000 r  clk (IN)
                         net (fo=0)                   0.000    14.000    clk
    K17                  IBUF (Prop_ibuf_I_O)         1.404    15.404 r  clk_IBUF_inst/O
                         net (fo=1, routed)           2.293    17.697    clk_IBUF
    BUFGCTRL_X0Y16       BUFG (Prop_bufg_I_O)         0.091    17.788 r  clk_IBUF_BUFG_inst/O
                         net (fo=1047, routed)        1.783    19.571    u_system/u_gemm/g_mac4.u_mac/clk_IBUF_BUFG
    SLICE_X103Y146       FDRE                                         r  u_system/u_gemm/g_mac4.u_mac/acc0_reg[31]/C
                         clock pessimism              0.441    20.013    
                         clock uncertainty           -0.035    19.977    
    SLICE_X103Y146       FDRE (Setup_fdre_C_D)        0.032    20.009    u_system/u_gemm/g_mac4.u_mac/acc0_reg[31]
  -------------------------------------------------------------------
                         required time                         20.009    
                         arrival time                         -18.906    
  -------------------------------------------------------------------
                         slack                                  1.104    

Slack (MET) :             1.108ns  (required time - arrival time)
  Source:                 u_system/u_gemm/u_mmio/r_k_reg[0]/C
                            (rising edge-triggered cell FDRE clocked by sys_clk_pin  {rise@0.000ns fall@7.000ns period=14.000ns})
  Destination:            u_system/u_gemm/g_mac4.u_mac/acc0_reg[28]/D
                            (rising edge-triggered cell FDRE clocked by sys_clk_pin  {rise@0.000ns fall@7.000ns period=14.000ns})
  Path Group:             sys_clk_pin
  Path Type:              Setup (Max at Slow Process Corner)
  Requirement:            14.000ns  (sys_clk_pin rise@14.000ns - sys_clk_pin rise@0.000ns)
  Data Path Delay:        12.836ns  (logic 5.405ns (42.109%)  route 7.431ns (57.891%))
  Logic Levels:           17  (CARRY4=9 LUT2=2 LUT3=1 LUT4=2 LUT6=2 RAMD32=1)
  Clock Path Skew:        -0.050ns (DCD - SCD + CPR)
    Destination Clock Delay (DCD):    5.571ns = ( 19.571 - 14.000 ) 
    Source Clock Delay      (SCD):    6.063ns
    Clock Pessimism Removal (CPR):    0.441ns
  Clock Uncertainty:      0.035ns  ((TSJ^2 + TIJ^2)^1/2 + DJ) / 2 + PE
    Total System Jitter     (TSJ):    0.071ns
    Total Input Jitter      (TIJ):    0.000ns
    Discrete Jitter          (DJ):    0.000ns
    Phase Error              (PE):    0.000ns

    Location             Delay type                Incr(ns)  Path(ns)    Netlist Resource(s)
  -------------------------------------------------------------------    -------------------
                         (clock sys_clk_pin rise edge)
                                                      0.000     0.000 r  
    K17                                               0.000     0.000 r  clk (IN)
                         net (fo=0)                   0.000     0.000    clk
    K17                  IBUF (Prop_ibuf_I_O)         1.475     1.475 r  clk_IBUF_inst/O
                         net (fo=1, routed)           2.522     3.997    clk_IBUF
    BUFGCTRL_X0Y16       BUFG (Prop_bufg_I_O)         0.101     4.098 r  clk_IBUF_BUFG_inst/O
                         net (fo=1047, routed)        1.965     6.063    u_system/u_gemm/u_mmio/clk_IBUF_BUFG
    SLICE_X94Y131        FDRE                                         r  u_system/u_gemm/u_mmio/r_k_reg[0]/C
  -------------------------------------------------------------------    -------------------
    SLICE_X94Y131        FDRE (Prop_fdre_C_Q)         0.518     6.581 r  u_system/u_gemm/u_mmio/r_k_reg[0]/Q
                         net (fo=44, routed)          1.008     7.589    u_system/u_gemm/u_mmio/Q[0]
    SLICE_X94Y131        LUT6 (Prop_lut6_I0_O)        0.124     7.713 r  u_system/u_gemm/u_mmio/a_buf_reg_0_15_0_5_i_7/O
                         net (fo=1, routed)           0.680     8.393    u_system/u_gemm/g_mac4.u_mac/u_buf/a_buf_reg_0_15_0_5
    SLICE_X94Y131        LUT4 (Prop_lut4_I3_O)        0.150     8.543 r  u_system/u_gemm/g_mac4.u_mac/a_buf_reg_0_15_0_5_i_1/O
                         net (fo=8, routed)           0.771     9.314    u_buf/a_buf_reg_0_15_0_5/ADDRB3
    SLICE_X94Y134        RAMD32 (Prop_ramd32_RADR3_O)
                                                      0.354     9.668 r  u_buf/a_buf_reg_0_15_0_5/RAMB/O
                         net (fo=64, routed)          1.638    11.307    u_system/u_gemm/u_buf/buf_a_rdata[2]
    SLICE_X108Y134       LUT6 (Prop_lut6_I2_O)        0.348    11.655 r  u_system/u_gemm/u_buf/p0__0_carry_i_1/O
                         net (fo=1, routed)           0.611    12.266    u_system/u_gemm/g_mac4.u_mac/i__carry_i_4__2_0[2]
    SLICE_X106Y134       CARRY4 (Prop_carry4_DI[3]_CO[3])
                                                      0.385    12.651 r  u_system/u_gemm/g_mac4.u_mac/p0__0_carry/CO[3]
                         net (fo=1, routed)           0.000    12.651    u_system/u_gemm/g_mac4.u_mac/p0__0_carry_n_0
    SLICE_X106Y135       CARRY4 (Prop_carry4_CI_O[3])
                                                      0.313    12.964 r  u_system/u_gemm/g_mac4.u_mac/p0__0_carry__0/O[3]
                         net (fo=2, routed)           0.785    13.749    u_system/u_gemm/g_mac4.u_mac/p0__0_carry__0_n_4
    SLICE_X105Y136       LUT3 (Prop_lut3_I1_O)        0.299    14.048 r  u_system/u_gemm/g_mac4.u_mac/p0__85_carry__0_i_4/O
                         net (fo=2, routed)           0.645    14.693    u_system/u_gemm/g_mac4.u_mac/p0__85_carry__0_i_4_n_0
    SLICE_X105Y137       LUT4 (Prop_lut4_I3_O)        0.332    15.025 r  u_system/u_gemm/g_mac4.u_mac/p0__85_carry__0_i_8/O
                         net (fo=1, routed)           0.000    15.025    u_system/u_gemm/g_mac4.u_mac/p0__85_carry__0_i_8_n_0
    SLICE_X105Y137       CARRY4 (Prop_carry4_S[0]_CO[3])
                                                      0.532    15.557 r  u_system/u_gemm/g_mac4.u_mac/p0__85_carry__0/CO[3]
                         net (fo=1, routed)           0.000    15.557    u_system/u_gemm/g_mac4.u_mac/p0__85_carry__0_n_0
    SLICE_X105Y138       CARRY4 (Prop_carry4_CI_O[1])
                                                      0.334    15.891 r  u_system/u_gemm/g_mac4.u_mac/p0__85_carry__1/O[1]
                         net (fo=1, routed)           0.597    16.488    u_system/u_gemm/g_mac4.u_mac/p0[13]
    SLICE_X105Y142       LUT2 (Prop_lut2_I1_O)        0.303    16.791 r  u_system/u_gemm/g_mac4.u_mac/i__carry__2_i_3/O
                         net (fo=1, routed)           0.000    16.791    u_system/u_gemm/g_mac4.u_mac/i__carry__2_i_3_n_0
    SLICE_X105Y142       CARRY4 (Prop_carry4_S[1]_CO[3])
                                                      0.550    17.341 r  u_system/u_gemm/g_mac4.u_mac/acc00_inferred__0/i__carry__2/CO[3]
                         net (fo=1, routed)           0.000    17.341    u_system/u_gemm/g_mac4.u_mac/acc00_inferred__0/i__carry__2_n_0
    SLICE_X105Y143       CARRY4 (Prop_carry4_CI_CO[3])
                                                      0.114    17.455 r  u_system/u_gemm/g_mac4.u_mac/acc00_inferred__0/i__carry__3/CO[3]
                         net (fo=1, routed)           0.000    17.455    u_system/u_gemm/g_mac4.u_mac/acc00_inferred__0/i__carry__3_n_0
    SLICE_X105Y144       CARRY4 (Prop_carry4_CI_CO[3])
                                                      0.114    17.569 r  u_system/u_gemm/g_mac4.u_mac/acc00_inferred__0/i__carry__4/CO[3]
                         net (fo=1, routed)           0.000    17.569    u_system/u_gemm/g_mac4.u_mac/acc00_inferred__0/i__carry__4_n_0
    SLICE_X105Y145       CARRY4 (Prop_carry4_CI_CO[3])
                                                      0.114    17.683 r  u_system/u_gemm/g_mac4.u_mac/acc00_inferred__0/i__carry__5/CO[3]
                         net (fo=1, routed)           0.000    17.683    u_system/u_gemm/g_mac4.u_mac/acc00_inferred__0/i__carry__5_n_0
    SLICE_X105Y146       CARRY4 (Prop_carry4_CI_O[0])
                                                      0.222    17.905 r  u_system/u_gemm/g_mac4.u_mac/acc00_inferred__0/i__carry__6/O[0]
                         net (fo=1, routed)           0.694    18.600    u_system/u_gemm/g_mac4.u_mac/acc00[28]
    SLICE_X103Y146       LUT2 (Prop_lut2_I0_O)        0.299    18.899 r  u_system/u_gemm/g_mac4.u_mac/acc0[28]_i_1/O
                         net (fo=1, routed)           0.000    18.899    u_system/u_gemm/g_mac4.u_mac/acc00_in[28]
    SLICE_X103Y146       FDRE                                         r  u_system/u_gemm/g_mac4.u_mac/acc0_reg[28]/D
  -------------------------------------------------------------------    -------------------

                         (clock sys_clk_pin rise edge)
                                                     14.000    14.000 r  
    K17                                               0.000    14.000 r  clk (IN)
                         net (fo=0)                   0.000    14.000    clk
    K17                  IBUF (Prop_ibuf_I_O)         1.404    15.404 r  clk_IBUF_inst/O
                         net (fo=1, routed)           2.293    17.697    clk_IBUF
    BUFGCTRL_X0Y16       BUFG (Prop_bufg_I_O)         0.091    17.788 r  clk_IBUF_BUFG_inst/O
                         net (fo=1047, routed)        1.783    19.571    u_system/u_gemm/g_mac4.u_mac/clk_IBUF_BUFG
    SLICE_X103Y146       FDRE                                         r  u_system/u_gemm/g_mac4.u_mac/acc0_reg[28]/C
                         clock pessimism              0.441    20.013    
                         clock uncertainty           -0.035    19.977    
    SLICE_X103Y146       FDRE (Setup_fdre_C_D)        0.029    20.006    u_system/u_gemm/g_mac4.u_mac/acc0_reg[28]
  -------------------------------------------------------------------
                         required time                         20.006    
                         arrival time                         -18.899    
  -------------------------------------------------------------------
                         slack                                  1.108    

Slack (MET) :             1.218ns  (required time - arrival time)
  Source:                 u_system/u_gemm/u_mmio/r_k_reg[0]/C
                            (rising edge-triggered cell FDRE clocked by sys_clk_pin  {rise@0.000ns fall@7.000ns period=14.000ns})
  Destination:            u_system/u_gemm/g_mac4.u_mac/acc0_reg[27]/D
                            (rising edge-triggered cell FDRE clocked by sys_clk_pin  {rise@0.000ns fall@7.000ns period=14.000ns})
  Path Group:             sys_clk_pin
  Path Type:              Setup (Max at Slow Process Corner)
  Requirement:            14.000ns  (sys_clk_pin rise@14.000ns - sys_clk_pin rise@0.000ns)
  Data Path Delay:        12.729ns  (logic 5.389ns (42.336%)  route 7.340ns (57.664%))
  Logic Levels:           16  (CARRY4=8 LUT2=2 LUT3=1 LUT4=2 LUT6=2 RAMD32=1)
  Clock Path Skew:        -0.050ns (DCD - SCD + CPR)
    Destination Clock Delay (DCD):    5.571ns = ( 19.571 - 14.000 ) 
    Source Clock Delay      (SCD):    6.063ns
    Clock Pessimism Removal (CPR):    0.441ns
  Clock Uncertainty:      0.035ns  ((TSJ^2 + TIJ^2)^1/2 + DJ) / 2 + PE
    Total System Jitter     (TSJ):    0.071ns
    Total Input Jitter      (TIJ):    0.000ns
    Discrete Jitter          (DJ):    0.000ns
    Phase Error              (PE):    0.000ns

    Location             Delay type                Incr(ns)  Path(ns)    Netlist Resource(s)
  -------------------------------------------------------------------    -------------------
                         (clock sys_clk_pin rise edge)
                                                      0.000     0.000 r  
    K17                                               0.000     0.000 r  clk (IN)
                         net (fo=0)                   0.000     0.000    clk
    K17                  IBUF (Prop_ibuf_I_O)         1.475     1.475 r  clk_IBUF_inst/O
                         net (fo=1, routed)           2.522     3.997    clk_IBUF
    BUFGCTRL_X0Y16       BUFG (Prop_bufg_I_O)         0.101     4.098 r  clk_IBUF_BUFG_inst/O
                         net (fo=1047, routed)        1.965     6.063    u_system/u_gemm/u_mmio/clk_IBUF_BUFG
    SLICE_X94Y131        FDRE                                         r  u_system/u_gemm/u_mmio/r_k_reg[0]/C
  -------------------------------------------------------------------    -------------------
    SLICE_X94Y131        FDRE (Prop_fdre_C_Q)         0.518     6.581 r  u_system/u_gemm/u_mmio/r_k_reg[0]/Q
                         net (fo=44, routed)          1.008     7.589    u_system/u_gemm/u_mmio/Q[0]
    SLICE_X94Y131        LUT6 (Prop_lut6_I0_O)        0.124     7.713 r  u_system/u_gemm/u_mmio/a_buf_reg_0_15_0_5_i_7/O
                         net (fo=1, routed)           0.680     8.393    u_system/u_gemm/g_mac4.u_mac/u_buf/a_buf_reg_0_15_0_5
    SLICE_X94Y131        LUT4 (Prop_lut4_I3_O)        0.150     8.543 r  u_system/u_gemm/g_mac4.u_mac/a_buf_reg_0_15_0_5_i_1/O
                         net (fo=8, routed)           0.771     9.314    u_buf/a_buf_reg_0_15_0_5/ADDRB3
    SLICE_X94Y134        RAMD32 (Prop_ramd32_RADR3_O)
                                                      0.354     9.668 r  u_buf/a_buf_reg_0_15_0_5/RAMB/O
                         net (fo=64, routed)          1.638    11.307    u_system/u_gemm/u_buf/buf_a_rdata[2]
    SLICE_X108Y134       LUT6 (Prop_lut6_I2_O)        0.348    11.655 r  u_system/u_gemm/u_buf/p0__0_carry_i_1/O
                         net (fo=1, routed)           0.611    12.266    u_system/u_gemm/g_mac4.u_mac/i__carry_i_4__2_0[2]
    SLICE_X106Y134       CARRY4 (Prop_carry4_DI[3]_CO[3])
                                                      0.385    12.651 r  u_system/u_gemm/g_mac4.u_mac/p0__0_carry/CO[3]
                         net (fo=1, routed)           0.000    12.651    u_system/u_gemm/g_mac4.u_mac/p0__0_carry_n_0
    SLICE_X106Y135       CARRY4 (Prop_carry4_CI_O[3])
                                                      0.313    12.964 r  u_system/u_gemm/g_mac4.u_mac/p0__0_carry__0/O[3]
                         net (fo=2, routed)           0.785    13.749    u_system/u_gemm/g_mac4.u_mac/p0__0_carry__0_n_4
    SLICE_X105Y136       LUT3 (Prop_lut3_I1_O)        0.299    14.048 r  u_system/u_gemm/g_mac4.u_mac/p0__85_carry__0_i_4/O
                         net (fo=2, routed)           0.645    14.693    u_system/u_gemm/g_mac4.u_mac/p0__85_carry__0_i_4_n_0
    SLICE_X105Y137       LUT4 (Prop_lut4_I3_O)        0.332    15.025 r  u_system/u_gemm/g_mac4.u_mac/p0__85_carry__0_i_8/O
                         net (fo=1, routed)           0.000    15.025    u_system/u_gemm/g_mac4.u_mac/p0__85_carry__0_i_8_n_0
    SLICE_X105Y137       CARRY4 (Prop_carry4_S[0]_CO[3])
                                                      0.532    15.557 r  u_system/u_gemm/g_mac4.u_mac/p0__85_carry__0/CO[3]
                         net (fo=1, routed)           0.000    15.557    u_system/u_gemm/g_mac4.u_mac/p0__85_carry__0_n_0
    SLICE_X105Y138       CARRY4 (Prop_carry4_CI_O[1])
                                                      0.334    15.891 r  u_system/u_gemm/g_mac4.u_mac/p0__85_carry__1/O[1]
                         net (fo=1, routed)           0.597    16.488    u_system/u_gemm/g_mac4.u_mac/p0[13]
    SLICE_X105Y142       LUT2 (Prop_lut2_I1_O)        0.303    16.791 r  u_system/u_gemm/g_mac4.u_mac/i__carry__2_i_3/O
                         net (fo=1, routed)           0.000    16.791    u_system/u_gemm/g_mac4.u_mac/i__carry__2_i_3_n_0
    SLICE_X105Y142       CARRY4 (Prop_carry4_S[1]_CO[3])
                                                      0.550    17.341 r  u_system/u_gemm/g_mac4.u_mac/acc00_inferred__0/i__carry__2/CO[3]
                         net (fo=1, routed)           0.000    17.341    u_system/u_gemm/g_mac4.u_mac/acc00_inferred__0/i__carry__2_n_0
    SLICE_X105Y143       CARRY4 (Prop_carry4_CI_CO[3])
                                                      0.114    17.455 r  u_system/u_gemm/g_mac4.u_mac/acc00_inferred__0/i__carry__3/CO[3]
                         net (fo=1, routed)           0.000    17.455    u_system/u_gemm/g_mac4.u_mac/acc00_inferred__0/i__carry__3_n_0
    SLICE_X105Y144       CARRY4 (Prop_carry4_CI_CO[3])
                                                      0.114    17.569 r  u_system/u_gemm/g_mac4.u_mac/acc00_inferred__0/i__carry__4/CO[3]
                         net (fo=1, routed)           0.000    17.569    u_system/u_gemm/g_mac4.u_mac/acc00_inferred__0/i__carry__4_n_0
    SLICE_X105Y145       CARRY4 (Prop_carry4_CI_O[3])
                                                      0.313    17.882 r  u_system/u_gemm/g_mac4.u_mac/acc00_inferred__0/i__carry__5/O[3]
                         net (fo=1, routed)           0.603    18.486    u_system/u_gemm/g_mac4.u_mac/acc00[27]
    SLICE_X103Y145       LUT2 (Prop_lut2_I0_O)        0.306    18.792 r  u_system/u_gemm/g_mac4.u_mac/acc0[27]_i_1/O
                         net (fo=1, routed)           0.000    18.792    u_system/u_gemm/g_mac4.u_mac/acc00_in[27]
    SLICE_X103Y145       FDRE                                         r  u_system/u_gemm/g_mac4.u_mac/acc0_reg[27]/D
  -------------------------------------------------------------------    -------------------

                         (clock sys_clk_pin rise edge)
                                                     14.000    14.000 r  
    K17                                               0.000    14.000 r  clk (IN)
                         net (fo=0)                   0.000    14.000    clk
    K17                  IBUF (Prop_ibuf_I_O)         1.404    15.404 r  clk_IBUF_inst/O
                         net (fo=1, routed)           2.293    17.697    clk_IBUF
    BUFGCTRL_X0Y16       BUFG (Prop_bufg_I_O)         0.091    17.788 r  clk_IBUF_BUFG_inst/O
                         net (fo=1047, routed)        1.783    19.571    u_system/u_gemm/g_mac4.u_mac/clk_IBUF_BUFG
    SLICE_X103Y145       FDRE                                         r  u_system/u_gemm/g_mac4.u_mac/acc0_reg[27]/C
                         clock pessimism              0.441    20.013    
                         clock uncertainty           -0.035    19.977    
    SLICE_X103Y145       FDRE (Setup_fdre_C_D)        0.032    20.009    u_system/u_gemm/g_mac4.u_mac/acc0_reg[27]
  -------------------------------------------------------------------
                         required time                         20.009    
                         arrival time                         -18.792    
  -------------------------------------------------------------------
                         slack                                  1.218    

Slack (MET) :             1.222ns  (required time - arrival time)
  Source:                 u_system/u_gemm/u_mmio/r_k_reg[0]/C
                            (rising edge-triggered cell FDRE clocked by sys_clk_pin  {rise@0.000ns fall@7.000ns period=14.000ns})
  Destination:            u_system/u_gemm/g_mac4.u_mac/acc0_reg[24]/D
                            (rising edge-triggered cell FDRE clocked by sys_clk_pin  {rise@0.000ns fall@7.000ns period=14.000ns})
  Path Group:             sys_clk_pin
  Path Type:              Setup (Max at Slow Process Corner)
  Requirement:            14.000ns  (sys_clk_pin rise@14.000ns - sys_clk_pin rise@0.000ns)
  Data Path Delay:        12.722ns  (logic 5.291ns (41.590%)  route 7.431ns (58.410%))
  Logic Levels:           16  (CARRY4=8 LUT2=2 LUT3=1 LUT4=2 LUT6=2 RAMD32=1)
  Clock Path Skew:        -0.050ns (DCD - SCD + CPR)
    Destination Clock Delay (DCD):    5.571ns = ( 19.571 - 14.000 ) 
    Source Clock Delay      (SCD):    6.063ns
    Clock Pessimism Removal (CPR):    0.441ns
  Clock Uncertainty:      0.035ns  ((TSJ^2 + TIJ^2)^1/2 + DJ) / 2 + PE
    Total System Jitter     (TSJ):    0.071ns
    Total Input Jitter      (TIJ):    0.000ns
    Discrete Jitter          (DJ):    0.000ns
    Phase Error              (PE):    0.000ns

    Location             Delay type                Incr(ns)  Path(ns)    Netlist Resource(s)
  -------------------------------------------------------------------    -------------------
                         (clock sys_clk_pin rise edge)
                                                      0.000     0.000 r  
    K17                                               0.000     0.000 r  clk (IN)
                         net (fo=0)                   0.000     0.000    clk
    K17                  IBUF (Prop_ibuf_I_O)         1.475     1.475 r  clk_IBUF_inst/O
                         net (fo=1, routed)           2.522     3.997    clk_IBUF
    BUFGCTRL_X0Y16       BUFG (Prop_bufg_I_O)         0.101     4.098 r  clk_IBUF_BUFG_inst/O
                         net (fo=1047, routed)        1.965     6.063    u_system/u_gemm/u_mmio/clk_IBUF_BUFG
    SLICE_X94Y131        FDRE                                         r  u_system/u_gemm/u_mmio/r_k_reg[0]/C
  -------------------------------------------------------------------    -------------------
    SLICE_X94Y131        FDRE (Prop_fdre_C_Q)         0.518     6.581 r  u_system/u_gemm/u_mmio/r_k_reg[0]/Q
                         net (fo=44, routed)          1.008     7.589    u_system/u_gemm/u_mmio/Q[0]
    SLICE_X94Y131        LUT6 (Prop_lut6_I0_O)        0.124     7.713 r  u_system/u_gemm/u_mmio/a_buf_reg_0_15_0_5_i_7/O
                         net (fo=1, routed)           0.680     8.393    u_system/u_gemm/g_mac4.u_mac/u_buf/a_buf_reg_0_15_0_5
    SLICE_X94Y131        LUT4 (Prop_lut4_I3_O)        0.150     8.543 r  u_system/u_gemm/g_mac4.u_mac/a_buf_reg_0_15_0_5_i_1/O
                         net (fo=8, routed)           0.771     9.314    u_buf/a_buf_reg_0_15_0_5/ADDRB3
    SLICE_X94Y134        RAMD32 (Prop_ramd32_RADR3_O)
                                                      0.354     9.668 r  u_buf/a_buf_reg_0_15_0_5/RAMB/O
                         net (fo=64, routed)          1.638    11.307    u_system/u_gemm/u_buf/buf_a_rdata[2]
    SLICE_X108Y134       LUT6 (Prop_lut6_I2_O)        0.348    11.655 r  u_system/u_gemm/u_buf/p0__0_carry_i_1/O
                         net (fo=1, routed)           0.611    12.266    u_system/u_gemm/g_mac4.u_mac/i__carry_i_4__2_0[2]
    SLICE_X106Y134       CARRY4 (Prop_carry4_DI[3]_CO[3])
                                                      0.385    12.651 r  u_system/u_gemm/g_mac4.u_mac/p0__0_carry/CO[3]
                         net (fo=1, routed)           0.000    12.651    u_system/u_gemm/g_mac4.u_mac/p0__0_carry_n_0
    SLICE_X106Y135       CARRY4 (Prop_carry4_CI_O[3])
                                                      0.313    12.964 r  u_system/u_gemm/g_mac4.u_mac/p0__0_carry__0/O[3]
                         net (fo=2, routed)           0.785    13.749    u_system/u_gemm/g_mac4.u_mac/p0__0_carry__0_n_4
    SLICE_X105Y136       LUT3 (Prop_lut3_I1_O)        0.299    14.048 r  u_system/u_gemm/g_mac4.u_mac/p0__85_carry__0_i_4/O
                         net (fo=2, routed)           0.645    14.693    u_system/u_gemm/g_mac4.u_mac/p0__85_carry__0_i_4_n_0
    SLICE_X105Y137       LUT4 (Prop_lut4_I3_O)        0.332    15.025 r  u_system/u_gemm/g_mac4.u_mac/p0__85_carry__0_i_8/O
                         net (fo=1, routed)           0.000    15.025    u_system/u_gemm/g_mac4.u_mac/p0__85_carry__0_i_8_n_0
    SLICE_X105Y137       CARRY4 (Prop_carry4_S[0]_CO[3])
                                                      0.532    15.557 r  u_system/u_gemm/g_mac4.u_mac/p0__85_carry__0/CO[3]
                         net (fo=1, routed)           0.000    15.557    u_system/u_gemm/g_mac4.u_mac/p0__85_carry__0_n_0
    SLICE_X105Y138       CARRY4 (Prop_carry4_CI_O[1])
                                                      0.334    15.891 r  u_system/u_gemm/g_mac4.u_mac/p0__85_carry__1/O[1]
                         net (fo=1, routed)           0.597    16.488    u_system/u_gemm/g_mac4.u_mac/p0[13]
    SLICE_X105Y142       LUT2 (Prop_lut2_I1_O)        0.303    16.791 r  u_system/u_gemm/g_mac4.u_mac/i__carry__2_i_3/O
                         net (fo=1, routed)           0.000    16.791    u_system/u_gemm/g_mac4.u_mac/i__carry__2_i_3_n_0
    SLICE_X105Y142       CARRY4 (Prop_carry4_S[1]_CO[3])
                                                      0.550    17.341 r  u_system/u_gemm/g_mac4.u_mac/acc00_inferred__0/i__carry__2/CO[3]
                         net (fo=1, routed)           0.000    17.341    u_system/u_gemm/g_mac4.u_mac/acc00_inferred__0/i__carry__2_n_0
    SLICE_X105Y143       CARRY4 (Prop_carry4_CI_CO[3])
                                                      0.114    17.455 r  u_system/u_gemm/g_mac4.u_mac/acc00_inferred__0/i__carry__3/CO[3]
                         net (fo=1, routed)           0.000    17.455    u_system/u_gemm/g_mac4.u_mac/acc00_inferred__0/i__carry__3_n_0
    SLICE_X105Y144       CARRY4 (Prop_carry4_CI_CO[3])
                                                      0.114    17.569 r  u_system/u_gemm/g_mac4.u_mac/acc00_inferred__0/i__carry__4/CO[3]
                         net (fo=1, routed)           0.000    17.569    u_system/u_gemm/g_mac4.u_mac/acc00_inferred__0/i__carry__4_n_0
    SLICE_X105Y145       CARRY4 (Prop_carry4_CI_O[0])
                                                      0.222    17.791 r  u_system/u_gemm/g_mac4.u_mac/acc00_inferred__0/i__carry__5/O[0]
                         net (fo=1, routed)           0.694    18.486    u_system/u_gemm/g_mac4.u_mac/acc00[24]
    SLICE_X103Y145       LUT2 (Prop_lut2_I0_O)        0.299    18.785 r  u_system/u_gemm/g_mac4.u_mac/acc0[24]_i_1/O
                         net (fo=1, routed)           0.000    18.785    u_system/u_gemm/g_mac4.u_mac/acc00_in[24]
    SLICE_X103Y145       FDRE                                         r  u_system/u_gemm/g_mac4.u_mac/acc0_reg[24]/D
  -------------------------------------------------------------------    -------------------

                         (clock sys_clk_pin rise edge)
                                                     14.000    14.000 r  
    K17                                               0.000    14.000 r  clk (IN)
                         net (fo=0)                   0.000    14.000    clk
    K17                  IBUF (Prop_ibuf_I_O)         1.404    15.404 r  clk_IBUF_inst/O
                         net (fo=1, routed)           2.293    17.697    clk_IBUF
    BUFGCTRL_X0Y16       BUFG (Prop_bufg_I_O)         0.091    17.788 r  clk_IBUF_BUFG_inst/O
                         net (fo=1047, routed)        1.783    19.571    u_system/u_gemm/g_mac4.u_mac/clk_IBUF_BUFG
    SLICE_X103Y145       FDRE                                         r  u_system/u_gemm/g_mac4.u_mac/acc0_reg[24]/C
                         clock pessimism              0.441    20.013    
                         clock uncertainty           -0.035    19.977    
    SLICE_X103Y145       FDRE (Setup_fdre_C_D)        0.029    20.006    u_system/u_gemm/g_mac4.u_mac/acc0_reg[24]
  -------------------------------------------------------------------
                         required time                         20.006    
                         arrival time                         -18.785    
  -------------------------------------------------------------------
                         slack                                  1.222    





Pulse Width Checks
--------------------------------------------------------------------------------------
Clock Name:         sys_clk_pin
Waveform(ns):       { 0.000 7.000 }
Period(ns):         14.000
Sources:            { clk }

Check Type        Corner  Lib Pin             Reference Pin  Required(ns)  Actual(ns)  Slack(ns)  Location       Pin
Min Period        n/a     RAMB36E1/CLKARDCLK  n/a            2.944         14.000      11.056     RAMB36_X4Y26   u_system/mem_reg_0/CLKARDCLK
Min Period        n/a     RAMB36E1/CLKARDCLK  n/a            2.944         14.000      11.056     RAMB36_X4Y27   u_system/mem_reg_1/CLKARDCLK
Min Period        n/a     RAMB36E1/CLKARDCLK  n/a            2.944         14.000      11.056     RAMB36_X4Y28   u_system/mem_reg_2/CLKARDCLK
Min Period        n/a     RAMB36E1/CLKARDCLK  n/a            2.944         14.000      11.056     RAMB36_X4Y29   u_system/mem_reg_3/CLKARDCLK
Min Period        n/a     RAMB36E1/CLKBWRCLK  n/a            2.576         14.000      11.424     RAMB36_X4Y26   u_system/mem_reg_0/CLKBWRCLK
Low Pulse Width   Slow    RAMD32/CLK          n/a            1.250         7.000       5.750      SLICE_X94Y134  u_buf/a_buf_reg_0_15_0_5/RAMA/CLK
Low Pulse Width   Fast    RAMD32/CLK          n/a            1.250         7.000       5.750      SLICE_X94Y134  u_buf/a_buf_reg_0_15_0_5/RAMA/CLK
Low Pulse Width   Slow    RAMD32/CLK          n/a            1.250         7.000       5.750      SLICE_X94Y134  u_buf/a_buf_reg_0_15_0_5/RAMA_D1/CLK
Low Pulse Width   Fast    RAMD32/CLK          n/a            1.250         7.000       5.750      SLICE_X94Y134  u_buf/a_buf_reg_0_15_0_5/RAMA_D1/CLK
Low Pulse Width   Slow    RAMD32/CLK          n/a            1.250         7.000       5.750      SLICE_X94Y134  u_buf/a_buf_reg_0_15_0_5/RAMB/CLK
High Pulse Width  Slow    RAMD32/CLK          n/a            1.250         7.000       5.750      SLICE_X94Y134  u_buf/a_buf_reg_0_15_0_5/RAMA/CLK
High Pulse Width  Fast    RAMD32/CLK          n/a            1.250         7.000       5.750      SLICE_X94Y134  u_buf/a_buf_reg_0_15_0_5/RAMA/CLK
High Pulse Width  Slow    RAMD32/CLK          n/a            1.250         7.000       5.750      SLICE_X94Y134  u_buf/a_buf_reg_0_15_0_5/RAMA_D1/CLK
High Pulse Width  Fast    RAMD32/CLK          n/a            1.250         7.000       5.750      SLICE_X94Y134  u_buf/a_buf_reg_0_15_0_5/RAMA_D1/CLK
High Pulse Width  Slow    RAMD32/CLK          n/a            1.250         7.000       5.750      SLICE_X94Y134  u_buf/a_buf_reg_0_15_0_5/RAMB/CLK



