Copyright 1986-2022 Xilinx, Inc. All Rights Reserved. Copyright 2022-2024 Advanced Micro Devices, Inc. All Rights Reserved.
----------------------------------------------------------------------------------------------------------------------------------------------------------------------------------------------------
| Tool Version : Vivado v.2024.2 (lin64) Build 5239630 Fri Nov 08 22:34:34 MST 2024
| Date         : Wed Jun 17 03:54:42 2026
| Host         : young-PC running 64-bit Ubuntu 24.04.4 LTS
| Command      : report_timing_summary -delay_type max -max_paths 5 -file /home/young/dev/20_digital-systems-lab/projects/simple-cpu-gemm-accelerator/fpga/reports/mode4/76_9mhz_timing_summary.rpt
| Design       : zybo_top
| Device       : 7z020-clg400
| Speed File   : -1  PRODUCTION 1.12 2019-11-22
| Design State : Routed
----------------------------------------------------------------------------------------------------------------------------------------------------------------------------------------------------

Timing Summary Report

------------------------------------------------------------------------------------------------
| Timer Settings
| --------------
------------------------------------------------------------------------------------------------

  Enable Multi Corner Analysis               :  Yes
  Enable Pessimism Removal                   :  Yes
  Pessimism Removal Resolution               :  Nearest Common Node
  Enable Input Delay Default Clock           :  No
  Enable Preset / Clear Arcs                 :  No
  Disable Flight Delays                      :  No
  Ignore I/O Paths                           :  No
  Timing Early Launch at Borrowing Latches   :  No
  Borrow Time for Max Delay Exceptions       :  Yes
  Merge Timing Exceptions                    :  Yes
  Inter-SLR Compensation                     :  Conservative

  Corner  Analyze    Analyze    
  Name    Max Paths  Min Paths  
  ------  ---------  ---------  
  Slow    Yes        Yes        
  Fast    Yes        Yes        


------------------------------------------------------------------------------------------------
| Report Methodology
| ------------------
------------------------------------------------------------------------------------------------

Rule       Severity  Description                                 Violations  
---------  --------  ------------------------------------------  ----------  
SYNTH-6    Warning   Timing of a RAM block might be sub-optimal  4           
TIMING-18  Warning   Missing input or output delay               5           

Note: This report is based on the most recent report_methodology run and may not be up-to-date. Run report_methodology on the current design for the latest report.



check_timing report

Table of Contents
-----------------
1. checking no_clock (0)
2. checking constant_clock (0)
3. checking pulse_width_clock (0)
4. checking unconstrained_internal_endpoints (0)
5. checking no_input_delay (1)
6. checking no_output_delay (4)
7. checking multiple_clock (0)
8. checking generated_clocks (0)
9. checking loops (0)
10. checking partial_input_delay (0)
11. checking partial_output_delay (0)
12. checking latch_loops (0)

1. checking no_clock (0)
------------------------
 There are 0 register/latch pins with no clock.


2. checking constant_clock (0)
------------------------------
 There are 0 register/latch pins with constant_clock.


3. checking pulse_width_clock (0)
---------------------------------
 There are 0 register/latch pins which need pulse_width check


4. checking unconstrained_internal_endpoints (0)
------------------------------------------------
 There are 0 pins that are not constrained for maximum delay.

 There are 0 pins that are not constrained for maximum delay due to constant clock.


5. checking no_input_delay (1)
------------------------------
 There is 1 input port with no input delay specified. (HIGH)

 There are 0 input ports with no input delay but user has a false path constraint.


6. checking no_output_delay (4)
-------------------------------
 There are 4 ports with no output delay specified. (HIGH)

 There are 0 ports with no output delay but user has a false path constraint

 There are 0 ports with no output delay but with a timing clock defined on it or propagating through it


7. checking multiple_clock (0)
------------------------------
 There are 0 register/latch pins with multiple clocks.


8. checking generated_clocks (0)
--------------------------------
 There are 0 generated clocks that are not connected to a clock source.


9. checking loops (0)
---------------------
 There are 0 combinational loops in the design.


10. checking partial_input_delay (0)
------------------------------------
 There are 0 input ports with partial input delay specified.


11. checking partial_output_delay (0)
-------------------------------------
 There are 0 ports with partial output delay specified.


12. checking latch_loops (0)
----------------------------
 There are 0 combinational latch loops in the design through latch input



------------------------------------------------------------------------------------------------
| Design Timing Summary
| ---------------------
------------------------------------------------------------------------------------------------

    WNS(ns)      TNS(ns)  TNS Failing Endpoints  TNS Total Endpoints     WPWS(ns)     TPWS(ns)  TPWS Failing Endpoints  TPWS Total Endpoints  
    -------      -------  ---------------------  -------------------     --------     --------  ----------------------  --------------------  
      0.553        0.000                      0                 2910        5.250        0.000                       0                  1048  


All user specified timing constraints are met.


------------------------------------------------------------------------------------------------
| Clock Summary
| -------------
------------------------------------------------------------------------------------------------

Clock        Waveform(ns)       Period(ns)      Frequency(MHz)
-----        ------------       ----------      --------------
sys_clk_pin  {0.000 6.500}      13.000          76.923          


------------------------------------------------------------------------------------------------
| Intra Clock Table
| -----------------
------------------------------------------------------------------------------------------------

Clock             WNS(ns)      TNS(ns)  TNS Failing Endpoints  TNS Total Endpoints     WPWS(ns)     TPWS(ns)  TPWS Failing Endpoints  TPWS Total Endpoints  
-----             -------      -------  ---------------------  -------------------     --------     --------  ----------------------  --------------------  
sys_clk_pin         0.553        0.000                      0                 2910        5.250        0.000                       0                  1048  


------------------------------------------------------------------------------------------------
| Inter Clock Table
| -----------------
------------------------------------------------------------------------------------------------

From Clock    To Clock          WNS(ns)      TNS(ns)  TNS Failing Endpoints  TNS Total Endpoints  
----------    --------          -------      -------  ---------------------  -------------------  


------------------------------------------------------------------------------------------------
| Other Path Groups Table
| -----------------------
------------------------------------------------------------------------------------------------

Path Group    From Clock    To Clock          WNS(ns)      TNS(ns)  TNS Failing Endpoints  TNS Total Endpoints  
----------    ----------    --------          -------      -------  ---------------------  -------------------  


------------------------------------------------------------------------------------------------
| Timing Details
| --------------
------------------------------------------------------------------------------------------------


---------------------------------------------------------------------------------------------------
From Clock:  sys_clk_pin
  To Clock:  sys_clk_pin

Setup :            0  Failing Endpoints,  Worst Slack        0.553ns,  Total Violation        0.000ns
Hold  :           NA  Failing Endpoints,  Worst Slack           NA  ,  Total Violation           NA
PW    :            0  Failing Endpoints,  Worst Slack        5.250ns,  Total Violation        0.000ns
---------------------------------------------------------------------------------------------------


Max Delay Paths
--------------------------------------------------------------------------------------
Slack (MET) :             0.553ns  (required time - arrival time)
  Source:                 u_system/u_gemm/g_mac4.u_mac/i_reg[1]/C
                            (rising edge-triggered cell FDRE clocked by sys_clk_pin  {rise@0.000ns fall@6.500ns period=13.000ns})
  Destination:            u_system/u_gemm/g_mac4.u_mac/acc3_reg[29]/D
                            (rising edge-triggered cell FDRE clocked by sys_clk_pin  {rise@0.000ns fall@6.500ns period=13.000ns})
  Path Group:             sys_clk_pin
  Path Type:              Setup (Max at Slow Process Corner)
  Requirement:            13.000ns  (sys_clk_pin rise@13.000ns - sys_clk_pin rise@0.000ns)
  Data Path Delay:        12.470ns  (logic 5.329ns (42.735%)  route 7.141ns (57.265%))
  Logic Levels:           16  (CARRY4=7 LUT2=2 LUT3=2 LUT4=1 LUT6=3 RAMD32=1)
  Clock Path Skew:        -0.017ns (DCD - SCD + CPR)
    Destination Clock Delay (DCD):    5.570ns = ( 18.570 - 13.000 ) 
    Source Clock Delay      (SCD):    6.067ns
    Clock Pessimism Removal (CPR):    0.479ns
  Clock Uncertainty:      0.035ns  ((TSJ^2 + TIJ^2)^1/2 + DJ) / 2 + PE
    Total System Jitter     (TSJ):    0.071ns
    Total Input Jitter      (TIJ):    0.000ns
    Discrete Jitter          (DJ):    0.000ns
    Phase Error              (PE):    0.000ns

    Location             Delay type                Incr(ns)  Path(ns)    Netlist Resource(s)
  -------------------------------------------------------------------    -------------------
                         (clock sys_clk_pin rise edge)
                                                      0.000     0.000 r  
    K17                                               0.000     0.000 r  clk (IN)
                         net (fo=0)                   0.000     0.000    clk
    K17                  IBUF (Prop_ibuf_I_O)         1.475     1.475 r  clk_IBUF_inst/O
                         net (fo=1, routed)           2.522     3.997    clk_IBUF
    BUFGCTRL_X0Y16       BUFG (Prop_bufg_I_O)         0.101     4.098 r  clk_IBUF_BUFG_inst/O
                         net (fo=1047, routed)        1.969     6.067    u_system/u_gemm/g_mac4.u_mac/clk_IBUF_BUFG
    SLICE_X98Y133        FDRE                                         r  u_system/u_gemm/g_mac4.u_mac/i_reg[1]/C
  -------------------------------------------------------------------    -------------------
    SLICE_X98Y133        FDRE (Prop_fdre_C_Q)         0.478     6.545 r  u_system/u_gemm/g_mac4.u_mac/i_reg[1]/Q
                         net (fo=11, routed)          0.871     7.416    u_system/u_gemm/g_mac4.u_mac/i[1]
    SLICE_X99Y133        LUT6 (Prop_lut6_I0_O)        0.296     7.712 r  u_system/u_gemm/g_mac4.u_mac/a_buf_reg_0_15_0_5_i_6/O
                         net (fo=2, routed)           0.755     8.467    u_system/u_gemm/g_mac4.u_mac/a_buf_reg_0_15_0_5_i_6_n_0
    SLICE_X97Y133        LUT3 (Prop_lut3_I1_O)        0.124     8.591 r  u_system/u_gemm/g_mac4.u_mac/a_buf_reg_0_15_0_5_i_2/O
                         net (fo=8, routed)           1.024     9.615    u_buf/a_buf_reg_0_15_0_5/ADDRC2
    SLICE_X102Y135       RAMD32 (Prop_ramd32_RADR2_O)
                                                      0.153     9.768 r  u_buf/a_buf_reg_0_15_0_5/RAMC/O
                         net (fo=68, routed)          0.987    10.756    u_system/u_gemm/u_buf/buf_a_rdata[4]
    SLICE_X100Y135       LUT6 (Prop_lut6_I1_O)        0.331    11.087 r  u_system/u_gemm/u_buf/p3__0_carry__0_i_3/O
                         net (fo=2, routed)           0.789    11.875    u_system/u_gemm/u_buf/b_we_reg[1]
    SLICE_X99Y135        LUT6 (Prop_lut6_I0_O)        0.124    11.999 r  u_system/u_gemm/u_buf/p3__0_carry__0_i_7/O
                         net (fo=1, routed)           0.000    11.999    u_system/u_gemm/g_mac4.u_mac/p3__85_carry_i_8_1[1]
    SLICE_X99Y135        CARRY4 (Prop_carry4_S[1]_O[3])
                                                      0.640    12.639 r  u_system/u_gemm/g_mac4.u_mac/p3__0_carry__0/O[3]
                         net (fo=2, routed)           0.738    13.377    u_system/u_gemm/g_mac4.u_mac/p3__0_carry__0_n_4
    SLICE_X95Y140        LUT3 (Prop_lut3_I1_O)        0.299    13.676 r  u_system/u_gemm/g_mac4.u_mac/p3__85_carry__0_i_4/O
                         net (fo=2, routed)           0.594    14.270    u_system/u_gemm/g_mac4.u_mac/p3__85_carry__0_i_4_n_0
    SLICE_X95Y141        LUT4 (Prop_lut4_I3_O)        0.332    14.602 r  u_system/u_gemm/g_mac4.u_mac/p3__85_carry__0_i_8/O
                         net (fo=1, routed)           0.000    14.602    u_system/u_gemm/g_mac4.u_mac/p3__85_carry__0_i_8_n_0
    SLICE_X95Y141        CARRY4 (Prop_carry4_S[0]_CO[3])
                                                      0.532    15.134 r  u_system/u_gemm/g_mac4.u_mac/p3__85_carry__0/CO[3]
                         net (fo=1, routed)           0.000    15.134    u_system/u_gemm/g_mac4.u_mac/p3__85_carry__0_n_0
    SLICE_X95Y142        CARRY4 (Prop_carry4_CI_O[3])
                                                      0.313    15.447 r  u_system/u_gemm/g_mac4.u_mac/p3__85_carry__1/O[3]
                         net (fo=3, routed)           0.735    16.182    u_system/u_gemm/u_buf/O[0]
    SLICE_X98Y144        LUT2 (Prop_lut2_I0_O)        0.306    16.488 r  u_system/u_gemm/u_buf/acc30_carry__3_i_5/O
                         net (fo=1, routed)           0.000    16.488    u_system/u_gemm/g_mac4.u_mac/acc3_reg[19]_0[0]
    SLICE_X98Y144        CARRY4 (Prop_carry4_S[0]_CO[3])
                                                      0.513    17.001 r  u_system/u_gemm/g_mac4.u_mac/acc30_carry__3/CO[3]
                         net (fo=1, routed)           0.000    17.001    u_system/u_gemm/g_mac4.u_mac/acc30_carry__3_n_0
    SLICE_X98Y145        CARRY4 (Prop_carry4_CI_CO[3])
                                                      0.117    17.118 r  u_system/u_gemm/g_mac4.u_mac/acc30_carry__4/CO[3]
                         net (fo=1, routed)           0.000    17.118    u_system/u_gemm/g_mac4.u_mac/acc30_carry__4_n_0
    SLICE_X98Y146        CARRY4 (Prop_carry4_CI_CO[3])
                                                      0.117    17.235 r  u_system/u_gemm/g_mac4.u_mac/acc30_carry__5/CO[3]
                         net (fo=1, routed)           0.000    17.235    u_system/u_gemm/g_mac4.u_mac/acc30_carry__5_n_0
    SLICE_X98Y147        CARRY4 (Prop_carry4_CI_O[1])
                                                      0.323    17.558 r  u_system/u_gemm/g_mac4.u_mac/acc30_carry__6/O[1]
                         net (fo=1, routed)           0.647    18.206    u_system/u_gemm/g_mac4.u_mac/acc30[29]
    SLICE_X101Y146       LUT2 (Prop_lut2_I0_O)        0.331    18.537 r  u_system/u_gemm/g_mac4.u_mac/acc3[29]_i_1/O
                         net (fo=1, routed)           0.000    18.537    u_system/u_gemm/g_mac4.u_mac/acc3[29]
    SLICE_X101Y146       FDRE                                         r  u_system/u_gemm/g_mac4.u_mac/acc3_reg[29]/D
  -------------------------------------------------------------------    -------------------

                         (clock sys_clk_pin rise edge)
                                                     13.000    13.000 r  
    K17                                               0.000    13.000 r  clk (IN)
                         net (fo=0)                   0.000    13.000    clk
    K17                  IBUF (Prop_ibuf_I_O)         1.404    14.404 r  clk_IBUF_inst/O
                         net (fo=1, routed)           2.293    16.697    clk_IBUF
    BUFGCTRL_X0Y16       BUFG (Prop_bufg_I_O)         0.091    16.788 r  clk_IBUF_BUFG_inst/O
                         net (fo=1047, routed)        1.782    18.570    u_system/u_gemm/g_mac4.u_mac/clk_IBUF_BUFG
    SLICE_X101Y146       FDRE                                         r  u_system/u_gemm/g_mac4.u_mac/acc3_reg[29]/C
                         clock pessimism              0.479    19.050    
                         clock uncertainty           -0.035    19.014    
    SLICE_X101Y146       FDRE (Setup_fdre_C_D)        0.075    19.089    u_system/u_gemm/g_mac4.u_mac/acc3_reg[29]
  -------------------------------------------------------------------
                         required time                         19.089    
                         arrival time                         -18.537    
  -------------------------------------------------------------------
                         slack                                  0.553    

Slack (MET) :             0.582ns  (required time - arrival time)
  Source:                 u_system/u_gemm/g_mac4.u_mac/i_reg[1]/C
                            (rising edge-triggered cell FDRE clocked by sys_clk_pin  {rise@0.000ns fall@6.500ns period=13.000ns})
  Destination:            u_system/u_gemm/g_mac4.u_mac/acc3_reg[31]/D
                            (rising edge-triggered cell FDRE clocked by sys_clk_pin  {rise@0.000ns fall@6.500ns period=13.000ns})
  Path Group:             sys_clk_pin
  Path Type:              Setup (Max at Slow Process Corner)
  Requirement:            13.000ns  (sys_clk_pin rise@13.000ns - sys_clk_pin rise@0.000ns)
  Data Path Delay:        12.441ns  (logic 5.322ns (42.777%)  route 7.119ns (57.223%))
  Logic Levels:           16  (CARRY4=7 LUT2=2 LUT3=2 LUT4=1 LUT6=3 RAMD32=1)
  Clock Path Skew:        -0.016ns (DCD - SCD + CPR)
    Destination Clock Delay (DCD):    5.571ns = ( 18.571 - 13.000 ) 
    Source Clock Delay      (SCD):    6.067ns
    Clock Pessimism Removal (CPR):    0.479ns
  Clock Uncertainty:      0.035ns  ((TSJ^2 + TIJ^2)^1/2 + DJ) / 2 + PE
    Total System Jitter     (TSJ):    0.071ns
    Total Input Jitter      (TIJ):    0.000ns
    Discrete Jitter          (DJ):    0.000ns
    Phase Error              (PE):    0.000ns

    Location             Delay type                Incr(ns)  Path(ns)    Netlist Resource(s)
  -------------------------------------------------------------------    -------------------
                         (clock sys_clk_pin rise edge)
                                                      0.000     0.000 r  
    K17                                               0.000     0.000 r  clk (IN)
                         net (fo=0)                   0.000     0.000    clk
    K17                  IBUF (Prop_ibuf_I_O)         1.475     1.475 r  clk_IBUF_inst/O
                         net (fo=1, routed)           2.522     3.997    clk_IBUF
    BUFGCTRL_X0Y16       BUFG (Prop_bufg_I_O)         0.101     4.098 r  clk_IBUF_BUFG_inst/O
                         net (fo=1047, routed)        1.969     6.067    u_system/u_gemm/g_mac4.u_mac/clk_IBUF_BUFG
    SLICE_X98Y133        FDRE                                         r  u_system/u_gemm/g_mac4.u_mac/i_reg[1]/C
  -------------------------------------------------------------------    -------------------
    SLICE_X98Y133        FDRE (Prop_fdre_C_Q)         0.478     6.545 r  u_system/u_gemm/g_mac4.u_mac/i_reg[1]/Q
                         net (fo=11, routed)          0.871     7.416    u_system/u_gemm/g_mac4.u_mac/i[1]
    SLICE_X99Y133        LUT6 (Prop_lut6_I0_O)        0.296     7.712 r  u_system/u_gemm/g_mac4.u_mac/a_buf_reg_0_15_0_5_i_6/O
                         net (fo=2, routed)           0.755     8.467    u_system/u_gemm/g_mac4.u_mac/a_buf_reg_0_15_0_5_i_6_n_0
    SLICE_X97Y133        LUT3 (Prop_lut3_I1_O)        0.124     8.591 r  u_system/u_gemm/g_mac4.u_mac/a_buf_reg_0_15_0_5_i_2/O
                         net (fo=8, routed)           1.024     9.615    u_buf/a_buf_reg_0_15_0_5/ADDRC2
    SLICE_X102Y135       RAMD32 (Prop_ramd32_RADR2_O)
                                                      0.153     9.768 r  u_buf/a_buf_reg_0_15_0_5/RAMC/O
                         net (fo=68, routed)          0.987    10.756    u_system/u_gemm/u_buf/buf_a_rdata[4]
    SLICE_X100Y135       LUT6 (Prop_lut6_I1_O)        0.331    11.087 r  u_system/u_gemm/u_buf/p3__0_carry__0_i_3/O
                         net (fo=2, routed)           0.789    11.875    u_system/u_gemm/u_buf/b_we_reg[1]
    SLICE_X99Y135        LUT6 (Prop_lut6_I0_O)        0.124    11.999 r  u_system/u_gemm/u_buf/p3__0_carry__0_i_7/O
                         net (fo=1, routed)           0.000    11.999    u_system/u_gemm/g_mac4.u_mac/p3__85_carry_i_8_1[1]
    SLICE_X99Y135        CARRY4 (Prop_carry4_S[1]_O[3])
                                                      0.640    12.639 r  u_system/u_gemm/g_mac4.u_mac/p3__0_carry__0/O[3]
                         net (fo=2, routed)           0.738    13.377    u_system/u_gemm/g_mac4.u_mac/p3__0_carry__0_n_4
    SLICE_X95Y140        LUT3 (Prop_lut3_I1_O)        0.299    13.676 r  u_system/u_gemm/g_mac4.u_mac/p3__85_carry__0_i_4/O
                         net (fo=2, routed)           0.594    14.270    u_system/u_gemm/g_mac4.u_mac/p3__85_carry__0_i_4_n_0
    SLICE_X95Y141        LUT4 (Prop_lut4_I3_O)        0.332    14.602 r  u_system/u_gemm/g_mac4.u_mac/p3__85_carry__0_i_8/O
                         net (fo=1, routed)           0.000    14.602    u_system/u_gemm/g_mac4.u_mac/p3__85_carry__0_i_8_n_0
    SLICE_X95Y141        CARRY4 (Prop_carry4_S[0]_CO[3])
                                                      0.532    15.134 r  u_system/u_gemm/g_mac4.u_mac/p3__85_carry__0/CO[3]
                         net (fo=1, routed)           0.000    15.134    u_system/u_gemm/g_mac4.u_mac/p3__85_carry__0_n_0
    SLICE_X95Y142        CARRY4 (Prop_carry4_CI_O[3])
                                                      0.313    15.447 r  u_system/u_gemm/g_mac4.u_mac/p3__85_carry__1/O[3]
                         net (fo=3, routed)           0.735    16.182    u_system/u_gemm/u_buf/O[0]
    SLICE_X98Y144        LUT2 (Prop_lut2_I0_O)        0.306    16.488 r  u_system/u_gemm/u_buf/acc30_carry__3_i_5/O
                         net (fo=1, routed)           0.000    16.488    u_system/u_gemm/g_mac4.u_mac/acc3_reg[19]_0[0]
    SLICE_X98Y144        CARRY4 (Prop_carry4_S[0]_CO[3])
                                                      0.513    17.001 r  u_system/u_gemm/g_mac4.u_mac/acc30_carry__3/CO[3]
                         net (fo=1, routed)           0.000    17.001    u_system/u_gemm/g_mac4.u_mac/acc30_carry__3_n_0
    SLICE_X98Y145        CARRY4 (Prop_carry4_CI_CO[3])
                                                      0.117    17.118 r  u_system/u_gemm/g_mac4.u_mac/acc30_carry__4/CO[3]
                         net (fo=1, routed)           0.000    17.118    u_system/u_gemm/g_mac4.u_mac/acc30_carry__4_n_0
    SLICE_X98Y146        CARRY4 (Prop_carry4_CI_CO[3])
                                                      0.117    17.235 r  u_system/u_gemm/g_mac4.u_mac/acc30_carry__5/CO[3]
                         net (fo=1, routed)           0.000    17.235    u_system/u_gemm/g_mac4.u_mac/acc30_carry__5_n_0
    SLICE_X98Y147        CARRY4 (Prop_carry4_CI_O[3])
                                                      0.315    17.550 r  u_system/u_gemm/g_mac4.u_mac/acc30_carry__6/O[3]
                         net (fo=1, routed)           0.626    18.176    u_system/u_gemm/g_mac4.u_mac/acc30[31]
    SLICE_X99Y147        LUT2 (Prop_lut2_I0_O)        0.332    18.508 r  u_system/u_gemm/g_mac4.u_mac/acc3[31]_i_2/O
                         net (fo=1, routed)           0.000    18.508    u_system/u_gemm/g_mac4.u_mac/acc3[31]
    SLICE_X99Y147        FDRE                                         r  u_system/u_gemm/g_mac4.u_mac/acc3_reg[31]/D
  -------------------------------------------------------------------    -------------------

                         (clock sys_clk_pin rise edge)
                                                     13.000    13.000 r  
    K17                                               0.000    13.000 r  clk (IN)
                         net (fo=0)                   0.000    13.000    clk
    K17                  IBUF (Prop_ibuf_I_O)         1.404    14.404 r  clk_IBUF_inst/O
                         net (fo=1, routed)           2.293    16.697    clk_IBUF
    BUFGCTRL_X0Y16       BUFG (Prop_bufg_I_O)         0.091    16.788 r  clk_IBUF_BUFG_inst/O
                         net (fo=1047, routed)        1.783    18.571    u_system/u_gemm/g_mac4.u_mac/clk_IBUF_BUFG
    SLICE_X99Y147        FDRE                                         r  u_system/u_gemm/g_mac4.u_mac/acc3_reg[31]/C
                         clock pessimism              0.479    19.051    
                         clock uncertainty           -0.035    19.015    
    SLICE_X99Y147        FDRE (Setup_fdre_C_D)        0.075    19.090    u_system/u_gemm/g_mac4.u_mac/acc3_reg[31]
  -------------------------------------------------------------------
                         required time                         19.090    
                         arrival time                         -18.508    
  -------------------------------------------------------------------
                         slack                                  0.582    

Slack (MET) :             0.584ns  (required time - arrival time)
  Source:                 u_system/u_gemm/g_mac4.u_mac/i_reg[1]/C
                            (rising edge-triggered cell FDRE clocked by sys_clk_pin  {rise@0.000ns fall@6.500ns period=13.000ns})
  Destination:            u_system/u_gemm/g_mac4.u_mac/acc1_reg[31]/D
                            (rising edge-triggered cell FDRE clocked by sys_clk_pin  {rise@0.000ns fall@6.500ns period=13.000ns})
  Path Group:             sys_clk_pin
  Path Type:              Setup (Max at Slow Process Corner)
  Requirement:            13.000ns  (sys_clk_pin rise@13.000ns - sys_clk_pin rise@0.000ns)
  Data Path Delay:        12.439ns  (logic 5.441ns (43.742%)  route 6.998ns (56.258%))
  Logic Levels:           17  (CARRY4=8 LUT2=2 LUT3=1 LUT4=2 LUT6=3 RAMD32=1)
  Clock Path Skew:        -0.017ns (DCD - SCD + CPR)
    Destination Clock Delay (DCD):    5.570ns = ( 18.570 - 13.000 ) 
    Source Clock Delay      (SCD):    6.067ns
    Clock Pessimism Removal (CPR):    0.479ns
  Clock Uncertainty:      0.035ns  ((TSJ^2 + TIJ^2)^1/2 + DJ) / 2 + PE
    Total System Jitter     (TSJ):    0.071ns
    Total Input Jitter      (TIJ):    0.000ns
    Discrete Jitter          (DJ):    0.000ns
    Phase Error              (PE):    0.000ns

    Location             Delay type                Incr(ns)  Path(ns)    Netlist Resource(s)
  -------------------------------------------------------------------    -------------------
                         (clock sys_clk_pin rise edge)
                                                      0.000     0.000 r  
    K17                                               0.000     0.000 r  clk (IN)
                         net (fo=0)                   0.000     0.000    clk
    K17                  IBUF (Prop_ibuf_I_O)         1.475     1.475 r  clk_IBUF_inst/O
                         net (fo=1, routed)           2.522     3.997    clk_IBUF
    BUFGCTRL_X0Y16       BUFG (Prop_bufg_I_O)         0.101     4.098 r  clk_IBUF_BUFG_inst/O
                         net (fo=1047, routed)        1.969     6.067    u_system/u_gemm/g_mac4.u_mac/clk_IBUF_BUFG
    SLICE_X98Y133        FDRE                                         r  u_system/u_gemm/g_mac4.u_mac/i_reg[1]/C
  -------------------------------------------------------------------    -------------------
    SLICE_X98Y133        FDRE (Prop_fdre_C_Q)         0.478     6.545 r  u_system/u_gemm/g_mac4.u_mac/i_reg[1]/Q
                         net (fo=11, routed)          0.871     7.416    u_system/u_gemm/g_mac4.u_mac/i[1]
    SLICE_X99Y133        LUT6 (Prop_lut6_I0_O)        0.296     7.712 r  u_system/u_gemm/g_mac4.u_mac/a_buf_reg_0_15_0_5_i_6/O
                         net (fo=2, routed)           0.755     8.467    u_system/u_gemm/g_mac4.u_mac/a_buf_reg_0_15_0_5_i_6_n_0
    SLICE_X97Y133        LUT4 (Prop_lut4_I1_O)        0.118     8.585 r  u_system/u_gemm/g_mac4.u_mac/a_buf_reg_0_15_0_5_i_1/O
                         net (fo=8, routed)           1.009     9.594    u_buf/a_buf_reg_0_15_0_5/ADDRA3
    SLICE_X102Y135       RAMD32 (Prop_ramd32_RADR3_O)
                                                      0.326     9.920 r  u_buf/a_buf_reg_0_15_0_5/RAMA_D1/O
                         net (fo=68, routed)          1.011    10.931    u_system/u_gemm/u_buf/buf_a_rdata[1]
    SLICE_X103Y137       LUT6 (Prop_lut6_I3_O)        0.124    11.055 r  u_system/u_gemm/u_buf/p1__0_carry__0_i_4/O
                         net (fo=2, routed)           0.672    11.727    u_system/u_gemm/u_buf/a_wdata_reg[6]_4[0]
    SLICE_X102Y137       LUT6 (Prop_lut6_I0_O)        0.124    11.851 r  u_system/u_gemm/u_buf/p1__0_carry__0_i_8/O
                         net (fo=1, routed)           0.000    11.851    u_system/u_gemm/g_mac4.u_mac/p1__85_carry_i_8_1[0]
    SLICE_X102Y137       CARRY4 (Prop_carry4_S[0]_O[3])
                                                      0.608    12.459 r  u_system/u_gemm/g_mac4.u_mac/p1__0_carry__0/O[3]
                         net (fo=2, routed)           0.890    13.348    u_system/u_gemm/g_mac4.u_mac/p1__0_carry__0_n_4
    SLICE_X101Y140       LUT3 (Prop_lut3_I1_O)        0.332    13.680 r  u_system/u_gemm/g_mac4.u_mac/p1__85_carry__0_i_4/O
                         net (fo=2, routed)           0.447    14.128    u_system/u_gemm/g_mac4.u_mac/p1__85_carry__0_i_4_n_0
    SLICE_X101Y141       LUT4 (Prop_lut4_I3_O)        0.332    14.460 r  u_system/u_gemm/g_mac4.u_mac/p1__85_carry__0_i_8/O
                         net (fo=1, routed)           0.000    14.460    u_system/u_gemm/g_mac4.u_mac/p1__85_carry__0_i_8_n_0
    SLICE_X101Y141       CARRY4 (Prop_carry4_S[0]_CO[3])
                                                      0.532    14.992 r  u_system/u_gemm/g_mac4.u_mac/p1__85_carry__0/CO[3]
                         net (fo=1, routed)           0.000    14.992    u_system/u_gemm/g_mac4.u_mac/p1__85_carry__0_n_0
    SLICE_X101Y142       CARRY4 (Prop_carry4_CI_O[1])
                                                      0.334    15.326 r  u_system/u_gemm/g_mac4.u_mac/p1__85_carry__1/O[1]
                         net (fo=1, routed)           0.515    15.841    u_system/u_gemm/g_mac4.u_mac/p1[13]
    SLICE_X102Y142       LUT2 (Prop_lut2_I1_O)        0.303    16.144 r  u_system/u_gemm/g_mac4.u_mac/acc10_carry__2_i_3/O
                         net (fo=1, routed)           0.000    16.144    u_system/u_gemm/g_mac4.u_mac/acc10_carry__2_i_3_n_0
    SLICE_X102Y142       CARRY4 (Prop_carry4_S[1]_CO[3])
                                                      0.533    16.677 r  u_system/u_gemm/g_mac4.u_mac/acc10_carry__2/CO[3]
                         net (fo=1, routed)           0.000    16.677    u_system/u_gemm/g_mac4.u_mac/acc10_carry__2_n_0
    SLICE_X102Y143       CARRY4 (Prop_carry4_CI_CO[3])
                                                      0.117    16.794 r  u_system/u_gemm/g_mac4.u_mac/acc10_carry__3/CO[3]
                         net (fo=1, routed)           0.000    16.794    u_system/u_gemm/g_mac4.u_mac/acc10_carry__3_n_0
    SLICE_X102Y144       CARRY4 (Prop_carry4_CI_CO[3])
                                                      0.117    16.911 r  u_system/u_gemm/g_mac4.u_mac/acc10_carry__4/CO[3]
                         net (fo=1, routed)           0.000    16.911    u_system/u_gemm/g_mac4.u_mac/acc10_carry__4_n_0
    SLICE_X102Y145       CARRY4 (Prop_carry4_CI_CO[3])
                                                      0.117    17.028 r  u_system/u_gemm/g_mac4.u_mac/acc10_carry__5/CO[3]
                         net (fo=1, routed)           0.000    17.028    u_system/u_gemm/g_mac4.u_mac/acc10_carry__5_n_0
    SLICE_X102Y146       CARRY4 (Prop_carry4_CI_O[3])
                                                      0.315    17.343 r  u_system/u_gemm/g_mac4.u_mac/acc10_carry__6/O[3]
                         net (fo=1, routed)           0.828    18.171    u_system/u_gemm/g_mac4.u_mac/acc10[31]
    SLICE_X101Y146       LUT2 (Prop_lut2_I0_O)        0.335    18.506 r  u_system/u_gemm/g_mac4.u_mac/acc1[31]_i_1/O
                         net (fo=1, routed)           0.000    18.506    u_system/u_gemm/g_mac4.u_mac/acc1[31]
    SLICE_X101Y146       FDRE                                         r  u_system/u_gemm/g_mac4.u_mac/acc1_reg[31]/D
  -------------------------------------------------------------------    -------------------

                         (clock sys_clk_pin rise edge)
                                                     13.000    13.000 r  
    K17                                               0.000    13.000 r  clk (IN)
                         net (fo=0)                   0.000    13.000    clk
    K17                  IBUF (Prop_ibuf_I_O)         1.404    14.404 r  clk_IBUF_inst/O
                         net (fo=1, routed)           2.293    16.697    clk_IBUF
    BUFGCTRL_X0Y16       BUFG (Prop_bufg_I_O)         0.091    16.788 r  clk_IBUF_BUFG_inst/O
                         net (fo=1047, routed)        1.782    18.570    u_system/u_gemm/g_mac4.u_mac/clk_IBUF_BUFG
    SLICE_X101Y146       FDRE                                         r  u_system/u_gemm/g_mac4.u_mac/acc1_reg[31]/C
                         clock pessimism              0.479    19.050    
                         clock uncertainty           -0.035    19.014    
    SLICE_X101Y146       FDRE (Setup_fdre_C_D)        0.075    19.089    u_system/u_gemm/g_mac4.u_mac/acc1_reg[31]
  -------------------------------------------------------------------
                         required time                         19.089    
                         arrival time                         -18.506    
  -------------------------------------------------------------------
                         slack                                  0.584    

Slack (MET) :             0.603ns  (required time - arrival time)
  Source:                 u_system/u_gemm/g_mac4.u_mac/i_reg[1]/C
                            (rising edge-triggered cell FDRE clocked by sys_clk_pin  {rise@0.000ns fall@6.500ns period=13.000ns})
  Destination:            u_system/u_gemm/g_mac4.u_mac/acc1_reg[29]/D
                            (rising edge-triggered cell FDRE clocked by sys_clk_pin  {rise@0.000ns fall@6.500ns period=13.000ns})
  Path Group:             sys_clk_pin
  Path Type:              Setup (Max at Slow Process Corner)
  Requirement:            13.000ns  (sys_clk_pin rise@13.000ns - sys_clk_pin rise@0.000ns)
  Data Path Delay:        12.384ns  (logic 5.446ns (43.977%)  route 6.938ns (56.023%))
  Logic Levels:           17  (CARRY4=8 LUT2=2 LUT3=1 LUT4=2 LUT6=3 RAMD32=1)
  Clock Path Skew:        -0.053ns (DCD - SCD + CPR)
    Destination Clock Delay (DCD):    5.572ns = ( 18.572 - 13.000 ) 
    Source Clock Delay      (SCD):    6.067ns
    Clock Pessimism Removal (CPR):    0.441ns
  Clock Uncertainty:      0.035ns  ((TSJ^2 + TIJ^2)^1/2 + DJ) / 2 + PE
    Total System Jitter     (TSJ):    0.071ns
    Total Input Jitter      (TIJ):    0.000ns
    Discrete Jitter          (DJ):    0.000ns
    Phase Error              (PE):    0.000ns

    Location             Delay type                Incr(ns)  Path(ns)    Netlist Resource(s)
  -------------------------------------------------------------------    -------------------
                         (clock sys_clk_pin rise edge)
                                                      0.000     0.000 r  
    K17                                               0.000     0.000 r  clk (IN)
                         net (fo=0)                   0.000     0.000    clk
    K17                  IBUF (Prop_ibuf_I_O)         1.475     1.475 r  clk_IBUF_inst/O
                         net (fo=1, routed)           2.522     3.997    clk_IBUF
    BUFGCTRL_X0Y16       BUFG (Prop_bufg_I_O)         0.101     4.098 r  clk_IBUF_BUFG_inst/O
                         net (fo=1047, routed)        1.969     6.067    u_system/u_gemm/g_mac4.u_mac/clk_IBUF_BUFG
    SLICE_X98Y133        FDRE                                         r  u_system/u_gemm/g_mac4.u_mac/i_reg[1]/C
  -------------------------------------------------------------------    -------------------
    SLICE_X98Y133        FDRE (Prop_fdre_C_Q)         0.478     6.545 r  u_system/u_gemm/g_mac4.u_mac/i_reg[1]/Q
                         net (fo=11, routed)          0.871     7.416    u_system/u_gemm/g_mac4.u_mac/i[1]
    SLICE_X99Y133        LUT6 (Prop_lut6_I0_O)        0.296     7.712 r  u_system/u_gemm/g_mac4.u_mac/a_buf_reg_0_15_0_5_i_6/O
                         net (fo=2, routed)           0.755     8.467    u_system/u_gemm/g_mac4.u_mac/a_buf_reg_0_15_0_5_i_6_n_0
    SLICE_X97Y133        LUT4 (Prop_lut4_I1_O)        0.118     8.585 r  u_system/u_gemm/g_mac4.u_mac/a_buf_reg_0_15_0_5_i_1/O
                         net (fo=8, routed)           1.009     9.594    u_buf/a_buf_reg_0_15_0_5/ADDRA3
    SLICE_X102Y135       RAMD32 (Prop_ramd32_RADR3_O)
                                                      0.326     9.920 r  u_buf/a_buf_reg_0_15_0_5/RAMA_D1/O
                         net (fo=68, routed)          1.011    10.931    u_system/u_gemm/u_buf/buf_a_rdata[1]
    SLICE_X103Y137       LUT6 (Prop_lut6_I3_O)        0.124    11.055 r  u_system/u_gemm/u_buf/p1__0_carry__0_i_4/O
                         net (fo=2, routed)           0.672    11.727    u_system/u_gemm/u_buf/a_wdata_reg[6]_4[0]
    SLICE_X102Y137       LUT6 (Prop_lut6_I0_O)        0.124    11.851 r  u_system/u_gemm/u_buf/p1__0_carry__0_i_8/O
                         net (fo=1, routed)           0.000    11.851    u_system/u_gemm/g_mac4.u_mac/p1__85_carry_i_8_1[0]
    SLICE_X102Y137       CARRY4 (Prop_carry4_S[0]_O[3])
                                                      0.608    12.459 r  u_system/u_gemm/g_mac4.u_mac/p1__0_carry__0/O[3]
                         net (fo=2, routed)           0.890    13.348    u_system/u_gemm/g_mac4.u_mac/p1__0_carry__0_n_4
    SLICE_X101Y140       LUT3 (Prop_lut3_I1_O)        0.332    13.680 r  u_system/u_gemm/g_mac4.u_mac/p1__85_carry__0_i_4/O
                         net (fo=2, routed)           0.447    14.128    u_system/u_gemm/g_mac4.u_mac/p1__85_carry__0_i_4_n_0
    SLICE_X101Y141       LUT4 (Prop_lut4_I3_O)        0.332    14.460 r  u_system/u_gemm/g_mac4.u_mac/p1__85_carry__0_i_8/O
                         net (fo=1, routed)           0.000    14.460    u_system/u_gemm/g_mac4.u_mac/p1__85_carry__0_i_8_n_0
    SLICE_X101Y141       CARRY4 (Prop_carry4_S[0]_CO[3])
                                                      0.532    14.992 r  u_system/u_gemm/g_mac4.u_mac/p1__85_carry__0/CO[3]
                         net (fo=1, routed)           0.000    14.992    u_system/u_gemm/g_mac4.u_mac/p1__85_carry__0_n_0
    SLICE_X101Y142       CARRY4 (Prop_carry4_CI_O[1])
                                                      0.334    15.326 r  u_system/u_gemm/g_mac4.u_mac/p1__85_carry__1/O[1]
                         net (fo=1, routed)           0.515    15.841    u_system/u_gemm/g_mac4.u_mac/p1[13]
    SLICE_X102Y142       LUT2 (Prop_lut2_I1_O)        0.303    16.144 r  u_system/u_gemm/g_mac4.u_mac/acc10_carry__2_i_3/O
                         net (fo=1, routed)           0.000    16.144    u_system/u_gemm/g_mac4.u_mac/acc10_carry__2_i_3_n_0
    SLICE_X102Y142       CARRY4 (Prop_carry4_S[1]_CO[3])
                                                      0.533    16.677 r  u_system/u_gemm/g_mac4.u_mac/acc10_carry__2/CO[3]
                         net (fo=1, routed)           0.000    16.677    u_system/u_gemm/g_mac4.u_mac/acc10_carry__2_n_0
    SLICE_X102Y143       CARRY4 (Prop_carry4_CI_CO[3])
                                                      0.117    16.794 r  u_system/u_gemm/g_mac4.u_mac/acc10_carry__3/CO[3]
                         net (fo=1, routed)           0.000    16.794    u_system/u_gemm/g_mac4.u_mac/acc10_carry__3_n_0
    SLICE_X102Y144       CARRY4 (Prop_carry4_CI_CO[3])
                                                      0.117    16.911 r  u_system/u_gemm/g_mac4.u_mac/acc10_carry__4/CO[3]
                         net (fo=1, routed)           0.000    16.911    u_system/u_gemm/g_mac4.u_mac/acc10_carry__4_n_0
    SLICE_X102Y145       CARRY4 (Prop_carry4_CI_CO[3])
                                                      0.117    17.028 r  u_system/u_gemm/g_mac4.u_mac/acc10_carry__5/CO[3]
                         net (fo=1, routed)           0.000    17.028    u_system/u_gemm/g_mac4.u_mac/acc10_carry__5_n_0
    SLICE_X102Y146       CARRY4 (Prop_carry4_CI_O[1])
                                                      0.323    17.351 r  u_system/u_gemm/g_mac4.u_mac/acc10_carry__6/O[1]
                         net (fo=1, routed)           0.767    18.118    u_system/u_gemm/g_mac4.u_mac/acc10[29]
    SLICE_X103Y147       LUT2 (Prop_lut2_I0_O)        0.332    18.450 r  u_system/u_gemm/g_mac4.u_mac/acc1[29]_i_1/O
                         net (fo=1, routed)           0.000    18.450    u_system/u_gemm/g_mac4.u_mac/acc1[29]
    SLICE_X103Y147       FDRE                                         r  u_system/u_gemm/g_mac4.u_mac/acc1_reg[29]/D
  -------------------------------------------------------------------    -------------------

                         (clock sys_clk_pin rise edge)
                                                     13.000    13.000 r  
    K17                                               0.000    13.000 r  clk (IN)
                         net (fo=0)                   0.000    13.000    clk
    K17                  IBUF (Prop_ibuf_I_O)         1.404    14.404 r  clk_IBUF_inst/O
                         net (fo=1, routed)           2.293    16.697    clk_IBUF
    BUFGCTRL_X0Y16       BUFG (Prop_bufg_I_O)         0.091    16.788 r  clk_IBUF_BUFG_inst/O
                         net (fo=1047, routed)        1.784    18.572    u_system/u_gemm/g_mac4.u_mac/clk_IBUF_BUFG
    SLICE_X103Y147       FDRE                                         r  u_system/u_gemm/g_mac4.u_mac/acc1_reg[29]/C
                         clock pessimism              0.441    19.014    
                         clock uncertainty           -0.035    18.978    
    SLICE_X103Y147       FDRE (Setup_fdre_C_D)        0.075    19.053    u_system/u_gemm/g_mac4.u_mac/acc1_reg[29]
  -------------------------------------------------------------------
                         required time                         19.053    
                         arrival time                         -18.450    
  -------------------------------------------------------------------
                         slack                                  0.603    

Slack (MET) :             0.668ns  (required time - arrival time)
  Source:                 u_system/u_gemm/g_mac4.u_mac/i_reg[1]/C
                            (rising edge-triggered cell FDRE clocked by sys_clk_pin  {rise@0.000ns fall@6.500ns period=13.000ns})
  Destination:            u_system/u_gemm/g_mac4.u_mac/acc3_reg[28]/D
                            (rising edge-triggered cell FDRE clocked by sys_clk_pin  {rise@0.000ns fall@6.500ns period=13.000ns})
  Path Group:             sys_clk_pin
  Path Type:              Setup (Max at Slow Process Corner)
  Requirement:            13.000ns  (sys_clk_pin rise@13.000ns - sys_clk_pin rise@0.000ns)
  Data Path Delay:        12.355ns  (logic 5.215ns (42.209%)  route 7.140ns (57.791%))
  Logic Levels:           16  (CARRY4=7 LUT2=2 LUT3=2 LUT4=1 LUT6=3 RAMD32=1)
  Clock Path Skew:        -0.016ns (DCD - SCD + CPR)
    Destination Clock Delay (DCD):    5.571ns = ( 18.571 - 13.000 ) 
    Source Clock Delay      (SCD):    6.067ns
    Clock Pessimism Removal (CPR):    0.479ns
  Clock Uncertainty:      0.035ns  ((TSJ^2 + TIJ^2)^1/2 + DJ) / 2 + PE
    Total System Jitter     (TSJ):    0.071ns
    Total Input Jitter      (TIJ):    0.000ns
    Discrete Jitter          (DJ):    0.000ns
    Phase Error              (PE):    0.000ns

    Location             Delay type                Incr(ns)  Path(ns)    Netlist Resource(s)
  -------------------------------------------------------------------    -------------------
                         (clock sys_clk_pin rise edge)
                                                      0.000     0.000 r  
    K17                                               0.000     0.000 r  clk (IN)
                         net (fo=0)                   0.000     0.000    clk
    K17                  IBUF (Prop_ibuf_I_O)         1.475     1.475 r  clk_IBUF_inst/O
                         net (fo=1, routed)           2.522     3.997    clk_IBUF
    BUFGCTRL_X0Y16       BUFG (Prop_bufg_I_O)         0.101     4.098 r  clk_IBUF_BUFG_inst/O
                         net (fo=1047, routed)        1.969     6.067    u_system/u_gemm/g_mac4.u_mac/clk_IBUF_BUFG
    SLICE_X98Y133        FDRE                                         r  u_system/u_gemm/g_mac4.u_mac/i_reg[1]/C
  -------------------------------------------------------------------    -------------------
    SLICE_X98Y133        FDRE (Prop_fdre_C_Q)         0.478     6.545 r  u_system/u_gemm/g_mac4.u_mac/i_reg[1]/Q
                         net (fo=11, routed)          0.871     7.416    u_system/u_gemm/g_mac4.u_mac/i[1]
    SLICE_X99Y133        LUT6 (Prop_lut6_I0_O)        0.296     7.712 r  u_system/u_gemm/g_mac4.u_mac/a_buf_reg_0_15_0_5_i_6/O
                         net (fo=2, routed)           0.755     8.467    u_system/u_gemm/g_mac4.u_mac/a_buf_reg_0_15_0_5_i_6_n_0
    SLICE_X97Y133        LUT3 (Prop_lut3_I1_O)        0.124     8.591 r  u_system/u_gemm/g_mac4.u_mac/a_buf_reg_0_15_0_5_i_2/O
                         net (fo=8, routed)           1.024     9.615    u_buf/a_buf_reg_0_15_0_5/ADDRC2
    SLICE_X102Y135       RAMD32 (Prop_ramd32_RADR2_O)
                                                      0.153     9.768 r  u_buf/a_buf_reg_0_15_0_5/RAMC/O
                         net (fo=68, routed)          0.987    10.756    u_system/u_gemm/u_buf/buf_a_rdata[4]
    SLICE_X100Y135       LUT6 (Prop_lut6_I1_O)        0.331    11.087 r  u_system/u_gemm/u_buf/p3__0_carry__0_i_3/O
                         net (fo=2, routed)           0.789    11.875    u_system/u_gemm/u_buf/b_we_reg[1]
    SLICE_X99Y135        LUT6 (Prop_lut6_I0_O)        0.124    11.999 r  u_system/u_gemm/u_buf/p3__0_carry__0_i_7/O
                         net (fo=1, routed)           0.000    11.999    u_system/u_gemm/g_mac4.u_mac/p3__85_carry_i_8_1[1]
    SLICE_X99Y135        CARRY4 (Prop_carry4_S[1]_O[3])
                                                      0.640    12.639 r  u_system/u_gemm/g_mac4.u_mac/p3__0_carry__0/O[3]
                         net (fo=2, routed)           0.738    13.377    u_system/u_gemm/g_mac4.u_mac/p3__0_carry__0_n_4
    SLICE_X95Y140        LUT3 (Prop_lut3_I1_O)        0.299    13.676 r  u_system/u_gemm/g_mac4.u_mac/p3__85_carry__0_i_4/O
                         net (fo=2, routed)           0.594    14.270    u_system/u_gemm/g_mac4.u_mac/p3__85_carry__0_i_4_n_0
    SLICE_X95Y141        LUT4 (Prop_lut4_I3_O)        0.332    14.602 r  u_system/u_gemm/g_mac4.u_mac/p3__85_carry__0_i_8/O
                         net (fo=1, routed)           0.000    14.602    u_system/u_gemm/g_mac4.u_mac/p3__85_carry__0_i_8_n_0
    SLICE_X95Y141        CARRY4 (Prop_carry4_S[0]_CO[3])
                                                      0.532    15.134 r  u_system/u_gemm/g_mac4.u_mac/p3__85_carry__0/CO[3]
                         net (fo=1, routed)           0.000    15.134    u_system/u_gemm/g_mac4.u_mac/p3__85_carry__0_n_0
    SLICE_X95Y142        CARRY4 (Prop_carry4_CI_O[3])
                                                      0.313    15.447 r  u_system/u_gemm/g_mac4.u_mac/p3__85_carry__1/O[3]
                         net (fo=3, routed)           0.735    16.182    u_system/u_gemm/u_buf/O[0]
    SLICE_X98Y144        LUT2 (Prop_lut2_I0_O)        0.306    16.488 r  u_system/u_gemm/u_buf/acc30_carry__3_i_5/O
                         net (fo=1, routed)           0.000    16.488    u_system/u_gemm/g_mac4.u_mac/acc3_reg[19]_0[0]
    SLICE_X98Y144        CARRY4 (Prop_carry4_S[0]_CO[3])
                                                      0.513    17.001 r  u_system/u_gemm/g_mac4.u_mac/acc30_carry__3/CO[3]
                         net (fo=1, routed)           0.000    17.001    u_system/u_gemm/g_mac4.u_mac/acc30_carry__3_n_0
    SLICE_X98Y145        CARRY4 (Prop_carry4_CI_CO[3])
                                                      0.117    17.118 r  u_system/u_gemm/g_mac4.u_mac/acc30_carry__4/CO[3]
                         net (fo=1, routed)           0.000    17.118    u_system/u_gemm/g_mac4.u_mac/acc30_carry__4_n_0
    SLICE_X98Y146        CARRY4 (Prop_carry4_CI_CO[3])
                                                      0.117    17.235 r  u_system/u_gemm/g_mac4.u_mac/acc30_carry__5/CO[3]
                         net (fo=1, routed)           0.000    17.235    u_system/u_gemm/g_mac4.u_mac/acc30_carry__5_n_0
    SLICE_X98Y147        CARRY4 (Prop_carry4_CI_O[0])
                                                      0.219    17.454 r  u_system/u_gemm/g_mac4.u_mac/acc30_carry__6/O[0]
                         net (fo=1, routed)           0.647    18.101    u_system/u_gemm/g_mac4.u_mac/acc30[28]
    SLICE_X99Y147        LUT2 (Prop_lut2_I0_O)        0.321    18.422 r  u_system/u_gemm/g_mac4.u_mac/acc3[28]_i_1/O
                         net (fo=1, routed)           0.000    18.422    u_system/u_gemm/g_mac4.u_mac/acc3[28]
    SLICE_X99Y147        FDRE                                         r  u_system/u_gemm/g_mac4.u_mac/acc3_reg[28]/D
  -------------------------------------------------------------------    -------------------

                         (clock sys_clk_pin rise edge)
                                                     13.000    13.000 r  
    K17                                               0.000    13.000 r  clk (IN)
                         net (fo=0)                   0.000    13.000    clk
    K17                  IBUF (Prop_ibuf_I_O)         1.404    14.404 r  clk_IBUF_inst/O
                         net (fo=1, routed)           2.293    16.697    clk_IBUF
    BUFGCTRL_X0Y16       BUFG (Prop_bufg_I_O)         0.091    16.788 r  clk_IBUF_BUFG_inst/O
                         net (fo=1047, routed)        1.783    18.571    u_system/u_gemm/g_mac4.u_mac/clk_IBUF_BUFG
    SLICE_X99Y147        FDRE                                         r  u_system/u_gemm/g_mac4.u_mac/acc3_reg[28]/C
                         clock pessimism              0.479    19.051    
                         clock uncertainty           -0.035    19.015    
    SLICE_X99Y147        FDRE (Setup_fdre_C_D)        0.075    19.090    u_system/u_gemm/g_mac4.u_mac/acc3_reg[28]
  -------------------------------------------------------------------
                         required time                         19.090    
                         arrival time                         -18.422    
  -------------------------------------------------------------------
                         slack                                  0.668    





Pulse Width Checks
--------------------------------------------------------------------------------------
Clock Name:         sys_clk_pin
Waveform(ns):       { 0.000 6.500 }
Period(ns):         13.000
Sources:            { clk }

Check Type        Corner  Lib Pin             Reference Pin  Required(ns)  Actual(ns)  Slack(ns)  Location        Pin
Min Period        n/a     RAMB36E1/CLKARDCLK  n/a            2.944         13.000      10.056     RAMB36_X4Y26    u_system/mem_reg_0/CLKARDCLK
Min Period        n/a     RAMB36E1/CLKARDCLK  n/a            2.944         13.000      10.056     RAMB36_X4Y27    u_system/mem_reg_1/CLKARDCLK
Min Period        n/a     RAMB36E1/CLKARDCLK  n/a            2.944         13.000      10.056     RAMB36_X4Y29    u_system/mem_reg_2/CLKARDCLK
Min Period        n/a     RAMB36E1/CLKARDCLK  n/a            2.944         13.000      10.056     RAMB36_X4Y28    u_system/mem_reg_3/CLKARDCLK
Min Period        n/a     RAMB36E1/CLKBWRCLK  n/a            2.576         13.000      10.424     RAMB36_X4Y26    u_system/mem_reg_0/CLKBWRCLK
Low Pulse Width   Slow    RAMD32/CLK          n/a            1.250         6.500       5.250      SLICE_X102Y135  u_buf/a_buf_reg_0_15_0_5/RAMA/CLK
Low Pulse Width   Fast    RAMD32/CLK          n/a            1.250         6.500       5.250      SLICE_X102Y135  u_buf/a_buf_reg_0_15_0_5/RAMA/CLK
Low Pulse Width   Slow    RAMD32/CLK          n/a            1.250         6.500       5.250      SLICE_X102Y135  u_buf/a_buf_reg_0_15_0_5/RAMA_D1/CLK
Low Pulse Width   Fast    RAMD32/CLK          n/a            1.250         6.500       5.250      SLICE_X102Y135  u_buf/a_buf_reg_0_15_0_5/RAMA_D1/CLK
Low Pulse Width   Slow    RAMD32/CLK          n/a            1.250         6.500       5.250      SLICE_X102Y135  u_buf/a_buf_reg_0_15_0_5/RAMB/CLK
High Pulse Width  Slow    RAMD32/CLK          n/a            1.250         6.500       5.250      SLICE_X102Y135  u_buf/a_buf_reg_0_15_0_5/RAMA/CLK
High Pulse Width  Fast    RAMD32/CLK          n/a            1.250         6.500       5.250      SLICE_X102Y135  u_buf/a_buf_reg_0_15_0_5/RAMA/CLK
High Pulse Width  Slow    RAMD32/CLK          n/a            1.250         6.500       5.250      SLICE_X102Y135  u_buf/a_buf_reg_0_15_0_5/RAMA_D1/CLK
High Pulse Width  Fast    RAMD32/CLK          n/a            1.250         6.500       5.250      SLICE_X102Y135  u_buf/a_buf_reg_0_15_0_5/RAMA_D1/CLK
High Pulse Width  Slow    RAMD32/CLK          n/a            1.250         6.500       5.250      SLICE_X102Y135  u_buf/a_buf_reg_0_15_0_5/RAMB/CLK



