Copyright 1986-2022 Xilinx, Inc. All Rights Reserved. Copyright 2022-2024 Advanced Micro Devices, Inc. All Rights Reserved.
----------------------------------------------------------------------------------------------------------------------------------------------------------------------------------------------------
| Tool Version : Vivado v.2024.2 (lin64) Build 5239630 Fri Nov 08 22:34:34 MST 2024
| Date         : Wed Jun 17 03:57:39 2026
| Host         : young-PC running 64-bit Ubuntu 24.04.4 LTS
| Command      : report_timing_summary -delay_type max -max_paths 5 -file /home/young/dev/20_digital-systems-lab/projects/simple-cpu-gemm-accelerator/fpga/reports/mode4/90_9mhz_timing_summary.rpt
| Design       : zybo_top
| Device       : 7z020-clg400
| Speed File   : -1  PRODUCTION 1.12 2019-11-22
| Design State : Routed
----------------------------------------------------------------------------------------------------------------------------------------------------------------------------------------------------

Timing Summary Report

------------------------------------------------------------------------------------------------
| Timer Settings
| --------------
------------------------------------------------------------------------------------------------

  Enable Multi Corner Analysis               :  Yes
  Enable Pessimism Removal                   :  Yes
  Pessimism Removal Resolution               :  Nearest Common Node
  Enable Input Delay Default Clock           :  No
  Enable Preset / Clear Arcs                 :  No
  Disable Flight Delays                      :  No
  Ignore I/O Paths                           :  No
  Timing Early Launch at Borrowing Latches   :  No
  Borrow Time for Max Delay Exceptions       :  Yes
  Merge Timing Exceptions                    :  Yes
  Inter-SLR Compensation                     :  Conservative

  Corner  Analyze    Analyze    
  Name    Max Paths  Min Paths  
  ------  ---------  ---------  
  Slow    Yes        Yes        
  Fast    Yes        Yes        


------------------------------------------------------------------------------------------------
| Report Methodology
| ------------------
------------------------------------------------------------------------------------------------

Rule       Severity  Description                                 Violations  
---------  --------  ------------------------------------------  ----------  
SYNTH-6    Warning   Timing of a RAM block might be sub-optimal  4           
TIMING-18  Warning   Missing input or output delay               5           

Note: This report is based on the most recent report_methodology run and may not be up-to-date. Run report_methodology on the current design for the latest report.



check_timing report

Table of Contents
-----------------
1. checking no_clock (0)
2. checking constant_clock (0)
3. checking pulse_width_clock (0)
4. checking unconstrained_internal_endpoints (0)
5. checking no_input_delay (1)
6. checking no_output_delay (4)
7. checking multiple_clock (0)
8. checking generated_clocks (0)
9. checking loops (0)
10. checking partial_input_delay (0)
11. checking partial_output_delay (0)
12. checking latch_loops (0)

1. checking no_clock (0)
------------------------
 There are 0 register/latch pins with no clock.


2. checking constant_clock (0)
------------------------------
 There are 0 register/latch pins with constant_clock.


3. checking pulse_width_clock (0)
---------------------------------
 There are 0 register/latch pins which need pulse_width check


4. checking unconstrained_internal_endpoints (0)
------------------------------------------------
 There are 0 pins that are not constrained for maximum delay.

 There are 0 pins that are not constrained for maximum delay due to constant clock.


5. checking no_input_delay (1)
------------------------------
 There is 1 input port with no input delay specified. (HIGH)

 There are 0 input ports with no input delay but user has a false path constraint.


6. checking no_output_delay (4)
-------------------------------
 There are 4 ports with no output delay specified. (HIGH)

 There are 0 ports with no output delay but user has a false path constraint

 There are 0 ports with no output delay but with a timing clock defined on it or propagating through it


7. checking multiple_clock (0)
------------------------------
 There are 0 register/latch pins with multiple clocks.


8. checking generated_clocks (0)
--------------------------------
 There are 0 generated clocks that are not connected to a clock source.


9. checking loops (0)
---------------------
 There are 0 combinational loops in the design.


10. checking partial_input_delay (0)
------------------------------------
 There are 0 input ports with partial input delay specified.


11. checking partial_output_delay (0)
-------------------------------------
 There are 0 ports with partial output delay specified.


12. checking latch_loops (0)
----------------------------
 There are 0 combinational latch loops in the design through latch input



------------------------------------------------------------------------------------------------
| Design Timing Summary
| ---------------------
------------------------------------------------------------------------------------------------

    WNS(ns)      TNS(ns)  TNS Failing Endpoints  TNS Total Endpoints     WPWS(ns)     TPWS(ns)  TPWS Failing Endpoints  TPWS Total Endpoints  
    -------      -------  ---------------------  -------------------     --------     --------  ----------------------  --------------------  
     -0.567      -15.512                     64                 2916        4.250        0.000                       0                  1053  


Timing constraints are not met.


------------------------------------------------------------------------------------------------
| Clock Summary
| -------------
------------------------------------------------------------------------------------------------

Clock        Waveform(ns)       Period(ns)      Frequency(MHz)
-----        ------------       ----------      --------------
sys_clk_pin  {0.000 5.500}      11.000          90.909          


------------------------------------------------------------------------------------------------
| Intra Clock Table
| -----------------
------------------------------------------------------------------------------------------------

Clock             WNS(ns)      TNS(ns)  TNS Failing Endpoints  TNS Total Endpoints     WPWS(ns)     TPWS(ns)  TPWS Failing Endpoints  TPWS Total Endpoints  
-----             -------      -------  ---------------------  -------------------     --------     --------  ----------------------  --------------------  
sys_clk_pin        -0.567      -15.512                     64                 2916        4.250        0.000                       0                  1053  


------------------------------------------------------------------------------------------------
| Inter Clock Table
| -----------------
------------------------------------------------------------------------------------------------

From Clock    To Clock          WNS(ns)      TNS(ns)  TNS Failing Endpoints  TNS Total Endpoints  
----------    --------          -------      -------  ---------------------  -------------------  


------------------------------------------------------------------------------------------------
| Other Path Groups Table
| -----------------------
------------------------------------------------------------------------------------------------

Path Group    From Clock    To Clock          WNS(ns)      TNS(ns)  TNS Failing Endpoints  TNS Total Endpoints  
----------    ----------    --------          -------      -------  ---------------------  -------------------  


------------------------------------------------------------------------------------------------
| Timing Details
| --------------
------------------------------------------------------------------------------------------------


---------------------------------------------------------------------------------------------------
From Clock:  sys_clk_pin
  To Clock:  sys_clk_pin

Setup :           64  Failing Endpoints,  Worst Slack       -0.567ns,  Total Violation      -15.512ns
Hold  :           NA  Failing Endpoints,  Worst Slack           NA  ,  Total Violation           NA
PW    :            0  Failing Endpoints,  Worst Slack        4.250ns,  Total Violation        0.000ns
---------------------------------------------------------------------------------------------------


Max Delay Paths
--------------------------------------------------------------------------------------
Slack (VIOLATED) :        -0.567ns  (required time - arrival time)
  Source:                 u_system/u_gemm/u_mmio/r_k_reg[1]_replica/C
                            (rising edge-triggered cell FDRE clocked by sys_clk_pin  {rise@0.000ns fall@5.500ns period=11.000ns})
  Destination:            u_system/u_gemm/g_mac4.u_mac/acc3_reg[29]/D
                            (rising edge-triggered cell FDRE clocked by sys_clk_pin  {rise@0.000ns fall@5.500ns period=11.000ns})
  Path Group:             sys_clk_pin
  Path Type:              Setup (Max at Slow Process Corner)
  Requirement:            11.000ns  (sys_clk_pin rise@11.000ns - sys_clk_pin rise@0.000ns)
  Data Path Delay:        11.548ns  (logic 4.824ns (41.772%)  route 6.724ns (58.228%))
  Logic Levels:           17  (CARRY4=8 LUT2=2 LUT3=1 LUT4=2 LUT6=3 RAMD32=1)
  Clock Path Skew:        -0.058ns (DCD - SCD + CPR)
    Destination Clock Delay (DCD):    5.571ns = ( 16.571 - 11.000 ) 
    Source Clock Delay      (SCD):    6.071ns
    Clock Pessimism Removal (CPR):    0.441ns
  Clock Uncertainty:      0.035ns  ((TSJ^2 + TIJ^2)^1/2 + DJ) / 2 + PE
    Total System Jitter     (TSJ):    0.071ns
    Total Input Jitter      (TIJ):    0.000ns
    Discrete Jitter          (DJ):    0.000ns
    Phase Error              (PE):    0.000ns

    Location             Delay type                Incr(ns)  Path(ns)    Netlist Resource(s)
  -------------------------------------------------------------------    -------------------
                         (clock sys_clk_pin rise edge)
                                                      0.000     0.000 r  
    K17                                               0.000     0.000 r  clk (IN)
                         net (fo=0)                   0.000     0.000    clk
    K17                  IBUF (Prop_ibuf_I_O)         1.475     1.475 r  clk_IBUF_inst/O
                         net (fo=1, routed)           2.522     3.997    clk_IBUF
    BUFGCTRL_X0Y16       BUFG (Prop_bufg_I_O)         0.101     4.098 r  clk_IBUF_BUFG_inst/O
                         net (fo=1052, routed)        1.973     6.071    u_system/u_gemm/u_mmio/clk_IBUF_BUFG
    SLICE_X105Y137       FDRE                                         r  u_system/u_gemm/u_mmio/r_k_reg[1]_replica/C
  -------------------------------------------------------------------    -------------------
    SLICE_X105Y137       FDRE (Prop_fdre_C_Q)         0.456     6.527 r  u_system/u_gemm/u_mmio/r_k_reg[1]_replica/Q
                         net (fo=3, routed)           0.882     7.408    u_system/u_gemm/g_mac4.u_mac/Q[1]_repN_alias
    SLICE_X104Y137       LUT6 (Prop_lut6_I1_O)        0.124     7.532 r  u_system/u_gemm/g_mac4.u_mac/a_buf_reg_0_15_0_5_i_5/O
                         net (fo=2, routed)           0.669     8.202    u_system/u_gemm/g_mac4.u_mac/a_buf_reg_0_15_0_5_i_5_n_0
    SLICE_X104Y138       LUT4 (Prop_lut4_I0_O)        0.124     8.326 r  u_system/u_gemm/g_mac4.u_mac/a_buf_reg_0_15_0_5_i_1/O
                         net (fo=8, routed)           0.625     8.951    u_buf/a_buf_reg_0_15_0_5/ADDRB3
    SLICE_X104Y140       RAMD32 (Prop_ramd32_RADR3_O)
                                                      0.150     9.101 r  u_buf/a_buf_reg_0_15_0_5/RAMB/O
                         net (fo=66, routed)          1.164    10.265    u_system/u_gemm/u_buf/buf_a_rdata[2]
    SLICE_X105Y147       LUT6 (Prop_lut6_I4_O)        0.348    10.613 r  u_system/u_gemm/u_buf/p3__30_carry__0_i_4/O
                         net (fo=2, routed)           0.723    11.336    u_system/u_gemm/u_buf/a_wdata_reg[6][0]
    SLICE_X104Y145       LUT6 (Prop_lut6_I0_O)        0.124    11.460 r  u_system/u_gemm/u_buf/p3__30_carry__0_i_8/O
                         net (fo=1, routed)           0.000    11.460    u_system/u_gemm/g_mac4.u_mac/p3__85_carry__0_i_4_1[0]
    SLICE_X104Y145       CARRY4 (Prop_carry4_S[0]_O[0])
                                                      0.252    11.712 r  u_system/u_gemm/g_mac4.u_mac/p3__30_carry__0/O[0]
                         net (fo=2, routed)           0.803    12.515    u_system/u_gemm/g_mac4.u_mac/p3__30_carry__0_n_7
    SLICE_X105Y143       LUT3 (Prop_lut3_I0_O)        0.321    12.836 r  u_system/u_gemm/g_mac4.u_mac/p3__85_carry__0_i_4/O
                         net (fo=2, routed)           0.645    13.481    u_system/u_gemm/g_mac4.u_mac/p3__85_carry__0_i_4_n_0
    SLICE_X105Y144       LUT4 (Prop_lut4_I3_O)        0.332    13.813 r  u_system/u_gemm/g_mac4.u_mac/p3__85_carry__0_i_8/O
                         net (fo=1, routed)           0.000    13.813    u_system/u_gemm/g_mac4.u_mac/p3__85_carry__0_i_8_n_0
    SLICE_X105Y144       CARRY4 (Prop_carry4_S[0]_CO[3])
                                                      0.532    14.345 r  u_system/u_gemm/g_mac4.u_mac/p3__85_carry__0/CO[3]
                         net (fo=1, routed)           0.000    14.345    u_system/u_gemm/g_mac4.u_mac/p3__85_carry__0_n_0
    SLICE_X105Y145       CARRY4 (Prop_carry4_CI_O[0])
                                                      0.222    14.567 r  u_system/u_gemm/g_mac4.u_mac/p3__85_carry__1/O[0]
                         net (fo=1, routed)           0.474    15.041    u_system/u_gemm/g_mac4.u_mac/p3[12]
    SLICE_X103Y145       LUT2 (Prop_lut2_I1_O)        0.299    15.340 r  u_system/u_gemm/g_mac4.u_mac/acc30_carry__2_i_4/O
                         net (fo=1, routed)           0.000    15.340    u_system/u_gemm/g_mac4.u_mac/acc30_carry__2_i_4_n_0
    SLICE_X103Y145       CARRY4 (Prop_carry4_S[0]_CO[3])
                                                      0.532    15.872 r  u_system/u_gemm/g_mac4.u_mac/acc30_carry__2/CO[3]
                         net (fo=1, routed)           0.000    15.872    u_system/u_gemm/g_mac4.u_mac/acc30_carry__2_n_0
    SLICE_X103Y146       CARRY4 (Prop_carry4_CI_CO[3])
                                                      0.114    15.986 r  u_system/u_gemm/g_mac4.u_mac/acc30_carry__3/CO[3]
                         net (fo=1, routed)           0.000    15.986    u_system/u_gemm/g_mac4.u_mac/acc30_carry__3_n_0
    SLICE_X103Y147       CARRY4 (Prop_carry4_CI_CO[3])
                                                      0.114    16.100 r  u_system/u_gemm/g_mac4.u_mac/acc30_carry__4/CO[3]
                         net (fo=1, routed)           0.000    16.100    u_system/u_gemm/g_mac4.u_mac/acc30_carry__4_n_0
    SLICE_X103Y148       CARRY4 (Prop_carry4_CI_CO[3])
                                                      0.114    16.214 r  u_system/u_gemm/g_mac4.u_mac/acc30_carry__5/CO[3]
                         net (fo=1, routed)           0.000    16.214    u_system/u_gemm/g_mac4.u_mac/acc30_carry__5_n_0
    SLICE_X103Y149       CARRY4 (Prop_carry4_CI_O[1])
                                                      0.334    16.548 r  u_system/u_gemm/g_mac4.u_mac/acc30_carry__6/O[1]
                         net (fo=1, routed)           0.739    17.287    u_system/u_gemm/g_mac4.u_mac/acc30[29]
    SLICE_X101Y148       LUT2 (Prop_lut2_I0_O)        0.332    17.619 r  u_system/u_gemm/g_mac4.u_mac/acc3[29]_i_1/O
                         net (fo=1, routed)           0.000    17.619    u_system/u_gemm/g_mac4.u_mac/acc3[29]
    SLICE_X101Y148       FDRE                                         r  u_system/u_gemm/g_mac4.u_mac/acc3_reg[29]/D
  -------------------------------------------------------------------    -------------------

                         (clock sys_clk_pin rise edge)
                                                     11.000    11.000 r  
    K17                                               0.000    11.000 r  clk (IN)
                         net (fo=0)                   0.000    11.000    clk
    K17                  IBUF (Prop_ibuf_I_O)         1.404    12.404 r  clk_IBUF_inst/O
                         net (fo=1, routed)           2.293    14.697    clk_IBUF
    BUFGCTRL_X0Y16       BUFG (Prop_bufg_I_O)         0.091    14.788 r  clk_IBUF_BUFG_inst/O
                         net (fo=1052, routed)        1.783    16.571    u_system/u_gemm/g_mac4.u_mac/clk_IBUF_BUFG
    SLICE_X101Y148       FDRE                                         r  u_system/u_gemm/g_mac4.u_mac/acc3_reg[29]/C
                         clock pessimism              0.441    17.013    
                         clock uncertainty           -0.035    16.977    
    SLICE_X101Y148       FDRE (Setup_fdre_C_D)        0.075    17.052    u_system/u_gemm/g_mac4.u_mac/acc3_reg[29]
  -------------------------------------------------------------------
                         required time                         17.052    
                         arrival time                         -17.619    
  -------------------------------------------------------------------
                         slack                                 -0.567    

Slack (VIOLATED) :        -0.563ns  (required time - arrival time)
  Source:                 u_system/u_gemm/u_mmio/r_k_reg[1]_replica/C
                            (rising edge-triggered cell FDRE clocked by sys_clk_pin  {rise@0.000ns fall@5.500ns period=11.000ns})
  Destination:            u_system/u_gemm/g_mac4.u_mac/acc3_reg[30]/D
                            (rising edge-triggered cell FDRE clocked by sys_clk_pin  {rise@0.000ns fall@5.500ns period=11.000ns})
  Path Group:             sys_clk_pin
  Path Type:              Setup (Max at Slow Process Corner)
  Requirement:            11.000ns  (sys_clk_pin rise@11.000ns - sys_clk_pin rise@0.000ns)
  Data Path Delay:        11.545ns  (logic 4.725ns (40.927%)  route 6.820ns (59.073%))
  Logic Levels:           17  (CARRY4=8 LUT2=2 LUT3=1 LUT4=2 LUT6=3 RAMD32=1)
  Clock Path Skew:        -0.058ns (DCD - SCD + CPR)
    Destination Clock Delay (DCD):    5.571ns = ( 16.571 - 11.000 ) 
    Source Clock Delay      (SCD):    6.071ns
    Clock Pessimism Removal (CPR):    0.441ns
  Clock Uncertainty:      0.035ns  ((TSJ^2 + TIJ^2)^1/2 + DJ) / 2 + PE
    Total System Jitter     (TSJ):    0.071ns
    Total Input Jitter      (TIJ):    0.000ns
    Discrete Jitter          (DJ):    0.000ns
    Phase Error              (PE):    0.000ns

    Location             Delay type                Incr(ns)  Path(ns)    Netlist Resource(s)
  -------------------------------------------------------------------    -------------------
                         (clock sys_clk_pin rise edge)
                                                      0.000     0.000 r  
    K17                                               0.000     0.000 r  clk (IN)
                         net (fo=0)                   0.000     0.000    clk
    K17                  IBUF (Prop_ibuf_I_O)         1.475     1.475 r  clk_IBUF_inst/O
                         net (fo=1, routed)           2.522     3.997    clk_IBUF
    BUFGCTRL_X0Y16       BUFG (Prop_bufg_I_O)         0.101     4.098 r  clk_IBUF_BUFG_inst/O
                         net (fo=1052, routed)        1.973     6.071    u_system/u_gemm/u_mmio/clk_IBUF_BUFG
    SLICE_X105Y137       FDRE                                         r  u_system/u_gemm/u_mmio/r_k_reg[1]_replica/C
  -------------------------------------------------------------------    -------------------
    SLICE_X105Y137       FDRE (Prop_fdre_C_Q)         0.456     6.527 r  u_system/u_gemm/u_mmio/r_k_reg[1]_replica/Q
                         net (fo=3, routed)           0.882     7.408    u_system/u_gemm/g_mac4.u_mac/Q[1]_repN_alias
    SLICE_X104Y137       LUT6 (Prop_lut6_I1_O)        0.124     7.532 r  u_system/u_gemm/g_mac4.u_mac/a_buf_reg_0_15_0_5_i_5/O
                         net (fo=2, routed)           0.669     8.202    u_system/u_gemm/g_mac4.u_mac/a_buf_reg_0_15_0_5_i_5_n_0
    SLICE_X104Y138       LUT4 (Prop_lut4_I0_O)        0.124     8.326 r  u_system/u_gemm/g_mac4.u_mac/a_buf_reg_0_15_0_5_i_1/O
                         net (fo=8, routed)           0.625     8.951    u_buf/a_buf_reg_0_15_0_5/ADDRB3
    SLICE_X104Y140       RAMD32 (Prop_ramd32_RADR3_O)
                                                      0.150     9.101 r  u_buf/a_buf_reg_0_15_0_5/RAMB/O
                         net (fo=66, routed)          1.164    10.265    u_system/u_gemm/u_buf/buf_a_rdata[2]
    SLICE_X105Y147       LUT6 (Prop_lut6_I4_O)        0.348    10.613 r  u_system/u_gemm/u_buf/p3__30_carry__0_i_4/O
                         net (fo=2, routed)           0.723    11.336    u_system/u_gemm/u_buf/a_wdata_reg[6][0]
    SLICE_X104Y145       LUT6 (Prop_lut6_I0_O)        0.124    11.460 r  u_system/u_gemm/u_buf/p3__30_carry__0_i_8/O
                         net (fo=1, routed)           0.000    11.460    u_system/u_gemm/g_mac4.u_mac/p3__85_carry__0_i_4_1[0]
    SLICE_X104Y145       CARRY4 (Prop_carry4_S[0]_O[0])
                                                      0.252    11.712 r  u_system/u_gemm/g_mac4.u_mac/p3__30_carry__0/O[0]
                         net (fo=2, routed)           0.803    12.515    u_system/u_gemm/g_mac4.u_mac/p3__30_carry__0_n_7
    SLICE_X105Y143       LUT3 (Prop_lut3_I0_O)        0.321    12.836 r  u_system/u_gemm/g_mac4.u_mac/p3__85_carry__0_i_4/O
                         net (fo=2, routed)           0.645    13.481    u_system/u_gemm/g_mac4.u_mac/p3__85_carry__0_i_4_n_0
    SLICE_X105Y144       LUT4 (Prop_lut4_I3_O)        0.332    13.813 r  u_system/u_gemm/g_mac4.u_mac/p3__85_carry__0_i_8/O
                         net (fo=1, routed)           0.000    13.813    u_system/u_gemm/g_mac4.u_mac/p3__85_carry__0_i_8_n_0
    SLICE_X105Y144       CARRY4 (Prop_carry4_S[0]_CO[3])
                                                      0.532    14.345 r  u_system/u_gemm/g_mac4.u_mac/p3__85_carry__0/CO[3]
                         net (fo=1, routed)           0.000    14.345    u_system/u_gemm/g_mac4.u_mac/p3__85_carry__0_n_0
    SLICE_X105Y145       CARRY4 (Prop_carry4_CI_O[0])
                                                      0.222    14.567 r  u_system/u_gemm/g_mac4.u_mac/p3__85_carry__1/O[0]
                         net (fo=1, routed)           0.474    15.041    u_system/u_gemm/g_mac4.u_mac/p3[12]
    SLICE_X103Y145       LUT2 (Prop_lut2_I1_O)        0.299    15.340 r  u_system/u_gemm/g_mac4.u_mac/acc30_carry__2_i_4/O
                         net (fo=1, routed)           0.000    15.340    u_system/u_gemm/g_mac4.u_mac/acc30_carry__2_i_4_n_0
    SLICE_X103Y145       CARRY4 (Prop_carry4_S[0]_CO[3])
                                                      0.532    15.872 r  u_system/u_gemm/g_mac4.u_mac/acc30_carry__2/CO[3]
                         net (fo=1, routed)           0.000    15.872    u_system/u_gemm/g_mac4.u_mac/acc30_carry__2_n_0
    SLICE_X103Y146       CARRY4 (Prop_carry4_CI_CO[3])
                                                      0.114    15.986 r  u_system/u_gemm/g_mac4.u_mac/acc30_carry__3/CO[3]
                         net (fo=1, routed)           0.000    15.986    u_system/u_gemm/g_mac4.u_mac/acc30_carry__3_n_0
    SLICE_X103Y147       CARRY4 (Prop_carry4_CI_CO[3])
                                                      0.114    16.100 r  u_system/u_gemm/g_mac4.u_mac/acc30_carry__4/CO[3]
                         net (fo=1, routed)           0.000    16.100    u_system/u_gemm/g_mac4.u_mac/acc30_carry__4_n_0
    SLICE_X103Y148       CARRY4 (Prop_carry4_CI_CO[3])
                                                      0.114    16.214 r  u_system/u_gemm/g_mac4.u_mac/acc30_carry__5/CO[3]
                         net (fo=1, routed)           0.000    16.214    u_system/u_gemm/g_mac4.u_mac/acc30_carry__5_n_0
    SLICE_X103Y149       CARRY4 (Prop_carry4_CI_O[2])
                                                      0.239    16.453 r  u_system/u_gemm/g_mac4.u_mac/acc30_carry__6/O[2]
                         net (fo=1, routed)           0.835    17.288    u_system/u_gemm/g_mac4.u_mac/acc30[30]
    SLICE_X97Y147        LUT2 (Prop_lut2_I0_O)        0.328    17.616 r  u_system/u_gemm/g_mac4.u_mac/acc3[30]_i_1/O
                         net (fo=1, routed)           0.000    17.616    u_system/u_gemm/g_mac4.u_mac/acc3[30]
    SLICE_X97Y147        FDRE                                         r  u_system/u_gemm/g_mac4.u_mac/acc3_reg[30]/D
  -------------------------------------------------------------------    -------------------

                         (clock sys_clk_pin rise edge)
                                                     11.000    11.000 r  
    K17                                               0.000    11.000 r  clk (IN)
                         net (fo=0)                   0.000    11.000    clk
    K17                  IBUF (Prop_ibuf_I_O)         1.404    12.404 r  clk_IBUF_inst/O
                         net (fo=1, routed)           2.293    14.697    clk_IBUF
    BUFGCTRL_X0Y16       BUFG (Prop_bufg_I_O)         0.091    14.788 r  clk_IBUF_BUFG_inst/O
                         net (fo=1052, routed)        1.783    16.571    u_system/u_gemm/g_mac4.u_mac/clk_IBUF_BUFG
    SLICE_X97Y147        FDRE                                         r  u_system/u_gemm/g_mac4.u_mac/acc3_reg[30]/C
                         clock pessimism              0.441    17.013    
                         clock uncertainty           -0.035    16.977    
    SLICE_X97Y147        FDRE (Setup_fdre_C_D)        0.075    17.052    u_system/u_gemm/g_mac4.u_mac/acc3_reg[30]
  -------------------------------------------------------------------
                         required time                         17.052    
                         arrival time                         -17.616    
  -------------------------------------------------------------------
                         slack                                 -0.563    

Slack (VIOLATED) :        -0.546ns  (required time - arrival time)
  Source:                 u_system/u_gemm/u_mmio/r_k_reg[1]_replica/C
                            (rising edge-triggered cell FDRE clocked by sys_clk_pin  {rise@0.000ns fall@5.500ns period=11.000ns})
  Destination:            u_system/u_gemm/g_mac4.u_mac/acc3_reg[31]/D
                            (rising edge-triggered cell FDRE clocked by sys_clk_pin  {rise@0.000ns fall@5.500ns period=11.000ns})
  Path Group:             sys_clk_pin
  Path Type:              Setup (Max at Slow Process Corner)
  Requirement:            11.000ns  (sys_clk_pin rise@11.000ns - sys_clk_pin rise@0.000ns)
  Data Path Delay:        11.528ns  (logic 4.803ns (41.665%)  route 6.725ns (58.335%))
  Logic Levels:           17  (CARRY4=8 LUT2=2 LUT3=1 LUT4=2 LUT6=3 RAMD32=1)
  Clock Path Skew:        -0.058ns (DCD - SCD + CPR)
    Destination Clock Delay (DCD):    5.571ns = ( 16.571 - 11.000 ) 
    Source Clock Delay      (SCD):    6.071ns
    Clock Pessimism Removal (CPR):    0.441ns
  Clock Uncertainty:      0.035ns  ((TSJ^2 + TIJ^2)^1/2 + DJ) / 2 + PE
    Total System Jitter     (TSJ):    0.071ns
    Total Input Jitter      (TIJ):    0.000ns
    Discrete Jitter          (DJ):    0.000ns
    Phase Error              (PE):    0.000ns

    Location             Delay type                Incr(ns)  Path(ns)    Netlist Resource(s)
  -------------------------------------------------------------------    -------------------
                         (clock sys_clk_pin rise edge)
                                                      0.000     0.000 r  
    K17                                               0.000     0.000 r  clk (IN)
                         net (fo=0)                   0.000     0.000    clk
    K17                  IBUF (Prop_ibuf_I_O)         1.475     1.475 r  clk_IBUF_inst/O
                         net (fo=1, routed)           2.522     3.997    clk_IBUF
    BUFGCTRL_X0Y16       BUFG (Prop_bufg_I_O)         0.101     4.098 r  clk_IBUF_BUFG_inst/O
                         net (fo=1052, routed)        1.973     6.071    u_system/u_gemm/u_mmio/clk_IBUF_BUFG
    SLICE_X105Y137       FDRE                                         r  u_system/u_gemm/u_mmio/r_k_reg[1]_replica/C
  -------------------------------------------------------------------    -------------------
    SLICE_X105Y137       FDRE (Prop_fdre_C_Q)         0.456     6.527 r  u_system/u_gemm/u_mmio/r_k_reg[1]_replica/Q
                         net (fo=3, routed)           0.882     7.408    u_system/u_gemm/g_mac4.u_mac/Q[1]_repN_alias
    SLICE_X104Y137       LUT6 (Prop_lut6_I1_O)        0.124     7.532 r  u_system/u_gemm/g_mac4.u_mac/a_buf_reg_0_15_0_5_i_5/O
                         net (fo=2, routed)           0.669     8.202    u_system/u_gemm/g_mac4.u_mac/a_buf_reg_0_15_0_5_i_5_n_0
    SLICE_X104Y138       LUT4 (Prop_lut4_I0_O)        0.124     8.326 r  u_system/u_gemm/g_mac4.u_mac/a_buf_reg_0_15_0_5_i_1/O
                         net (fo=8, routed)           0.625     8.951    u_buf/a_buf_reg_0_15_0_5/ADDRB3
    SLICE_X104Y140       RAMD32 (Prop_ramd32_RADR3_O)
                                                      0.150     9.101 r  u_buf/a_buf_reg_0_15_0_5/RAMB/O
                         net (fo=66, routed)          1.164    10.265    u_system/u_gemm/u_buf/buf_a_rdata[2]
    SLICE_X105Y147       LUT6 (Prop_lut6_I4_O)        0.348    10.613 r  u_system/u_gemm/u_buf/p3__30_carry__0_i_4/O
                         net (fo=2, routed)           0.723    11.336    u_system/u_gemm/u_buf/a_wdata_reg[6][0]
    SLICE_X104Y145       LUT6 (Prop_lut6_I0_O)        0.124    11.460 r  u_system/u_gemm/u_buf/p3__30_carry__0_i_8/O
                         net (fo=1, routed)           0.000    11.460    u_system/u_gemm/g_mac4.u_mac/p3__85_carry__0_i_4_1[0]
    SLICE_X104Y145       CARRY4 (Prop_carry4_S[0]_O[0])
                                                      0.252    11.712 r  u_system/u_gemm/g_mac4.u_mac/p3__30_carry__0/O[0]
                         net (fo=2, routed)           0.803    12.515    u_system/u_gemm/g_mac4.u_mac/p3__30_carry__0_n_7
    SLICE_X105Y143       LUT3 (Prop_lut3_I0_O)        0.321    12.836 r  u_system/u_gemm/g_mac4.u_mac/p3__85_carry__0_i_4/O
                         net (fo=2, routed)           0.645    13.481    u_system/u_gemm/g_mac4.u_mac/p3__85_carry__0_i_4_n_0
    SLICE_X105Y144       LUT4 (Prop_lut4_I3_O)        0.332    13.813 r  u_system/u_gemm/g_mac4.u_mac/p3__85_carry__0_i_8/O
                         net (fo=1, routed)           0.000    13.813    u_system/u_gemm/g_mac4.u_mac/p3__85_carry__0_i_8_n_0
    SLICE_X105Y144       CARRY4 (Prop_carry4_S[0]_CO[3])
                                                      0.532    14.345 r  u_system/u_gemm/g_mac4.u_mac/p3__85_carry__0/CO[3]
                         net (fo=1, routed)           0.000    14.345    u_system/u_gemm/g_mac4.u_mac/p3__85_carry__0_n_0
    SLICE_X105Y145       CARRY4 (Prop_carry4_CI_O[0])
                                                      0.222    14.567 r  u_system/u_gemm/g_mac4.u_mac/p3__85_carry__1/O[0]
                         net (fo=1, routed)           0.474    15.041    u_system/u_gemm/g_mac4.u_mac/p3[12]
    SLICE_X103Y145       LUT2 (Prop_lut2_I1_O)        0.299    15.340 r  u_system/u_gemm/g_mac4.u_mac/acc30_carry__2_i_4/O
                         net (fo=1, routed)           0.000    15.340    u_system/u_gemm/g_mac4.u_mac/acc30_carry__2_i_4_n_0
    SLICE_X103Y145       CARRY4 (Prop_carry4_S[0]_CO[3])
                                                      0.532    15.872 r  u_system/u_gemm/g_mac4.u_mac/acc30_carry__2/CO[3]
                         net (fo=1, routed)           0.000    15.872    u_system/u_gemm/g_mac4.u_mac/acc30_carry__2_n_0
    SLICE_X103Y146       CARRY4 (Prop_carry4_CI_CO[3])
                                                      0.114    15.986 r  u_system/u_gemm/g_mac4.u_mac/acc30_carry__3/CO[3]
                         net (fo=1, routed)           0.000    15.986    u_system/u_gemm/g_mac4.u_mac/acc30_carry__3_n_0
    SLICE_X103Y147       CARRY4 (Prop_carry4_CI_CO[3])
                                                      0.114    16.100 r  u_system/u_gemm/g_mac4.u_mac/acc30_carry__4/CO[3]
                         net (fo=1, routed)           0.000    16.100    u_system/u_gemm/g_mac4.u_mac/acc30_carry__4_n_0
    SLICE_X103Y148       CARRY4 (Prop_carry4_CI_CO[3])
                                                      0.114    16.214 r  u_system/u_gemm/g_mac4.u_mac/acc30_carry__5/CO[3]
                         net (fo=1, routed)           0.000    16.214    u_system/u_gemm/g_mac4.u_mac/acc30_carry__5_n_0
    SLICE_X103Y149       CARRY4 (Prop_carry4_CI_O[3])
                                                      0.313    16.527 r  u_system/u_gemm/g_mac4.u_mac/acc30_carry__6/O[3]
                         net (fo=1, routed)           0.739    17.266    u_system/u_gemm/g_mac4.u_mac/acc30[31]
    SLICE_X101Y149       LUT2 (Prop_lut2_I0_O)        0.332    17.598 r  u_system/u_gemm/g_mac4.u_mac/acc3[31]_i_2/O
                         net (fo=1, routed)           0.000    17.598    u_system/u_gemm/g_mac4.u_mac/acc3[31]
    SLICE_X101Y149       FDRE                                         r  u_system/u_gemm/g_mac4.u_mac/acc3_reg[31]/D
  -------------------------------------------------------------------    -------------------

                         (clock sys_clk_pin rise edge)
                                                     11.000    11.000 r  
    K17                                               0.000    11.000 r  clk (IN)
                         net (fo=0)                   0.000    11.000    clk
    K17                  IBUF (Prop_ibuf_I_O)         1.404    12.404 r  clk_IBUF_inst/O
                         net (fo=1, routed)           2.293    14.697    clk_IBUF
    BUFGCTRL_X0Y16       BUFG (Prop_bufg_I_O)         0.091    14.788 r  clk_IBUF_BUFG_inst/O
                         net (fo=1052, routed)        1.783    16.571    u_system/u_gemm/g_mac4.u_mac/clk_IBUF_BUFG
    SLICE_X101Y149       FDRE                                         r  u_system/u_gemm/g_mac4.u_mac/acc3_reg[31]/C
                         clock pessimism              0.441    17.013    
                         clock uncertainty           -0.035    16.977    
    SLICE_X101Y149       FDRE (Setup_fdre_C_D)        0.075    17.052    u_system/u_gemm/g_mac4.u_mac/acc3_reg[31]
  -------------------------------------------------------------------
                         required time                         17.052    
                         arrival time                         -17.598    
  -------------------------------------------------------------------
                         slack                                 -0.546    

Slack (VIOLATED) :        -0.495ns  (required time - arrival time)
  Source:                 u_system/u_gemm/u_mmio/r_k_reg[1]_replica/C
                            (rising edge-triggered cell FDRE clocked by sys_clk_pin  {rise@0.000ns fall@5.500ns period=11.000ns})
  Destination:            u_system/u_gemm/g_mac4.u_mac/acc0_reg[29]/D
                            (rising edge-triggered cell FDRE clocked by sys_clk_pin  {rise@0.000ns fall@5.500ns period=11.000ns})
  Path Group:             sys_clk_pin
  Path Type:              Setup (Max at Slow Process Corner)
  Requirement:            11.000ns  (sys_clk_pin rise@11.000ns - sys_clk_pin rise@0.000ns)
  Data Path Delay:        11.512ns  (logic 5.095ns (44.259%)  route 6.417ns (55.741%))
  Logic Levels:           17  (CARRY4=9 LUT2=2 LUT3=1 LUT4=2 LUT6=2 RAMD32=1)
  Clock Path Skew:        0.020ns (DCD - SCD + CPR)
    Destination Clock Delay (DCD):    5.649ns = ( 16.649 - 11.000 ) 
    Source Clock Delay      (SCD):    6.071ns
    Clock Pessimism Removal (CPR):    0.441ns
  Clock Uncertainty:      0.035ns  ((TSJ^2 + TIJ^2)^1/2 + DJ) / 2 + PE
    Total System Jitter     (TSJ):    0.071ns
    Total Input Jitter      (TIJ):    0.000ns
    Discrete Jitter          (DJ):    0.000ns
    Phase Error              (PE):    0.000ns

    Location             Delay type                Incr(ns)  Path(ns)    Netlist Resource(s)
  -------------------------------------------------------------------    -------------------
                         (clock sys_clk_pin rise edge)
                                                      0.000     0.000 r  
    K17                                               0.000     0.000 r  clk (IN)
                         net (fo=0)                   0.000     0.000    clk
    K17                  IBUF (Prop_ibuf_I_O)         1.475     1.475 r  clk_IBUF_inst/O
                         net (fo=1, routed)           2.522     3.997    clk_IBUF
    BUFGCTRL_X0Y16       BUFG (Prop_bufg_I_O)         0.101     4.098 r  clk_IBUF_BUFG_inst/O
                         net (fo=1052, routed)        1.973     6.071    u_system/u_gemm/u_mmio/clk_IBUF_BUFG
    SLICE_X105Y137       FDRE                                         r  u_system/u_gemm/u_mmio/r_k_reg[1]_replica/C
  -------------------------------------------------------------------    -------------------
    SLICE_X105Y137       FDRE (Prop_fdre_C_Q)         0.456     6.527 r  u_system/u_gemm/u_mmio/r_k_reg[1]_replica/Q
                         net (fo=3, routed)           0.882     7.408    u_system/u_gemm/g_mac4.u_mac/Q[1]_repN_alias
    SLICE_X104Y137       LUT6 (Prop_lut6_I1_O)        0.124     7.532 r  u_system/u_gemm/g_mac4.u_mac/a_buf_reg_0_15_0_5_i_5/O
                         net (fo=2, routed)           0.669     8.202    u_system/u_gemm/g_mac4.u_mac/a_buf_reg_0_15_0_5_i_5_n_0
    SLICE_X104Y138       LUT4 (Prop_lut4_I0_O)        0.124     8.326 r  u_system/u_gemm/g_mac4.u_mac/a_buf_reg_0_15_0_5_i_1/O
                         net (fo=8, routed)           0.625     8.951    u_buf/a_buf_reg_0_15_0_5/ADDRB3
    SLICE_X104Y140       RAMD32 (Prop_ramd32_RADR3_O)
                                                      0.150     9.101 r  u_buf/a_buf_reg_0_15_0_5/RAMB/O
                         net (fo=66, routed)          1.293    10.393    u_system/u_gemm/u_buf/buf_a_rdata[2]
    SLICE_X107Y139       LUT6 (Prop_lut6_I2_O)        0.348    10.741 r  u_system/u_gemm/u_buf/p0__0_carry_i_1/O
                         net (fo=1, routed)           0.514    11.256    u_system/u_gemm/g_mac4.u_mac/i__carry_i_4__2_0[2]
    SLICE_X107Y140       CARRY4 (Prop_carry4_DI[3]_CO[3])
                                                      0.385    11.641 r  u_system/u_gemm/g_mac4.u_mac/p0__0_carry/CO[3]
                         net (fo=1, routed)           0.000    11.641    u_system/u_gemm/g_mac4.u_mac/p0__0_carry_n_0
    SLICE_X107Y141       CARRY4 (Prop_carry4_CI_O[3])
                                                      0.313    11.954 r  u_system/u_gemm/g_mac4.u_mac/p0__0_carry__0/O[3]
                         net (fo=2, routed)           0.557    12.511    u_system/u_gemm/g_mac4.u_mac/p0__0_carry__0_n_4
    SLICE_X110Y141       LUT3 (Prop_lut3_I1_O)        0.299    12.810 r  u_system/u_gemm/g_mac4.u_mac/p0__85_carry__0_i_4/O
                         net (fo=2, routed)           0.601    13.411    u_system/u_gemm/g_mac4.u_mac/p0__85_carry__0_i_4_n_0
    SLICE_X110Y142       LUT4 (Prop_lut4_I3_O)        0.332    13.743 r  u_system/u_gemm/g_mac4.u_mac/p0__85_carry__0_i_8/O
                         net (fo=1, routed)           0.000    13.743    u_system/u_gemm/g_mac4.u_mac/p0__85_carry__0_i_8_n_0
    SLICE_X110Y142       CARRY4 (Prop_carry4_S[0]_CO[3])
                                                      0.532    14.275 r  u_system/u_gemm/g_mac4.u_mac/p0__85_carry__0/CO[3]
                         net (fo=1, routed)           0.000    14.275    u_system/u_gemm/g_mac4.u_mac/p0__85_carry__0_n_0
    SLICE_X110Y143       CARRY4 (Prop_carry4_CI_O[0])
                                                      0.222    14.497 r  u_system/u_gemm/g_mac4.u_mac/p0__85_carry__1/O[0]
                         net (fo=1, routed)           0.694    15.191    u_system/u_gemm/g_mac4.u_mac/p0[12]
    SLICE_X109Y143       LUT2 (Prop_lut2_I1_O)        0.299    15.490 r  u_system/u_gemm/g_mac4.u_mac/i__carry__2_i_4/O
                         net (fo=1, routed)           0.000    15.490    u_system/u_gemm/g_mac4.u_mac/i__carry__2_i_4_n_0
    SLICE_X109Y143       CARRY4 (Prop_carry4_S[0]_CO[3])
                                                      0.532    16.022 r  u_system/u_gemm/g_mac4.u_mac/acc00_inferred__0/i__carry__2/CO[3]
                         net (fo=1, routed)           0.000    16.022    u_system/u_gemm/g_mac4.u_mac/acc00_inferred__0/i__carry__2_n_0
    SLICE_X109Y144       CARRY4 (Prop_carry4_CI_CO[3])
                                                      0.114    16.136 r  u_system/u_gemm/g_mac4.u_mac/acc00_inferred__0/i__carry__3/CO[3]
                         net (fo=1, routed)           0.000    16.136    u_system/u_gemm/g_mac4.u_mac/acc00_inferred__0/i__carry__3_n_0
    SLICE_X109Y145       CARRY4 (Prop_carry4_CI_CO[3])
                                                      0.114    16.250 r  u_system/u_gemm/g_mac4.u_mac/acc00_inferred__0/i__carry__4/CO[3]
                         net (fo=1, routed)           0.000    16.250    u_system/u_gemm/g_mac4.u_mac/acc00_inferred__0/i__carry__4_n_0
    SLICE_X109Y146       CARRY4 (Prop_carry4_CI_CO[3])
                                                      0.114    16.364 r  u_system/u_gemm/g_mac4.u_mac/acc00_inferred__0/i__carry__5/CO[3]
                         net (fo=1, routed)           0.000    16.364    u_system/u_gemm/g_mac4.u_mac/acc00_inferred__0/i__carry__5_n_0
    SLICE_X109Y147       CARRY4 (Prop_carry4_CI_O[1])
                                                      0.334    16.698 r  u_system/u_gemm/g_mac4.u_mac/acc00_inferred__0/i__carry__6/O[1]
                         net (fo=1, routed)           0.582    17.280    u_system/u_gemm/g_mac4.u_mac/acc00[29]
    SLICE_X110Y147       LUT2 (Prop_lut2_I0_O)        0.303    17.583 r  u_system/u_gemm/g_mac4.u_mac/acc0[29]_i_1/O
                         net (fo=1, routed)           0.000    17.583    u_system/u_gemm/g_mac4.u_mac/acc00_in[29]
    SLICE_X110Y147       FDRE                                         r  u_system/u_gemm/g_mac4.u_mac/acc0_reg[29]/D
  -------------------------------------------------------------------    -------------------

                         (clock sys_clk_pin rise edge)
                                                     11.000    11.000 r  
    K17                                               0.000    11.000 r  clk (IN)
                         net (fo=0)                   0.000    11.000    clk
    K17                  IBUF (Prop_ibuf_I_O)         1.404    12.404 r  clk_IBUF_inst/O
                         net (fo=1, routed)           2.293    14.697    clk_IBUF
    BUFGCTRL_X0Y16       BUFG (Prop_bufg_I_O)         0.091    14.788 r  clk_IBUF_BUFG_inst/O
                         net (fo=1052, routed)        1.861    16.649    u_system/u_gemm/g_mac4.u_mac/clk_IBUF_BUFG
    SLICE_X110Y147       FDRE                                         r  u_system/u_gemm/g_mac4.u_mac/acc0_reg[29]/C
                         clock pessimism              0.441    17.091    
                         clock uncertainty           -0.035    17.055    
    SLICE_X110Y147       FDRE (Setup_fdre_C_D)        0.032    17.087    u_system/u_gemm/g_mac4.u_mac/acc0_reg[29]
  -------------------------------------------------------------------
                         required time                         17.087    
                         arrival time                         -17.583    
  -------------------------------------------------------------------
                         slack                                 -0.495    

Slack (VIOLATED) :        -0.461ns  (required time - arrival time)
  Source:                 u_system/u_gemm/u_mmio/r_k_reg[1]_replica/C
                            (rising edge-triggered cell FDRE clocked by sys_clk_pin  {rise@0.000ns fall@5.500ns period=11.000ns})
  Destination:            u_system/u_gemm/g_mac4.u_mac/acc1_reg[31]/D
                            (rising edge-triggered cell FDRE clocked by sys_clk_pin  {rise@0.000ns fall@5.500ns period=11.000ns})
  Path Group:             sys_clk_pin
  Path Type:              Setup (Max at Slow Process Corner)
  Requirement:            11.000ns  (sys_clk_pin rise@11.000ns - sys_clk_pin rise@0.000ns)
  Data Path Delay:        11.518ns  (logic 5.263ns (45.694%)  route 6.255ns (54.306%))
  Logic Levels:           17  (CARRY4=8 LUT2=2 LUT3=1 LUT4=2 LUT6=3 RAMD32=1)
  Clock Path Skew:        0.017ns (DCD - SCD + CPR)
    Destination Clock Delay (DCD):    5.646ns = ( 16.646 - 11.000 ) 
    Source Clock Delay      (SCD):    6.071ns
    Clock Pessimism Removal (CPR):    0.441ns
  Clock Uncertainty:      0.035ns  ((TSJ^2 + TIJ^2)^1/2 + DJ) / 2 + PE
    Total System Jitter     (TSJ):    0.071ns
    Total Input Jitter      (TIJ):    0.000ns
    Discrete Jitter          (DJ):    0.000ns
    Phase Error              (PE):    0.000ns

    Location             Delay type                Incr(ns)  Path(ns)    Netlist Resource(s)
  -------------------------------------------------------------------    -------------------
                         (clock sys_clk_pin rise edge)
                                                      0.000     0.000 r  
    K17                                               0.000     0.000 r  clk (IN)
                         net (fo=0)                   0.000     0.000    clk
    K17                  IBUF (Prop_ibuf_I_O)         1.475     1.475 r  clk_IBUF_inst/O
                         net (fo=1, routed)           2.522     3.997    clk_IBUF
    BUFGCTRL_X0Y16       BUFG (Prop_bufg_I_O)         0.101     4.098 r  clk_IBUF_BUFG_inst/O
                         net (fo=1052, routed)        1.973     6.071    u_system/u_gemm/u_mmio/clk_IBUF_BUFG
    SLICE_X105Y137       FDRE                                         r  u_system/u_gemm/u_mmio/r_k_reg[1]_replica/C
  -------------------------------------------------------------------    -------------------
    SLICE_X105Y137       FDRE (Prop_fdre_C_Q)         0.456     6.527 r  u_system/u_gemm/u_mmio/r_k_reg[1]_replica/Q
                         net (fo=3, routed)           0.882     7.408    u_system/u_gemm/g_mac4.u_mac/Q[1]_repN_alias
    SLICE_X104Y137       LUT6 (Prop_lut6_I1_O)        0.124     7.532 r  u_system/u_gemm/g_mac4.u_mac/a_buf_reg_0_15_0_5_i_5/O
                         net (fo=2, routed)           0.669     8.202    u_system/u_gemm/g_mac4.u_mac/a_buf_reg_0_15_0_5_i_5_n_0
    SLICE_X104Y138       LUT4 (Prop_lut4_I0_O)        0.124     8.326 r  u_system/u_gemm/g_mac4.u_mac/a_buf_reg_0_15_0_5_i_1/O
                         net (fo=8, routed)           0.625     8.951    u_buf/a_buf_reg_0_15_0_5/ADDRB3
    SLICE_X104Y140       RAMD32 (Prop_ramd32_RADR3_O)
                                                      0.150     9.101 r  u_buf/a_buf_reg_0_15_0_5/RAMB/O
                         net (fo=66, routed)          1.113    10.214    u_system/u_gemm/u_buf/buf_a_rdata[2]
    SLICE_X103Y140       LUT6 (Prop_lut6_I5_O)        0.348    10.562 r  u_system/u_gemm/u_buf/p1__0_carry__0_i_4/O
                         net (fo=2, routed)           0.420    10.982    u_system/u_gemm/u_buf/a_wdata_reg[6]_4[0]
    SLICE_X105Y141       LUT6 (Prop_lut6_I0_O)        0.124    11.106 r  u_system/u_gemm/u_buf/p1__0_carry__0_i_8/O
                         net (fo=1, routed)           0.000    11.106    u_system/u_gemm/g_mac4.u_mac/p1__85_carry_i_8_1[0]
    SLICE_X105Y141       CARRY4 (Prop_carry4_S[0]_O[3])
                                                      0.606    11.712 r  u_system/u_gemm/g_mac4.u_mac/p1__0_carry__0/O[3]
                         net (fo=2, routed)           0.835    12.547    u_system/u_gemm/g_mac4.u_mac/p1__0_carry__0_n_4
    SLICE_X107Y143       LUT3 (Prop_lut3_I1_O)        0.299    12.846 r  u_system/u_gemm/g_mac4.u_mac/p1__85_carry__0_i_4/O
                         net (fo=2, routed)           0.645    13.491    u_system/u_gemm/g_mac4.u_mac/p1__85_carry__0_i_4_n_0
    SLICE_X107Y144       LUT4 (Prop_lut4_I3_O)        0.332    13.823 r  u_system/u_gemm/g_mac4.u_mac/p1__85_carry__0_i_8/O
                         net (fo=1, routed)           0.000    13.823    u_system/u_gemm/g_mac4.u_mac/p1__85_carry__0_i_8_n_0
    SLICE_X107Y144       CARRY4 (Prop_carry4_S[0]_CO[3])
                                                      0.532    14.355 r  u_system/u_gemm/g_mac4.u_mac/p1__85_carry__0/CO[3]
                         net (fo=1, routed)           0.000    14.355    u_system/u_gemm/g_mac4.u_mac/p1__85_carry__0_n_0
    SLICE_X107Y145       CARRY4 (Prop_carry4_CI_O[1])
                                                      0.334    14.689 r  u_system/u_gemm/g_mac4.u_mac/p1__85_carry__1/O[1]
                         net (fo=1, routed)           0.440    15.129    u_system/u_gemm/g_mac4.u_mac/p1[13]
    SLICE_X108Y144       LUT2 (Prop_lut2_I1_O)        0.303    15.432 r  u_system/u_gemm/g_mac4.u_mac/acc10_carry__2_i_3/O
                         net (fo=1, routed)           0.000    15.432    u_system/u_gemm/g_mac4.u_mac/acc10_carry__2_i_3_n_0
    SLICE_X108Y144       CARRY4 (Prop_carry4_S[1]_CO[3])
                                                      0.533    15.965 r  u_system/u_gemm/g_mac4.u_mac/acc10_carry__2/CO[3]
                         net (fo=1, routed)           0.000    15.965    u_system/u_gemm/g_mac4.u_mac/acc10_carry__2_n_0
    SLICE_X108Y145       CARRY4 (Prop_carry4_CI_CO[3])
                                                      0.117    16.082 r  u_system/u_gemm/g_mac4.u_mac/acc10_carry__3/CO[3]
                         net (fo=1, routed)           0.000    16.082    u_system/u_gemm/g_mac4.u_mac/acc10_carry__3_n_0
    SLICE_X108Y146       CARRY4 (Prop_carry4_CI_CO[3])
                                                      0.117    16.199 r  u_system/u_gemm/g_mac4.u_mac/acc10_carry__4/CO[3]
                         net (fo=1, routed)           0.000    16.199    u_system/u_gemm/g_mac4.u_mac/acc10_carry__4_n_0
    SLICE_X108Y147       CARRY4 (Prop_carry4_CI_CO[3])
                                                      0.117    16.316 r  u_system/u_gemm/g_mac4.u_mac/acc10_carry__5/CO[3]
                         net (fo=1, routed)           0.000    16.316    u_system/u_gemm/g_mac4.u_mac/acc10_carry__5_n_0
    SLICE_X108Y148       CARRY4 (Prop_carry4_CI_O[3])
                                                      0.315    16.631 r  u_system/u_gemm/g_mac4.u_mac/acc10_carry__6/O[3]
                         net (fo=1, routed)           0.626    17.257    u_system/u_gemm/g_mac4.u_mac/acc10[31]
    SLICE_X109Y148       LUT2 (Prop_lut2_I0_O)        0.332    17.589 r  u_system/u_gemm/g_mac4.u_mac/acc1[31]_i_1/O
                         net (fo=1, routed)           0.000    17.589    u_system/u_gemm/g_mac4.u_mac/acc1[31]
    SLICE_X109Y148       FDRE                                         r  u_system/u_gemm/g_mac4.u_mac/acc1_reg[31]/D
  -------------------------------------------------------------------    -------------------

                         (clock sys_clk_pin rise edge)
                                                     11.000    11.000 r  
    K17                                               0.000    11.000 r  clk (IN)
                         net (fo=0)                   0.000    11.000    clk
    K17                  IBUF (Prop_ibuf_I_O)         1.404    12.404 r  clk_IBUF_inst/O
                         net (fo=1, routed)           2.293    14.697    clk_IBUF
    BUFGCTRL_X0Y16       BUFG (Prop_bufg_I_O)         0.091    14.788 r  clk_IBUF_BUFG_inst/O
                         net (fo=1052, routed)        1.858    16.646    u_system/u_gemm/g_mac4.u_mac/clk_IBUF_BUFG
    SLICE_X109Y148       FDRE                                         r  u_system/u_gemm/g_mac4.u_mac/acc1_reg[31]/C
                         clock pessimism              0.441    17.088    
                         clock uncertainty           -0.035    17.052    
    SLICE_X109Y148       FDRE (Setup_fdre_C_D)        0.075    17.127    u_system/u_gemm/g_mac4.u_mac/acc1_reg[31]
  -------------------------------------------------------------------
                         required time                         17.127    
                         arrival time                         -17.589    
  -------------------------------------------------------------------
                         slack                                 -0.461    





Pulse Width Checks
--------------------------------------------------------------------------------------
Clock Name:         sys_clk_pin
Waveform(ns):       { 0.000 5.500 }
Period(ns):         11.000
Sources:            { clk }

Check Type        Corner  Lib Pin             Reference Pin  Required(ns)  Actual(ns)  Slack(ns)  Location        Pin
Min Period        n/a     RAMB36E1/CLKARDCLK  n/a            2.944         11.000      8.056      RAMB36_X4Y27    u_system/mem_reg_0/CLKARDCLK
Min Period        n/a     RAMB36E1/CLKARDCLK  n/a            2.944         11.000      8.056      RAMB36_X4Y26    u_system/mem_reg_1/CLKARDCLK
Min Period        n/a     RAMB36E1/CLKARDCLK  n/a            2.944         11.000      8.056      RAMB36_X4Y28    u_system/mem_reg_2/CLKARDCLK
Min Period        n/a     RAMB36E1/CLKARDCLK  n/a            2.944         11.000      8.056      RAMB36_X4Y29    u_system/mem_reg_3/CLKARDCLK
Min Period        n/a     RAMB36E1/CLKBWRCLK  n/a            2.576         11.000      8.424      RAMB36_X4Y27    u_system/mem_reg_0/CLKBWRCLK
Low Pulse Width   Slow    RAMD32/CLK          n/a            1.250         5.500       4.250      SLICE_X104Y140  u_buf/a_buf_reg_0_15_0_5/RAMA/CLK
Low Pulse Width   Fast    RAMD32/CLK          n/a            1.250         5.500       4.250      SLICE_X104Y140  u_buf/a_buf_reg_0_15_0_5/RAMA/CLK
Low Pulse Width   Slow    RAMD32/CLK          n/a            1.250         5.500       4.250      SLICE_X104Y140  u_buf/a_buf_reg_0_15_0_5/RAMA_D1/CLK
Low Pulse Width   Fast    RAMD32/CLK          n/a            1.250         5.500       4.250      SLICE_X104Y140  u_buf/a_buf_reg_0_15_0_5/RAMA_D1/CLK
Low Pulse Width   Slow    RAMD32/CLK          n/a            1.250         5.500       4.250      SLICE_X104Y140  u_buf/a_buf_reg_0_15_0_5/RAMB/CLK
High Pulse Width  Slow    RAMD32/CLK          n/a            1.250         5.500       4.250      SLICE_X104Y140  u_buf/a_buf_reg_0_15_0_5/RAMA/CLK
High Pulse Width  Fast    RAMD32/CLK          n/a            1.250         5.500       4.250      SLICE_X104Y140  u_buf/a_buf_reg_0_15_0_5/RAMA/CLK
High Pulse Width  Slow    RAMD32/CLK          n/a            1.250         5.500       4.250      SLICE_X104Y140  u_buf/a_buf_reg_0_15_0_5/RAMA_D1/CLK
High Pulse Width  Fast    RAMD32/CLK          n/a            1.250         5.500       4.250      SLICE_X104Y140  u_buf/a_buf_reg_0_15_0_5/RAMA_D1/CLK
High Pulse Width  Slow    RAMD32/CLK          n/a            1.250         5.500       4.250      SLICE_X104Y140  u_buf/a_buf_reg_0_15_0_5/RAMB/CLK



