Copyright 1986-2022 Xilinx, Inc. All Rights Reserved. Copyright 2022-2024 Advanced Micro Devices, Inc. All Rights Reserved.
---------------------------------------------------------------------------------------------------------------------------------------------------------------------------------------------------
| Tool Version : Vivado v.2024.2 (lin64) Build 5239630 Fri Nov 08 22:34:34 MST 2024
| Date         : Wed Jun 17 03:30:18 2026
| Host         : young-PC running 64-bit Ubuntu 24.04.4 LTS
| Command      : report_timing_summary -delay_type max -max_paths 5 -file /home/young/dev/20_digital-systems-lab/projects/simple-cpu-gemm-accelerator/fpga/reports/mode1/100mhz_timing_summary.rpt
| Design       : zybo_top
| Device       : 7z020-clg400
| Speed File   : -1  PRODUCTION 1.12 2019-11-22
| Design State : Routed
---------------------------------------------------------------------------------------------------------------------------------------------------------------------------------------------------

Timing Summary Report

------------------------------------------------------------------------------------------------
| Timer Settings
| --------------
------------------------------------------------------------------------------------------------

  Enable Multi Corner Analysis               :  Yes
  Enable Pessimism Removal                   :  Yes
  Pessimism Removal Resolution               :  Nearest Common Node
  Enable Input Delay Default Clock           :  No
  Enable Preset / Clear Arcs                 :  No
  Disable Flight Delays                      :  No
  Ignore I/O Paths                           :  No
  Timing Early Launch at Borrowing Latches   :  No
  Borrow Time for Max Delay Exceptions       :  Yes
  Merge Timing Exceptions                    :  Yes
  Inter-SLR Compensation                     :  Conservative

  Corner  Analyze    Analyze    
  Name    Max Paths  Min Paths  
  ------  ---------  ---------  
  Slow    Yes        Yes        
  Fast    Yes        Yes        


------------------------------------------------------------------------------------------------
| Report Methodology
| ------------------
------------------------------------------------------------------------------------------------

Rule       Severity  Description                                 Violations  
---------  --------  ------------------------------------------  ----------  
SYNTH-6    Warning   Timing of a RAM block might be sub-optimal  4           
TIMING-16  Warning   Large setup violation                       1           
TIMING-18  Warning   Missing input or output delay               5           

Note: This report is based on the most recent report_methodology run and may not be up-to-date. Run report_methodology on the current design for the latest report.



check_timing report

Table of Contents
-----------------
1. checking no_clock (0)
2. checking constant_clock (0)
3. checking pulse_width_clock (0)
4. checking unconstrained_internal_endpoints (0)
5. checking no_input_delay (1)
6. checking no_output_delay (4)
7. checking multiple_clock (0)
8. checking generated_clocks (0)
9. checking loops (0)
10. checking partial_input_delay (0)
11. checking partial_output_delay (0)
12. checking latch_loops (0)

1. checking no_clock (0)
------------------------
 There are 0 register/latch pins with no clock.


2. checking constant_clock (0)
------------------------------
 There are 0 register/latch pins with constant_clock.


3. checking pulse_width_clock (0)
---------------------------------
 There are 0 register/latch pins which need pulse_width check


4. checking unconstrained_internal_endpoints (0)
------------------------------------------------
 There are 0 pins that are not constrained for maximum delay.

 There are 0 pins that are not constrained for maximum delay due to constant clock.


5. checking no_input_delay (1)
------------------------------
 There is 1 input port with no input delay specified. (HIGH)

 There are 0 input ports with no input delay but user has a false path constraint.


6. checking no_output_delay (4)
-------------------------------
 There are 4 ports with no output delay specified. (HIGH)

 There are 0 ports with no output delay but user has a false path constraint

 There are 0 ports with no output delay but with a timing clock defined on it or propagating through it


7. checking multiple_clock (0)
------------------------------
 There are 0 register/latch pins with multiple clocks.


8. checking generated_clocks (0)
--------------------------------
 There are 0 generated clocks that are not connected to a clock source.


9. checking loops (0)
---------------------
 There are 0 combinational loops in the design.


10. checking partial_input_delay (0)
------------------------------------
 There are 0 input ports with partial input delay specified.


11. checking partial_output_delay (0)
-------------------------------------
 There are 0 ports with partial output delay specified.


12. checking latch_loops (0)
----------------------------
 There are 0 combinational latch loops in the design through latch input



------------------------------------------------------------------------------------------------
| Design Timing Summary
| ---------------------
------------------------------------------------------------------------------------------------

    WNS(ns)      TNS(ns)  TNS Failing Endpoints  TNS Total Endpoints     WPWS(ns)     TPWS(ns)  TPWS Failing Endpoints  TPWS Total Endpoints  
    -------      -------  ---------------------  -------------------     --------     --------  ----------------------  --------------------  
     -1.030      -12.269                     22                 2513        3.750        0.000                       0                   917  


Timing constraints are not met.


------------------------------------------------------------------------------------------------
| Clock Summary
| -------------
------------------------------------------------------------------------------------------------

Clock        Waveform(ns)       Period(ns)      Frequency(MHz)
-----        ------------       ----------      --------------
sys_clk_pin  {0.000 5.000}      10.000          100.000         


------------------------------------------------------------------------------------------------
| Intra Clock Table
| -----------------
------------------------------------------------------------------------------------------------

Clock             WNS(ns)      TNS(ns)  TNS Failing Endpoints  TNS Total Endpoints     WPWS(ns)     TPWS(ns)  TPWS Failing Endpoints  TPWS Total Endpoints  
-----             -------      -------  ---------------------  -------------------     --------     --------  ----------------------  --------------------  
sys_clk_pin        -1.030      -12.269                     22                 2513        3.750        0.000                       0                   917  


------------------------------------------------------------------------------------------------
| Inter Clock Table
| -----------------
------------------------------------------------------------------------------------------------

From Clock    To Clock          WNS(ns)      TNS(ns)  TNS Failing Endpoints  TNS Total Endpoints  
----------    --------          -------      -------  ---------------------  -------------------  


------------------------------------------------------------------------------------------------
| Other Path Groups Table
| -----------------------
------------------------------------------------------------------------------------------------

Path Group    From Clock    To Clock          WNS(ns)      TNS(ns)  TNS Failing Endpoints  TNS Total Endpoints  
----------    ----------    --------          -------      -------  ---------------------  -------------------  


------------------------------------------------------------------------------------------------
| Timing Details
| --------------
------------------------------------------------------------------------------------------------


---------------------------------------------------------------------------------------------------
From Clock:  sys_clk_pin
  To Clock:  sys_clk_pin

Setup :           22  Failing Endpoints,  Worst Slack       -1.030ns,  Total Violation      -12.269ns
Hold  :           NA  Failing Endpoints,  Worst Slack           NA  ,  Total Violation           NA
PW    :            0  Failing Endpoints,  Worst Slack        3.750ns,  Total Violation        0.000ns
---------------------------------------------------------------------------------------------------


Max Delay Paths
--------------------------------------------------------------------------------------
Slack (VIOLATED) :        -1.030ns  (required time - arrival time)
  Source:                 u_system/u_gemm/u_mmio/r_n_reg[1]/C
                            (rising edge-triggered cell FDRE clocked by sys_clk_pin  {rise@0.000ns fall@5.000ns period=10.000ns})
  Destination:            u_system/u_gemm/g_mac1.u_mac/acc_reg[29]/D
                            (rising edge-triggered cell FDRE clocked by sys_clk_pin  {rise@0.000ns fall@5.000ns period=10.000ns})
  Path Group:             sys_clk_pin
  Path Type:              Setup (Max at Slow Process Corner)
  Requirement:            10.000ns  (sys_clk_pin rise@10.000ns - sys_clk_pin rise@0.000ns)
  Data Path Delay:        11.093ns  (logic 4.972ns (44.820%)  route 6.121ns (55.180%))
  Logic Levels:           16  (CARRY4=8 LUT2=1 LUT3=3 LUT6=3 RAMD32=1)
  Clock Path Skew:        0.018ns (DCD - SCD + CPR)
    Destination Clock Delay (DCD):    5.634ns = ( 15.634 - 10.000 ) 
    Source Clock Delay      (SCD):    6.058ns
    Clock Pessimism Removal (CPR):    0.441ns
  Clock Uncertainty:      0.035ns  ((TSJ^2 + TIJ^2)^1/2 + DJ) / 2 + PE
    Total System Jitter     (TSJ):    0.071ns
    Total Input Jitter      (TIJ):    0.000ns
    Discrete Jitter          (DJ):    0.000ns
    Phase Error              (PE):    0.000ns

    Location             Delay type                Incr(ns)  Path(ns)    Netlist Resource(s)
  -------------------------------------------------------------------    -------------------
                         (clock sys_clk_pin rise edge)
                                                      0.000     0.000 r  
    K17                                               0.000     0.000 r  clk (IN)
                         net (fo=0)                   0.000     0.000    clk
    K17                  IBUF (Prop_ibuf_I_O)         1.475     1.475 r  clk_IBUF_inst/O
                         net (fo=1, routed)           2.522     3.997    clk_IBUF
    BUFGCTRL_X0Y16       BUFG (Prop_bufg_I_O)         0.101     4.098 r  clk_IBUF_BUFG_inst/O
                         net (fo=916, routed)         1.960     6.058    u_system/u_gemm/u_mmio/clk_IBUF_BUFG
    SLICE_X104Y127       FDRE                                         r  u_system/u_gemm/u_mmio/r_n_reg[1]/C
  -------------------------------------------------------------------    -------------------
    SLICE_X104Y127       FDRE (Prop_fdre_C_Q)         0.518     6.576 r  u_system/u_gemm/u_mmio/r_n_reg[1]/Q
                         net (fo=50, routed)          0.870     7.445    u_system/u_gemm/g_mac1.u_mac/c_waddr_reg[2]_0[1]
    SLICE_X102Y125       LUT6 (Prop_lut6_I2_O)        0.124     7.569 r  u_system/u_gemm/g_mac1.u_mac/b_buf_reg_0_15_0_5_i_6/O
                         net (fo=2, routed)           0.617     8.186    u_system/u_gemm/g_mac1.u_mac/b_buf_reg_0_15_0_5_i_6_n_0
    SLICE_X105Y123       LUT3 (Prop_lut3_I2_O)        0.124     8.310 r  u_system/u_gemm/g_mac1.u_mac/b_buf_reg_0_15_0_5_i_2/O
                         net (fo=8, routed)           0.553     8.864    u_system/u_gemm/u_buf/b_buf_reg_0_15_0_5/ADDRA2
    SLICE_X104Y123       RAMD32 (Prop_ramd32_RADR2_O)
                                                      0.148     9.012 r  u_system/u_gemm/u_buf/b_buf_reg_0_15_0_5/RAMA/O
                         net (fo=16, routed)          0.955     9.966    u_system/u_gemm/u_buf/b_rdata[0]
    SLICE_X107Y123       LUT6 (Prop_lut6_I4_O)        0.328    10.294 r  u_system/u_gemm/u_buf/prod__0_carry__0_i_4/O
                         net (fo=2, routed)           0.667    10.961    u_system/u_gemm/u_buf/b_we_reg_0[0]
    SLICE_X106Y123       LUT6 (Prop_lut6_I0_O)        0.124    11.085 r  u_system/u_gemm/u_buf/prod__0_carry__0_i_8/O
                         net (fo=1, routed)           0.000    11.085    u_system/u_gemm/g_mac1.u_mac/prod__85_carry_i_8_1[0]
    SLICE_X106Y123       CARRY4 (Prop_carry4_S[0]_CO[3])
                                                      0.532    11.617 r  u_system/u_gemm/g_mac1.u_mac/prod__0_carry__0/CO[3]
                         net (fo=1, routed)           0.000    11.617    u_system/u_gemm/g_mac1.u_mac/prod__0_carry__0_n_0
    SLICE_X106Y124       CARRY4 (Prop_carry4_CI_O[1])
                                                      0.334    11.951 r  u_system/u_gemm/g_mac1.u_mac/prod__0_carry__1/O[1]
                         net (fo=3, routed)           0.487    12.438    u_system/u_gemm/g_mac1.u_mac/prod__0_carry__1_n_6
    SLICE_X111Y125       LUT3 (Prop_lut3_I2_O)        0.303    12.741 r  u_system/u_gemm/g_mac1.u_mac/prod__85_carry__0_i_2/O
                         net (fo=1, routed)           0.632    13.374    u_system/u_gemm/g_mac1.u_mac/prod__85_carry__0_i_2_n_0
    SLICE_X108Y125       CARRY4 (Prop_carry4_DI[2]_CO[3])
                                                      0.404    13.778 r  u_system/u_gemm/g_mac1.u_mac/prod__85_carry__0/CO[3]
                         net (fo=1, routed)           0.000    13.778    u_system/u_gemm/g_mac1.u_mac/prod__85_carry__0_n_0
    SLICE_X108Y126       CARRY4 (Prop_carry4_CI_O[3])
                                                      0.315    14.093 r  u_system/u_gemm/g_mac1.u_mac/prod__85_carry__1/O[3]
                         net (fo=4, routed)           0.675    14.768    u_system/u_gemm/u_buf/O[0]
    SLICE_X109Y126       LUT2 (Prop_lut2_I0_O)        0.307    15.075 r  u_system/u_gemm/u_buf/acc0_carry__3_i_5/O
                         net (fo=1, routed)           0.000    15.075    u_system/u_gemm/g_mac1.u_mac/c_wdata_reg[19]_1[0]
    SLICE_X109Y126       CARRY4 (Prop_carry4_S[0]_CO[3])
                                                      0.532    15.607 r  u_system/u_gemm/g_mac1.u_mac/acc0_carry__3/CO[3]
                         net (fo=1, routed)           0.000    15.607    u_system/u_gemm/g_mac1.u_mac/acc0_carry__3_n_0
    SLICE_X109Y127       CARRY4 (Prop_carry4_CI_CO[3])
                                                      0.114    15.721 r  u_system/u_gemm/g_mac1.u_mac/acc0_carry__4/CO[3]
                         net (fo=1, routed)           0.000    15.721    u_system/u_gemm/g_mac1.u_mac/acc0_carry__4_n_0
    SLICE_X109Y128       CARRY4 (Prop_carry4_CI_CO[3])
                                                      0.114    15.835 r  u_system/u_gemm/g_mac1.u_mac/acc0_carry__5/CO[3]
                         net (fo=1, routed)           0.000    15.835    u_system/u_gemm/g_mac1.u_mac/acc0_carry__5_n_0
    SLICE_X109Y129       CARRY4 (Prop_carry4_CI_O[1])
                                                      0.348    16.183 r  u_system/u_gemm/g_mac1.u_mac/acc0_carry__6/O[1]
                         net (fo=2, routed)           0.665    16.848    u_system/u_gemm/g_mac1.u_mac/acc0[29]
    SLICE_X108Y129       LUT3 (Prop_lut3_I2_O)        0.303    17.151 r  u_system/u_gemm/g_mac1.u_mac/acc[29]_i_1/O
                         net (fo=1, routed)           0.000    17.151    u_system/u_gemm/g_mac1.u_mac/acc[29]
    SLICE_X108Y129       FDRE                                         r  u_system/u_gemm/g_mac1.u_mac/acc_reg[29]/D
  -------------------------------------------------------------------    -------------------

                         (clock sys_clk_pin rise edge)
                                                     10.000    10.000 r  
    K17                                               0.000    10.000 r  clk (IN)
                         net (fo=0)                   0.000    10.000    clk
    K17                  IBUF (Prop_ibuf_I_O)         1.404    11.404 r  clk_IBUF_inst/O
                         net (fo=1, routed)           2.293    13.697    clk_IBUF
    BUFGCTRL_X0Y16       BUFG (Prop_bufg_I_O)         0.091    13.788 r  clk_IBUF_BUFG_inst/O
                         net (fo=916, routed)         1.846    15.634    u_system/u_gemm/g_mac1.u_mac/clk_IBUF_BUFG
    SLICE_X108Y129       FDRE                                         r  u_system/u_gemm/g_mac1.u_mac/acc_reg[29]/C
                         clock pessimism              0.441    16.076    
                         clock uncertainty           -0.035    16.040    
    SLICE_X108Y129       FDRE (Setup_fdre_C_D)        0.081    16.121    u_system/u_gemm/g_mac1.u_mac/acc_reg[29]
  -------------------------------------------------------------------
                         required time                         16.121    
                         arrival time                         -17.151    
  -------------------------------------------------------------------
                         slack                                 -1.030    

Slack (VIOLATED) :        -0.883ns  (required time - arrival time)
  Source:                 u_system/u_gemm/u_mmio/r_n_reg[1]/C
                            (rising edge-triggered cell FDRE clocked by sys_clk_pin  {rise@0.000ns fall@5.000ns period=10.000ns})
  Destination:            u_system/u_gemm/g_mac1.u_mac/acc_reg[27]/D
                            (rising edge-triggered cell FDRE clocked by sys_clk_pin  {rise@0.000ns fall@5.000ns period=10.000ns})
  Path Group:             sys_clk_pin
  Path Type:              Setup (Max at Slow Process Corner)
  Requirement:            10.000ns  (sys_clk_pin rise@10.000ns - sys_clk_pin rise@0.000ns)
  Data Path Delay:        10.982ns  (logic 4.870ns (44.343%)  route 6.112ns (55.657%))
  Logic Levels:           15  (CARRY4=7 LUT2=1 LUT3=3 LUT6=3 RAMD32=1)
  Clock Path Skew:        0.017ns (DCD - SCD + CPR)
    Destination Clock Delay (DCD):    5.633ns = ( 15.633 - 10.000 ) 
    Source Clock Delay      (SCD):    6.058ns
    Clock Pessimism Removal (CPR):    0.441ns
  Clock Uncertainty:      0.035ns  ((TSJ^2 + TIJ^2)^1/2 + DJ) / 2 + PE
    Total System Jitter     (TSJ):    0.071ns
    Total Input Jitter      (TIJ):    0.000ns
    Discrete Jitter          (DJ):    0.000ns
    Phase Error              (PE):    0.000ns

    Location             Delay type                Incr(ns)  Path(ns)    Netlist Resource(s)
  -------------------------------------------------------------------    -------------------
                         (clock sys_clk_pin rise edge)
                                                      0.000     0.000 r  
    K17                                               0.000     0.000 r  clk (IN)
                         net (fo=0)                   0.000     0.000    clk
    K17                  IBUF (Prop_ibuf_I_O)         1.475     1.475 r  clk_IBUF_inst/O
                         net (fo=1, routed)           2.522     3.997    clk_IBUF
    BUFGCTRL_X0Y16       BUFG (Prop_bufg_I_O)         0.101     4.098 r  clk_IBUF_BUFG_inst/O
                         net (fo=916, routed)         1.960     6.058    u_system/u_gemm/u_mmio/clk_IBUF_BUFG
    SLICE_X104Y127       FDRE                                         r  u_system/u_gemm/u_mmio/r_n_reg[1]/C
  -------------------------------------------------------------------    -------------------
    SLICE_X104Y127       FDRE (Prop_fdre_C_Q)         0.518     6.576 r  u_system/u_gemm/u_mmio/r_n_reg[1]/Q
                         net (fo=50, routed)          0.870     7.445    u_system/u_gemm/g_mac1.u_mac/c_waddr_reg[2]_0[1]
    SLICE_X102Y125       LUT6 (Prop_lut6_I2_O)        0.124     7.569 r  u_system/u_gemm/g_mac1.u_mac/b_buf_reg_0_15_0_5_i_6/O
                         net (fo=2, routed)           0.617     8.186    u_system/u_gemm/g_mac1.u_mac/b_buf_reg_0_15_0_5_i_6_n_0
    SLICE_X105Y123       LUT3 (Prop_lut3_I2_O)        0.124     8.310 r  u_system/u_gemm/g_mac1.u_mac/b_buf_reg_0_15_0_5_i_2/O
                         net (fo=8, routed)           0.553     8.864    u_system/u_gemm/u_buf/b_buf_reg_0_15_0_5/ADDRA2
    SLICE_X104Y123       RAMD32 (Prop_ramd32_RADR2_O)
                                                      0.148     9.012 r  u_system/u_gemm/u_buf/b_buf_reg_0_15_0_5/RAMA/O
                         net (fo=16, routed)          0.955     9.966    u_system/u_gemm/u_buf/b_rdata[0]
    SLICE_X107Y123       LUT6 (Prop_lut6_I4_O)        0.328    10.294 r  u_system/u_gemm/u_buf/prod__0_carry__0_i_4/O
                         net (fo=2, routed)           0.667    10.961    u_system/u_gemm/u_buf/b_we_reg_0[0]
    SLICE_X106Y123       LUT6 (Prop_lut6_I0_O)        0.124    11.085 r  u_system/u_gemm/u_buf/prod__0_carry__0_i_8/O
                         net (fo=1, routed)           0.000    11.085    u_system/u_gemm/g_mac1.u_mac/prod__85_carry_i_8_1[0]
    SLICE_X106Y123       CARRY4 (Prop_carry4_S[0]_CO[3])
                                                      0.532    11.617 r  u_system/u_gemm/g_mac1.u_mac/prod__0_carry__0/CO[3]
                         net (fo=1, routed)           0.000    11.617    u_system/u_gemm/g_mac1.u_mac/prod__0_carry__0_n_0
    SLICE_X106Y124       CARRY4 (Prop_carry4_CI_O[1])
                                                      0.334    11.951 r  u_system/u_gemm/g_mac1.u_mac/prod__0_carry__1/O[1]
                         net (fo=3, routed)           0.487    12.438    u_system/u_gemm/g_mac1.u_mac/prod__0_carry__1_n_6
    SLICE_X111Y125       LUT3 (Prop_lut3_I2_O)        0.303    12.741 r  u_system/u_gemm/g_mac1.u_mac/prod__85_carry__0_i_2/O
                         net (fo=1, routed)           0.632    13.374    u_system/u_gemm/g_mac1.u_mac/prod__85_carry__0_i_2_n_0
    SLICE_X108Y125       CARRY4 (Prop_carry4_DI[2]_CO[3])
                                                      0.404    13.778 r  u_system/u_gemm/g_mac1.u_mac/prod__85_carry__0/CO[3]
                         net (fo=1, routed)           0.000    13.778    u_system/u_gemm/g_mac1.u_mac/prod__85_carry__0_n_0
    SLICE_X108Y126       CARRY4 (Prop_carry4_CI_O[3])
                                                      0.315    14.093 r  u_system/u_gemm/g_mac1.u_mac/prod__85_carry__1/O[3]
                         net (fo=4, routed)           0.675    14.768    u_system/u_gemm/u_buf/O[0]
    SLICE_X109Y126       LUT2 (Prop_lut2_I0_O)        0.307    15.075 r  u_system/u_gemm/u_buf/acc0_carry__3_i_5/O
                         net (fo=1, routed)           0.000    15.075    u_system/u_gemm/g_mac1.u_mac/c_wdata_reg[19]_1[0]
    SLICE_X109Y126       CARRY4 (Prop_carry4_S[0]_CO[3])
                                                      0.532    15.607 r  u_system/u_gemm/g_mac1.u_mac/acc0_carry__3/CO[3]
                         net (fo=1, routed)           0.000    15.607    u_system/u_gemm/g_mac1.u_mac/acc0_carry__3_n_0
    SLICE_X109Y127       CARRY4 (Prop_carry4_CI_CO[3])
                                                      0.114    15.721 r  u_system/u_gemm/g_mac1.u_mac/acc0_carry__4/CO[3]
                         net (fo=1, routed)           0.000    15.721    u_system/u_gemm/g_mac1.u_mac/acc0_carry__4_n_0
    SLICE_X109Y128       CARRY4 (Prop_carry4_CI_O[3])
                                                      0.329    16.050 r  u_system/u_gemm/g_mac1.u_mac/acc0_carry__5/O[3]
                         net (fo=2, routed)           0.656    16.706    u_system/u_gemm/g_mac1.u_mac/acc0[27]
    SLICE_X108Y128       LUT3 (Prop_lut3_I2_O)        0.334    17.040 r  u_system/u_gemm/g_mac1.u_mac/acc[27]_i_1/O
                         net (fo=1, routed)           0.000    17.040    u_system/u_gemm/g_mac1.u_mac/acc[27]
    SLICE_X108Y128       FDRE                                         r  u_system/u_gemm/g_mac1.u_mac/acc_reg[27]/D
  -------------------------------------------------------------------    -------------------

                         (clock sys_clk_pin rise edge)
                                                     10.000    10.000 r  
    K17                                               0.000    10.000 r  clk (IN)
                         net (fo=0)                   0.000    10.000    clk
    K17                  IBUF (Prop_ibuf_I_O)         1.404    11.404 r  clk_IBUF_inst/O
                         net (fo=1, routed)           2.293    13.697    clk_IBUF
    BUFGCTRL_X0Y16       BUFG (Prop_bufg_I_O)         0.091    13.788 r  clk_IBUF_BUFG_inst/O
                         net (fo=916, routed)         1.845    15.633    u_system/u_gemm/g_mac1.u_mac/clk_IBUF_BUFG
    SLICE_X108Y128       FDRE                                         r  u_system/u_gemm/g_mac1.u_mac/acc_reg[27]/C
                         clock pessimism              0.441    16.075    
                         clock uncertainty           -0.035    16.039    
    SLICE_X108Y128       FDRE (Setup_fdre_C_D)        0.118    16.157    u_system/u_gemm/g_mac1.u_mac/acc_reg[27]
  -------------------------------------------------------------------
                         required time                         16.157    
                         arrival time                         -17.040    
  -------------------------------------------------------------------
                         slack                                 -0.883    

Slack (VIOLATED) :        -0.865ns  (required time - arrival time)
  Source:                 u_system/u_gemm/u_mmio/r_n_reg[1]/C
                            (rising edge-triggered cell FDRE clocked by sys_clk_pin  {rise@0.000ns fall@5.000ns period=10.000ns})
  Destination:            u_system/u_gemm/g_mac1.u_mac/acc_reg[28]/D
                            (rising edge-triggered cell FDRE clocked by sys_clk_pin  {rise@0.000ns fall@5.000ns period=10.000ns})
  Path Group:             sys_clk_pin
  Path Type:              Setup (Max at Slow Process Corner)
  Requirement:            10.000ns  (sys_clk_pin rise@10.000ns - sys_clk_pin rise@0.000ns)
  Data Path Delay:        10.879ns  (logic 4.855ns (44.627%)  route 6.024ns (55.373%))
  Logic Levels:           16  (CARRY4=8 LUT2=1 LUT3=3 LUT6=3 RAMD32=1)
  Clock Path Skew:        0.018ns (DCD - SCD + CPR)
    Destination Clock Delay (DCD):    5.634ns = ( 15.634 - 10.000 ) 
    Source Clock Delay      (SCD):    6.058ns
    Clock Pessimism Removal (CPR):    0.441ns
  Clock Uncertainty:      0.035ns  ((TSJ^2 + TIJ^2)^1/2 + DJ) / 2 + PE
    Total System Jitter     (TSJ):    0.071ns
    Total Input Jitter      (TIJ):    0.000ns
    Discrete Jitter          (DJ):    0.000ns
    Phase Error              (PE):    0.000ns

    Location             Delay type                Incr(ns)  Path(ns)    Netlist Resource(s)
  -------------------------------------------------------------------    -------------------
                         (clock sys_clk_pin rise edge)
                                                      0.000     0.000 r  
    K17                                               0.000     0.000 r  clk (IN)
                         net (fo=0)                   0.000     0.000    clk
    K17                  IBUF (Prop_ibuf_I_O)         1.475     1.475 r  clk_IBUF_inst/O
                         net (fo=1, routed)           2.522     3.997    clk_IBUF
    BUFGCTRL_X0Y16       BUFG (Prop_bufg_I_O)         0.101     4.098 r  clk_IBUF_BUFG_inst/O
                         net (fo=916, routed)         1.960     6.058    u_system/u_gemm/u_mmio/clk_IBUF_BUFG
    SLICE_X104Y127       FDRE                                         r  u_system/u_gemm/u_mmio/r_n_reg[1]/C
  -------------------------------------------------------------------    -------------------
    SLICE_X104Y127       FDRE (Prop_fdre_C_Q)         0.518     6.576 r  u_system/u_gemm/u_mmio/r_n_reg[1]/Q
                         net (fo=50, routed)          0.870     7.445    u_system/u_gemm/g_mac1.u_mac/c_waddr_reg[2]_0[1]
    SLICE_X102Y125       LUT6 (Prop_lut6_I2_O)        0.124     7.569 r  u_system/u_gemm/g_mac1.u_mac/b_buf_reg_0_15_0_5_i_6/O
                         net (fo=2, routed)           0.617     8.186    u_system/u_gemm/g_mac1.u_mac/b_buf_reg_0_15_0_5_i_6_n_0
    SLICE_X105Y123       LUT3 (Prop_lut3_I2_O)        0.124     8.310 r  u_system/u_gemm/g_mac1.u_mac/b_buf_reg_0_15_0_5_i_2/O
                         net (fo=8, routed)           0.553     8.864    u_system/u_gemm/u_buf/b_buf_reg_0_15_0_5/ADDRA2
    SLICE_X104Y123       RAMD32 (Prop_ramd32_RADR2_O)
                                                      0.148     9.012 r  u_system/u_gemm/u_buf/b_buf_reg_0_15_0_5/RAMA/O
                         net (fo=16, routed)          0.955     9.966    u_system/u_gemm/u_buf/b_rdata[0]
    SLICE_X107Y123       LUT6 (Prop_lut6_I4_O)        0.328    10.294 r  u_system/u_gemm/u_buf/prod__0_carry__0_i_4/O
                         net (fo=2, routed)           0.667    10.961    u_system/u_gemm/u_buf/b_we_reg_0[0]
    SLICE_X106Y123       LUT6 (Prop_lut6_I0_O)        0.124    11.085 r  u_system/u_gemm/u_buf/prod__0_carry__0_i_8/O
                         net (fo=1, routed)           0.000    11.085    u_system/u_gemm/g_mac1.u_mac/prod__85_carry_i_8_1[0]
    SLICE_X106Y123       CARRY4 (Prop_carry4_S[0]_CO[3])
                                                      0.532    11.617 r  u_system/u_gemm/g_mac1.u_mac/prod__0_carry__0/CO[3]
                         net (fo=1, routed)           0.000    11.617    u_system/u_gemm/g_mac1.u_mac/prod__0_carry__0_n_0
    SLICE_X106Y124       CARRY4 (Prop_carry4_CI_O[1])
                                                      0.334    11.951 r  u_system/u_gemm/g_mac1.u_mac/prod__0_carry__1/O[1]
                         net (fo=3, routed)           0.487    12.438    u_system/u_gemm/g_mac1.u_mac/prod__0_carry__1_n_6
    SLICE_X111Y125       LUT3 (Prop_lut3_I2_O)        0.303    12.741 r  u_system/u_gemm/g_mac1.u_mac/prod__85_carry__0_i_2/O
                         net (fo=1, routed)           0.632    13.374    u_system/u_gemm/g_mac1.u_mac/prod__85_carry__0_i_2_n_0
    SLICE_X108Y125       CARRY4 (Prop_carry4_DI[2]_CO[3])
                                                      0.404    13.778 r  u_system/u_gemm/g_mac1.u_mac/prod__85_carry__0/CO[3]
                         net (fo=1, routed)           0.000    13.778    u_system/u_gemm/g_mac1.u_mac/prod__85_carry__0_n_0
    SLICE_X108Y126       CARRY4 (Prop_carry4_CI_O[3])
                                                      0.315    14.093 r  u_system/u_gemm/g_mac1.u_mac/prod__85_carry__1/O[3]
                         net (fo=4, routed)           0.675    14.768    u_system/u_gemm/u_buf/O[0]
    SLICE_X109Y126       LUT2 (Prop_lut2_I0_O)        0.307    15.075 r  u_system/u_gemm/u_buf/acc0_carry__3_i_5/O
                         net (fo=1, routed)           0.000    15.075    u_system/u_gemm/g_mac1.u_mac/c_wdata_reg[19]_1[0]
    SLICE_X109Y126       CARRY4 (Prop_carry4_S[0]_CO[3])
                                                      0.532    15.607 r  u_system/u_gemm/g_mac1.u_mac/acc0_carry__3/CO[3]
                         net (fo=1, routed)           0.000    15.607    u_system/u_gemm/g_mac1.u_mac/acc0_carry__3_n_0
    SLICE_X109Y127       CARRY4 (Prop_carry4_CI_CO[3])
                                                      0.114    15.721 r  u_system/u_gemm/g_mac1.u_mac/acc0_carry__4/CO[3]
                         net (fo=1, routed)           0.000    15.721    u_system/u_gemm/g_mac1.u_mac/acc0_carry__4_n_0
    SLICE_X109Y128       CARRY4 (Prop_carry4_CI_CO[3])
                                                      0.114    15.835 r  u_system/u_gemm/g_mac1.u_mac/acc0_carry__5/CO[3]
                         net (fo=1, routed)           0.000    15.835    u_system/u_gemm/g_mac1.u_mac/acc0_carry__5_n_0
    SLICE_X109Y129       CARRY4 (Prop_carry4_CI_O[0])
                                                      0.235    16.070 r  u_system/u_gemm/g_mac1.u_mac/acc0_carry__6/O[0]
                         net (fo=2, routed)           0.568    16.638    u_system/u_gemm/g_mac1.u_mac/acc0[28]
    SLICE_X107Y129       LUT3 (Prop_lut3_I2_O)        0.299    16.937 r  u_system/u_gemm/g_mac1.u_mac/acc[28]_i_1/O
                         net (fo=1, routed)           0.000    16.937    u_system/u_gemm/g_mac1.u_mac/acc[28]
    SLICE_X107Y129       FDRE                                         r  u_system/u_gemm/g_mac1.u_mac/acc_reg[28]/D
  -------------------------------------------------------------------    -------------------

                         (clock sys_clk_pin rise edge)
                                                     10.000    10.000 r  
    K17                                               0.000    10.000 r  clk (IN)
                         net (fo=0)                   0.000    10.000    clk
    K17                  IBUF (Prop_ibuf_I_O)         1.404    11.404 r  clk_IBUF_inst/O
                         net (fo=1, routed)           2.293    13.697    clk_IBUF
    BUFGCTRL_X0Y16       BUFG (Prop_bufg_I_O)         0.091    13.788 r  clk_IBUF_BUFG_inst/O
                         net (fo=916, routed)         1.846    15.634    u_system/u_gemm/g_mac1.u_mac/clk_IBUF_BUFG
    SLICE_X107Y129       FDRE                                         r  u_system/u_gemm/g_mac1.u_mac/acc_reg[28]/C
                         clock pessimism              0.441    16.076    
                         clock uncertainty           -0.035    16.040    
    SLICE_X107Y129       FDRE (Setup_fdre_C_D)        0.031    16.071    u_system/u_gemm/g_mac1.u_mac/acc_reg[28]
  -------------------------------------------------------------------
                         required time                         16.071    
                         arrival time                         -16.937    
  -------------------------------------------------------------------
                         slack                                 -0.865    

Slack (VIOLATED) :        -0.823ns  (required time - arrival time)
  Source:                 u_system/u_gemm/u_mmio/r_n_reg[1]/C
                            (rising edge-triggered cell FDRE clocked by sys_clk_pin  {rise@0.000ns fall@5.000ns period=10.000ns})
  Destination:            u_system/u_gemm/g_mac1.u_mac/acc_reg[25]/D
                            (rising edge-triggered cell FDRE clocked by sys_clk_pin  {rise@0.000ns fall@5.000ns period=10.000ns})
  Path Group:             sys_clk_pin
  Path Type:              Setup (Max at Slow Process Corner)
  Requirement:            10.000ns  (sys_clk_pin rise@10.000ns - sys_clk_pin rise@0.000ns)
  Data Path Delay:        10.885ns  (logic 4.858ns (44.629%)  route 6.027ns (55.371%))
  Logic Levels:           15  (CARRY4=7 LUT2=1 LUT3=3 LUT6=3 RAMD32=1)
  Clock Path Skew:        0.017ns (DCD - SCD + CPR)
    Destination Clock Delay (DCD):    5.633ns = ( 15.633 - 10.000 ) 
    Source Clock Delay      (SCD):    6.058ns
    Clock Pessimism Removal (CPR):    0.441ns
  Clock Uncertainty:      0.035ns  ((TSJ^2 + TIJ^2)^1/2 + DJ) / 2 + PE
    Total System Jitter     (TSJ):    0.071ns
    Total Input Jitter      (TIJ):    0.000ns
    Discrete Jitter          (DJ):    0.000ns
    Phase Error              (PE):    0.000ns

    Location             Delay type                Incr(ns)  Path(ns)    Netlist Resource(s)
  -------------------------------------------------------------------    -------------------
                         (clock sys_clk_pin rise edge)
                                                      0.000     0.000 r  
    K17                                               0.000     0.000 r  clk (IN)
                         net (fo=0)                   0.000     0.000    clk
    K17                  IBUF (Prop_ibuf_I_O)         1.475     1.475 r  clk_IBUF_inst/O
                         net (fo=1, routed)           2.522     3.997    clk_IBUF
    BUFGCTRL_X0Y16       BUFG (Prop_bufg_I_O)         0.101     4.098 r  clk_IBUF_BUFG_inst/O
                         net (fo=916, routed)         1.960     6.058    u_system/u_gemm/u_mmio/clk_IBUF_BUFG
    SLICE_X104Y127       FDRE                                         r  u_system/u_gemm/u_mmio/r_n_reg[1]/C
  -------------------------------------------------------------------    -------------------
    SLICE_X104Y127       FDRE (Prop_fdre_C_Q)         0.518     6.576 r  u_system/u_gemm/u_mmio/r_n_reg[1]/Q
                         net (fo=50, routed)          0.870     7.445    u_system/u_gemm/g_mac1.u_mac/c_waddr_reg[2]_0[1]
    SLICE_X102Y125       LUT6 (Prop_lut6_I2_O)        0.124     7.569 r  u_system/u_gemm/g_mac1.u_mac/b_buf_reg_0_15_0_5_i_6/O
                         net (fo=2, routed)           0.617     8.186    u_system/u_gemm/g_mac1.u_mac/b_buf_reg_0_15_0_5_i_6_n_0
    SLICE_X105Y123       LUT3 (Prop_lut3_I2_O)        0.124     8.310 r  u_system/u_gemm/g_mac1.u_mac/b_buf_reg_0_15_0_5_i_2/O
                         net (fo=8, routed)           0.553     8.864    u_system/u_gemm/u_buf/b_buf_reg_0_15_0_5/ADDRA2
    SLICE_X104Y123       RAMD32 (Prop_ramd32_RADR2_O)
                                                      0.148     9.012 r  u_system/u_gemm/u_buf/b_buf_reg_0_15_0_5/RAMA/O
                         net (fo=16, routed)          0.955     9.966    u_system/u_gemm/u_buf/b_rdata[0]
    SLICE_X107Y123       LUT6 (Prop_lut6_I4_O)        0.328    10.294 r  u_system/u_gemm/u_buf/prod__0_carry__0_i_4/O
                         net (fo=2, routed)           0.667    10.961    u_system/u_gemm/u_buf/b_we_reg_0[0]
    SLICE_X106Y123       LUT6 (Prop_lut6_I0_O)        0.124    11.085 r  u_system/u_gemm/u_buf/prod__0_carry__0_i_8/O
                         net (fo=1, routed)           0.000    11.085    u_system/u_gemm/g_mac1.u_mac/prod__85_carry_i_8_1[0]
    SLICE_X106Y123       CARRY4 (Prop_carry4_S[0]_CO[3])
                                                      0.532    11.617 r  u_system/u_gemm/g_mac1.u_mac/prod__0_carry__0/CO[3]
                         net (fo=1, routed)           0.000    11.617    u_system/u_gemm/g_mac1.u_mac/prod__0_carry__0_n_0
    SLICE_X106Y124       CARRY4 (Prop_carry4_CI_O[1])
                                                      0.334    11.951 r  u_system/u_gemm/g_mac1.u_mac/prod__0_carry__1/O[1]
                         net (fo=3, routed)           0.487    12.438    u_system/u_gemm/g_mac1.u_mac/prod__0_carry__1_n_6
    SLICE_X111Y125       LUT3 (Prop_lut3_I2_O)        0.303    12.741 r  u_system/u_gemm/g_mac1.u_mac/prod__85_carry__0_i_2/O
                         net (fo=1, routed)           0.632    13.374    u_system/u_gemm/g_mac1.u_mac/prod__85_carry__0_i_2_n_0
    SLICE_X108Y125       CARRY4 (Prop_carry4_DI[2]_CO[3])
                                                      0.404    13.778 r  u_system/u_gemm/g_mac1.u_mac/prod__85_carry__0/CO[3]
                         net (fo=1, routed)           0.000    13.778    u_system/u_gemm/g_mac1.u_mac/prod__85_carry__0_n_0
    SLICE_X108Y126       CARRY4 (Prop_carry4_CI_O[3])
                                                      0.315    14.093 r  u_system/u_gemm/g_mac1.u_mac/prod__85_carry__1/O[3]
                         net (fo=4, routed)           0.675    14.768    u_system/u_gemm/u_buf/O[0]
    SLICE_X109Y126       LUT2 (Prop_lut2_I0_O)        0.307    15.075 r  u_system/u_gemm/u_buf/acc0_carry__3_i_5/O
                         net (fo=1, routed)           0.000    15.075    u_system/u_gemm/g_mac1.u_mac/c_wdata_reg[19]_1[0]
    SLICE_X109Y126       CARRY4 (Prop_carry4_S[0]_CO[3])
                                                      0.532    15.607 r  u_system/u_gemm/g_mac1.u_mac/acc0_carry__3/CO[3]
                         net (fo=1, routed)           0.000    15.607    u_system/u_gemm/g_mac1.u_mac/acc0_carry__3_n_0
    SLICE_X109Y127       CARRY4 (Prop_carry4_CI_CO[3])
                                                      0.114    15.721 r  u_system/u_gemm/g_mac1.u_mac/acc0_carry__4/CO[3]
                         net (fo=1, routed)           0.000    15.721    u_system/u_gemm/g_mac1.u_mac/acc0_carry__4_n_0
    SLICE_X109Y128       CARRY4 (Prop_carry4_CI_O[1])
                                                      0.348    16.069 r  u_system/u_gemm/g_mac1.u_mac/acc0_carry__5/O[1]
                         net (fo=2, routed)           0.571    16.640    u_system/u_gemm/g_mac1.u_mac/acc0[25]
    SLICE_X108Y128       LUT3 (Prop_lut3_I2_O)        0.303    16.943 r  u_system/u_gemm/g_mac1.u_mac/acc[25]_i_1/O
                         net (fo=1, routed)           0.000    16.943    u_system/u_gemm/g_mac1.u_mac/acc[25]
    SLICE_X108Y128       FDRE                                         r  u_system/u_gemm/g_mac1.u_mac/acc_reg[25]/D
  -------------------------------------------------------------------    -------------------

                         (clock sys_clk_pin rise edge)
                                                     10.000    10.000 r  
    K17                                               0.000    10.000 r  clk (IN)
                         net (fo=0)                   0.000    10.000    clk
    K17                  IBUF (Prop_ibuf_I_O)         1.404    11.404 r  clk_IBUF_inst/O
                         net (fo=1, routed)           2.293    13.697    clk_IBUF
    BUFGCTRL_X0Y16       BUFG (Prop_bufg_I_O)         0.091    13.788 r  clk_IBUF_BUFG_inst/O
                         net (fo=916, routed)         1.845    15.633    u_system/u_gemm/g_mac1.u_mac/clk_IBUF_BUFG
    SLICE_X108Y128       FDRE                                         r  u_system/u_gemm/g_mac1.u_mac/acc_reg[25]/C
                         clock pessimism              0.441    16.075    
                         clock uncertainty           -0.035    16.039    
    SLICE_X108Y128       FDRE (Setup_fdre_C_D)        0.081    16.120    u_system/u_gemm/g_mac1.u_mac/acc_reg[25]
  -------------------------------------------------------------------
                         required time                         16.120    
                         arrival time                         -16.943    
  -------------------------------------------------------------------
                         slack                                 -0.823    

Slack (VIOLATED) :        -0.783ns  (required time - arrival time)
  Source:                 u_system/u_gemm/u_mmio/r_n_reg[1]/C
                            (rising edge-triggered cell FDRE clocked by sys_clk_pin  {rise@0.000ns fall@5.000ns period=10.000ns})
  Destination:            u_system/u_gemm/g_mac1.u_mac/acc_reg[31]/D
                            (rising edge-triggered cell FDRE clocked by sys_clk_pin  {rise@0.000ns fall@5.000ns period=10.000ns})
  Path Group:             sys_clk_pin
  Path Type:              Setup (Max at Slow Process Corner)
  Requirement:            10.000ns  (sys_clk_pin rise@10.000ns - sys_clk_pin rise@0.000ns)
  Data Path Delay:        10.884ns  (logic 4.949ns (45.472%)  route 5.935ns (54.528%))
  Logic Levels:           16  (CARRY4=8 LUT2=1 LUT3=3 LUT6=3 RAMD32=1)
  Clock Path Skew:        0.018ns (DCD - SCD + CPR)
    Destination Clock Delay (DCD):    5.634ns = ( 15.634 - 10.000 ) 
    Source Clock Delay      (SCD):    6.058ns
    Clock Pessimism Removal (CPR):    0.441ns
  Clock Uncertainty:      0.035ns  ((TSJ^2 + TIJ^2)^1/2 + DJ) / 2 + PE
    Total System Jitter     (TSJ):    0.071ns
    Total Input Jitter      (TIJ):    0.000ns
    Discrete Jitter          (DJ):    0.000ns
    Phase Error              (PE):    0.000ns

    Location             Delay type                Incr(ns)  Path(ns)    Netlist Resource(s)
  -------------------------------------------------------------------    -------------------
                         (clock sys_clk_pin rise edge)
                                                      0.000     0.000 r  
    K17                                               0.000     0.000 r  clk (IN)
                         net (fo=0)                   0.000     0.000    clk
    K17                  IBUF (Prop_ibuf_I_O)         1.475     1.475 r  clk_IBUF_inst/O
                         net (fo=1, routed)           2.522     3.997    clk_IBUF
    BUFGCTRL_X0Y16       BUFG (Prop_bufg_I_O)         0.101     4.098 r  clk_IBUF_BUFG_inst/O
                         net (fo=916, routed)         1.960     6.058    u_system/u_gemm/u_mmio/clk_IBUF_BUFG
    SLICE_X104Y127       FDRE                                         r  u_system/u_gemm/u_mmio/r_n_reg[1]/C
  -------------------------------------------------------------------    -------------------
    SLICE_X104Y127       FDRE (Prop_fdre_C_Q)         0.518     6.576 r  u_system/u_gemm/u_mmio/r_n_reg[1]/Q
                         net (fo=50, routed)          0.870     7.445    u_system/u_gemm/g_mac1.u_mac/c_waddr_reg[2]_0[1]
    SLICE_X102Y125       LUT6 (Prop_lut6_I2_O)        0.124     7.569 r  u_system/u_gemm/g_mac1.u_mac/b_buf_reg_0_15_0_5_i_6/O
                         net (fo=2, routed)           0.617     8.186    u_system/u_gemm/g_mac1.u_mac/b_buf_reg_0_15_0_5_i_6_n_0
    SLICE_X105Y123       LUT3 (Prop_lut3_I2_O)        0.124     8.310 r  u_system/u_gemm/g_mac1.u_mac/b_buf_reg_0_15_0_5_i_2/O
                         net (fo=8, routed)           0.553     8.864    u_system/u_gemm/u_buf/b_buf_reg_0_15_0_5/ADDRA2
    SLICE_X104Y123       RAMD32 (Prop_ramd32_RADR2_O)
                                                      0.148     9.012 r  u_system/u_gemm/u_buf/b_buf_reg_0_15_0_5/RAMA/O
                         net (fo=16, routed)          0.955     9.966    u_system/u_gemm/u_buf/b_rdata[0]
    SLICE_X107Y123       LUT6 (Prop_lut6_I4_O)        0.328    10.294 r  u_system/u_gemm/u_buf/prod__0_carry__0_i_4/O
                         net (fo=2, routed)           0.667    10.961    u_system/u_gemm/u_buf/b_we_reg_0[0]
    SLICE_X106Y123       LUT6 (Prop_lut6_I0_O)        0.124    11.085 r  u_system/u_gemm/u_buf/prod__0_carry__0_i_8/O
                         net (fo=1, routed)           0.000    11.085    u_system/u_gemm/g_mac1.u_mac/prod__85_carry_i_8_1[0]
    SLICE_X106Y123       CARRY4 (Prop_carry4_S[0]_CO[3])
                                                      0.532    11.617 r  u_system/u_gemm/g_mac1.u_mac/prod__0_carry__0/CO[3]
                         net (fo=1, routed)           0.000    11.617    u_system/u_gemm/g_mac1.u_mac/prod__0_carry__0_n_0
    SLICE_X106Y124       CARRY4 (Prop_carry4_CI_O[1])
                                                      0.334    11.951 r  u_system/u_gemm/g_mac1.u_mac/prod__0_carry__1/O[1]
                         net (fo=3, routed)           0.487    12.438    u_system/u_gemm/g_mac1.u_mac/prod__0_carry__1_n_6
    SLICE_X111Y125       LUT3 (Prop_lut3_I2_O)        0.303    12.741 r  u_system/u_gemm/g_mac1.u_mac/prod__85_carry__0_i_2/O
                         net (fo=1, routed)           0.632    13.374    u_system/u_gemm/g_mac1.u_mac/prod__85_carry__0_i_2_n_0
    SLICE_X108Y125       CARRY4 (Prop_carry4_DI[2]_CO[3])
                                                      0.404    13.778 r  u_system/u_gemm/g_mac1.u_mac/prod__85_carry__0/CO[3]
                         net (fo=1, routed)           0.000    13.778    u_system/u_gemm/g_mac1.u_mac/prod__85_carry__0_n_0
    SLICE_X108Y126       CARRY4 (Prop_carry4_CI_O[3])
                                                      0.315    14.093 r  u_system/u_gemm/g_mac1.u_mac/prod__85_carry__1/O[3]
                         net (fo=4, routed)           0.675    14.768    u_system/u_gemm/u_buf/O[0]
    SLICE_X109Y126       LUT2 (Prop_lut2_I0_O)        0.307    15.075 r  u_system/u_gemm/u_buf/acc0_carry__3_i_5/O
                         net (fo=1, routed)           0.000    15.075    u_system/u_gemm/g_mac1.u_mac/c_wdata_reg[19]_1[0]
    SLICE_X109Y126       CARRY4 (Prop_carry4_S[0]_CO[3])
                                                      0.532    15.607 r  u_system/u_gemm/g_mac1.u_mac/acc0_carry__3/CO[3]
                         net (fo=1, routed)           0.000    15.607    u_system/u_gemm/g_mac1.u_mac/acc0_carry__3_n_0
    SLICE_X109Y127       CARRY4 (Prop_carry4_CI_CO[3])
                                                      0.114    15.721 r  u_system/u_gemm/g_mac1.u_mac/acc0_carry__4/CO[3]
                         net (fo=1, routed)           0.000    15.721    u_system/u_gemm/g_mac1.u_mac/acc0_carry__4_n_0
    SLICE_X109Y128       CARRY4 (Prop_carry4_CI_CO[3])
                                                      0.114    15.835 r  u_system/u_gemm/g_mac1.u_mac/acc0_carry__5/CO[3]
                         net (fo=1, routed)           0.000    15.835    u_system/u_gemm/g_mac1.u_mac/acc0_carry__5_n_0
    SLICE_X109Y129       CARRY4 (Prop_carry4_CI_O[3])
                                                      0.329    16.164 r  u_system/u_gemm/g_mac1.u_mac/acc0_carry__6/O[3]
                         net (fo=2, routed)           0.478    16.642    u_system/u_gemm/g_mac1.u_mac/acc0[31]
    SLICE_X108Y129       LUT3 (Prop_lut3_I2_O)        0.299    16.941 r  u_system/u_gemm/g_mac1.u_mac/acc[31]_i_1/O
                         net (fo=1, routed)           0.000    16.941    u_system/u_gemm/g_mac1.u_mac/acc[31]
    SLICE_X108Y129       FDRE                                         r  u_system/u_gemm/g_mac1.u_mac/acc_reg[31]/D
  -------------------------------------------------------------------    -------------------

                         (clock sys_clk_pin rise edge)
                                                     10.000    10.000 r  
    K17                                               0.000    10.000 r  clk (IN)
                         net (fo=0)                   0.000    10.000    clk
    K17                  IBUF (Prop_ibuf_I_O)         1.404    11.404 r  clk_IBUF_inst/O
                         net (fo=1, routed)           2.293    13.697    clk_IBUF
    BUFGCTRL_X0Y16       BUFG (Prop_bufg_I_O)         0.091    13.788 r  clk_IBUF_BUFG_inst/O
                         net (fo=916, routed)         1.846    15.634    u_system/u_gemm/g_mac1.u_mac/clk_IBUF_BUFG
    SLICE_X108Y129       FDRE                                         r  u_system/u_gemm/g_mac1.u_mac/acc_reg[31]/C
                         clock pessimism              0.441    16.076    
                         clock uncertainty           -0.035    16.040    
    SLICE_X108Y129       FDRE (Setup_fdre_C_D)        0.118    16.158    u_system/u_gemm/g_mac1.u_mac/acc_reg[31]
  -------------------------------------------------------------------
                         required time                         16.158    
                         arrival time                         -16.941    
  -------------------------------------------------------------------
                         slack                                 -0.783    





Pulse Width Checks
--------------------------------------------------------------------------------------
Clock Name:         sys_clk_pin
Waveform(ns):       { 0.000 5.000 }
Period(ns):         10.000
Sources:            { clk }

Check Type        Corner  Lib Pin             Reference Pin  Required(ns)  Actual(ns)  Slack(ns)  Location        Pin
Min Period        n/a     RAMB36E1/CLKARDCLK  n/a            2.944         10.000      7.056      RAMB36_X5Y22    u_system/mem_reg_0/CLKARDCLK
Min Period        n/a     RAMB36E1/CLKARDCLK  n/a            2.944         10.000      7.056      RAMB36_X5Y23    u_system/mem_reg_1/CLKARDCLK
Min Period        n/a     RAMB36E1/CLKARDCLK  n/a            2.944         10.000      7.056      RAMB36_X5Y24    u_system/mem_reg_2/CLKARDCLK
Min Period        n/a     RAMB36E1/CLKARDCLK  n/a            2.944         10.000      7.056      RAMB36_X5Y25    u_system/mem_reg_3/CLKARDCLK
Min Period        n/a     RAMB36E1/CLKBWRCLK  n/a            2.576         10.000      7.424      RAMB36_X5Y22    u_system/mem_reg_0/CLKBWRCLK
Low Pulse Width   Slow    RAMD32/CLK          n/a            1.250         5.000       3.750      SLICE_X104Y124  u_system/u_gemm/u_buf/a_buf_reg_0_15_0_5/RAMA/CLK
Low Pulse Width   Fast    RAMD32/CLK          n/a            1.250         5.000       3.750      SLICE_X104Y124  u_system/u_gemm/u_buf/a_buf_reg_0_15_0_5/RAMA/CLK
Low Pulse Width   Slow    RAMD32/CLK          n/a            1.250         5.000       3.750      SLICE_X104Y124  u_system/u_gemm/u_buf/a_buf_reg_0_15_0_5/RAMA_D1/CLK
Low Pulse Width   Fast    RAMD32/CLK          n/a            1.250         5.000       3.750      SLICE_X104Y124  u_system/u_gemm/u_buf/a_buf_reg_0_15_0_5/RAMA_D1/CLK
Low Pulse Width   Slow    RAMD32/CLK          n/a            1.250         5.000       3.750      SLICE_X104Y124  u_system/u_gemm/u_buf/a_buf_reg_0_15_0_5/RAMB/CLK
High Pulse Width  Slow    RAMD32/CLK          n/a            1.250         5.000       3.750      SLICE_X104Y124  u_system/u_gemm/u_buf/a_buf_reg_0_15_0_5/RAMA/CLK
High Pulse Width  Fast    RAMD32/CLK          n/a            1.250         5.000       3.750      SLICE_X104Y124  u_system/u_gemm/u_buf/a_buf_reg_0_15_0_5/RAMA/CLK
High Pulse Width  Slow    RAMD32/CLK          n/a            1.250         5.000       3.750      SLICE_X104Y124  u_system/u_gemm/u_buf/a_buf_reg_0_15_0_5/RAMA_D1/CLK
High Pulse Width  Fast    RAMD32/CLK          n/a            1.250         5.000       3.750      SLICE_X104Y124  u_system/u_gemm/u_buf/a_buf_reg_0_15_0_5/RAMA_D1/CLK
High Pulse Width  Slow    RAMD32/CLK          n/a            1.250         5.000       3.750      SLICE_X104Y124  u_system/u_gemm/u_buf/a_buf_reg_0_15_0_5/RAMB/CLK



