Copyright 1986-2022 Xilinx, Inc. All Rights Reserved. Copyright 2022-2024 Advanced Micro Devices, Inc. All Rights Reserved.
--------------------------------------------------------------------------------------------------------------------------------------------------------------------------------------------------
| Tool Version : Vivado v.2024.2 (lin64) Build 5239630 Fri Nov 08 22:34:34 MST 2024
| Date         : Wed Jun 17 03:35:26 2026
| Host         : young-PC running 64-bit Ubuntu 24.04.4 LTS
| Command      : report_timing_summary -delay_type max -max_paths 5 -file /home/young/dev/20_digital-systems-lab/projects/simple-cpu-gemm-accelerator/fpga/reports/mode1/10mhz_timing_summary.rpt
| Design       : zybo_top
| Device       : 7z020-clg400
| Speed File   : -1  PRODUCTION 1.12 2019-11-22
| Design State : Routed
--------------------------------------------------------------------------------------------------------------------------------------------------------------------------------------------------

Timing Summary Report

------------------------------------------------------------------------------------------------
| Timer Settings
| --------------
------------------------------------------------------------------------------------------------

  Enable Multi Corner Analysis               :  Yes
  Enable Pessimism Removal                   :  Yes
  Pessimism Removal Resolution               :  Nearest Common Node
  Enable Input Delay Default Clock           :  No
  Enable Preset / Clear Arcs                 :  No
  Disable Flight Delays                      :  No
  Ignore I/O Paths                           :  No
  Timing Early Launch at Borrowing Latches   :  No
  Borrow Time for Max Delay Exceptions       :  Yes
  Merge Timing Exceptions                    :  Yes
  Inter-SLR Compensation                     :  Conservative

  Corner  Analyze    Analyze    
  Name    Max Paths  Min Paths  
  ------  ---------  ---------  
  Slow    Yes        Yes        
  Fast    Yes        Yes        


------------------------------------------------------------------------------------------------
| Report Methodology
| ------------------
------------------------------------------------------------------------------------------------

Rule       Severity  Description                                 Violations  
---------  --------  ------------------------------------------  ----------  
SYNTH-6    Warning   Timing of a RAM block might be sub-optimal  4           
TIMING-18  Warning   Missing input or output delay               5           

Note: This report is based on the most recent report_methodology run and may not be up-to-date. Run report_methodology on the current design for the latest report.



check_timing report

Table of Contents
-----------------
1. checking no_clock (0)
2. checking constant_clock (0)
3. checking pulse_width_clock (0)
4. checking unconstrained_internal_endpoints (0)
5. checking no_input_delay (1)
6. checking no_output_delay (4)
7. checking multiple_clock (0)
8. checking generated_clocks (0)
9. checking loops (0)
10. checking partial_input_delay (0)
11. checking partial_output_delay (0)
12. checking latch_loops (0)

1. checking no_clock (0)
------------------------
 There are 0 register/latch pins with no clock.


2. checking constant_clock (0)
------------------------------
 There are 0 register/latch pins with constant_clock.


3. checking pulse_width_clock (0)
---------------------------------
 There are 0 register/latch pins which need pulse_width check


4. checking unconstrained_internal_endpoints (0)
------------------------------------------------
 There are 0 pins that are not constrained for maximum delay.

 There are 0 pins that are not constrained for maximum delay due to constant clock.


5. checking no_input_delay (1)
------------------------------
 There is 1 input port with no input delay specified. (HIGH)

 There are 0 input ports with no input delay but user has a false path constraint.


6. checking no_output_delay (4)
-------------------------------
 There are 4 ports with no output delay specified. (HIGH)

 There are 0 ports with no output delay but user has a false path constraint

 There are 0 ports with no output delay but with a timing clock defined on it or propagating through it


7. checking multiple_clock (0)
------------------------------
 There are 0 register/latch pins with multiple clocks.


8. checking generated_clocks (0)
--------------------------------
 There are 0 generated clocks that are not connected to a clock source.


9. checking loops (0)
---------------------
 There are 0 combinational loops in the design.


10. checking partial_input_delay (0)
------------------------------------
 There are 0 input ports with partial input delay specified.


11. checking partial_output_delay (0)
-------------------------------------
 There are 0 ports with partial output delay specified.


12. checking latch_loops (0)
----------------------------
 There are 0 combinational latch loops in the design through latch input



------------------------------------------------------------------------------------------------
| Design Timing Summary
| ---------------------
------------------------------------------------------------------------------------------------

    WNS(ns)      TNS(ns)  TNS Failing Endpoints  TNS Total Endpoints     WPWS(ns)     TPWS(ns)  TPWS Failing Endpoints  TPWS Total Endpoints  
    -------      -------  ---------------------  -------------------     --------     --------  ----------------------  --------------------  
     85.629        0.000                      0                 2510       48.750        0.000                       0                   915  


All user specified timing constraints are met.


------------------------------------------------------------------------------------------------
| Clock Summary
| -------------
------------------------------------------------------------------------------------------------

Clock        Waveform(ns)         Period(ns)      Frequency(MHz)
-----        ------------         ----------      --------------
sys_clk_pin  {0.000 50.000}       100.000         10.000          


------------------------------------------------------------------------------------------------
| Intra Clock Table
| -----------------
------------------------------------------------------------------------------------------------

Clock             WNS(ns)      TNS(ns)  TNS Failing Endpoints  TNS Total Endpoints     WPWS(ns)     TPWS(ns)  TPWS Failing Endpoints  TPWS Total Endpoints  
-----             -------      -------  ---------------------  -------------------     --------     --------  ----------------------  --------------------  
sys_clk_pin        85.629        0.000                      0                 2510       48.750        0.000                       0                   915  


------------------------------------------------------------------------------------------------
| Inter Clock Table
| -----------------
------------------------------------------------------------------------------------------------

From Clock    To Clock          WNS(ns)      TNS(ns)  TNS Failing Endpoints  TNS Total Endpoints  
----------    --------          -------      -------  ---------------------  -------------------  


------------------------------------------------------------------------------------------------
| Other Path Groups Table
| -----------------------
------------------------------------------------------------------------------------------------

Path Group    From Clock    To Clock          WNS(ns)      TNS(ns)  TNS Failing Endpoints  TNS Total Endpoints  
----------    ----------    --------          -------      -------  ---------------------  -------------------  


------------------------------------------------------------------------------------------------
| Timing Details
| --------------
------------------------------------------------------------------------------------------------


---------------------------------------------------------------------------------------------------
From Clock:  sys_clk_pin
  To Clock:  sys_clk_pin

Setup :            0  Failing Endpoints,  Worst Slack       85.629ns,  Total Violation        0.000ns
Hold  :           NA  Failing Endpoints,  Worst Slack           NA  ,  Total Violation           NA
PW    :            0  Failing Endpoints,  Worst Slack       48.750ns,  Total Violation        0.000ns
---------------------------------------------------------------------------------------------------


Max Delay Paths
--------------------------------------------------------------------------------------
Slack (MET) :             85.629ns  (required time - arrival time)
  Source:                 u_system/u_gemm/u_mmio/r_n_reg[0]/C
                            (rising edge-triggered cell FDRE clocked by sys_clk_pin  {rise@0.000ns fall@50.000ns period=100.000ns})
  Destination:            u_system/u_gemm/g_mac1.u_mac/acc_reg[19]/D
                            (rising edge-triggered cell FDRE clocked by sys_clk_pin  {rise@0.000ns fall@50.000ns period=100.000ns})
  Path Group:             sys_clk_pin
  Path Type:              Setup (Max at Slow Process Corner)
  Requirement:            100.000ns  (sys_clk_pin rise@100.000ns - sys_clk_pin rise@0.000ns)
  Data Path Delay:        14.465ns  (logic 4.953ns (34.242%)  route 9.512ns (65.758%))
  Logic Levels:           14  (CARRY4=5 LUT2=1 LUT3=2 LUT4=2 LUT6=3 RAMD32=1)
  Clock Path Skew:        0.011ns (DCD - SCD + CPR)
    Destination Clock Delay (DCD):    5.645ns = ( 105.646 - 100.000 ) 
    Source Clock Delay      (SCD):    5.958ns
    Clock Pessimism Removal (CPR):    0.323ns
  Clock Uncertainty:      0.035ns  ((TSJ^2 + TIJ^2)^1/2 + DJ) / 2 + PE
    Total System Jitter     (TSJ):    0.071ns
    Total Input Jitter      (TIJ):    0.000ns
    Discrete Jitter          (DJ):    0.000ns
    Phase Error              (PE):    0.000ns

    Location             Delay type                Incr(ns)  Path(ns)    Netlist Resource(s)
  -------------------------------------------------------------------    -------------------
                         (clock sys_clk_pin rise edge)
                                                      0.000     0.000 r  
    K17                                               0.000     0.000 r  clk (IN)
                         net (fo=0)                   0.000     0.000    clk
    K17                  IBUF (Prop_ibuf_I_O)         1.475     1.475 r  clk_IBUF_inst/O
                         net (fo=1, routed)           2.522     3.997    clk_IBUF
    BUFGCTRL_X0Y16       BUFG (Prop_bufg_I_O)         0.101     4.098 r  clk_IBUF_BUFG_inst/O
                         net (fo=914, routed)         1.860     5.958    u_system/u_gemm/u_mmio/clk_IBUF_BUFG
    SLICE_X113Y85        FDRE                                         r  u_system/u_gemm/u_mmio/r_n_reg[0]/C
  -------------------------------------------------------------------    -------------------
    SLICE_X113Y85        FDRE (Prop_fdre_C_Q)         0.456     6.414 r  u_system/u_gemm/u_mmio/r_n_reg[0]/Q
                         net (fo=54, routed)          2.069     8.483    u_system/u_gemm/g_mac1.u_mac/c_waddr_reg[2]_0[0]
    SLICE_X111Y92        LUT6 (Prop_lut6_I4_O)        0.124     8.607 r  u_system/u_gemm/g_mac1.u_mac/b_buf_reg_0_15_0_5_i_5/O
                         net (fo=2, routed)           0.639     9.246    u_system/u_gemm/g_mac1.u_mac/b_buf_reg_0_15_0_5_i_5_n_0
    SLICE_X111Y91        LUT4 (Prop_lut4_I0_O)        0.152     9.398 r  u_system/u_gemm/g_mac1.u_mac/b_buf_reg_0_15_0_5_i_1/O
                         net (fo=8, routed)           0.953    10.351    u_system/u_gemm/u_buf/b_buf_reg_0_15_0_5/ADDRA3
    SLICE_X108Y87        RAMD32 (Prop_ramd32_RADR3_O)
                                                      0.332    10.683 r  u_system/u_gemm/u_buf/b_buf_reg_0_15_0_5/RAMA_D1/O
                         net (fo=17, routed)          1.718    12.401    u_system/u_gemm/u_buf/b_rdata[1]
    SLICE_X110Y97        LUT6 (Prop_lut6_I2_O)        0.124    12.525 r  u_system/u_gemm/u_buf/prod__0_carry__0_i_4/O
                         net (fo=2, routed)           0.782    13.308    u_system/u_gemm/u_buf/b_we_reg_0[0]
    SLICE_X109Y97        LUT6 (Prop_lut6_I0_O)        0.124    13.432 r  u_system/u_gemm/u_buf/prod__0_carry__0_i_8/O
                         net (fo=1, routed)           0.000    13.432    u_system/u_gemm/g_mac1.u_mac/prod__85_carry_i_8_1[0]
    SLICE_X109Y97        CARRY4 (Prop_carry4_S[0]_O[3])
                                                      0.606    14.038 r  u_system/u_gemm/g_mac1.u_mac/prod__0_carry__0/O[3]
                         net (fo=2, routed)           0.658    14.696    u_system/u_gemm/g_mac1.u_mac/prod__0_carry__0_n_4
    SLICE_X108Y97        LUT3 (Prop_lut3_I2_O)        0.331    15.027 r  u_system/u_gemm/g_mac1.u_mac/prod__85_carry__0_i_4/O
                         net (fo=2, routed)           0.607    15.634    u_system/u_gemm/g_mac1.u_mac/prod__85_carry__0_i_4_n_0
    SLICE_X108Y98        LUT4 (Prop_lut4_I3_O)        0.355    15.989 r  u_system/u_gemm/g_mac1.u_mac/prod__85_carry__0_i_8/O
                         net (fo=1, routed)           0.000    15.989    u_system/u_gemm/g_mac1.u_mac/prod__85_carry__0_i_8_n_0
    SLICE_X108Y98        CARRY4 (Prop_carry4_S[0]_CO[3])
                                                      0.513    16.502 r  u_system/u_gemm/g_mac1.u_mac/prod__85_carry__0/CO[3]
                         net (fo=1, routed)           0.000    16.502    u_system/u_gemm/g_mac1.u_mac/prod__85_carry__0_n_0
    SLICE_X108Y99        CARRY4 (Prop_carry4_CI_O[1])
                                                      0.323    16.825 r  u_system/u_gemm/g_mac1.u_mac/prod__85_carry__1/O[1]
                         net (fo=1, routed)           0.678    17.503    u_system/u_gemm/g_mac1.u_mac/prod[13]
    SLICE_X107Y103       LUT2 (Prop_lut2_I1_O)        0.306    17.809 r  u_system/u_gemm/g_mac1.u_mac/acc0_carry__2_i_3/O
                         net (fo=1, routed)           0.000    17.809    u_system/u_gemm/g_mac1.u_mac/acc0_carry__2_i_3_n_0
    SLICE_X107Y103       CARRY4 (Prop_carry4_S[1]_CO[3])
                                                      0.550    18.359 r  u_system/u_gemm/g_mac1.u_mac/acc0_carry__2/CO[3]
                         net (fo=1, routed)           0.000    18.359    u_system/u_gemm/g_mac1.u_mac/acc0_carry__2_n_0
    SLICE_X107Y104       CARRY4 (Prop_carry4_CI_O[3])
                                                      0.329    18.688 r  u_system/u_gemm/g_mac1.u_mac/acc0_carry__3/O[3]
                         net (fo=2, routed)           1.407    20.094    u_system/u_gemm/g_mac1.u_mac/acc0[19]
    SLICE_X108Y106       LUT3 (Prop_lut3_I2_O)        0.328    20.422 r  u_system/u_gemm/g_mac1.u_mac/acc[19]_i_1/O
                         net (fo=1, routed)           0.000    20.422    u_system/u_gemm/g_mac1.u_mac/acc[19]
    SLICE_X108Y106       FDRE                                         r  u_system/u_gemm/g_mac1.u_mac/acc_reg[19]/D
  -------------------------------------------------------------------    -------------------

                         (clock sys_clk_pin rise edge)
                                                    100.000   100.000 r  
    K17                                               0.000   100.000 r  clk (IN)
                         net (fo=0)                   0.000   100.000    clk
    K17                  IBUF (Prop_ibuf_I_O)         1.404   101.404 r  clk_IBUF_inst/O
                         net (fo=1, routed)           2.293   103.697    clk_IBUF
    BUFGCTRL_X0Y16       BUFG (Prop_bufg_I_O)         0.091   103.788 r  clk_IBUF_BUFG_inst/O
                         net (fo=914, routed)         1.857   105.646    u_system/u_gemm/g_mac1.u_mac/clk_IBUF_BUFG
    SLICE_X108Y106       FDRE                                         r  u_system/u_gemm/g_mac1.u_mac/acc_reg[19]/C
                         clock pessimism              0.323   105.969    
                         clock uncertainty           -0.035   105.934    
    SLICE_X108Y106       FDRE (Setup_fdre_C_D)        0.118   106.052    u_system/u_gemm/g_mac1.u_mac/acc_reg[19]
  -------------------------------------------------------------------
                         required time                        106.052    
                         arrival time                         -20.422    
  -------------------------------------------------------------------
                         slack                                 85.629    

Slack (MET) :             85.675ns  (required time - arrival time)
  Source:                 u_system/u_gemm/u_mmio/r_n_reg[0]/C
                            (rising edge-triggered cell FDRE clocked by sys_clk_pin  {rise@0.000ns fall@50.000ns period=100.000ns})
  Destination:            u_system/u_gemm/g_mac1.u_mac/acc_reg[31]/D
                            (rising edge-triggered cell FDRE clocked by sys_clk_pin  {rise@0.000ns fall@50.000ns period=100.000ns})
  Path Group:             sys_clk_pin
  Path Type:              Setup (Max at Slow Process Corner)
  Requirement:            100.000ns  (sys_clk_pin rise@100.000ns - sys_clk_pin rise@0.000ns)
  Data Path Delay:        14.419ns  (logic 5.167ns (35.834%)  route 9.252ns (64.166%))
  Logic Levels:           16  (CARRY4=7 LUT2=1 LUT3=2 LUT4=2 LUT6=3 RAMD32=1)
  Clock Path Skew:        0.011ns (DCD - SCD + CPR)
    Destination Clock Delay (DCD):    5.645ns = ( 105.646 - 100.000 ) 
    Source Clock Delay      (SCD):    5.958ns
    Clock Pessimism Removal (CPR):    0.323ns
  Clock Uncertainty:      0.035ns  ((TSJ^2 + TIJ^2)^1/2 + DJ) / 2 + PE
    Total System Jitter     (TSJ):    0.071ns
    Total Input Jitter      (TIJ):    0.000ns
    Discrete Jitter          (DJ):    0.000ns
    Phase Error              (PE):    0.000ns

    Location             Delay type                Incr(ns)  Path(ns)    Netlist Resource(s)
  -------------------------------------------------------------------    -------------------
                         (clock sys_clk_pin rise edge)
                                                      0.000     0.000 r  
    K17                                               0.000     0.000 r  clk (IN)
                         net (fo=0)                   0.000     0.000    clk
    K17                  IBUF (Prop_ibuf_I_O)         1.475     1.475 r  clk_IBUF_inst/O
                         net (fo=1, routed)           2.522     3.997    clk_IBUF
    BUFGCTRL_X0Y16       BUFG (Prop_bufg_I_O)         0.101     4.098 r  clk_IBUF_BUFG_inst/O
                         net (fo=914, routed)         1.860     5.958    u_system/u_gemm/u_mmio/clk_IBUF_BUFG
    SLICE_X113Y85        FDRE                                         r  u_system/u_gemm/u_mmio/r_n_reg[0]/C
  -------------------------------------------------------------------    -------------------
    SLICE_X113Y85        FDRE (Prop_fdre_C_Q)         0.456     6.414 r  u_system/u_gemm/u_mmio/r_n_reg[0]/Q
                         net (fo=54, routed)          2.069     8.483    u_system/u_gemm/g_mac1.u_mac/c_waddr_reg[2]_0[0]
    SLICE_X111Y92        LUT6 (Prop_lut6_I4_O)        0.124     8.607 r  u_system/u_gemm/g_mac1.u_mac/b_buf_reg_0_15_0_5_i_5/O
                         net (fo=2, routed)           0.639     9.246    u_system/u_gemm/g_mac1.u_mac/b_buf_reg_0_15_0_5_i_5_n_0
    SLICE_X111Y91        LUT4 (Prop_lut4_I0_O)        0.152     9.398 r  u_system/u_gemm/g_mac1.u_mac/b_buf_reg_0_15_0_5_i_1/O
                         net (fo=8, routed)           0.953    10.351    u_system/u_gemm/u_buf/b_buf_reg_0_15_0_5/ADDRA3
    SLICE_X108Y87        RAMD32 (Prop_ramd32_RADR3_O)
                                                      0.332    10.683 r  u_system/u_gemm/u_buf/b_buf_reg_0_15_0_5/RAMA_D1/O
                         net (fo=17, routed)          1.718    12.401    u_system/u_gemm/u_buf/b_rdata[1]
    SLICE_X110Y97        LUT6 (Prop_lut6_I2_O)        0.124    12.525 r  u_system/u_gemm/u_buf/prod__0_carry__0_i_4/O
                         net (fo=2, routed)           0.782    13.308    u_system/u_gemm/u_buf/b_we_reg_0[0]
    SLICE_X109Y97        LUT6 (Prop_lut6_I0_O)        0.124    13.432 r  u_system/u_gemm/u_buf/prod__0_carry__0_i_8/O
                         net (fo=1, routed)           0.000    13.432    u_system/u_gemm/g_mac1.u_mac/prod__85_carry_i_8_1[0]
    SLICE_X109Y97        CARRY4 (Prop_carry4_S[0]_O[3])
                                                      0.606    14.038 r  u_system/u_gemm/g_mac1.u_mac/prod__0_carry__0/O[3]
                         net (fo=2, routed)           0.658    14.696    u_system/u_gemm/g_mac1.u_mac/prod__0_carry__0_n_4
    SLICE_X108Y97        LUT3 (Prop_lut3_I2_O)        0.331    15.027 r  u_system/u_gemm/g_mac1.u_mac/prod__85_carry__0_i_4/O
                         net (fo=2, routed)           0.607    15.634    u_system/u_gemm/g_mac1.u_mac/prod__85_carry__0_i_4_n_0
    SLICE_X108Y98        LUT4 (Prop_lut4_I3_O)        0.355    15.989 r  u_system/u_gemm/g_mac1.u_mac/prod__85_carry__0_i_8/O
                         net (fo=1, routed)           0.000    15.989    u_system/u_gemm/g_mac1.u_mac/prod__85_carry__0_i_8_n_0
    SLICE_X108Y98        CARRY4 (Prop_carry4_S[0]_CO[3])
                                                      0.513    16.502 r  u_system/u_gemm/g_mac1.u_mac/prod__85_carry__0/CO[3]
                         net (fo=1, routed)           0.000    16.502    u_system/u_gemm/g_mac1.u_mac/prod__85_carry__0_n_0
    SLICE_X108Y99        CARRY4 (Prop_carry4_CI_O[3])
                                                      0.315    16.817 r  u_system/u_gemm/g_mac1.u_mac/prod__85_carry__1/O[3]
                         net (fo=4, routed)           0.880    17.697    u_system/u_gemm/u_buf/O[0]
    SLICE_X107Y104       LUT2 (Prop_lut2_I0_O)        0.307    18.004 r  u_system/u_gemm/u_buf/acc0_carry__3_i_5/O
                         net (fo=1, routed)           0.000    18.004    u_system/u_gemm/g_mac1.u_mac/c_wdata_reg[19]_1[0]
    SLICE_X107Y104       CARRY4 (Prop_carry4_S[0]_CO[3])
                                                      0.532    18.536 r  u_system/u_gemm/g_mac1.u_mac/acc0_carry__3/CO[3]
                         net (fo=1, routed)           0.000    18.536    u_system/u_gemm/g_mac1.u_mac/acc0_carry__3_n_0
    SLICE_X107Y105       CARRY4 (Prop_carry4_CI_CO[3])
                                                      0.114    18.650 r  u_system/u_gemm/g_mac1.u_mac/acc0_carry__4/CO[3]
                         net (fo=1, routed)           0.000    18.650    u_system/u_gemm/g_mac1.u_mac/acc0_carry__4_n_0
    SLICE_X107Y106       CARRY4 (Prop_carry4_CI_CO[3])
                                                      0.114    18.764 r  u_system/u_gemm/g_mac1.u_mac/acc0_carry__5/CO[3]
                         net (fo=1, routed)           0.000    18.764    u_system/u_gemm/g_mac1.u_mac/acc0_carry__5_n_0
    SLICE_X107Y107       CARRY4 (Prop_carry4_CI_O[3])
                                                      0.329    19.093 r  u_system/u_gemm/g_mac1.u_mac/acc0_carry__6/O[3]
                         net (fo=2, routed)           0.945    20.038    u_system/u_gemm/g_mac1.u_mac/acc0[31]
    SLICE_X108Y106       LUT3 (Prop_lut3_I2_O)        0.339    20.377 r  u_system/u_gemm/g_mac1.u_mac/acc[31]_i_1/O
                         net (fo=1, routed)           0.000    20.377    u_system/u_gemm/g_mac1.u_mac/acc[31]
    SLICE_X108Y106       FDRE                                         r  u_system/u_gemm/g_mac1.u_mac/acc_reg[31]/D
  -------------------------------------------------------------------    -------------------

                         (clock sys_clk_pin rise edge)
                                                    100.000   100.000 r  
    K17                                               0.000   100.000 r  clk (IN)
                         net (fo=0)                   0.000   100.000    clk
    K17                  IBUF (Prop_ibuf_I_O)         1.404   101.404 r  clk_IBUF_inst/O
                         net (fo=1, routed)           2.293   103.697    clk_IBUF
    BUFGCTRL_X0Y16       BUFG (Prop_bufg_I_O)         0.091   103.788 r  clk_IBUF_BUFG_inst/O
                         net (fo=914, routed)         1.857   105.646    u_system/u_gemm/g_mac1.u_mac/clk_IBUF_BUFG
    SLICE_X108Y106       FDRE                                         r  u_system/u_gemm/g_mac1.u_mac/acc_reg[31]/C
                         clock pessimism              0.323   105.969    
                         clock uncertainty           -0.035   105.934    
    SLICE_X108Y106       FDRE (Setup_fdre_C_D)        0.118   106.052    u_system/u_gemm/g_mac1.u_mac/acc_reg[31]
  -------------------------------------------------------------------
                         required time                        106.052    
                         arrival time                         -20.377    
  -------------------------------------------------------------------
                         slack                                 85.675    

Slack (MET) :             85.998ns  (required time - arrival time)
  Source:                 u_system/u_gemm/u_mmio/r_n_reg[0]/C
                            (rising edge-triggered cell FDRE clocked by sys_clk_pin  {rise@0.000ns fall@50.000ns period=100.000ns})
  Destination:            u_system/u_gemm/g_mac1.u_mac/acc_reg[22]/D
                            (rising edge-triggered cell FDRE clocked by sys_clk_pin  {rise@0.000ns fall@50.000ns period=100.000ns})
  Path Group:             sys_clk_pin
  Path Type:              Setup (Max at Slow Process Corner)
  Requirement:            100.000ns  (sys_clk_pin rise@100.000ns - sys_clk_pin rise@0.000ns)
  Data Path Delay:        14.096ns  (logic 4.857ns (34.456%)  route 9.239ns (65.544%))
  Logic Levels:           14  (CARRY4=5 LUT2=1 LUT3=2 LUT4=2 LUT6=3 RAMD32=1)
  Clock Path Skew:        0.011ns (DCD - SCD + CPR)
    Destination Clock Delay (DCD):    5.645ns = ( 105.646 - 100.000 ) 
    Source Clock Delay      (SCD):    5.958ns
    Clock Pessimism Removal (CPR):    0.323ns
  Clock Uncertainty:      0.035ns  ((TSJ^2 + TIJ^2)^1/2 + DJ) / 2 + PE
    Total System Jitter     (TSJ):    0.071ns
    Total Input Jitter      (TIJ):    0.000ns
    Discrete Jitter          (DJ):    0.000ns
    Phase Error              (PE):    0.000ns

    Location             Delay type                Incr(ns)  Path(ns)    Netlist Resource(s)
  -------------------------------------------------------------------    -------------------
                         (clock sys_clk_pin rise edge)
                                                      0.000     0.000 r  
    K17                                               0.000     0.000 r  clk (IN)
                         net (fo=0)                   0.000     0.000    clk
    K17                  IBUF (Prop_ibuf_I_O)         1.475     1.475 r  clk_IBUF_inst/O
                         net (fo=1, routed)           2.522     3.997    clk_IBUF
    BUFGCTRL_X0Y16       BUFG (Prop_bufg_I_O)         0.101     4.098 r  clk_IBUF_BUFG_inst/O
                         net (fo=914, routed)         1.860     5.958    u_system/u_gemm/u_mmio/clk_IBUF_BUFG
    SLICE_X113Y85        FDRE                                         r  u_system/u_gemm/u_mmio/r_n_reg[0]/C
  -------------------------------------------------------------------    -------------------
    SLICE_X113Y85        FDRE (Prop_fdre_C_Q)         0.456     6.414 r  u_system/u_gemm/u_mmio/r_n_reg[0]/Q
                         net (fo=54, routed)          2.069     8.483    u_system/u_gemm/g_mac1.u_mac/c_waddr_reg[2]_0[0]
    SLICE_X111Y92        LUT6 (Prop_lut6_I4_O)        0.124     8.607 r  u_system/u_gemm/g_mac1.u_mac/b_buf_reg_0_15_0_5_i_5/O
                         net (fo=2, routed)           0.639     9.246    u_system/u_gemm/g_mac1.u_mac/b_buf_reg_0_15_0_5_i_5_n_0
    SLICE_X111Y91        LUT4 (Prop_lut4_I0_O)        0.152     9.398 r  u_system/u_gemm/g_mac1.u_mac/b_buf_reg_0_15_0_5_i_1/O
                         net (fo=8, routed)           0.953    10.351    u_system/u_gemm/u_buf/b_buf_reg_0_15_0_5/ADDRA3
    SLICE_X108Y87        RAMD32 (Prop_ramd32_RADR3_O)
                                                      0.332    10.683 r  u_system/u_gemm/u_buf/b_buf_reg_0_15_0_5/RAMA_D1/O
                         net (fo=17, routed)          1.718    12.401    u_system/u_gemm/u_buf/b_rdata[1]
    SLICE_X110Y97        LUT6 (Prop_lut6_I2_O)        0.124    12.525 r  u_system/u_gemm/u_buf/prod__0_carry__0_i_4/O
                         net (fo=2, routed)           0.782    13.308    u_system/u_gemm/u_buf/b_we_reg_0[0]
    SLICE_X109Y97        LUT6 (Prop_lut6_I0_O)        0.124    13.432 r  u_system/u_gemm/u_buf/prod__0_carry__0_i_8/O
                         net (fo=1, routed)           0.000    13.432    u_system/u_gemm/g_mac1.u_mac/prod__85_carry_i_8_1[0]
    SLICE_X109Y97        CARRY4 (Prop_carry4_S[0]_O[3])
                                                      0.606    14.038 r  u_system/u_gemm/g_mac1.u_mac/prod__0_carry__0/O[3]
                         net (fo=2, routed)           0.658    14.696    u_system/u_gemm/g_mac1.u_mac/prod__0_carry__0_n_4
    SLICE_X108Y97        LUT3 (Prop_lut3_I2_O)        0.331    15.027 r  u_system/u_gemm/g_mac1.u_mac/prod__85_carry__0_i_4/O
                         net (fo=2, routed)           0.607    15.634    u_system/u_gemm/g_mac1.u_mac/prod__85_carry__0_i_4_n_0
    SLICE_X108Y98        LUT4 (Prop_lut4_I3_O)        0.355    15.989 r  u_system/u_gemm/g_mac1.u_mac/prod__85_carry__0_i_8/O
                         net (fo=1, routed)           0.000    15.989    u_system/u_gemm/g_mac1.u_mac/prod__85_carry__0_i_8_n_0
    SLICE_X108Y98        CARRY4 (Prop_carry4_S[0]_CO[3])
                                                      0.513    16.502 r  u_system/u_gemm/g_mac1.u_mac/prod__85_carry__0/CO[3]
                         net (fo=1, routed)           0.000    16.502    u_system/u_gemm/g_mac1.u_mac/prod__85_carry__0_n_0
    SLICE_X108Y99        CARRY4 (Prop_carry4_CI_O[3])
                                                      0.315    16.817 r  u_system/u_gemm/g_mac1.u_mac/prod__85_carry__1/O[3]
                         net (fo=4, routed)           0.880    17.697    u_system/u_gemm/u_buf/O[0]
    SLICE_X107Y104       LUT2 (Prop_lut2_I0_O)        0.307    18.004 r  u_system/u_gemm/u_buf/acc0_carry__3_i_5/O
                         net (fo=1, routed)           0.000    18.004    u_system/u_gemm/g_mac1.u_mac/c_wdata_reg[19]_1[0]
    SLICE_X107Y104       CARRY4 (Prop_carry4_S[0]_CO[3])
                                                      0.532    18.536 r  u_system/u_gemm/g_mac1.u_mac/acc0_carry__3/CO[3]
                         net (fo=1, routed)           0.000    18.536    u_system/u_gemm/g_mac1.u_mac/acc0_carry__3_n_0
    SLICE_X107Y105       CARRY4 (Prop_carry4_CI_O[2])
                                                      0.256    18.792 r  u_system/u_gemm/g_mac1.u_mac/acc0_carry__4/O[2]
                         net (fo=2, routed)           0.932    19.724    u_system/u_gemm/g_mac1.u_mac/acc0[22]
    SLICE_X108Y106       LUT3 (Prop_lut3_I2_O)        0.330    20.054 r  u_system/u_gemm/g_mac1.u_mac/acc[22]_i_1/O
                         net (fo=1, routed)           0.000    20.054    u_system/u_gemm/g_mac1.u_mac/acc[22]
    SLICE_X108Y106       FDRE                                         r  u_system/u_gemm/g_mac1.u_mac/acc_reg[22]/D
  -------------------------------------------------------------------    -------------------

                         (clock sys_clk_pin rise edge)
                                                    100.000   100.000 r  
    K17                                               0.000   100.000 r  clk (IN)
                         net (fo=0)                   0.000   100.000    clk
    K17                  IBUF (Prop_ibuf_I_O)         1.404   101.404 r  clk_IBUF_inst/O
                         net (fo=1, routed)           2.293   103.697    clk_IBUF
    BUFGCTRL_X0Y16       BUFG (Prop_bufg_I_O)         0.091   103.788 r  clk_IBUF_BUFG_inst/O
                         net (fo=914, routed)         1.857   105.646    u_system/u_gemm/g_mac1.u_mac/clk_IBUF_BUFG
    SLICE_X108Y106       FDRE                                         r  u_system/u_gemm/g_mac1.u_mac/acc_reg[22]/C
                         clock pessimism              0.323   105.969    
                         clock uncertainty           -0.035   105.934    
    SLICE_X108Y106       FDRE (Setup_fdre_C_D)        0.118   106.052    u_system/u_gemm/g_mac1.u_mac/acc_reg[22]
  -------------------------------------------------------------------
                         required time                        106.052    
                         arrival time                         -20.054    
  -------------------------------------------------------------------
                         slack                                 85.998    

Slack (MET) :             86.047ns  (required time - arrival time)
  Source:                 u_system/u_gemm/u_mmio/r_n_reg[0]/C
                            (rising edge-triggered cell FDRE clocked by sys_clk_pin  {rise@0.000ns fall@50.000ns period=100.000ns})
  Destination:            u_system/u_gemm/g_mac1.u_mac/acc_reg[30]/D
                            (rising edge-triggered cell FDRE clocked by sys_clk_pin  {rise@0.000ns fall@50.000ns period=100.000ns})
  Path Group:             sys_clk_pin
  Path Type:              Setup (Max at Slow Process Corner)
  Requirement:            100.000ns  (sys_clk_pin rise@100.000ns - sys_clk_pin rise@0.000ns)
  Data Path Delay:        14.046ns  (logic 5.086ns (36.209%)  route 8.960ns (63.791%))
  Logic Levels:           16  (CARRY4=7 LUT2=1 LUT3=2 LUT4=2 LUT6=3 RAMD32=1)
  Clock Path Skew:        0.011ns (DCD - SCD + CPR)
    Destination Clock Delay (DCD):    5.645ns = ( 105.646 - 100.000 ) 
    Source Clock Delay      (SCD):    5.958ns
    Clock Pessimism Removal (CPR):    0.323ns
  Clock Uncertainty:      0.035ns  ((TSJ^2 + TIJ^2)^1/2 + DJ) / 2 + PE
    Total System Jitter     (TSJ):    0.071ns
    Total Input Jitter      (TIJ):    0.000ns
    Discrete Jitter          (DJ):    0.000ns
    Phase Error              (PE):    0.000ns

    Location             Delay type                Incr(ns)  Path(ns)    Netlist Resource(s)
  -------------------------------------------------------------------    -------------------
                         (clock sys_clk_pin rise edge)
                                                      0.000     0.000 r  
    K17                                               0.000     0.000 r  clk (IN)
                         net (fo=0)                   0.000     0.000    clk
    K17                  IBUF (Prop_ibuf_I_O)         1.475     1.475 r  clk_IBUF_inst/O
                         net (fo=1, routed)           2.522     3.997    clk_IBUF
    BUFGCTRL_X0Y16       BUFG (Prop_bufg_I_O)         0.101     4.098 r  clk_IBUF_BUFG_inst/O
                         net (fo=914, routed)         1.860     5.958    u_system/u_gemm/u_mmio/clk_IBUF_BUFG
    SLICE_X113Y85        FDRE                                         r  u_system/u_gemm/u_mmio/r_n_reg[0]/C
  -------------------------------------------------------------------    -------------------
    SLICE_X113Y85        FDRE (Prop_fdre_C_Q)         0.456     6.414 r  u_system/u_gemm/u_mmio/r_n_reg[0]/Q
                         net (fo=54, routed)          2.069     8.483    u_system/u_gemm/g_mac1.u_mac/c_waddr_reg[2]_0[0]
    SLICE_X111Y92        LUT6 (Prop_lut6_I4_O)        0.124     8.607 r  u_system/u_gemm/g_mac1.u_mac/b_buf_reg_0_15_0_5_i_5/O
                         net (fo=2, routed)           0.639     9.246    u_system/u_gemm/g_mac1.u_mac/b_buf_reg_0_15_0_5_i_5_n_0
    SLICE_X111Y91        LUT4 (Prop_lut4_I0_O)        0.152     9.398 r  u_system/u_gemm/g_mac1.u_mac/b_buf_reg_0_15_0_5_i_1/O
                         net (fo=8, routed)           0.953    10.351    u_system/u_gemm/u_buf/b_buf_reg_0_15_0_5/ADDRA3
    SLICE_X108Y87        RAMD32 (Prop_ramd32_RADR3_O)
                                                      0.332    10.683 r  u_system/u_gemm/u_buf/b_buf_reg_0_15_0_5/RAMA_D1/O
                         net (fo=17, routed)          1.718    12.401    u_system/u_gemm/u_buf/b_rdata[1]
    SLICE_X110Y97        LUT6 (Prop_lut6_I2_O)        0.124    12.525 r  u_system/u_gemm/u_buf/prod__0_carry__0_i_4/O
                         net (fo=2, routed)           0.782    13.308    u_system/u_gemm/u_buf/b_we_reg_0[0]
    SLICE_X109Y97        LUT6 (Prop_lut6_I0_O)        0.124    13.432 r  u_system/u_gemm/u_buf/prod__0_carry__0_i_8/O
                         net (fo=1, routed)           0.000    13.432    u_system/u_gemm/g_mac1.u_mac/prod__85_carry_i_8_1[0]
    SLICE_X109Y97        CARRY4 (Prop_carry4_S[0]_O[3])
                                                      0.606    14.038 r  u_system/u_gemm/g_mac1.u_mac/prod__0_carry__0/O[3]
                         net (fo=2, routed)           0.658    14.696    u_system/u_gemm/g_mac1.u_mac/prod__0_carry__0_n_4
    SLICE_X108Y97        LUT3 (Prop_lut3_I2_O)        0.331    15.027 r  u_system/u_gemm/g_mac1.u_mac/prod__85_carry__0_i_4/O
                         net (fo=2, routed)           0.607    15.634    u_system/u_gemm/g_mac1.u_mac/prod__85_carry__0_i_4_n_0
    SLICE_X108Y98        LUT4 (Prop_lut4_I3_O)        0.355    15.989 r  u_system/u_gemm/g_mac1.u_mac/prod__85_carry__0_i_8/O
                         net (fo=1, routed)           0.000    15.989    u_system/u_gemm/g_mac1.u_mac/prod__85_carry__0_i_8_n_0
    SLICE_X108Y98        CARRY4 (Prop_carry4_S[0]_CO[3])
                                                      0.513    16.502 r  u_system/u_gemm/g_mac1.u_mac/prod__85_carry__0/CO[3]
                         net (fo=1, routed)           0.000    16.502    u_system/u_gemm/g_mac1.u_mac/prod__85_carry__0_n_0
    SLICE_X108Y99        CARRY4 (Prop_carry4_CI_O[3])
                                                      0.315    16.817 r  u_system/u_gemm/g_mac1.u_mac/prod__85_carry__1/O[3]
                         net (fo=4, routed)           0.880    17.697    u_system/u_gemm/u_buf/O[0]
    SLICE_X107Y104       LUT2 (Prop_lut2_I0_O)        0.307    18.004 r  u_system/u_gemm/u_buf/acc0_carry__3_i_5/O
                         net (fo=1, routed)           0.000    18.004    u_system/u_gemm/g_mac1.u_mac/c_wdata_reg[19]_1[0]
    SLICE_X107Y104       CARRY4 (Prop_carry4_S[0]_CO[3])
                                                      0.532    18.536 r  u_system/u_gemm/g_mac1.u_mac/acc0_carry__3/CO[3]
                         net (fo=1, routed)           0.000    18.536    u_system/u_gemm/g_mac1.u_mac/acc0_carry__3_n_0
    SLICE_X107Y105       CARRY4 (Prop_carry4_CI_CO[3])
                                                      0.114    18.650 r  u_system/u_gemm/g_mac1.u_mac/acc0_carry__4/CO[3]
                         net (fo=1, routed)           0.000    18.650    u_system/u_gemm/g_mac1.u_mac/acc0_carry__4_n_0
    SLICE_X107Y106       CARRY4 (Prop_carry4_CI_CO[3])
                                                      0.114    18.764 r  u_system/u_gemm/g_mac1.u_mac/acc0_carry__5/CO[3]
                         net (fo=1, routed)           0.000    18.764    u_system/u_gemm/g_mac1.u_mac/acc0_carry__5_n_0
    SLICE_X107Y107       CARRY4 (Prop_carry4_CI_O[2])
                                                      0.256    19.020 r  u_system/u_gemm/g_mac1.u_mac/acc0_carry__6/O[2]
                         net (fo=2, routed)           0.654    19.673    u_system/u_gemm/g_mac1.u_mac/acc0[30]
    SLICE_X108Y106       LUT3 (Prop_lut3_I2_O)        0.331    20.004 r  u_system/u_gemm/g_mac1.u_mac/acc[30]_i_1/O
                         net (fo=1, routed)           0.000    20.004    u_system/u_gemm/g_mac1.u_mac/acc[30]
    SLICE_X108Y106       FDRE                                         r  u_system/u_gemm/g_mac1.u_mac/acc_reg[30]/D
  -------------------------------------------------------------------    -------------------

                         (clock sys_clk_pin rise edge)
                                                    100.000   100.000 r  
    K17                                               0.000   100.000 r  clk (IN)
                         net (fo=0)                   0.000   100.000    clk
    K17                  IBUF (Prop_ibuf_I_O)         1.404   101.404 r  clk_IBUF_inst/O
                         net (fo=1, routed)           2.293   103.697    clk_IBUF
    BUFGCTRL_X0Y16       BUFG (Prop_bufg_I_O)         0.091   103.788 r  clk_IBUF_BUFG_inst/O
                         net (fo=914, routed)         1.857   105.646    u_system/u_gemm/g_mac1.u_mac/clk_IBUF_BUFG
    SLICE_X108Y106       FDRE                                         r  u_system/u_gemm/g_mac1.u_mac/acc_reg[30]/C
                         clock pessimism              0.323   105.969    
                         clock uncertainty           -0.035   105.934    
    SLICE_X108Y106       FDRE (Setup_fdre_C_D)        0.118   106.052    u_system/u_gemm/g_mac1.u_mac/acc_reg[30]
  -------------------------------------------------------------------
                         required time                        106.052    
                         arrival time                         -20.004    
  -------------------------------------------------------------------
                         slack                                 86.047    

Slack (MET) :             86.074ns  (required time - arrival time)
  Source:                 u_system/u_gemm/u_mmio/r_n_reg[0]/C
                            (rising edge-triggered cell FDRE clocked by sys_clk_pin  {rise@0.000ns fall@50.000ns period=100.000ns})
  Destination:            u_system/u_gemm/g_mac1.u_mac/acc_reg[27]/D
                            (rising edge-triggered cell FDRE clocked by sys_clk_pin  {rise@0.000ns fall@50.000ns period=100.000ns})
  Path Group:             sys_clk_pin
  Path Type:              Setup (Max at Slow Process Corner)
  Requirement:            100.000ns  (sys_clk_pin rise@100.000ns - sys_clk_pin rise@0.000ns)
  Data Path Delay:        13.977ns  (logic 5.045ns (36.095%)  route 8.932ns (63.905%))
  Logic Levels:           15  (CARRY4=6 LUT2=1 LUT3=2 LUT4=2 LUT6=3 RAMD32=1)
  Clock Path Skew:        0.011ns (DCD - SCD + CPR)
    Destination Clock Delay (DCD):    5.645ns = ( 105.646 - 100.000 ) 
    Source Clock Delay      (SCD):    5.958ns
    Clock Pessimism Removal (CPR):    0.323ns
  Clock Uncertainty:      0.035ns  ((TSJ^2 + TIJ^2)^1/2 + DJ) / 2 + PE
    Total System Jitter     (TSJ):    0.071ns
    Total Input Jitter      (TIJ):    0.000ns
    Discrete Jitter          (DJ):    0.000ns
    Phase Error              (PE):    0.000ns

    Location             Delay type                Incr(ns)  Path(ns)    Netlist Resource(s)
  -------------------------------------------------------------------    -------------------
                         (clock sys_clk_pin rise edge)
                                                      0.000     0.000 r  
    K17                                               0.000     0.000 r  clk (IN)
                         net (fo=0)                   0.000     0.000    clk
    K17                  IBUF (Prop_ibuf_I_O)         1.475     1.475 r  clk_IBUF_inst/O
                         net (fo=1, routed)           2.522     3.997    clk_IBUF
    BUFGCTRL_X0Y16       BUFG (Prop_bufg_I_O)         0.101     4.098 r  clk_IBUF_BUFG_inst/O
                         net (fo=914, routed)         1.860     5.958    u_system/u_gemm/u_mmio/clk_IBUF_BUFG
    SLICE_X113Y85        FDRE                                         r  u_system/u_gemm/u_mmio/r_n_reg[0]/C
  -------------------------------------------------------------------    -------------------
    SLICE_X113Y85        FDRE (Prop_fdre_C_Q)         0.456     6.414 r  u_system/u_gemm/u_mmio/r_n_reg[0]/Q
                         net (fo=54, routed)          2.069     8.483    u_system/u_gemm/g_mac1.u_mac/c_waddr_reg[2]_0[0]
    SLICE_X111Y92        LUT6 (Prop_lut6_I4_O)        0.124     8.607 r  u_system/u_gemm/g_mac1.u_mac/b_buf_reg_0_15_0_5_i_5/O
                         net (fo=2, routed)           0.639     9.246    u_system/u_gemm/g_mac1.u_mac/b_buf_reg_0_15_0_5_i_5_n_0
    SLICE_X111Y91        LUT4 (Prop_lut4_I0_O)        0.152     9.398 r  u_system/u_gemm/g_mac1.u_mac/b_buf_reg_0_15_0_5_i_1/O
                         net (fo=8, routed)           0.953    10.351    u_system/u_gemm/u_buf/b_buf_reg_0_15_0_5/ADDRA3
    SLICE_X108Y87        RAMD32 (Prop_ramd32_RADR3_O)
                                                      0.332    10.683 r  u_system/u_gemm/u_buf/b_buf_reg_0_15_0_5/RAMA_D1/O
                         net (fo=17, routed)          1.718    12.401    u_system/u_gemm/u_buf/b_rdata[1]
    SLICE_X110Y97        LUT6 (Prop_lut6_I2_O)        0.124    12.525 r  u_system/u_gemm/u_buf/prod__0_carry__0_i_4/O
                         net (fo=2, routed)           0.782    13.308    u_system/u_gemm/u_buf/b_we_reg_0[0]
    SLICE_X109Y97        LUT6 (Prop_lut6_I0_O)        0.124    13.432 r  u_system/u_gemm/u_buf/prod__0_carry__0_i_8/O
                         net (fo=1, routed)           0.000    13.432    u_system/u_gemm/g_mac1.u_mac/prod__85_carry_i_8_1[0]
    SLICE_X109Y97        CARRY4 (Prop_carry4_S[0]_O[3])
                                                      0.606    14.038 r  u_system/u_gemm/g_mac1.u_mac/prod__0_carry__0/O[3]
                         net (fo=2, routed)           0.658    14.696    u_system/u_gemm/g_mac1.u_mac/prod__0_carry__0_n_4
    SLICE_X108Y97        LUT3 (Prop_lut3_I2_O)        0.331    15.027 r  u_system/u_gemm/g_mac1.u_mac/prod__85_carry__0_i_4/O
                         net (fo=2, routed)           0.607    15.634    u_system/u_gemm/g_mac1.u_mac/prod__85_carry__0_i_4_n_0
    SLICE_X108Y98        LUT4 (Prop_lut4_I3_O)        0.355    15.989 r  u_system/u_gemm/g_mac1.u_mac/prod__85_carry__0_i_8/O
                         net (fo=1, routed)           0.000    15.989    u_system/u_gemm/g_mac1.u_mac/prod__85_carry__0_i_8_n_0
    SLICE_X108Y98        CARRY4 (Prop_carry4_S[0]_CO[3])
                                                      0.513    16.502 r  u_system/u_gemm/g_mac1.u_mac/prod__85_carry__0/CO[3]
                         net (fo=1, routed)           0.000    16.502    u_system/u_gemm/g_mac1.u_mac/prod__85_carry__0_n_0
    SLICE_X108Y99        CARRY4 (Prop_carry4_CI_O[3])
                                                      0.315    16.817 r  u_system/u_gemm/g_mac1.u_mac/prod__85_carry__1/O[3]
                         net (fo=4, routed)           0.880    17.697    u_system/u_gemm/u_buf/O[0]
    SLICE_X107Y104       LUT2 (Prop_lut2_I0_O)        0.307    18.004 r  u_system/u_gemm/u_buf/acc0_carry__3_i_5/O
                         net (fo=1, routed)           0.000    18.004    u_system/u_gemm/g_mac1.u_mac/c_wdata_reg[19]_1[0]
    SLICE_X107Y104       CARRY4 (Prop_carry4_S[0]_CO[3])
                                                      0.532    18.536 r  u_system/u_gemm/g_mac1.u_mac/acc0_carry__3/CO[3]
                         net (fo=1, routed)           0.000    18.536    u_system/u_gemm/g_mac1.u_mac/acc0_carry__3_n_0
    SLICE_X107Y105       CARRY4 (Prop_carry4_CI_CO[3])
                                                      0.114    18.650 r  u_system/u_gemm/g_mac1.u_mac/acc0_carry__4/CO[3]
                         net (fo=1, routed)           0.000    18.650    u_system/u_gemm/g_mac1.u_mac/acc0_carry__4_n_0
    SLICE_X107Y106       CARRY4 (Prop_carry4_CI_O[3])
                                                      0.329    18.979 r  u_system/u_gemm/g_mac1.u_mac/acc0_carry__5/O[3]
                         net (fo=2, routed)           0.625    19.604    u_system/u_gemm/g_mac1.u_mac/acc0[27]
    SLICE_X106Y106       LUT3 (Prop_lut3_I2_O)        0.331    19.935 r  u_system/u_gemm/g_mac1.u_mac/acc[27]_i_1/O
                         net (fo=1, routed)           0.000    19.935    u_system/u_gemm/g_mac1.u_mac/acc[27]
    SLICE_X106Y106       FDRE                                         r  u_system/u_gemm/g_mac1.u_mac/acc_reg[27]/D
  -------------------------------------------------------------------    -------------------

                         (clock sys_clk_pin rise edge)
                                                    100.000   100.000 r  
    K17                                               0.000   100.000 r  clk (IN)
                         net (fo=0)                   0.000   100.000    clk
    K17                  IBUF (Prop_ibuf_I_O)         1.404   101.404 r  clk_IBUF_inst/O
                         net (fo=1, routed)           2.293   103.697    clk_IBUF
    BUFGCTRL_X0Y16       BUFG (Prop_bufg_I_O)         0.091   103.788 r  clk_IBUF_BUFG_inst/O
                         net (fo=914, routed)         1.857   105.646    u_system/u_gemm/g_mac1.u_mac/clk_IBUF_BUFG
    SLICE_X106Y106       FDRE                                         r  u_system/u_gemm/g_mac1.u_mac/acc_reg[27]/C
                         clock pessimism              0.323   105.969    
                         clock uncertainty           -0.035   105.934    
    SLICE_X106Y106       FDRE (Setup_fdre_C_D)        0.075   106.009    u_system/u_gemm/g_mac1.u_mac/acc_reg[27]
  -------------------------------------------------------------------
                         required time                        106.009    
                         arrival time                         -19.935    
  -------------------------------------------------------------------
                         slack                                 86.074    





Pulse Width Checks
--------------------------------------------------------------------------------------
Clock Name:         sys_clk_pin
Waveform(ns):       { 0.000 50.000 }
Period(ns):         100.000
Sources:            { clk }

Check Type        Corner  Lib Pin             Reference Pin  Required(ns)  Actual(ns)  Slack(ns)  Location       Pin
Min Period        n/a     RAMB36E1/CLKARDCLK  n/a            2.944         100.000     97.056     RAMB36_X5Y15   u_system/mem_reg_0/CLKARDCLK
Min Period        n/a     RAMB36E1/CLKARDCLK  n/a            2.944         100.000     97.056     RAMB36_X5Y16   u_system/mem_reg_1/CLKARDCLK
Min Period        n/a     RAMB36E1/CLKARDCLK  n/a            2.944         100.000     97.056     RAMB36_X5Y17   u_system/mem_reg_2/CLKARDCLK
Min Period        n/a     RAMB36E1/CLKARDCLK  n/a            2.944         100.000     97.056     RAMB36_X5Y18   u_system/mem_reg_3/CLKARDCLK
Min Period        n/a     RAMB36E1/CLKBWRCLK  n/a            2.576         100.000     97.424     RAMB36_X5Y15   u_system/mem_reg_0/CLKBWRCLK
Low Pulse Width   Slow    RAMD32/CLK          n/a            1.250         50.000      48.750     SLICE_X108Y88  u_system/u_gemm/u_buf/a_buf_reg_0_15_0_5/RAMA/CLK
Low Pulse Width   Fast    RAMD32/CLK          n/a            1.250         50.000      48.750     SLICE_X108Y88  u_system/u_gemm/u_buf/a_buf_reg_0_15_0_5/RAMA/CLK
Low Pulse Width   Slow    RAMD32/CLK          n/a            1.250         50.000      48.750     SLICE_X108Y88  u_system/u_gemm/u_buf/a_buf_reg_0_15_0_5/RAMA_D1/CLK
Low Pulse Width   Fast    RAMD32/CLK          n/a            1.250         50.000      48.750     SLICE_X108Y88  u_system/u_gemm/u_buf/a_buf_reg_0_15_0_5/RAMA_D1/CLK
Low Pulse Width   Slow    RAMD32/CLK          n/a            1.250         50.000      48.750     SLICE_X108Y88  u_system/u_gemm/u_buf/a_buf_reg_0_15_0_5/RAMB/CLK
High Pulse Width  Slow    RAMD32/CLK          n/a            1.250         50.000      48.750     SLICE_X108Y88  u_system/u_gemm/u_buf/a_buf_reg_0_15_0_5/RAMA/CLK
High Pulse Width  Fast    RAMD32/CLK          n/a            1.250         50.000      48.750     SLICE_X108Y88  u_system/u_gemm/u_buf/a_buf_reg_0_15_0_5/RAMA/CLK
High Pulse Width  Slow    RAMD32/CLK          n/a            1.250         50.000      48.750     SLICE_X108Y88  u_system/u_gemm/u_buf/a_buf_reg_0_15_0_5/RAMA_D1/CLK
High Pulse Width  Fast    RAMD32/CLK          n/a            1.250         50.000      48.750     SLICE_X108Y88  u_system/u_gemm/u_buf/a_buf_reg_0_15_0_5/RAMA_D1/CLK
High Pulse Width  Slow    RAMD32/CLK          n/a            1.250         50.000      48.750     SLICE_X108Y88  u_system/u_gemm/u_buf/a_buf_reg_0_15_0_5/RAMB/CLK



