Copyright 1986-2022 Xilinx, Inc. All Rights Reserved. Copyright 2022-2024 Advanced Micro Devices, Inc. All Rights Reserved.
--------------------------------------------------------------------------------------------------------------------------------------------------------------------------------------------------
| Tool Version : Vivado v.2024.2 (lin64) Build 5239630 Fri Nov 08 22:34:34 MST 2024
| Date         : Wed Jun 17 03:34:10 2026
| Host         : young-PC running 64-bit Ubuntu 24.04.4 LTS
| Command      : report_timing_summary -delay_type max -max_paths 5 -file /home/young/dev/20_digital-systems-lab/projects/simple-cpu-gemm-accelerator/fpga/reports/mode1/20mhz_timing_summary.rpt
| Design       : zybo_top
| Device       : 7z020-clg400
| Speed File   : -1  PRODUCTION 1.12 2019-11-22
| Design State : Routed
--------------------------------------------------------------------------------------------------------------------------------------------------------------------------------------------------

Timing Summary Report

------------------------------------------------------------------------------------------------
| Timer Settings
| --------------
------------------------------------------------------------------------------------------------

  Enable Multi Corner Analysis               :  Yes
  Enable Pessimism Removal                   :  Yes
  Pessimism Removal Resolution               :  Nearest Common Node
  Enable Input Delay Default Clock           :  No
  Enable Preset / Clear Arcs                 :  No
  Disable Flight Delays                      :  No
  Ignore I/O Paths                           :  No
  Timing Early Launch at Borrowing Latches   :  No
  Borrow Time for Max Delay Exceptions       :  Yes
  Merge Timing Exceptions                    :  Yes
  Inter-SLR Compensation                     :  Conservative

  Corner  Analyze    Analyze    
  Name    Max Paths  Min Paths  
  ------  ---------  ---------  
  Slow    Yes        Yes        
  Fast    Yes        Yes        


------------------------------------------------------------------------------------------------
| Report Methodology
| ------------------
------------------------------------------------------------------------------------------------

Rule       Severity  Description                                 Violations  
---------  --------  ------------------------------------------  ----------  
SYNTH-6    Warning   Timing of a RAM block might be sub-optimal  4           
TIMING-18  Warning   Missing input or output delay               5           

Note: This report is based on the most recent report_methodology run and may not be up-to-date. Run report_methodology on the current design for the latest report.



check_timing report

Table of Contents
-----------------
1. checking no_clock (0)
2. checking constant_clock (0)
3. checking pulse_width_clock (0)
4. checking unconstrained_internal_endpoints (0)
5. checking no_input_delay (1)
6. checking no_output_delay (4)
7. checking multiple_clock (0)
8. checking generated_clocks (0)
9. checking loops (0)
10. checking partial_input_delay (0)
11. checking partial_output_delay (0)
12. checking latch_loops (0)

1. checking no_clock (0)
------------------------
 There are 0 register/latch pins with no clock.


2. checking constant_clock (0)
------------------------------
 There are 0 register/latch pins with constant_clock.


3. checking pulse_width_clock (0)
---------------------------------
 There are 0 register/latch pins which need pulse_width check


4. checking unconstrained_internal_endpoints (0)
------------------------------------------------
 There are 0 pins that are not constrained for maximum delay.

 There are 0 pins that are not constrained for maximum delay due to constant clock.


5. checking no_input_delay (1)
------------------------------
 There is 1 input port with no input delay specified. (HIGH)

 There are 0 input ports with no input delay but user has a false path constraint.


6. checking no_output_delay (4)
-------------------------------
 There are 4 ports with no output delay specified. (HIGH)

 There are 0 ports with no output delay but user has a false path constraint

 There are 0 ports with no output delay but with a timing clock defined on it or propagating through it


7. checking multiple_clock (0)
------------------------------
 There are 0 register/latch pins with multiple clocks.


8. checking generated_clocks (0)
--------------------------------
 There are 0 generated clocks that are not connected to a clock source.


9. checking loops (0)
---------------------
 There are 0 combinational loops in the design.


10. checking partial_input_delay (0)
------------------------------------
 There are 0 input ports with partial input delay specified.


11. checking partial_output_delay (0)
-------------------------------------
 There are 0 ports with partial output delay specified.


12. checking latch_loops (0)
----------------------------
 There are 0 combinational latch loops in the design through latch input



------------------------------------------------------------------------------------------------
| Design Timing Summary
| ---------------------
------------------------------------------------------------------------------------------------

    WNS(ns)      TNS(ns)  TNS Failing Endpoints  TNS Total Endpoints     WPWS(ns)     TPWS(ns)  TPWS Failing Endpoints  TPWS Total Endpoints  
    -------      -------  ---------------------  -------------------     --------     --------  ----------------------  --------------------  
     36.079        0.000                      0                 2510       23.750        0.000                       0                   915  


All user specified timing constraints are met.


------------------------------------------------------------------------------------------------
| Clock Summary
| -------------
------------------------------------------------------------------------------------------------

Clock        Waveform(ns)       Period(ns)      Frequency(MHz)
-----        ------------       ----------      --------------
sys_clk_pin  {0.000 25.000}     50.000          20.000          


------------------------------------------------------------------------------------------------
| Intra Clock Table
| -----------------
------------------------------------------------------------------------------------------------

Clock             WNS(ns)      TNS(ns)  TNS Failing Endpoints  TNS Total Endpoints     WPWS(ns)     TPWS(ns)  TPWS Failing Endpoints  TPWS Total Endpoints  
-----             -------      -------  ---------------------  -------------------     --------     --------  ----------------------  --------------------  
sys_clk_pin        36.079        0.000                      0                 2510       23.750        0.000                       0                   915  


------------------------------------------------------------------------------------------------
| Inter Clock Table
| -----------------
------------------------------------------------------------------------------------------------

From Clock    To Clock          WNS(ns)      TNS(ns)  TNS Failing Endpoints  TNS Total Endpoints  
----------    --------          -------      -------  ---------------------  -------------------  


------------------------------------------------------------------------------------------------
| Other Path Groups Table
| -----------------------
------------------------------------------------------------------------------------------------

Path Group    From Clock    To Clock          WNS(ns)      TNS(ns)  TNS Failing Endpoints  TNS Total Endpoints  
----------    ----------    --------          -------      -------  ---------------------  -------------------  


------------------------------------------------------------------------------------------------
| Timing Details
| --------------
------------------------------------------------------------------------------------------------


---------------------------------------------------------------------------------------------------
From Clock:  sys_clk_pin
  To Clock:  sys_clk_pin

Setup :            0  Failing Endpoints,  Worst Slack       36.079ns,  Total Violation        0.000ns
Hold  :           NA  Failing Endpoints,  Worst Slack           NA  ,  Total Violation           NA
PW    :            0  Failing Endpoints,  Worst Slack       23.750ns,  Total Violation        0.000ns
---------------------------------------------------------------------------------------------------


Max Delay Paths
--------------------------------------------------------------------------------------
Slack (MET) :             36.079ns  (required time - arrival time)
  Source:                 u_system/u_gemm/u_mmio/r_k_reg[1]/C
                            (rising edge-triggered cell FDRE clocked by sys_clk_pin  {rise@0.000ns fall@25.000ns period=50.000ns})
  Destination:            u_system/u_gemm/g_mac1.u_mac/acc_reg[31]/D
                            (rising edge-triggered cell FDRE clocked by sys_clk_pin  {rise@0.000ns fall@25.000ns period=50.000ns})
  Path Group:             sys_clk_pin
  Path Type:              Setup (Max at Slow Process Corner)
  Requirement:            50.000ns  (sys_clk_pin rise@50.000ns - sys_clk_pin rise@0.000ns)
  Data Path Delay:        14.021ns  (logic 5.403ns (38.535%)  route 8.618ns (61.465%))
  Logic Levels:           16  (CARRY4=7 LUT2=1 LUT3=2 LUT4=2 LUT6=3 RAMD32=1)
  Clock Path Skew:        0.017ns (DCD - SCD + CPR)
    Destination Clock Delay (DCD):    5.645ns = ( 55.645 - 50.000 ) 
    Source Clock Delay      (SCD):    5.952ns
    Clock Pessimism Removal (CPR):    0.323ns
  Clock Uncertainty:      0.035ns  ((TSJ^2 + TIJ^2)^1/2 + DJ) / 2 + PE
    Total System Jitter     (TSJ):    0.071ns
    Total Input Jitter      (TIJ):    0.000ns
    Discrete Jitter          (DJ):    0.000ns
    Phase Error              (PE):    0.000ns

    Location             Delay type                Incr(ns)  Path(ns)    Netlist Resource(s)
  -------------------------------------------------------------------    -------------------
                         (clock sys_clk_pin rise edge)
                                                      0.000     0.000 r  
    K17                                               0.000     0.000 r  clk (IN)
                         net (fo=0)                   0.000     0.000    clk
    K17                  IBUF (Prop_ibuf_I_O)         1.475     1.475 r  clk_IBUF_inst/O
                         net (fo=1, routed)           2.522     3.997    clk_IBUF
    BUFGCTRL_X0Y16       BUFG (Prop_bufg_I_O)         0.101     4.098 r  clk_IBUF_BUFG_inst/O
                         net (fo=914, routed)         1.854     5.952    u_system/u_gemm/u_mmio/clk_IBUF_BUFG
    SLICE_X106Y82        FDRE                                         r  u_system/u_gemm/u_mmio/r_k_reg[1]/C
  -------------------------------------------------------------------    -------------------
    SLICE_X106Y82        FDRE (Prop_fdre_C_Q)         0.456     6.408 r  u_system/u_gemm/u_mmio/r_k_reg[1]/Q
                         net (fo=43, routed)          1.952     8.360    u_system/u_gemm/g_mac1.u_mac/a_buf_reg_0_15_0_5_i_1_0[1]
    SLICE_X110Y90        LUT6 (Prop_lut6_I2_O)        0.124     8.484 r  u_system/u_gemm/g_mac1.u_mac/a_buf_reg_0_15_0_5_i_6/O
                         net (fo=2, routed)           0.674     9.158    u_system/u_gemm/g_mac1.u_mac/a_buf_reg_0_15_0_5_i_6_n_0
    SLICE_X110Y90        LUT4 (Prop_lut4_I2_O)        0.152     9.310 r  u_system/u_gemm/g_mac1.u_mac/a_buf_reg_0_15_0_5_i_1/O
                         net (fo=8, routed)           0.768    10.078    u_system/u_gemm/u_buf/a_buf_reg_0_15_0_5/ADDRB3
    SLICE_X108Y88        RAMD32 (Prop_ramd32_RADR3_O)
                                                      0.352    10.430 r  u_system/u_gemm/u_buf/a_buf_reg_0_15_0_5/RAMB/O
                         net (fo=16, routed)          1.522    11.952    u_system/u_gemm/u_buf/a_rdata[2]
    SLICE_X110Y97        LUT6 (Prop_lut6_I3_O)        0.348    12.300 r  u_system/u_gemm/u_buf/prod__0_carry__0_i_4/O
                         net (fo=2, routed)           0.814    13.115    u_system/u_gemm/u_buf/b_we_reg_0[0]
    SLICE_X109Y97        LUT6 (Prop_lut6_I0_O)        0.124    13.239 r  u_system/u_gemm/u_buf/prod__0_carry__0_i_8/O
                         net (fo=1, routed)           0.000    13.239    u_system/u_gemm/g_mac1.u_mac/prod__85_carry_i_8_1[0]
    SLICE_X109Y97        CARRY4 (Prop_carry4_S[0]_O[3])
                                                      0.606    13.845 r  u_system/u_gemm/g_mac1.u_mac/prod__0_carry__0/O[3]
                         net (fo=2, routed)           0.658    14.503    u_system/u_gemm/g_mac1.u_mac/prod__0_carry__0_n_4
    SLICE_X108Y97        LUT3 (Prop_lut3_I2_O)        0.331    14.834 r  u_system/u_gemm/g_mac1.u_mac/prod__85_carry__0_i_4/O
                         net (fo=2, routed)           0.607    15.441    u_system/u_gemm/g_mac1.u_mac/prod__85_carry__0_i_4_n_0
    SLICE_X108Y98        LUT4 (Prop_lut4_I3_O)        0.355    15.796 r  u_system/u_gemm/g_mac1.u_mac/prod__85_carry__0_i_8/O
                         net (fo=1, routed)           0.000    15.796    u_system/u_gemm/g_mac1.u_mac/prod__85_carry__0_i_8_n_0
    SLICE_X108Y98        CARRY4 (Prop_carry4_S[0]_CO[3])
                                                      0.513    16.309 r  u_system/u_gemm/g_mac1.u_mac/prod__85_carry__0/CO[3]
                         net (fo=1, routed)           0.000    16.309    u_system/u_gemm/g_mac1.u_mac/prod__85_carry__0_n_0
    SLICE_X108Y99        CARRY4 (Prop_carry4_CI_O[3])
                                                      0.315    16.624 r  u_system/u_gemm/g_mac1.u_mac/prod__85_carry__1/O[3]
                         net (fo=4, routed)           0.880    17.503    u_system/u_gemm/u_buf/O[0]
    SLICE_X107Y104       LUT2 (Prop_lut2_I0_O)        0.307    17.810 r  u_system/u_gemm/u_buf/acc0_carry__3_i_5/O
                         net (fo=1, routed)           0.000    17.810    u_system/u_gemm/g_mac1.u_mac/c_wdata_reg[19]_1[0]
    SLICE_X107Y104       CARRY4 (Prop_carry4_S[0]_CO[3])
                                                      0.532    18.342 r  u_system/u_gemm/g_mac1.u_mac/acc0_carry__3/CO[3]
                         net (fo=1, routed)           0.000    18.342    u_system/u_gemm/g_mac1.u_mac/acc0_carry__3_n_0
    SLICE_X107Y105       CARRY4 (Prop_carry4_CI_CO[3])
                                                      0.114    18.456 r  u_system/u_gemm/g_mac1.u_mac/acc0_carry__4/CO[3]
                         net (fo=1, routed)           0.000    18.456    u_system/u_gemm/g_mac1.u_mac/acc0_carry__4_n_0
    SLICE_X107Y106       CARRY4 (Prop_carry4_CI_CO[3])
                                                      0.114    18.570 r  u_system/u_gemm/g_mac1.u_mac/acc0_carry__5/CO[3]
                         net (fo=1, routed)           0.000    18.570    u_system/u_gemm/g_mac1.u_mac/acc0_carry__5_n_0
    SLICE_X107Y107       CARRY4 (Prop_carry4_CI_O[3])
                                                      0.329    18.899 r  u_system/u_gemm/g_mac1.u_mac/acc0_carry__6/O[3]
                         net (fo=2, routed)           0.742    19.642    u_system/u_gemm/g_mac1.u_mac/acc0[31]
    SLICE_X108Y106       LUT3 (Prop_lut3_I2_O)        0.331    19.973 r  u_system/u_gemm/g_mac1.u_mac/acc[31]_i_1/O
                         net (fo=1, routed)           0.000    19.973    u_system/u_gemm/g_mac1.u_mac/acc[31]
    SLICE_X108Y106       FDRE                                         r  u_system/u_gemm/g_mac1.u_mac/acc_reg[31]/D
  -------------------------------------------------------------------    -------------------

                         (clock sys_clk_pin rise edge)
                                                     50.000    50.000 r  
    K17                                               0.000    50.000 r  clk (IN)
                         net (fo=0)                   0.000    50.000    clk
    K17                  IBUF (Prop_ibuf_I_O)         1.404    51.404 r  clk_IBUF_inst/O
                         net (fo=1, routed)           2.293    53.697    clk_IBUF
    BUFGCTRL_X0Y16       BUFG (Prop_bufg_I_O)         0.091    53.788 r  clk_IBUF_BUFG_inst/O
                         net (fo=914, routed)         1.857    55.645    u_system/u_gemm/g_mac1.u_mac/clk_IBUF_BUFG
    SLICE_X108Y106       FDRE                                         r  u_system/u_gemm/g_mac1.u_mac/acc_reg[31]/C
                         clock pessimism              0.323    55.969    
                         clock uncertainty           -0.035    55.934    
    SLICE_X108Y106       FDRE (Setup_fdre_C_D)        0.118    56.052    u_system/u_gemm/g_mac1.u_mac/acc_reg[31]
  -------------------------------------------------------------------
                         required time                         56.052    
                         arrival time                         -19.973    
  -------------------------------------------------------------------
                         slack                                 36.079    

Slack (MET) :             36.241ns  (required time - arrival time)
  Source:                 u_system/u_gemm/u_mmio/r_k_reg[1]/C
                            (rising edge-triggered cell FDRE clocked by sys_clk_pin  {rise@0.000ns fall@25.000ns period=50.000ns})
  Destination:            u_system/u_gemm/g_mac1.u_mac/acc_reg[30]/D
                            (rising edge-triggered cell FDRE clocked by sys_clk_pin  {rise@0.000ns fall@25.000ns period=50.000ns})
  Path Group:             sys_clk_pin
  Path Type:              Setup (Max at Slow Process Corner)
  Requirement:            50.000ns  (sys_clk_pin rise@50.000ns - sys_clk_pin rise@0.000ns)
  Data Path Delay:        13.859ns  (logic 5.330ns (38.458%)  route 8.529ns (61.542%))
  Logic Levels:           16  (CARRY4=7 LUT2=1 LUT3=2 LUT4=2 LUT6=3 RAMD32=1)
  Clock Path Skew:        0.017ns (DCD - SCD + CPR)
    Destination Clock Delay (DCD):    5.645ns = ( 55.645 - 50.000 ) 
    Source Clock Delay      (SCD):    5.952ns
    Clock Pessimism Removal (CPR):    0.323ns
  Clock Uncertainty:      0.035ns  ((TSJ^2 + TIJ^2)^1/2 + DJ) / 2 + PE
    Total System Jitter     (TSJ):    0.071ns
    Total Input Jitter      (TIJ):    0.000ns
    Discrete Jitter          (DJ):    0.000ns
    Phase Error              (PE):    0.000ns

    Location             Delay type                Incr(ns)  Path(ns)    Netlist Resource(s)
  -------------------------------------------------------------------    -------------------
                         (clock sys_clk_pin rise edge)
                                                      0.000     0.000 r  
    K17                                               0.000     0.000 r  clk (IN)
                         net (fo=0)                   0.000     0.000    clk
    K17                  IBUF (Prop_ibuf_I_O)         1.475     1.475 r  clk_IBUF_inst/O
                         net (fo=1, routed)           2.522     3.997    clk_IBUF
    BUFGCTRL_X0Y16       BUFG (Prop_bufg_I_O)         0.101     4.098 r  clk_IBUF_BUFG_inst/O
                         net (fo=914, routed)         1.854     5.952    u_system/u_gemm/u_mmio/clk_IBUF_BUFG
    SLICE_X106Y82        FDRE                                         r  u_system/u_gemm/u_mmio/r_k_reg[1]/C
  -------------------------------------------------------------------    -------------------
    SLICE_X106Y82        FDRE (Prop_fdre_C_Q)         0.456     6.408 r  u_system/u_gemm/u_mmio/r_k_reg[1]/Q
                         net (fo=43, routed)          1.952     8.360    u_system/u_gemm/g_mac1.u_mac/a_buf_reg_0_15_0_5_i_1_0[1]
    SLICE_X110Y90        LUT6 (Prop_lut6_I2_O)        0.124     8.484 r  u_system/u_gemm/g_mac1.u_mac/a_buf_reg_0_15_0_5_i_6/O
                         net (fo=2, routed)           0.674     9.158    u_system/u_gemm/g_mac1.u_mac/a_buf_reg_0_15_0_5_i_6_n_0
    SLICE_X110Y90        LUT4 (Prop_lut4_I2_O)        0.152     9.310 r  u_system/u_gemm/g_mac1.u_mac/a_buf_reg_0_15_0_5_i_1/O
                         net (fo=8, routed)           0.768    10.078    u_system/u_gemm/u_buf/a_buf_reg_0_15_0_5/ADDRB3
    SLICE_X108Y88        RAMD32 (Prop_ramd32_RADR3_O)
                                                      0.352    10.430 r  u_system/u_gemm/u_buf/a_buf_reg_0_15_0_5/RAMB/O
                         net (fo=16, routed)          1.522    11.952    u_system/u_gemm/u_buf/a_rdata[2]
    SLICE_X110Y97        LUT6 (Prop_lut6_I3_O)        0.348    12.300 r  u_system/u_gemm/u_buf/prod__0_carry__0_i_4/O
                         net (fo=2, routed)           0.814    13.115    u_system/u_gemm/u_buf/b_we_reg_0[0]
    SLICE_X109Y97        LUT6 (Prop_lut6_I0_O)        0.124    13.239 r  u_system/u_gemm/u_buf/prod__0_carry__0_i_8/O
                         net (fo=1, routed)           0.000    13.239    u_system/u_gemm/g_mac1.u_mac/prod__85_carry_i_8_1[0]
    SLICE_X109Y97        CARRY4 (Prop_carry4_S[0]_O[3])
                                                      0.606    13.845 r  u_system/u_gemm/g_mac1.u_mac/prod__0_carry__0/O[3]
                         net (fo=2, routed)           0.658    14.503    u_system/u_gemm/g_mac1.u_mac/prod__0_carry__0_n_4
    SLICE_X108Y97        LUT3 (Prop_lut3_I2_O)        0.331    14.834 r  u_system/u_gemm/g_mac1.u_mac/prod__85_carry__0_i_4/O
                         net (fo=2, routed)           0.607    15.441    u_system/u_gemm/g_mac1.u_mac/prod__85_carry__0_i_4_n_0
    SLICE_X108Y98        LUT4 (Prop_lut4_I3_O)        0.355    15.796 r  u_system/u_gemm/g_mac1.u_mac/prod__85_carry__0_i_8/O
                         net (fo=1, routed)           0.000    15.796    u_system/u_gemm/g_mac1.u_mac/prod__85_carry__0_i_8_n_0
    SLICE_X108Y98        CARRY4 (Prop_carry4_S[0]_CO[3])
                                                      0.513    16.309 r  u_system/u_gemm/g_mac1.u_mac/prod__85_carry__0/CO[3]
                         net (fo=1, routed)           0.000    16.309    u_system/u_gemm/g_mac1.u_mac/prod__85_carry__0_n_0
    SLICE_X108Y99        CARRY4 (Prop_carry4_CI_O[3])
                                                      0.315    16.624 r  u_system/u_gemm/g_mac1.u_mac/prod__85_carry__1/O[3]
                         net (fo=4, routed)           0.880    17.503    u_system/u_gemm/u_buf/O[0]
    SLICE_X107Y104       LUT2 (Prop_lut2_I0_O)        0.307    17.810 r  u_system/u_gemm/u_buf/acc0_carry__3_i_5/O
                         net (fo=1, routed)           0.000    17.810    u_system/u_gemm/g_mac1.u_mac/c_wdata_reg[19]_1[0]
    SLICE_X107Y104       CARRY4 (Prop_carry4_S[0]_CO[3])
                                                      0.532    18.342 r  u_system/u_gemm/g_mac1.u_mac/acc0_carry__3/CO[3]
                         net (fo=1, routed)           0.000    18.342    u_system/u_gemm/g_mac1.u_mac/acc0_carry__3_n_0
    SLICE_X107Y105       CARRY4 (Prop_carry4_CI_CO[3])
                                                      0.114    18.456 r  u_system/u_gemm/g_mac1.u_mac/acc0_carry__4/CO[3]
                         net (fo=1, routed)           0.000    18.456    u_system/u_gemm/g_mac1.u_mac/acc0_carry__4_n_0
    SLICE_X107Y106       CARRY4 (Prop_carry4_CI_CO[3])
                                                      0.114    18.570 r  u_system/u_gemm/g_mac1.u_mac/acc0_carry__5/CO[3]
                         net (fo=1, routed)           0.000    18.570    u_system/u_gemm/g_mac1.u_mac/acc0_carry__5_n_0
    SLICE_X107Y107       CARRY4 (Prop_carry4_CI_O[2])
                                                      0.256    18.826 r  u_system/u_gemm/g_mac1.u_mac/acc0_carry__6/O[2]
                         net (fo=2, routed)           0.654    19.480    u_system/u_gemm/g_mac1.u_mac/acc0[30]
    SLICE_X108Y106       LUT3 (Prop_lut3_I2_O)        0.331    19.811 r  u_system/u_gemm/g_mac1.u_mac/acc[30]_i_1/O
                         net (fo=1, routed)           0.000    19.811    u_system/u_gemm/g_mac1.u_mac/acc[30]
    SLICE_X108Y106       FDRE                                         r  u_system/u_gemm/g_mac1.u_mac/acc_reg[30]/D
  -------------------------------------------------------------------    -------------------

                         (clock sys_clk_pin rise edge)
                                                     50.000    50.000 r  
    K17                                               0.000    50.000 r  clk (IN)
                         net (fo=0)                   0.000    50.000    clk
    K17                  IBUF (Prop_ibuf_I_O)         1.404    51.404 r  clk_IBUF_inst/O
                         net (fo=1, routed)           2.293    53.697    clk_IBUF
    BUFGCTRL_X0Y16       BUFG (Prop_bufg_I_O)         0.091    53.788 r  clk_IBUF_BUFG_inst/O
                         net (fo=914, routed)         1.857    55.645    u_system/u_gemm/g_mac1.u_mac/clk_IBUF_BUFG
    SLICE_X108Y106       FDRE                                         r  u_system/u_gemm/g_mac1.u_mac/acc_reg[30]/C
                         clock pessimism              0.323    55.969    
                         clock uncertainty           -0.035    55.934    
    SLICE_X108Y106       FDRE (Setup_fdre_C_D)        0.118    56.052    u_system/u_gemm/g_mac1.u_mac/acc_reg[30]
  -------------------------------------------------------------------
                         required time                         56.052    
                         arrival time                         -19.811    
  -------------------------------------------------------------------
                         slack                                 36.241    

Slack (MET) :             36.267ns  (required time - arrival time)
  Source:                 u_system/u_gemm/u_mmio/r_k_reg[1]/C
                            (rising edge-triggered cell FDRE clocked by sys_clk_pin  {rise@0.000ns fall@25.000ns period=50.000ns})
  Destination:            u_system/u_gemm/g_mac1.u_mac/acc_reg[27]/D
                            (rising edge-triggered cell FDRE clocked by sys_clk_pin  {rise@0.000ns fall@25.000ns period=50.000ns})
  Path Group:             sys_clk_pin
  Path Type:              Setup (Max at Slow Process Corner)
  Requirement:            50.000ns  (sys_clk_pin rise@50.000ns - sys_clk_pin rise@0.000ns)
  Data Path Delay:        13.790ns  (logic 5.289ns (38.354%)  route 8.501ns (61.646%))
  Logic Levels:           15  (CARRY4=6 LUT2=1 LUT3=2 LUT4=2 LUT6=3 RAMD32=1)
  Clock Path Skew:        0.017ns (DCD - SCD + CPR)
    Destination Clock Delay (DCD):    5.645ns = ( 55.645 - 50.000 ) 
    Source Clock Delay      (SCD):    5.952ns
    Clock Pessimism Removal (CPR):    0.323ns
  Clock Uncertainty:      0.035ns  ((TSJ^2 + TIJ^2)^1/2 + DJ) / 2 + PE
    Total System Jitter     (TSJ):    0.071ns
    Total Input Jitter      (TIJ):    0.000ns
    Discrete Jitter          (DJ):    0.000ns
    Phase Error              (PE):    0.000ns

    Location             Delay type                Incr(ns)  Path(ns)    Netlist Resource(s)
  -------------------------------------------------------------------    -------------------
                         (clock sys_clk_pin rise edge)
                                                      0.000     0.000 r  
    K17                                               0.000     0.000 r  clk (IN)
                         net (fo=0)                   0.000     0.000    clk
    K17                  IBUF (Prop_ibuf_I_O)         1.475     1.475 r  clk_IBUF_inst/O
                         net (fo=1, routed)           2.522     3.997    clk_IBUF
    BUFGCTRL_X0Y16       BUFG (Prop_bufg_I_O)         0.101     4.098 r  clk_IBUF_BUFG_inst/O
                         net (fo=914, routed)         1.854     5.952    u_system/u_gemm/u_mmio/clk_IBUF_BUFG
    SLICE_X106Y82        FDRE                                         r  u_system/u_gemm/u_mmio/r_k_reg[1]/C
  -------------------------------------------------------------------    -------------------
    SLICE_X106Y82        FDRE (Prop_fdre_C_Q)         0.456     6.408 r  u_system/u_gemm/u_mmio/r_k_reg[1]/Q
                         net (fo=43, routed)          1.952     8.360    u_system/u_gemm/g_mac1.u_mac/a_buf_reg_0_15_0_5_i_1_0[1]
    SLICE_X110Y90        LUT6 (Prop_lut6_I2_O)        0.124     8.484 r  u_system/u_gemm/g_mac1.u_mac/a_buf_reg_0_15_0_5_i_6/O
                         net (fo=2, routed)           0.674     9.158    u_system/u_gemm/g_mac1.u_mac/a_buf_reg_0_15_0_5_i_6_n_0
    SLICE_X110Y90        LUT4 (Prop_lut4_I2_O)        0.152     9.310 r  u_system/u_gemm/g_mac1.u_mac/a_buf_reg_0_15_0_5_i_1/O
                         net (fo=8, routed)           0.768    10.078    u_system/u_gemm/u_buf/a_buf_reg_0_15_0_5/ADDRB3
    SLICE_X108Y88        RAMD32 (Prop_ramd32_RADR3_O)
                                                      0.352    10.430 r  u_system/u_gemm/u_buf/a_buf_reg_0_15_0_5/RAMB/O
                         net (fo=16, routed)          1.522    11.952    u_system/u_gemm/u_buf/a_rdata[2]
    SLICE_X110Y97        LUT6 (Prop_lut6_I3_O)        0.348    12.300 r  u_system/u_gemm/u_buf/prod__0_carry__0_i_4/O
                         net (fo=2, routed)           0.814    13.115    u_system/u_gemm/u_buf/b_we_reg_0[0]
    SLICE_X109Y97        LUT6 (Prop_lut6_I0_O)        0.124    13.239 r  u_system/u_gemm/u_buf/prod__0_carry__0_i_8/O
                         net (fo=1, routed)           0.000    13.239    u_system/u_gemm/g_mac1.u_mac/prod__85_carry_i_8_1[0]
    SLICE_X109Y97        CARRY4 (Prop_carry4_S[0]_O[3])
                                                      0.606    13.845 r  u_system/u_gemm/g_mac1.u_mac/prod__0_carry__0/O[3]
                         net (fo=2, routed)           0.658    14.503    u_system/u_gemm/g_mac1.u_mac/prod__0_carry__0_n_4
    SLICE_X108Y97        LUT3 (Prop_lut3_I2_O)        0.331    14.834 r  u_system/u_gemm/g_mac1.u_mac/prod__85_carry__0_i_4/O
                         net (fo=2, routed)           0.607    15.441    u_system/u_gemm/g_mac1.u_mac/prod__85_carry__0_i_4_n_0
    SLICE_X108Y98        LUT4 (Prop_lut4_I3_O)        0.355    15.796 r  u_system/u_gemm/g_mac1.u_mac/prod__85_carry__0_i_8/O
                         net (fo=1, routed)           0.000    15.796    u_system/u_gemm/g_mac1.u_mac/prod__85_carry__0_i_8_n_0
    SLICE_X108Y98        CARRY4 (Prop_carry4_S[0]_CO[3])
                                                      0.513    16.309 r  u_system/u_gemm/g_mac1.u_mac/prod__85_carry__0/CO[3]
                         net (fo=1, routed)           0.000    16.309    u_system/u_gemm/g_mac1.u_mac/prod__85_carry__0_n_0
    SLICE_X108Y99        CARRY4 (Prop_carry4_CI_O[3])
                                                      0.315    16.624 r  u_system/u_gemm/g_mac1.u_mac/prod__85_carry__1/O[3]
                         net (fo=4, routed)           0.880    17.503    u_system/u_gemm/u_buf/O[0]
    SLICE_X107Y104       LUT2 (Prop_lut2_I0_O)        0.307    17.810 r  u_system/u_gemm/u_buf/acc0_carry__3_i_5/O
                         net (fo=1, routed)           0.000    17.810    u_system/u_gemm/g_mac1.u_mac/c_wdata_reg[19]_1[0]
    SLICE_X107Y104       CARRY4 (Prop_carry4_S[0]_CO[3])
                                                      0.532    18.342 r  u_system/u_gemm/g_mac1.u_mac/acc0_carry__3/CO[3]
                         net (fo=1, routed)           0.000    18.342    u_system/u_gemm/g_mac1.u_mac/acc0_carry__3_n_0
    SLICE_X107Y105       CARRY4 (Prop_carry4_CI_CO[3])
                                                      0.114    18.456 r  u_system/u_gemm/g_mac1.u_mac/acc0_carry__4/CO[3]
                         net (fo=1, routed)           0.000    18.456    u_system/u_gemm/g_mac1.u_mac/acc0_carry__4_n_0
    SLICE_X107Y106       CARRY4 (Prop_carry4_CI_O[3])
                                                      0.329    18.785 r  u_system/u_gemm/g_mac1.u_mac/acc0_carry__5/O[3]
                         net (fo=2, routed)           0.625    19.411    u_system/u_gemm/g_mac1.u_mac/acc0[27]
    SLICE_X106Y106       LUT3 (Prop_lut3_I2_O)        0.331    19.742 r  u_system/u_gemm/g_mac1.u_mac/acc[27]_i_1/O
                         net (fo=1, routed)           0.000    19.742    u_system/u_gemm/g_mac1.u_mac/acc[27]
    SLICE_X106Y106       FDRE                                         r  u_system/u_gemm/g_mac1.u_mac/acc_reg[27]/D
  -------------------------------------------------------------------    -------------------

                         (clock sys_clk_pin rise edge)
                                                     50.000    50.000 r  
    K17                                               0.000    50.000 r  clk (IN)
                         net (fo=0)                   0.000    50.000    clk
    K17                  IBUF (Prop_ibuf_I_O)         1.404    51.404 r  clk_IBUF_inst/O
                         net (fo=1, routed)           2.293    53.697    clk_IBUF
    BUFGCTRL_X0Y16       BUFG (Prop_bufg_I_O)         0.091    53.788 r  clk_IBUF_BUFG_inst/O
                         net (fo=914, routed)         1.857    55.645    u_system/u_gemm/g_mac1.u_mac/clk_IBUF_BUFG
    SLICE_X106Y106       FDRE                                         r  u_system/u_gemm/g_mac1.u_mac/acc_reg[27]/C
                         clock pessimism              0.323    55.969    
                         clock uncertainty           -0.035    55.934    
    SLICE_X106Y106       FDRE (Setup_fdre_C_D)        0.075    56.009    u_system/u_gemm/g_mac1.u_mac/acc_reg[27]
  -------------------------------------------------------------------
                         required time                         56.009    
                         arrival time                         -19.742    
  -------------------------------------------------------------------
                         slack                                 36.267    

Slack (MET) :             36.307ns  (required time - arrival time)
  Source:                 u_system/u_gemm/u_mmio/r_k_reg[1]/C
                            (rising edge-triggered cell FDRE clocked by sys_clk_pin  {rise@0.000ns fall@25.000ns period=50.000ns})
  Destination:            u_system/u_gemm/g_mac1.u_mac/acc_reg[28]/D
                            (rising edge-triggered cell FDRE clocked by sys_clk_pin  {rise@0.000ns fall@25.000ns period=50.000ns})
  Path Group:             sys_clk_pin
  Path Type:              Setup (Max at Slow Process Corner)
  Requirement:            50.000ns  (sys_clk_pin rise@50.000ns - sys_clk_pin rise@0.000ns)
  Data Path Delay:        13.754ns  (logic 5.277ns (38.368%)  route 8.477ns (61.632%))
  Logic Levels:           16  (CARRY4=7 LUT2=1 LUT3=2 LUT4=2 LUT6=3 RAMD32=1)
  Clock Path Skew:        0.017ns (DCD - SCD + CPR)
    Destination Clock Delay (DCD):    5.645ns = ( 55.645 - 50.000 ) 
    Source Clock Delay      (SCD):    5.952ns
    Clock Pessimism Removal (CPR):    0.323ns
  Clock Uncertainty:      0.035ns  ((TSJ^2 + TIJ^2)^1/2 + DJ) / 2 + PE
    Total System Jitter     (TSJ):    0.071ns
    Total Input Jitter      (TIJ):    0.000ns
    Discrete Jitter          (DJ):    0.000ns
    Phase Error              (PE):    0.000ns

    Location             Delay type                Incr(ns)  Path(ns)    Netlist Resource(s)
  -------------------------------------------------------------------    -------------------
                         (clock sys_clk_pin rise edge)
                                                      0.000     0.000 r  
    K17                                               0.000     0.000 r  clk (IN)
                         net (fo=0)                   0.000     0.000    clk
    K17                  IBUF (Prop_ibuf_I_O)         1.475     1.475 r  clk_IBUF_inst/O
                         net (fo=1, routed)           2.522     3.997    clk_IBUF
    BUFGCTRL_X0Y16       BUFG (Prop_bufg_I_O)         0.101     4.098 r  clk_IBUF_BUFG_inst/O
                         net (fo=914, routed)         1.854     5.952    u_system/u_gemm/u_mmio/clk_IBUF_BUFG
    SLICE_X106Y82        FDRE                                         r  u_system/u_gemm/u_mmio/r_k_reg[1]/C
  -------------------------------------------------------------------    -------------------
    SLICE_X106Y82        FDRE (Prop_fdre_C_Q)         0.456     6.408 r  u_system/u_gemm/u_mmio/r_k_reg[1]/Q
                         net (fo=43, routed)          1.952     8.360    u_system/u_gemm/g_mac1.u_mac/a_buf_reg_0_15_0_5_i_1_0[1]
    SLICE_X110Y90        LUT6 (Prop_lut6_I2_O)        0.124     8.484 r  u_system/u_gemm/g_mac1.u_mac/a_buf_reg_0_15_0_5_i_6/O
                         net (fo=2, routed)           0.674     9.158    u_system/u_gemm/g_mac1.u_mac/a_buf_reg_0_15_0_5_i_6_n_0
    SLICE_X110Y90        LUT4 (Prop_lut4_I2_O)        0.152     9.310 r  u_system/u_gemm/g_mac1.u_mac/a_buf_reg_0_15_0_5_i_1/O
                         net (fo=8, routed)           0.768    10.078    u_system/u_gemm/u_buf/a_buf_reg_0_15_0_5/ADDRB3
    SLICE_X108Y88        RAMD32 (Prop_ramd32_RADR3_O)
                                                      0.352    10.430 r  u_system/u_gemm/u_buf/a_buf_reg_0_15_0_5/RAMB/O
                         net (fo=16, routed)          1.522    11.952    u_system/u_gemm/u_buf/a_rdata[2]
    SLICE_X110Y97        LUT6 (Prop_lut6_I3_O)        0.348    12.300 r  u_system/u_gemm/u_buf/prod__0_carry__0_i_4/O
                         net (fo=2, routed)           0.814    13.115    u_system/u_gemm/u_buf/b_we_reg_0[0]
    SLICE_X109Y97        LUT6 (Prop_lut6_I0_O)        0.124    13.239 r  u_system/u_gemm/u_buf/prod__0_carry__0_i_8/O
                         net (fo=1, routed)           0.000    13.239    u_system/u_gemm/g_mac1.u_mac/prod__85_carry_i_8_1[0]
    SLICE_X109Y97        CARRY4 (Prop_carry4_S[0]_O[3])
                                                      0.606    13.845 r  u_system/u_gemm/g_mac1.u_mac/prod__0_carry__0/O[3]
                         net (fo=2, routed)           0.658    14.503    u_system/u_gemm/g_mac1.u_mac/prod__0_carry__0_n_4
    SLICE_X108Y97        LUT3 (Prop_lut3_I2_O)        0.331    14.834 r  u_system/u_gemm/g_mac1.u_mac/prod__85_carry__0_i_4/O
                         net (fo=2, routed)           0.607    15.441    u_system/u_gemm/g_mac1.u_mac/prod__85_carry__0_i_4_n_0
    SLICE_X108Y98        LUT4 (Prop_lut4_I3_O)        0.355    15.796 r  u_system/u_gemm/g_mac1.u_mac/prod__85_carry__0_i_8/O
                         net (fo=1, routed)           0.000    15.796    u_system/u_gemm/g_mac1.u_mac/prod__85_carry__0_i_8_n_0
    SLICE_X108Y98        CARRY4 (Prop_carry4_S[0]_CO[3])
                                                      0.513    16.309 r  u_system/u_gemm/g_mac1.u_mac/prod__85_carry__0/CO[3]
                         net (fo=1, routed)           0.000    16.309    u_system/u_gemm/g_mac1.u_mac/prod__85_carry__0_n_0
    SLICE_X108Y99        CARRY4 (Prop_carry4_CI_O[3])
                                                      0.315    16.624 r  u_system/u_gemm/g_mac1.u_mac/prod__85_carry__1/O[3]
                         net (fo=4, routed)           0.880    17.503    u_system/u_gemm/u_buf/O[0]
    SLICE_X107Y104       LUT2 (Prop_lut2_I0_O)        0.307    17.810 r  u_system/u_gemm/u_buf/acc0_carry__3_i_5/O
                         net (fo=1, routed)           0.000    17.810    u_system/u_gemm/g_mac1.u_mac/c_wdata_reg[19]_1[0]
    SLICE_X107Y104       CARRY4 (Prop_carry4_S[0]_CO[3])
                                                      0.532    18.342 r  u_system/u_gemm/g_mac1.u_mac/acc0_carry__3/CO[3]
                         net (fo=1, routed)           0.000    18.342    u_system/u_gemm/g_mac1.u_mac/acc0_carry__3_n_0
    SLICE_X107Y105       CARRY4 (Prop_carry4_CI_CO[3])
                                                      0.114    18.456 r  u_system/u_gemm/g_mac1.u_mac/acc0_carry__4/CO[3]
                         net (fo=1, routed)           0.000    18.456    u_system/u_gemm/g_mac1.u_mac/acc0_carry__4_n_0
    SLICE_X107Y106       CARRY4 (Prop_carry4_CI_CO[3])
                                                      0.114    18.570 r  u_system/u_gemm/g_mac1.u_mac/acc0_carry__5/CO[3]
                         net (fo=1, routed)           0.000    18.570    u_system/u_gemm/g_mac1.u_mac/acc0_carry__5_n_0
    SLICE_X107Y107       CARRY4 (Prop_carry4_CI_O[0])
                                                      0.235    18.805 r  u_system/u_gemm/g_mac1.u_mac/acc0_carry__6/O[0]
                         net (fo=2, routed)           0.601    19.406    u_system/u_gemm/g_mac1.u_mac/acc0[28]
    SLICE_X108Y106       LUT3 (Prop_lut3_I2_O)        0.299    19.705 r  u_system/u_gemm/g_mac1.u_mac/acc[28]_i_1/O
                         net (fo=1, routed)           0.000    19.705    u_system/u_gemm/g_mac1.u_mac/acc[28]
    SLICE_X108Y106       FDRE                                         r  u_system/u_gemm/g_mac1.u_mac/acc_reg[28]/D
  -------------------------------------------------------------------    -------------------

                         (clock sys_clk_pin rise edge)
                                                     50.000    50.000 r  
    K17                                               0.000    50.000 r  clk (IN)
                         net (fo=0)                   0.000    50.000    clk
    K17                  IBUF (Prop_ibuf_I_O)         1.404    51.404 r  clk_IBUF_inst/O
                         net (fo=1, routed)           2.293    53.697    clk_IBUF
    BUFGCTRL_X0Y16       BUFG (Prop_bufg_I_O)         0.091    53.788 r  clk_IBUF_BUFG_inst/O
                         net (fo=914, routed)         1.857    55.645    u_system/u_gemm/g_mac1.u_mac/clk_IBUF_BUFG
    SLICE_X108Y106       FDRE                                         r  u_system/u_gemm/g_mac1.u_mac/acc_reg[28]/C
                         clock pessimism              0.323    55.969    
                         clock uncertainty           -0.035    55.934    
    SLICE_X108Y106       FDRE (Setup_fdre_C_D)        0.079    56.013    u_system/u_gemm/g_mac1.u_mac/acc_reg[28]
  -------------------------------------------------------------------
                         required time                         56.013    
                         arrival time                         -19.705    
  -------------------------------------------------------------------
                         slack                                 36.307    

Slack (MET) :             36.313ns  (required time - arrival time)
  Source:                 u_system/mem_reg_0/CLKARDCLK
                            (rising edge-triggered cell RAMB36E1 clocked by sys_clk_pin  {rise@0.000ns fall@25.000ns period=50.000ns})
  Destination:            u_system/u_cpu/zero_flag_reg/D
                            (rising edge-triggered cell FDRE clocked by sys_clk_pin  {rise@0.000ns fall@25.000ns period=50.000ns})
  Path Group:             sys_clk_pin
  Path Type:              Setup (Max at Slow Process Corner)
  Requirement:            50.000ns  (sys_clk_pin rise@50.000ns - sys_clk_pin rise@0.000ns)
  Data Path Delay:        13.579ns  (logic 3.936ns (28.986%)  route 9.643ns (71.014%))
  Logic Levels:           8  (LUT3=1 LUT4=1 LUT6=5 MUXF7=1)
  Clock Path Skew:        -0.101ns (DCD - SCD + CPR)
    Destination Clock Delay (DCD):    5.386ns = ( 55.386 - 50.000 ) 
    Source Clock Delay      (SCD):    5.911ns
    Clock Pessimism Removal (CPR):    0.424ns
  Clock Uncertainty:      0.035ns  ((TSJ^2 + TIJ^2)^1/2 + DJ) / 2 + PE
    Total System Jitter     (TSJ):    0.071ns
    Total Input Jitter      (TIJ):    0.000ns
    Discrete Jitter          (DJ):    0.000ns
    Phase Error              (PE):    0.000ns

    Location             Delay type                Incr(ns)  Path(ns)    Netlist Resource(s)
  -------------------------------------------------------------------    -------------------
                         (clock sys_clk_pin rise edge)
                                                      0.000     0.000 r  
    K17                                               0.000     0.000 r  clk (IN)
                         net (fo=0)                   0.000     0.000    clk
    K17                  IBUF (Prop_ibuf_I_O)         1.475     1.475 r  clk_IBUF_inst/O
                         net (fo=1, routed)           2.522     3.997    clk_IBUF
    BUFGCTRL_X0Y16       BUFG (Prop_bufg_I_O)         0.101     4.098 r  clk_IBUF_BUFG_inst/O
                         net (fo=914, routed)         1.813     5.911    u_system/clk_IBUF_BUFG
    RAMB36_X5Y15         RAMB36E1                                     r  u_system/mem_reg_0/CLKARDCLK
  -------------------------------------------------------------------    -------------------
    RAMB36_X5Y15         RAMB36E1 (Prop_ramb36e1_CLKARDCLK_DOADO[2])
                                                      2.454     8.365 r  u_system/mem_reg_0/DOADO[2]
                         net (fo=4, routed)           1.682    10.048    u_system/u_cpu/u_inst_reg/bram_rdata_a_r[2]
    SLICE_X104Y79        LUT6 (Prop_lut6_I4_O)        0.124    10.172 r  u_system/u_cpu/u_inst_reg/alu_result0_carry_i_6/O
                         net (fo=88, routed)          4.158    14.329    u_system/u_cpu/u_accumulator/alu_operand[2]
    SLICE_X103Y88        LUT6 (Prop_lut6_I1_O)        0.124    14.453 f  u_system/u_cpu/u_accumulator/acc_out[14]_i_11/O
                         net (fo=2, routed)           0.967    15.420    u_system/u_cpu/u_accumulator/acc_out[14]_i_11_n_0
    SLICE_X97Y82         LUT3 (Prop_lut3_I2_O)        0.153    15.573 f  u_system/u_cpu/u_accumulator/acc_out[12]_i_9/O
                         net (fo=4, routed)           1.074    16.647    u_system/u_cpu/u_accumulator/acc_out_reg[5]_0
    SLICE_X102Y86        LUT6 (Prop_lut6_I5_O)        0.327    16.974 r  u_system/u_cpu/u_accumulator/zero_flag_i_44/O
                         net (fo=1, routed)           0.830    17.804    u_system/u_cpu/u_inst_reg/zero_flag_i_6_1
    SLICE_X95Y82         LUT4 (Prop_lut4_I3_O)        0.124    17.928 f  u_system/u_cpu/u_inst_reg/zero_flag_i_17/O
                         net (fo=1, routed)           0.438    18.366    u_system/u_cpu/u_inst_reg/zero_flag_i_17_n_0
    SLICE_X96Y84         LUT6 (Prop_lut6_I5_O)        0.124    18.490 r  u_system/u_cpu/u_inst_reg/zero_flag_i_6/O
                         net (fo=1, routed)           0.000    18.490    u_system/u_cpu/u_inst_reg/zero_flag_i_6_n_0
    SLICE_X96Y84         MUXF7 (Prop_muxf7_I0_O)      0.209    18.699 r  u_system/u_cpu/u_inst_reg/zero_flag_reg_i_2/O
                         net (fo=1, routed)           0.494    19.193    u_system/u_cpu/u_inst_reg/zero_flag_reg_i_2_n_0
    SLICE_X101Y81        LUT6 (Prop_lut6_I0_O)        0.297    19.490 r  u_system/u_cpu/u_inst_reg/zero_flag_i_1/O
                         net (fo=1, routed)           0.000    19.490    u_system/u_cpu/u_inst_reg_n_153
    SLICE_X101Y81        FDRE                                         r  u_system/u_cpu/zero_flag_reg/D
  -------------------------------------------------------------------    -------------------

                         (clock sys_clk_pin rise edge)
                                                     50.000    50.000 r  
    K17                                               0.000    50.000 r  clk (IN)
                         net (fo=0)                   0.000    50.000    clk
    K17                  IBUF (Prop_ibuf_I_O)         1.404    51.404 r  clk_IBUF_inst/O
                         net (fo=1, routed)           2.293    53.697    clk_IBUF
    BUFGCTRL_X0Y16       BUFG (Prop_bufg_I_O)         0.091    53.788 r  clk_IBUF_BUFG_inst/O
                         net (fo=914, routed)         1.598    55.386    u_system/u_cpu/clk_IBUF_BUFG
    SLICE_X101Y81        FDRE                                         r  u_system/u_cpu/zero_flag_reg/C
                         clock pessimism              0.424    55.810    
                         clock uncertainty           -0.035    55.774    
    SLICE_X101Y81        FDRE (Setup_fdre_C_D)        0.029    55.803    u_system/u_cpu/zero_flag_reg
  -------------------------------------------------------------------
                         required time                         55.803    
                         arrival time                         -19.490    
  -------------------------------------------------------------------
                         slack                                 36.313    





Pulse Width Checks
--------------------------------------------------------------------------------------
Clock Name:         sys_clk_pin
Waveform(ns):       { 0.000 25.000 }
Period(ns):         50.000
Sources:            { clk }

Check Type        Corner  Lib Pin             Reference Pin  Required(ns)  Actual(ns)  Slack(ns)  Location       Pin
Min Period        n/a     RAMB36E1/CLKARDCLK  n/a            2.944         50.000      47.056     RAMB36_X5Y15   u_system/mem_reg_0/CLKARDCLK
Min Period        n/a     RAMB36E1/CLKARDCLK  n/a            2.944         50.000      47.056     RAMB36_X5Y16   u_system/mem_reg_1/CLKARDCLK
Min Period        n/a     RAMB36E1/CLKARDCLK  n/a            2.944         50.000      47.056     RAMB36_X5Y17   u_system/mem_reg_2/CLKARDCLK
Min Period        n/a     RAMB36E1/CLKARDCLK  n/a            2.944         50.000      47.056     RAMB36_X5Y18   u_system/mem_reg_3/CLKARDCLK
Min Period        n/a     RAMB36E1/CLKBWRCLK  n/a            2.576         50.000      47.424     RAMB36_X5Y15   u_system/mem_reg_0/CLKBWRCLK
Low Pulse Width   Slow    RAMD32/CLK          n/a            1.250         25.000      23.750     SLICE_X108Y88  u_system/u_gemm/u_buf/a_buf_reg_0_15_0_5/RAMA/CLK
Low Pulse Width   Fast    RAMD32/CLK          n/a            1.250         25.000      23.750     SLICE_X108Y88  u_system/u_gemm/u_buf/a_buf_reg_0_15_0_5/RAMA/CLK
Low Pulse Width   Slow    RAMD32/CLK          n/a            1.250         25.000      23.750     SLICE_X108Y88  u_system/u_gemm/u_buf/a_buf_reg_0_15_0_5/RAMA_D1/CLK
Low Pulse Width   Fast    RAMD32/CLK          n/a            1.250         25.000      23.750     SLICE_X108Y88  u_system/u_gemm/u_buf/a_buf_reg_0_15_0_5/RAMA_D1/CLK
Low Pulse Width   Slow    RAMD32/CLK          n/a            1.250         25.000      23.750     SLICE_X108Y88  u_system/u_gemm/u_buf/a_buf_reg_0_15_0_5/RAMB/CLK
High Pulse Width  Slow    RAMD32/CLK          n/a            1.250         25.000      23.750     SLICE_X108Y88  u_system/u_gemm/u_buf/a_buf_reg_0_15_0_5/RAMA/CLK
High Pulse Width  Fast    RAMD32/CLK          n/a            1.250         25.000      23.750     SLICE_X108Y88  u_system/u_gemm/u_buf/a_buf_reg_0_15_0_5/RAMA/CLK
High Pulse Width  Slow    RAMD32/CLK          n/a            1.250         25.000      23.750     SLICE_X108Y88  u_system/u_gemm/u_buf/a_buf_reg_0_15_0_5/RAMA_D1/CLK
High Pulse Width  Fast    RAMD32/CLK          n/a            1.250         25.000      23.750     SLICE_X108Y88  u_system/u_gemm/u_buf/a_buf_reg_0_15_0_5/RAMA_D1/CLK
High Pulse Width  Slow    RAMD32/CLK          n/a            1.250         25.000      23.750     SLICE_X108Y88  u_system/u_gemm/u_buf/a_buf_reg_0_15_0_5/RAMB/CLK



