Copyright 1986-2022 Xilinx, Inc. All Rights Reserved. Copyright 2022-2024 Advanced Micro Devices, Inc. All Rights Reserved.
----------------------------------------------------------------------------------------------------------------------------------------------------------------------------------------------------
| Tool Version : Vivado v.2024.2 (lin64) Build 5239630 Fri Nov 08 22:34:34 MST 2024
| Date         : Wed Jun 17 03:32:49 2026
| Host         : young-PC running 64-bit Ubuntu 24.04.4 LTS
| Command      : report_timing_summary -delay_type max -max_paths 5 -file /home/young/dev/20_digital-systems-lab/projects/simple-cpu-gemm-accelerator/fpga/reports/mode1/33_3mhz_timing_summary.rpt
| Design       : zybo_top
| Device       : 7z020-clg400
| Speed File   : -1  PRODUCTION 1.12 2019-11-22
| Design State : Routed
----------------------------------------------------------------------------------------------------------------------------------------------------------------------------------------------------

Timing Summary Report

------------------------------------------------------------------------------------------------
| Timer Settings
| --------------
------------------------------------------------------------------------------------------------

  Enable Multi Corner Analysis               :  Yes
  Enable Pessimism Removal                   :  Yes
  Pessimism Removal Resolution               :  Nearest Common Node
  Enable Input Delay Default Clock           :  No
  Enable Preset / Clear Arcs                 :  No
  Disable Flight Delays                      :  No
  Ignore I/O Paths                           :  No
  Timing Early Launch at Borrowing Latches   :  No
  Borrow Time for Max Delay Exceptions       :  Yes
  Merge Timing Exceptions                    :  Yes
  Inter-SLR Compensation                     :  Conservative

  Corner  Analyze    Analyze    
  Name    Max Paths  Min Paths  
  ------  ---------  ---------  
  Slow    Yes        Yes        
  Fast    Yes        Yes        


------------------------------------------------------------------------------------------------
| Report Methodology
| ------------------
------------------------------------------------------------------------------------------------

Rule       Severity  Description                                 Violations  
---------  --------  ------------------------------------------  ----------  
SYNTH-6    Warning   Timing of a RAM block might be sub-optimal  4           
TIMING-18  Warning   Missing input or output delay               5           

Note: This report is based on the most recent report_methodology run and may not be up-to-date. Run report_methodology on the current design for the latest report.



check_timing report

Table of Contents
-----------------
1. checking no_clock (0)
2. checking constant_clock (0)
3. checking pulse_width_clock (0)
4. checking unconstrained_internal_endpoints (0)
5. checking no_input_delay (1)
6. checking no_output_delay (4)
7. checking multiple_clock (0)
8. checking generated_clocks (0)
9. checking loops (0)
10. checking partial_input_delay (0)
11. checking partial_output_delay (0)
12. checking latch_loops (0)

1. checking no_clock (0)
------------------------
 There are 0 register/latch pins with no clock.


2. checking constant_clock (0)
------------------------------
 There are 0 register/latch pins with constant_clock.


3. checking pulse_width_clock (0)
---------------------------------
 There are 0 register/latch pins which need pulse_width check


4. checking unconstrained_internal_endpoints (0)
------------------------------------------------
 There are 0 pins that are not constrained for maximum delay.

 There are 0 pins that are not constrained for maximum delay due to constant clock.


5. checking no_input_delay (1)
------------------------------
 There is 1 input port with no input delay specified. (HIGH)

 There are 0 input ports with no input delay but user has a false path constraint.


6. checking no_output_delay (4)
-------------------------------
 There are 4 ports with no output delay specified. (HIGH)

 There are 0 ports with no output delay but user has a false path constraint

 There are 0 ports with no output delay but with a timing clock defined on it or propagating through it


7. checking multiple_clock (0)
------------------------------
 There are 0 register/latch pins with multiple clocks.


8. checking generated_clocks (0)
--------------------------------
 There are 0 generated clocks that are not connected to a clock source.


9. checking loops (0)
---------------------
 There are 0 combinational loops in the design.


10. checking partial_input_delay (0)
------------------------------------
 There are 0 input ports with partial input delay specified.


11. checking partial_output_delay (0)
-------------------------------------
 There are 0 ports with partial output delay specified.


12. checking latch_loops (0)
----------------------------
 There are 0 combinational latch loops in the design through latch input



------------------------------------------------------------------------------------------------
| Design Timing Summary
| ---------------------
------------------------------------------------------------------------------------------------

    WNS(ns)      TNS(ns)  TNS Failing Endpoints  TNS Total Endpoints     WPWS(ns)     TPWS(ns)  TPWS Failing Endpoints  TPWS Total Endpoints  
    -------      -------  ---------------------  -------------------     --------     --------  ----------------------  --------------------  
     16.427        0.000                      0                 2510       13.750        0.000                       0                   915  


All user specified timing constraints are met.


------------------------------------------------------------------------------------------------
| Clock Summary
| -------------
------------------------------------------------------------------------------------------------

Clock        Waveform(ns)       Period(ns)      Frequency(MHz)
-----        ------------       ----------      --------------
sys_clk_pin  {0.000 15.000}     30.000          33.333          


------------------------------------------------------------------------------------------------
| Intra Clock Table
| -----------------
------------------------------------------------------------------------------------------------

Clock             WNS(ns)      TNS(ns)  TNS Failing Endpoints  TNS Total Endpoints     WPWS(ns)     TPWS(ns)  TPWS Failing Endpoints  TPWS Total Endpoints  
-----             -------      -------  ---------------------  -------------------     --------     --------  ----------------------  --------------------  
sys_clk_pin        16.427        0.000                      0                 2510       13.750        0.000                       0                   915  


------------------------------------------------------------------------------------------------
| Inter Clock Table
| -----------------
------------------------------------------------------------------------------------------------

From Clock    To Clock          WNS(ns)      TNS(ns)  TNS Failing Endpoints  TNS Total Endpoints  
----------    --------          -------      -------  ---------------------  -------------------  


------------------------------------------------------------------------------------------------
| Other Path Groups Table
| -----------------------
------------------------------------------------------------------------------------------------

Path Group    From Clock    To Clock          WNS(ns)      TNS(ns)  TNS Failing Endpoints  TNS Total Endpoints  
----------    ----------    --------          -------      -------  ---------------------  -------------------  


------------------------------------------------------------------------------------------------
| Timing Details
| --------------
------------------------------------------------------------------------------------------------


---------------------------------------------------------------------------------------------------
From Clock:  sys_clk_pin
  To Clock:  sys_clk_pin

Setup :            0  Failing Endpoints,  Worst Slack       16.427ns,  Total Violation        0.000ns
Hold  :           NA  Failing Endpoints,  Worst Slack           NA  ,  Total Violation           NA
PW    :            0  Failing Endpoints,  Worst Slack       13.750ns,  Total Violation        0.000ns
---------------------------------------------------------------------------------------------------


Max Delay Paths
--------------------------------------------------------------------------------------
Slack (MET) :             16.427ns  (required time - arrival time)
  Source:                 u_system/u_gemm/u_mmio/r_k_reg[2]/C
                            (rising edge-triggered cell FDRE clocked by sys_clk_pin  {rise@0.000ns fall@15.000ns period=30.000ns})
  Destination:            u_system/u_gemm/g_mac1.u_mac/acc_reg[25]/D
                            (rising edge-triggered cell FDRE clocked by sys_clk_pin  {rise@0.000ns fall@15.000ns period=30.000ns})
  Path Group:             sys_clk_pin
  Path Type:              Setup (Max at Slow Process Corner)
  Requirement:            30.000ns  (sys_clk_pin rise@30.000ns - sys_clk_pin rise@0.000ns)
  Data Path Delay:        13.484ns  (logic 5.287ns (39.209%)  route 8.197ns (60.791%))
  Logic Levels:           15  (CARRY4=6 LUT2=1 LUT3=2 LUT4=2 LUT6=3 RAMD32=1)
  Clock Path Skew:        -0.084ns (DCD - SCD + CPR)
    Destination Clock Delay (DCD):    5.630ns = ( 35.630 - 30.000 ) 
    Source Clock Delay      (SCD):    6.156ns
    Clock Pessimism Removal (CPR):    0.441ns
  Clock Uncertainty:      0.035ns  ((TSJ^2 + TIJ^2)^1/2 + DJ) / 2 + PE
    Total System Jitter     (TSJ):    0.071ns
    Total Input Jitter      (TIJ):    0.000ns
    Discrete Jitter          (DJ):    0.000ns
    Phase Error              (PE):    0.000ns

    Location             Delay type                Incr(ns)  Path(ns)    Netlist Resource(s)
  -------------------------------------------------------------------    -------------------
                         (clock sys_clk_pin rise edge)
                                                      0.000     0.000 r  
    K17                                               0.000     0.000 r  clk (IN)
                         net (fo=0)                   0.000     0.000    clk
    K17                  IBUF (Prop_ibuf_I_O)         1.475     1.475 r  clk_IBUF_inst/O
                         net (fo=1, routed)           2.522     3.997    clk_IBUF
    BUFGCTRL_X0Y16       BUFG (Prop_bufg_I_O)         0.101     4.098 r  clk_IBUF_BUFG_inst/O
                         net (fo=914, routed)         2.058     6.156    u_system/u_gemm/u_mmio/clk_IBUF_BUFG
    SLICE_X111Y102       FDRE                                         r  u_system/u_gemm/u_mmio/r_k_reg[2]/C
  -------------------------------------------------------------------    -------------------
    SLICE_X111Y102       FDRE (Prop_fdre_C_Q)         0.456     6.612 r  u_system/u_gemm/u_mmio/r_k_reg[2]/Q
                         net (fo=39, routed)          1.390     8.002    u_system/u_gemm/u_mmio/Q[2]
    SLICE_X111Y110       LUT6 (Prop_lut6_I3_O)        0.124     8.126 r  u_system/u_gemm/u_mmio/a_buf_reg_0_15_0_5_i_7/O
                         net (fo=1, routed)           0.806     8.932    u_system/u_gemm/g_mac1.u_mac/a_idx0[0]
    SLICE_X111Y109       LUT4 (Prop_lut4_I3_O)        0.152     9.084 r  u_system/u_gemm/g_mac1.u_mac/a_buf_reg_0_15_0_5_i_1/O
                         net (fo=8, routed)           0.903     9.987    u_system/u_gemm/u_buf/a_buf_reg_0_15_0_5/ADDRB3
    SLICE_X108Y105       RAMD32 (Prop_ramd32_RADR3_O)
                                                      0.352    10.339 r  u_system/u_gemm/u_buf/a_buf_reg_0_15_0_5/RAMB/O
                         net (fo=16, routed)          1.679    12.018    u_system/u_gemm/u_buf/a_rdata[2]
    SLICE_X107Y114       LUT6 (Prop_lut6_I1_O)        0.348    12.366 r  u_system/u_gemm/u_buf/prod__0_carry__0_i_3/O
                         net (fo=2, routed)           0.591    12.956    u_system/u_gemm/u_buf/b_we_reg_0[1]
    SLICE_X108Y114       LUT6 (Prop_lut6_I0_O)        0.124    13.080 r  u_system/u_gemm/u_buf/prod__0_carry__0_i_7/O
                         net (fo=1, routed)           0.000    13.080    u_system/u_gemm/g_mac1.u_mac/prod__85_carry_i_8_1[1]
    SLICE_X108Y114       CARRY4 (Prop_carry4_S[1]_O[3])
                                                      0.643    13.723 r  u_system/u_gemm/g_mac1.u_mac/prod__0_carry__0/O[3]
                         net (fo=2, routed)           0.584    14.307    u_system/u_gemm/g_mac1.u_mac/prod__0_carry__0_n_4
    SLICE_X110Y114       LUT3 (Prop_lut3_I2_O)        0.332    14.639 r  u_system/u_gemm/g_mac1.u_mac/prod__85_carry__0_i_4/O
                         net (fo=2, routed)           0.601    15.240    u_system/u_gemm/g_mac1.u_mac/prod__85_carry__0_i_4_n_0
    SLICE_X110Y115       LUT4 (Prop_lut4_I3_O)        0.332    15.572 r  u_system/u_gemm/g_mac1.u_mac/prod__85_carry__0_i_8/O
                         net (fo=1, routed)           0.000    15.572    u_system/u_gemm/g_mac1.u_mac/prod__85_carry__0_i_8_n_0
    SLICE_X110Y115       CARRY4 (Prop_carry4_S[0]_CO[3])
                                                      0.532    16.104 r  u_system/u_gemm/g_mac1.u_mac/prod__85_carry__0/CO[3]
                         net (fo=1, routed)           0.000    16.104    u_system/u_gemm/g_mac1.u_mac/prod__85_carry__0_n_0
    SLICE_X110Y116       CARRY4 (Prop_carry4_CI_O[3])
                                                      0.313    16.417 r  u_system/u_gemm/g_mac1.u_mac/prod__85_carry__1/O[3]
                         net (fo=4, routed)           0.835    17.252    u_system/u_gemm/u_buf/O[0]
    SLICE_X108Y123       LUT2 (Prop_lut2_I0_O)        0.306    17.558 r  u_system/u_gemm/u_buf/acc0_carry__3_i_5/O
                         net (fo=1, routed)           0.000    17.558    u_system/u_gemm/g_mac1.u_mac/c_wdata_reg[19]_1[0]
    SLICE_X108Y123       CARRY4 (Prop_carry4_S[0]_CO[3])
                                                      0.513    18.071 r  u_system/u_gemm/g_mac1.u_mac/acc0_carry__3/CO[3]
                         net (fo=1, routed)           0.000    18.071    u_system/u_gemm/g_mac1.u_mac/acc0_carry__3_n_0
    SLICE_X108Y124       CARRY4 (Prop_carry4_CI_CO[3])
                                                      0.117    18.188 r  u_system/u_gemm/g_mac1.u_mac/acc0_carry__4/CO[3]
                         net (fo=1, routed)           0.009    18.197    u_system/u_gemm/g_mac1.u_mac/acc0_carry__4_n_0
    SLICE_X108Y125       CARRY4 (Prop_carry4_CI_O[1])
                                                      0.337    18.534 r  u_system/u_gemm/g_mac1.u_mac/acc0_carry__5/O[1]
                         net (fo=2, routed)           0.800    19.334    u_system/u_gemm/g_mac1.u_mac/acc0[25]
    SLICE_X109Y126       LUT3 (Prop_lut3_I2_O)        0.306    19.640 r  u_system/u_gemm/g_mac1.u_mac/acc[25]_i_1/O
                         net (fo=1, routed)           0.000    19.640    u_system/u_gemm/g_mac1.u_mac/acc[25]
    SLICE_X109Y126       FDRE                                         r  u_system/u_gemm/g_mac1.u_mac/acc_reg[25]/D
  -------------------------------------------------------------------    -------------------

                         (clock sys_clk_pin rise edge)
                                                     30.000    30.000 r  
    K17                                               0.000    30.000 r  clk (IN)
                         net (fo=0)                   0.000    30.000    clk
    K17                  IBUF (Prop_ibuf_I_O)         1.404    31.404 r  clk_IBUF_inst/O
                         net (fo=1, routed)           2.293    33.697    clk_IBUF
    BUFGCTRL_X0Y16       BUFG (Prop_bufg_I_O)         0.091    33.788 r  clk_IBUF_BUFG_inst/O
                         net (fo=914, routed)         1.842    35.630    u_system/u_gemm/g_mac1.u_mac/clk_IBUF_BUFG
    SLICE_X109Y126       FDRE                                         r  u_system/u_gemm/g_mac1.u_mac/acc_reg[25]/C
                         clock pessimism              0.441    36.072    
                         clock uncertainty           -0.035    36.036    
    SLICE_X109Y126       FDRE (Setup_fdre_C_D)        0.031    36.067    u_system/u_gemm/g_mac1.u_mac/acc_reg[25]
  -------------------------------------------------------------------
                         required time                         36.067    
                         arrival time                         -19.640    
  -------------------------------------------------------------------
                         slack                                 16.427    

Slack (MET) :             16.509ns  (required time - arrival time)
  Source:                 u_system/u_gemm/u_mmio/r_k_reg[2]/C
                            (rising edge-triggered cell FDRE clocked by sys_clk_pin  {rise@0.000ns fall@15.000ns period=30.000ns})
  Destination:            u_system/u_gemm/g_mac1.u_mac/acc_reg[31]/D
                            (rising edge-triggered cell FDRE clocked by sys_clk_pin  {rise@0.000ns fall@15.000ns period=30.000ns})
  Path Group:             sys_clk_pin
  Path Type:              Setup (Max at Slow Process Corner)
  Requirement:            30.000ns  (sys_clk_pin rise@30.000ns - sys_clk_pin rise@0.000ns)
  Data Path Delay:        13.447ns  (logic 5.424ns (40.337%)  route 8.023ns (59.663%))
  Logic Levels:           16  (CARRY4=7 LUT2=1 LUT3=2 LUT4=2 LUT6=3 RAMD32=1)
  Clock Path Skew:        -0.084ns (DCD - SCD + CPR)
    Destination Clock Delay (DCD):    5.630ns = ( 35.630 - 30.000 ) 
    Source Clock Delay      (SCD):    6.156ns
    Clock Pessimism Removal (CPR):    0.441ns
  Clock Uncertainty:      0.035ns  ((TSJ^2 + TIJ^2)^1/2 + DJ) / 2 + PE
    Total System Jitter     (TSJ):    0.071ns
    Total Input Jitter      (TIJ):    0.000ns
    Discrete Jitter          (DJ):    0.000ns
    Phase Error              (PE):    0.000ns

    Location             Delay type                Incr(ns)  Path(ns)    Netlist Resource(s)
  -------------------------------------------------------------------    -------------------
                         (clock sys_clk_pin rise edge)
                                                      0.000     0.000 r  
    K17                                               0.000     0.000 r  clk (IN)
                         net (fo=0)                   0.000     0.000    clk
    K17                  IBUF (Prop_ibuf_I_O)         1.475     1.475 r  clk_IBUF_inst/O
                         net (fo=1, routed)           2.522     3.997    clk_IBUF
    BUFGCTRL_X0Y16       BUFG (Prop_bufg_I_O)         0.101     4.098 r  clk_IBUF_BUFG_inst/O
                         net (fo=914, routed)         2.058     6.156    u_system/u_gemm/u_mmio/clk_IBUF_BUFG
    SLICE_X111Y102       FDRE                                         r  u_system/u_gemm/u_mmio/r_k_reg[2]/C
  -------------------------------------------------------------------    -------------------
    SLICE_X111Y102       FDRE (Prop_fdre_C_Q)         0.456     6.612 r  u_system/u_gemm/u_mmio/r_k_reg[2]/Q
                         net (fo=39, routed)          1.390     8.002    u_system/u_gemm/u_mmio/Q[2]
    SLICE_X111Y110       LUT6 (Prop_lut6_I3_O)        0.124     8.126 r  u_system/u_gemm/u_mmio/a_buf_reg_0_15_0_5_i_7/O
                         net (fo=1, routed)           0.806     8.932    u_system/u_gemm/g_mac1.u_mac/a_idx0[0]
    SLICE_X111Y109       LUT4 (Prop_lut4_I3_O)        0.152     9.084 r  u_system/u_gemm/g_mac1.u_mac/a_buf_reg_0_15_0_5_i_1/O
                         net (fo=8, routed)           0.903     9.987    u_system/u_gemm/u_buf/a_buf_reg_0_15_0_5/ADDRB3
    SLICE_X108Y105       RAMD32 (Prop_ramd32_RADR3_O)
                                                      0.352    10.339 r  u_system/u_gemm/u_buf/a_buf_reg_0_15_0_5/RAMB/O
                         net (fo=16, routed)          1.679    12.018    u_system/u_gemm/u_buf/a_rdata[2]
    SLICE_X107Y114       LUT6 (Prop_lut6_I1_O)        0.348    12.366 r  u_system/u_gemm/u_buf/prod__0_carry__0_i_3/O
                         net (fo=2, routed)           0.591    12.956    u_system/u_gemm/u_buf/b_we_reg_0[1]
    SLICE_X108Y114       LUT6 (Prop_lut6_I0_O)        0.124    13.080 r  u_system/u_gemm/u_buf/prod__0_carry__0_i_7/O
                         net (fo=1, routed)           0.000    13.080    u_system/u_gemm/g_mac1.u_mac/prod__85_carry_i_8_1[1]
    SLICE_X108Y114       CARRY4 (Prop_carry4_S[1]_O[3])
                                                      0.643    13.723 r  u_system/u_gemm/g_mac1.u_mac/prod__0_carry__0/O[3]
                         net (fo=2, routed)           0.584    14.307    u_system/u_gemm/g_mac1.u_mac/prod__0_carry__0_n_4
    SLICE_X110Y114       LUT3 (Prop_lut3_I2_O)        0.332    14.639 r  u_system/u_gemm/g_mac1.u_mac/prod__85_carry__0_i_4/O
                         net (fo=2, routed)           0.601    15.240    u_system/u_gemm/g_mac1.u_mac/prod__85_carry__0_i_4_n_0
    SLICE_X110Y115       LUT4 (Prop_lut4_I3_O)        0.332    15.572 r  u_system/u_gemm/g_mac1.u_mac/prod__85_carry__0_i_8/O
                         net (fo=1, routed)           0.000    15.572    u_system/u_gemm/g_mac1.u_mac/prod__85_carry__0_i_8_n_0
    SLICE_X110Y115       CARRY4 (Prop_carry4_S[0]_CO[3])
                                                      0.532    16.104 r  u_system/u_gemm/g_mac1.u_mac/prod__85_carry__0/CO[3]
                         net (fo=1, routed)           0.000    16.104    u_system/u_gemm/g_mac1.u_mac/prod__85_carry__0_n_0
    SLICE_X110Y116       CARRY4 (Prop_carry4_CI_O[3])
                                                      0.313    16.417 r  u_system/u_gemm/g_mac1.u_mac/prod__85_carry__1/O[3]
                         net (fo=4, routed)           0.835    17.252    u_system/u_gemm/u_buf/O[0]
    SLICE_X108Y123       LUT2 (Prop_lut2_I0_O)        0.306    17.558 r  u_system/u_gemm/u_buf/acc0_carry__3_i_5/O
                         net (fo=1, routed)           0.000    17.558    u_system/u_gemm/g_mac1.u_mac/c_wdata_reg[19]_1[0]
    SLICE_X108Y123       CARRY4 (Prop_carry4_S[0]_CO[3])
                                                      0.513    18.071 r  u_system/u_gemm/g_mac1.u_mac/acc0_carry__3/CO[3]
                         net (fo=1, routed)           0.000    18.071    u_system/u_gemm/g_mac1.u_mac/acc0_carry__3_n_0
    SLICE_X108Y124       CARRY4 (Prop_carry4_CI_CO[3])
                                                      0.117    18.188 r  u_system/u_gemm/g_mac1.u_mac/acc0_carry__4/CO[3]
                         net (fo=1, routed)           0.009    18.197    u_system/u_gemm/g_mac1.u_mac/acc0_carry__4_n_0
    SLICE_X108Y125       CARRY4 (Prop_carry4_CI_CO[3])
                                                      0.117    18.314 r  u_system/u_gemm/g_mac1.u_mac/acc0_carry__5/CO[3]
                         net (fo=1, routed)           0.000    18.314    u_system/u_gemm/g_mac1.u_mac/acc0_carry__5_n_0
    SLICE_X108Y126       CARRY4 (Prop_carry4_CI_O[3])
                                                      0.331    18.645 r  u_system/u_gemm/g_mac1.u_mac/acc0_carry__6/O[3]
                         net (fo=2, routed)           0.626    19.271    u_system/u_gemm/g_mac1.u_mac/acc0[31]
    SLICE_X109Y126       LUT3 (Prop_lut3_I2_O)        0.332    19.603 r  u_system/u_gemm/g_mac1.u_mac/acc[31]_i_1/O
                         net (fo=1, routed)           0.000    19.603    u_system/u_gemm/g_mac1.u_mac/acc[31]
    SLICE_X109Y126       FDRE                                         r  u_system/u_gemm/g_mac1.u_mac/acc_reg[31]/D
  -------------------------------------------------------------------    -------------------

                         (clock sys_clk_pin rise edge)
                                                     30.000    30.000 r  
    K17                                               0.000    30.000 r  clk (IN)
                         net (fo=0)                   0.000    30.000    clk
    K17                  IBUF (Prop_ibuf_I_O)         1.404    31.404 r  clk_IBUF_inst/O
                         net (fo=1, routed)           2.293    33.697    clk_IBUF
    BUFGCTRL_X0Y16       BUFG (Prop_bufg_I_O)         0.091    33.788 r  clk_IBUF_BUFG_inst/O
                         net (fo=914, routed)         1.842    35.630    u_system/u_gemm/g_mac1.u_mac/clk_IBUF_BUFG
    SLICE_X109Y126       FDRE                                         r  u_system/u_gemm/g_mac1.u_mac/acc_reg[31]/C
                         clock pessimism              0.441    36.072    
                         clock uncertainty           -0.035    36.036    
    SLICE_X109Y126       FDRE (Setup_fdre_C_D)        0.075    36.111    u_system/u_gemm/g_mac1.u_mac/acc_reg[31]
  -------------------------------------------------------------------
                         required time                         36.111    
                         arrival time                         -19.603    
  -------------------------------------------------------------------
                         slack                                 16.509    

Slack (MET) :             16.603ns  (required time - arrival time)
  Source:                 u_system/u_gemm/u_mmio/r_k_reg[2]/C
                            (rising edge-triggered cell FDRE clocked by sys_clk_pin  {rise@0.000ns fall@15.000ns period=30.000ns})
  Destination:            u_system/u_gemm/g_mac1.u_mac/acc_reg[22]/D
                            (rising edge-triggered cell FDRE clocked by sys_clk_pin  {rise@0.000ns fall@15.000ns period=30.000ns})
  Path Group:             sys_clk_pin
  Path Type:              Setup (Max at Slow Process Corner)
  Requirement:            30.000ns  (sys_clk_pin rise@30.000ns - sys_clk_pin rise@0.000ns)
  Data Path Delay:        13.351ns  (logic 5.114ns (38.306%)  route 8.237ns (61.695%))
  Logic Levels:           14  (CARRY4=5 LUT2=1 LUT3=2 LUT4=2 LUT6=3 RAMD32=1)
  Clock Path Skew:        -0.086ns (DCD - SCD + CPR)
    Destination Clock Delay (DCD):    5.628ns = ( 35.628 - 30.000 ) 
    Source Clock Delay      (SCD):    6.156ns
    Clock Pessimism Removal (CPR):    0.441ns
  Clock Uncertainty:      0.035ns  ((TSJ^2 + TIJ^2)^1/2 + DJ) / 2 + PE
    Total System Jitter     (TSJ):    0.071ns
    Total Input Jitter      (TIJ):    0.000ns
    Discrete Jitter          (DJ):    0.000ns
    Phase Error              (PE):    0.000ns

    Location             Delay type                Incr(ns)  Path(ns)    Netlist Resource(s)
  -------------------------------------------------------------------    -------------------
                         (clock sys_clk_pin rise edge)
                                                      0.000     0.000 r  
    K17                                               0.000     0.000 r  clk (IN)
                         net (fo=0)                   0.000     0.000    clk
    K17                  IBUF (Prop_ibuf_I_O)         1.475     1.475 r  clk_IBUF_inst/O
                         net (fo=1, routed)           2.522     3.997    clk_IBUF
    BUFGCTRL_X0Y16       BUFG (Prop_bufg_I_O)         0.101     4.098 r  clk_IBUF_BUFG_inst/O
                         net (fo=914, routed)         2.058     6.156    u_system/u_gemm/u_mmio/clk_IBUF_BUFG
    SLICE_X111Y102       FDRE                                         r  u_system/u_gemm/u_mmio/r_k_reg[2]/C
  -------------------------------------------------------------------    -------------------
    SLICE_X111Y102       FDRE (Prop_fdre_C_Q)         0.456     6.612 r  u_system/u_gemm/u_mmio/r_k_reg[2]/Q
                         net (fo=39, routed)          1.390     8.002    u_system/u_gemm/u_mmio/Q[2]
    SLICE_X111Y110       LUT6 (Prop_lut6_I3_O)        0.124     8.126 r  u_system/u_gemm/u_mmio/a_buf_reg_0_15_0_5_i_7/O
                         net (fo=1, routed)           0.806     8.932    u_system/u_gemm/g_mac1.u_mac/a_idx0[0]
    SLICE_X111Y109       LUT4 (Prop_lut4_I3_O)        0.152     9.084 r  u_system/u_gemm/g_mac1.u_mac/a_buf_reg_0_15_0_5_i_1/O
                         net (fo=8, routed)           0.903     9.987    u_system/u_gemm/u_buf/a_buf_reg_0_15_0_5/ADDRB3
    SLICE_X108Y105       RAMD32 (Prop_ramd32_RADR3_O)
                                                      0.352    10.339 r  u_system/u_gemm/u_buf/a_buf_reg_0_15_0_5/RAMB/O
                         net (fo=16, routed)          1.679    12.018    u_system/u_gemm/u_buf/a_rdata[2]
    SLICE_X107Y114       LUT6 (Prop_lut6_I1_O)        0.348    12.366 r  u_system/u_gemm/u_buf/prod__0_carry__0_i_3/O
                         net (fo=2, routed)           0.591    12.956    u_system/u_gemm/u_buf/b_we_reg_0[1]
    SLICE_X108Y114       LUT6 (Prop_lut6_I0_O)        0.124    13.080 r  u_system/u_gemm/u_buf/prod__0_carry__0_i_7/O
                         net (fo=1, routed)           0.000    13.080    u_system/u_gemm/g_mac1.u_mac/prod__85_carry_i_8_1[1]
    SLICE_X108Y114       CARRY4 (Prop_carry4_S[1]_O[3])
                                                      0.643    13.723 r  u_system/u_gemm/g_mac1.u_mac/prod__0_carry__0/O[3]
                         net (fo=2, routed)           0.584    14.307    u_system/u_gemm/g_mac1.u_mac/prod__0_carry__0_n_4
    SLICE_X110Y114       LUT3 (Prop_lut3_I2_O)        0.332    14.639 r  u_system/u_gemm/g_mac1.u_mac/prod__85_carry__0_i_4/O
                         net (fo=2, routed)           0.601    15.240    u_system/u_gemm/g_mac1.u_mac/prod__85_carry__0_i_4_n_0
    SLICE_X110Y115       LUT4 (Prop_lut4_I3_O)        0.332    15.572 r  u_system/u_gemm/g_mac1.u_mac/prod__85_carry__0_i_8/O
                         net (fo=1, routed)           0.000    15.572    u_system/u_gemm/g_mac1.u_mac/prod__85_carry__0_i_8_n_0
    SLICE_X110Y115       CARRY4 (Prop_carry4_S[0]_CO[3])
                                                      0.532    16.104 r  u_system/u_gemm/g_mac1.u_mac/prod__85_carry__0/CO[3]
                         net (fo=1, routed)           0.000    16.104    u_system/u_gemm/g_mac1.u_mac/prod__85_carry__0_n_0
    SLICE_X110Y116       CARRY4 (Prop_carry4_CI_O[3])
                                                      0.313    16.417 r  u_system/u_gemm/g_mac1.u_mac/prod__85_carry__1/O[3]
                         net (fo=4, routed)           0.835    17.252    u_system/u_gemm/u_buf/O[0]
    SLICE_X108Y123       LUT2 (Prop_lut2_I0_O)        0.306    17.558 r  u_system/u_gemm/u_buf/acc0_carry__3_i_5/O
                         net (fo=1, routed)           0.000    17.558    u_system/u_gemm/g_mac1.u_mac/c_wdata_reg[19]_1[0]
    SLICE_X108Y123       CARRY4 (Prop_carry4_S[0]_CO[3])
                                                      0.513    18.071 r  u_system/u_gemm/g_mac1.u_mac/acc0_carry__3/CO[3]
                         net (fo=1, routed)           0.000    18.071    u_system/u_gemm/g_mac1.u_mac/acc0_carry__3_n_0
    SLICE_X108Y124       CARRY4 (Prop_carry4_CI_O[2])
                                                      0.256    18.327 r  u_system/u_gemm/g_mac1.u_mac/acc0_carry__4/O[2]
                         net (fo=2, routed)           0.848    19.175    u_system/u_gemm/g_mac1.u_mac/acc0[22]
    SLICE_X109Y124       LUT3 (Prop_lut3_I2_O)        0.331    19.506 r  u_system/u_gemm/g_mac1.u_mac/acc[22]_i_1/O
                         net (fo=1, routed)           0.000    19.506    u_system/u_gemm/g_mac1.u_mac/acc[22]
    SLICE_X109Y124       FDRE                                         r  u_system/u_gemm/g_mac1.u_mac/acc_reg[22]/D
  -------------------------------------------------------------------    -------------------

                         (clock sys_clk_pin rise edge)
                                                     30.000    30.000 r  
    K17                                               0.000    30.000 r  clk (IN)
                         net (fo=0)                   0.000    30.000    clk
    K17                  IBUF (Prop_ibuf_I_O)         1.404    31.404 r  clk_IBUF_inst/O
                         net (fo=1, routed)           2.293    33.697    clk_IBUF
    BUFGCTRL_X0Y16       BUFG (Prop_bufg_I_O)         0.091    33.788 r  clk_IBUF_BUFG_inst/O
                         net (fo=914, routed)         1.840    35.628    u_system/u_gemm/g_mac1.u_mac/clk_IBUF_BUFG
    SLICE_X109Y124       FDRE                                         r  u_system/u_gemm/g_mac1.u_mac/acc_reg[22]/C
                         clock pessimism              0.441    36.070    
                         clock uncertainty           -0.035    36.034    
    SLICE_X109Y124       FDRE (Setup_fdre_C_D)        0.075    36.109    u_system/u_gemm/g_mac1.u_mac/acc_reg[22]
  -------------------------------------------------------------------
                         required time                         36.109    
                         arrival time                         -19.506    
  -------------------------------------------------------------------
                         slack                                 16.603    

Slack (MET) :             16.613ns  (required time - arrival time)
  Source:                 u_system/u_gemm/u_mmio/r_k_reg[2]/C
                            (rising edge-triggered cell FDRE clocked by sys_clk_pin  {rise@0.000ns fall@15.000ns period=30.000ns})
  Destination:            u_system/u_gemm/g_mac1.u_mac/acc_reg[29]/D
                            (rising edge-triggered cell FDRE clocked by sys_clk_pin  {rise@0.000ns fall@15.000ns period=30.000ns})
  Path Group:             sys_clk_pin
  Path Type:              Setup (Max at Slow Process Corner)
  Requirement:            30.000ns  (sys_clk_pin rise@30.000ns - sys_clk_pin rise@0.000ns)
  Data Path Delay:        13.300ns  (logic 5.404ns (40.632%)  route 7.896ns (59.368%))
  Logic Levels:           16  (CARRY4=7 LUT2=1 LUT3=2 LUT4=2 LUT6=3 RAMD32=1)
  Clock Path Skew:        -0.084ns (DCD - SCD + CPR)
    Destination Clock Delay (DCD):    5.630ns = ( 35.630 - 30.000 ) 
    Source Clock Delay      (SCD):    6.156ns
    Clock Pessimism Removal (CPR):    0.441ns
  Clock Uncertainty:      0.035ns  ((TSJ^2 + TIJ^2)^1/2 + DJ) / 2 + PE
    Total System Jitter     (TSJ):    0.071ns
    Total Input Jitter      (TIJ):    0.000ns
    Discrete Jitter          (DJ):    0.000ns
    Phase Error              (PE):    0.000ns

    Location             Delay type                Incr(ns)  Path(ns)    Netlist Resource(s)
  -------------------------------------------------------------------    -------------------
                         (clock sys_clk_pin rise edge)
                                                      0.000     0.000 r  
    K17                                               0.000     0.000 r  clk (IN)
                         net (fo=0)                   0.000     0.000    clk
    K17                  IBUF (Prop_ibuf_I_O)         1.475     1.475 r  clk_IBUF_inst/O
                         net (fo=1, routed)           2.522     3.997    clk_IBUF
    BUFGCTRL_X0Y16       BUFG (Prop_bufg_I_O)         0.101     4.098 r  clk_IBUF_BUFG_inst/O
                         net (fo=914, routed)         2.058     6.156    u_system/u_gemm/u_mmio/clk_IBUF_BUFG
    SLICE_X111Y102       FDRE                                         r  u_system/u_gemm/u_mmio/r_k_reg[2]/C
  -------------------------------------------------------------------    -------------------
    SLICE_X111Y102       FDRE (Prop_fdre_C_Q)         0.456     6.612 r  u_system/u_gemm/u_mmio/r_k_reg[2]/Q
                         net (fo=39, routed)          1.390     8.002    u_system/u_gemm/u_mmio/Q[2]
    SLICE_X111Y110       LUT6 (Prop_lut6_I3_O)        0.124     8.126 r  u_system/u_gemm/u_mmio/a_buf_reg_0_15_0_5_i_7/O
                         net (fo=1, routed)           0.806     8.932    u_system/u_gemm/g_mac1.u_mac/a_idx0[0]
    SLICE_X111Y109       LUT4 (Prop_lut4_I3_O)        0.152     9.084 r  u_system/u_gemm/g_mac1.u_mac/a_buf_reg_0_15_0_5_i_1/O
                         net (fo=8, routed)           0.903     9.987    u_system/u_gemm/u_buf/a_buf_reg_0_15_0_5/ADDRB3
    SLICE_X108Y105       RAMD32 (Prop_ramd32_RADR3_O)
                                                      0.352    10.339 r  u_system/u_gemm/u_buf/a_buf_reg_0_15_0_5/RAMB/O
                         net (fo=16, routed)          1.679    12.018    u_system/u_gemm/u_buf/a_rdata[2]
    SLICE_X107Y114       LUT6 (Prop_lut6_I1_O)        0.348    12.366 r  u_system/u_gemm/u_buf/prod__0_carry__0_i_3/O
                         net (fo=2, routed)           0.591    12.956    u_system/u_gemm/u_buf/b_we_reg_0[1]
    SLICE_X108Y114       LUT6 (Prop_lut6_I0_O)        0.124    13.080 r  u_system/u_gemm/u_buf/prod__0_carry__0_i_7/O
                         net (fo=1, routed)           0.000    13.080    u_system/u_gemm/g_mac1.u_mac/prod__85_carry_i_8_1[1]
    SLICE_X108Y114       CARRY4 (Prop_carry4_S[1]_O[3])
                                                      0.643    13.723 r  u_system/u_gemm/g_mac1.u_mac/prod__0_carry__0/O[3]
                         net (fo=2, routed)           0.584    14.307    u_system/u_gemm/g_mac1.u_mac/prod__0_carry__0_n_4
    SLICE_X110Y114       LUT3 (Prop_lut3_I2_O)        0.332    14.639 r  u_system/u_gemm/g_mac1.u_mac/prod__85_carry__0_i_4/O
                         net (fo=2, routed)           0.601    15.240    u_system/u_gemm/g_mac1.u_mac/prod__85_carry__0_i_4_n_0
    SLICE_X110Y115       LUT4 (Prop_lut4_I3_O)        0.332    15.572 r  u_system/u_gemm/g_mac1.u_mac/prod__85_carry__0_i_8/O
                         net (fo=1, routed)           0.000    15.572    u_system/u_gemm/g_mac1.u_mac/prod__85_carry__0_i_8_n_0
    SLICE_X110Y115       CARRY4 (Prop_carry4_S[0]_CO[3])
                                                      0.532    16.104 r  u_system/u_gemm/g_mac1.u_mac/prod__85_carry__0/CO[3]
                         net (fo=1, routed)           0.000    16.104    u_system/u_gemm/g_mac1.u_mac/prod__85_carry__0_n_0
    SLICE_X110Y116       CARRY4 (Prop_carry4_CI_O[3])
                                                      0.313    16.417 r  u_system/u_gemm/g_mac1.u_mac/prod__85_carry__1/O[3]
                         net (fo=4, routed)           0.835    17.252    u_system/u_gemm/u_buf/O[0]
    SLICE_X108Y123       LUT2 (Prop_lut2_I0_O)        0.306    17.558 r  u_system/u_gemm/u_buf/acc0_carry__3_i_5/O
                         net (fo=1, routed)           0.000    17.558    u_system/u_gemm/g_mac1.u_mac/c_wdata_reg[19]_1[0]
    SLICE_X108Y123       CARRY4 (Prop_carry4_S[0]_CO[3])
                                                      0.513    18.071 r  u_system/u_gemm/g_mac1.u_mac/acc0_carry__3/CO[3]
                         net (fo=1, routed)           0.000    18.071    u_system/u_gemm/g_mac1.u_mac/acc0_carry__3_n_0
    SLICE_X108Y124       CARRY4 (Prop_carry4_CI_CO[3])
                                                      0.117    18.188 r  u_system/u_gemm/g_mac1.u_mac/acc0_carry__4/CO[3]
                         net (fo=1, routed)           0.009    18.197    u_system/u_gemm/g_mac1.u_mac/acc0_carry__4_n_0
    SLICE_X108Y125       CARRY4 (Prop_carry4_CI_CO[3])
                                                      0.117    18.314 r  u_system/u_gemm/g_mac1.u_mac/acc0_carry__5/CO[3]
                         net (fo=1, routed)           0.000    18.314    u_system/u_gemm/g_mac1.u_mac/acc0_carry__5_n_0
    SLICE_X108Y126       CARRY4 (Prop_carry4_CI_O[1])
                                                      0.337    18.651 r  u_system/u_gemm/g_mac1.u_mac/acc0_carry__6/O[1]
                         net (fo=2, routed)           0.499    19.150    u_system/u_gemm/g_mac1.u_mac/acc0[29]
    SLICE_X109Y126       LUT3 (Prop_lut3_I2_O)        0.306    19.456 r  u_system/u_gemm/g_mac1.u_mac/acc[29]_i_1/O
                         net (fo=1, routed)           0.000    19.456    u_system/u_gemm/g_mac1.u_mac/acc[29]
    SLICE_X109Y126       FDRE                                         r  u_system/u_gemm/g_mac1.u_mac/acc_reg[29]/D
  -------------------------------------------------------------------    -------------------

                         (clock sys_clk_pin rise edge)
                                                     30.000    30.000 r  
    K17                                               0.000    30.000 r  clk (IN)
                         net (fo=0)                   0.000    30.000    clk
    K17                  IBUF (Prop_ibuf_I_O)         1.404    31.404 r  clk_IBUF_inst/O
                         net (fo=1, routed)           2.293    33.697    clk_IBUF
    BUFGCTRL_X0Y16       BUFG (Prop_bufg_I_O)         0.091    33.788 r  clk_IBUF_BUFG_inst/O
                         net (fo=914, routed)         1.842    35.630    u_system/u_gemm/g_mac1.u_mac/clk_IBUF_BUFG
    SLICE_X109Y126       FDRE                                         r  u_system/u_gemm/g_mac1.u_mac/acc_reg[29]/C
                         clock pessimism              0.441    36.072    
                         clock uncertainty           -0.035    36.036    
    SLICE_X109Y126       FDRE (Setup_fdre_C_D)        0.032    36.068    u_system/u_gemm/g_mac1.u_mac/acc_reg[29]
  -------------------------------------------------------------------
                         required time                         36.068    
                         arrival time                         -19.456    
  -------------------------------------------------------------------
                         slack                                 16.613    

Slack (MET) :             16.637ns  (required time - arrival time)
  Source:                 u_system/u_gemm/u_mmio/r_k_reg[2]/C
                            (rising edge-triggered cell FDRE clocked by sys_clk_pin  {rise@0.000ns fall@15.000ns period=30.000ns})
  Destination:            u_system/u_gemm/g_mac1.u_mac/acc_reg[30]/D
                            (rising edge-triggered cell FDRE clocked by sys_clk_pin  {rise@0.000ns fall@15.000ns period=30.000ns})
  Path Group:             sys_clk_pin
  Path Type:              Setup (Max at Slow Process Corner)
  Requirement:            30.000ns  (sys_clk_pin rise@30.000ns - sys_clk_pin rise@0.000ns)
  Data Path Delay:        13.319ns  (logic 5.347ns (40.147%)  route 7.972ns (59.854%))
  Logic Levels:           16  (CARRY4=7 LUT2=1 LUT3=2 LUT4=2 LUT6=3 RAMD32=1)
  Clock Path Skew:        -0.084ns (DCD - SCD + CPR)
    Destination Clock Delay (DCD):    5.630ns = ( 35.630 - 30.000 ) 
    Source Clock Delay      (SCD):    6.156ns
    Clock Pessimism Removal (CPR):    0.441ns
  Clock Uncertainty:      0.035ns  ((TSJ^2 + TIJ^2)^1/2 + DJ) / 2 + PE
    Total System Jitter     (TSJ):    0.071ns
    Total Input Jitter      (TIJ):    0.000ns
    Discrete Jitter          (DJ):    0.000ns
    Phase Error              (PE):    0.000ns

    Location             Delay type                Incr(ns)  Path(ns)    Netlist Resource(s)
  -------------------------------------------------------------------    -------------------
                         (clock sys_clk_pin rise edge)
                                                      0.000     0.000 r  
    K17                                               0.000     0.000 r  clk (IN)
                         net (fo=0)                   0.000     0.000    clk
    K17                  IBUF (Prop_ibuf_I_O)         1.475     1.475 r  clk_IBUF_inst/O
                         net (fo=1, routed)           2.522     3.997    clk_IBUF
    BUFGCTRL_X0Y16       BUFG (Prop_bufg_I_O)         0.101     4.098 r  clk_IBUF_BUFG_inst/O
                         net (fo=914, routed)         2.058     6.156    u_system/u_gemm/u_mmio/clk_IBUF_BUFG
    SLICE_X111Y102       FDRE                                         r  u_system/u_gemm/u_mmio/r_k_reg[2]/C
  -------------------------------------------------------------------    -------------------
    SLICE_X111Y102       FDRE (Prop_fdre_C_Q)         0.456     6.612 r  u_system/u_gemm/u_mmio/r_k_reg[2]/Q
                         net (fo=39, routed)          1.390     8.002    u_system/u_gemm/u_mmio/Q[2]
    SLICE_X111Y110       LUT6 (Prop_lut6_I3_O)        0.124     8.126 r  u_system/u_gemm/u_mmio/a_buf_reg_0_15_0_5_i_7/O
                         net (fo=1, routed)           0.806     8.932    u_system/u_gemm/g_mac1.u_mac/a_idx0[0]
    SLICE_X111Y109       LUT4 (Prop_lut4_I3_O)        0.152     9.084 r  u_system/u_gemm/g_mac1.u_mac/a_buf_reg_0_15_0_5_i_1/O
                         net (fo=8, routed)           0.903     9.987    u_system/u_gemm/u_buf/a_buf_reg_0_15_0_5/ADDRB3
    SLICE_X108Y105       RAMD32 (Prop_ramd32_RADR3_O)
                                                      0.352    10.339 r  u_system/u_gemm/u_buf/a_buf_reg_0_15_0_5/RAMB/O
                         net (fo=16, routed)          1.679    12.018    u_system/u_gemm/u_buf/a_rdata[2]
    SLICE_X107Y114       LUT6 (Prop_lut6_I1_O)        0.348    12.366 r  u_system/u_gemm/u_buf/prod__0_carry__0_i_3/O
                         net (fo=2, routed)           0.591    12.956    u_system/u_gemm/u_buf/b_we_reg_0[1]
    SLICE_X108Y114       LUT6 (Prop_lut6_I0_O)        0.124    13.080 r  u_system/u_gemm/u_buf/prod__0_carry__0_i_7/O
                         net (fo=1, routed)           0.000    13.080    u_system/u_gemm/g_mac1.u_mac/prod__85_carry_i_8_1[1]
    SLICE_X108Y114       CARRY4 (Prop_carry4_S[1]_O[3])
                                                      0.643    13.723 r  u_system/u_gemm/g_mac1.u_mac/prod__0_carry__0/O[3]
                         net (fo=2, routed)           0.584    14.307    u_system/u_gemm/g_mac1.u_mac/prod__0_carry__0_n_4
    SLICE_X110Y114       LUT3 (Prop_lut3_I2_O)        0.332    14.639 r  u_system/u_gemm/g_mac1.u_mac/prod__85_carry__0_i_4/O
                         net (fo=2, routed)           0.601    15.240    u_system/u_gemm/g_mac1.u_mac/prod__85_carry__0_i_4_n_0
    SLICE_X110Y115       LUT4 (Prop_lut4_I3_O)        0.332    15.572 r  u_system/u_gemm/g_mac1.u_mac/prod__85_carry__0_i_8/O
                         net (fo=1, routed)           0.000    15.572    u_system/u_gemm/g_mac1.u_mac/prod__85_carry__0_i_8_n_0
    SLICE_X110Y115       CARRY4 (Prop_carry4_S[0]_CO[3])
                                                      0.532    16.104 r  u_system/u_gemm/g_mac1.u_mac/prod__85_carry__0/CO[3]
                         net (fo=1, routed)           0.000    16.104    u_system/u_gemm/g_mac1.u_mac/prod__85_carry__0_n_0
    SLICE_X110Y116       CARRY4 (Prop_carry4_CI_O[3])
                                                      0.313    16.417 r  u_system/u_gemm/g_mac1.u_mac/prod__85_carry__1/O[3]
                         net (fo=4, routed)           0.835    17.252    u_system/u_gemm/u_buf/O[0]
    SLICE_X108Y123       LUT2 (Prop_lut2_I0_O)        0.306    17.558 r  u_system/u_gemm/u_buf/acc0_carry__3_i_5/O
                         net (fo=1, routed)           0.000    17.558    u_system/u_gemm/g_mac1.u_mac/c_wdata_reg[19]_1[0]
    SLICE_X108Y123       CARRY4 (Prop_carry4_S[0]_CO[3])
                                                      0.513    18.071 r  u_system/u_gemm/g_mac1.u_mac/acc0_carry__3/CO[3]
                         net (fo=1, routed)           0.000    18.071    u_system/u_gemm/g_mac1.u_mac/acc0_carry__3_n_0
    SLICE_X108Y124       CARRY4 (Prop_carry4_CI_CO[3])
                                                      0.117    18.188 r  u_system/u_gemm/g_mac1.u_mac/acc0_carry__4/CO[3]
                         net (fo=1, routed)           0.009    18.197    u_system/u_gemm/g_mac1.u_mac/acc0_carry__4_n_0
    SLICE_X108Y125       CARRY4 (Prop_carry4_CI_CO[3])
                                                      0.117    18.314 r  u_system/u_gemm/g_mac1.u_mac/acc0_carry__5/CO[3]
                         net (fo=1, routed)           0.000    18.314    u_system/u_gemm/g_mac1.u_mac/acc0_carry__5_n_0
    SLICE_X108Y126       CARRY4 (Prop_carry4_CI_O[2])
                                                      0.256    18.570 r  u_system/u_gemm/g_mac1.u_mac/acc0_carry__6/O[2]
                         net (fo=2, routed)           0.575    19.145    u_system/u_gemm/g_mac1.u_mac/acc0[30]
    SLICE_X109Y126       LUT3 (Prop_lut3_I2_O)        0.330    19.475 r  u_system/u_gemm/g_mac1.u_mac/acc[30]_i_1/O
                         net (fo=1, routed)           0.000    19.475    u_system/u_gemm/g_mac1.u_mac/acc[30]
    SLICE_X109Y126       FDRE                                         r  u_system/u_gemm/g_mac1.u_mac/acc_reg[30]/D
  -------------------------------------------------------------------    -------------------

                         (clock sys_clk_pin rise edge)
                                                     30.000    30.000 r  
    K17                                               0.000    30.000 r  clk (IN)
                         net (fo=0)                   0.000    30.000    clk
    K17                  IBUF (Prop_ibuf_I_O)         1.404    31.404 r  clk_IBUF_inst/O
                         net (fo=1, routed)           2.293    33.697    clk_IBUF
    BUFGCTRL_X0Y16       BUFG (Prop_bufg_I_O)         0.091    33.788 r  clk_IBUF_BUFG_inst/O
                         net (fo=914, routed)         1.842    35.630    u_system/u_gemm/g_mac1.u_mac/clk_IBUF_BUFG
    SLICE_X109Y126       FDRE                                         r  u_system/u_gemm/g_mac1.u_mac/acc_reg[30]/C
                         clock pessimism              0.441    36.072    
                         clock uncertainty           -0.035    36.036    
    SLICE_X109Y126       FDRE (Setup_fdre_C_D)        0.075    36.111    u_system/u_gemm/g_mac1.u_mac/acc_reg[30]
  -------------------------------------------------------------------
                         required time                         36.111    
                         arrival time                         -19.475    
  -------------------------------------------------------------------
                         slack                                 16.637    





Pulse Width Checks
--------------------------------------------------------------------------------------
Clock Name:         sys_clk_pin
Waveform(ns):       { 0.000 15.000 }
Period(ns):         30.000
Sources:            { clk }

Check Type        Corner  Lib Pin             Reference Pin  Required(ns)  Actual(ns)  Slack(ns)  Location        Pin
Min Period        n/a     RAMB36E1/CLKARDCLK  n/a            2.944         30.000      27.056     RAMB36_X5Y19    u_system/mem_reg_0/CLKARDCLK
Min Period        n/a     RAMB36E1/CLKARDCLK  n/a            2.944         30.000      27.056     RAMB36_X5Y20    u_system/mem_reg_1/CLKARDCLK
Min Period        n/a     RAMB36E1/CLKARDCLK  n/a            2.944         30.000      27.056     RAMB36_X5Y21    u_system/mem_reg_2/CLKARDCLK
Min Period        n/a     RAMB36E1/CLKARDCLK  n/a            2.944         30.000      27.056     RAMB36_X5Y22    u_system/mem_reg_3/CLKARDCLK
Min Period        n/a     RAMB36E1/CLKBWRCLK  n/a            2.576         30.000      27.424     RAMB36_X5Y19    u_system/mem_reg_0/CLKBWRCLK
Low Pulse Width   Slow    RAMD32/CLK          n/a            1.250         15.000      13.750     SLICE_X108Y105  u_system/u_gemm/u_buf/a_buf_reg_0_15_0_5/RAMA/CLK
Low Pulse Width   Fast    RAMD32/CLK          n/a            1.250         15.000      13.750     SLICE_X108Y105  u_system/u_gemm/u_buf/a_buf_reg_0_15_0_5/RAMA/CLK
Low Pulse Width   Slow    RAMD32/CLK          n/a            1.250         15.000      13.750     SLICE_X108Y105  u_system/u_gemm/u_buf/a_buf_reg_0_15_0_5/RAMA_D1/CLK
Low Pulse Width   Fast    RAMD32/CLK          n/a            1.250         15.000      13.750     SLICE_X108Y105  u_system/u_gemm/u_buf/a_buf_reg_0_15_0_5/RAMA_D1/CLK
Low Pulse Width   Slow    RAMD32/CLK          n/a            1.250         15.000      13.750     SLICE_X108Y105  u_system/u_gemm/u_buf/a_buf_reg_0_15_0_5/RAMB/CLK
High Pulse Width  Slow    RAMD32/CLK          n/a            1.250         15.000      13.750     SLICE_X108Y105  u_system/u_gemm/u_buf/a_buf_reg_0_15_0_5/RAMA/CLK
High Pulse Width  Fast    RAMD32/CLK          n/a            1.250         15.000      13.750     SLICE_X108Y105  u_system/u_gemm/u_buf/a_buf_reg_0_15_0_5/RAMA/CLK
High Pulse Width  Slow    RAMD32/CLK          n/a            1.250         15.000      13.750     SLICE_X108Y105  u_system/u_gemm/u_buf/a_buf_reg_0_15_0_5/RAMA_D1/CLK
High Pulse Width  Fast    RAMD32/CLK          n/a            1.250         15.000      13.750     SLICE_X108Y105  u_system/u_gemm/u_buf/a_buf_reg_0_15_0_5/RAMA_D1/CLK
High Pulse Width  Slow    RAMD32/CLK          n/a            1.250         15.000      13.750     SLICE_X108Y105  u_system/u_gemm/u_buf/a_buf_reg_0_15_0_5/RAMB/CLK



