Copyright 1986-2022 Xilinx, Inc. All Rights Reserved. Copyright 2022-2024 Advanced Micro Devices, Inc. All Rights Reserved.
----------------------------------------------------------------------------------------------------------------------------------------------------------------------------------------------------
| Tool Version : Vivado v.2024.2 (lin64) Build 5239630 Fri Nov 08 22:34:34 MST 2024
| Date         : Wed Jun 17 03:38:28 2026
| Host         : young-PC running 64-bit Ubuntu 24.04.4 LTS
| Command      : report_timing_summary -delay_type max -max_paths 5 -file /home/young/dev/20_digital-systems-lab/projects/simple-cpu-gemm-accelerator/fpga/reports/mode1/71_4mhz_timing_summary.rpt
| Design       : zybo_top
| Device       : 7z020-clg400
| Speed File   : -1  PRODUCTION 1.12 2019-11-22
| Design State : Routed
----------------------------------------------------------------------------------------------------------------------------------------------------------------------------------------------------

Timing Summary Report

------------------------------------------------------------------------------------------------
| Timer Settings
| --------------
------------------------------------------------------------------------------------------------

  Enable Multi Corner Analysis               :  Yes
  Enable Pessimism Removal                   :  Yes
  Pessimism Removal Resolution               :  Nearest Common Node
  Enable Input Delay Default Clock           :  No
  Enable Preset / Clear Arcs                 :  No
  Disable Flight Delays                      :  No
  Ignore I/O Paths                           :  No
  Timing Early Launch at Borrowing Latches   :  No
  Borrow Time for Max Delay Exceptions       :  Yes
  Merge Timing Exceptions                    :  Yes
  Inter-SLR Compensation                     :  Conservative

  Corner  Analyze    Analyze    
  Name    Max Paths  Min Paths  
  ------  ---------  ---------  
  Slow    Yes        Yes        
  Fast    Yes        Yes        


------------------------------------------------------------------------------------------------
| Report Methodology
| ------------------
------------------------------------------------------------------------------------------------

Rule       Severity  Description                                 Violations  
---------  --------  ------------------------------------------  ----------  
SYNTH-6    Warning   Timing of a RAM block might be sub-optimal  4           
TIMING-18  Warning   Missing input or output delay               5           

Note: This report is based on the most recent report_methodology run and may not be up-to-date. Run report_methodology on the current design for the latest report.



check_timing report

Table of Contents
-----------------
1. checking no_clock (0)
2. checking constant_clock (0)
3. checking pulse_width_clock (0)
4. checking unconstrained_internal_endpoints (0)
5. checking no_input_delay (1)
6. checking no_output_delay (4)
7. checking multiple_clock (0)
8. checking generated_clocks (0)
9. checking loops (0)
10. checking partial_input_delay (0)
11. checking partial_output_delay (0)
12. checking latch_loops (0)

1. checking no_clock (0)
------------------------
 There are 0 register/latch pins with no clock.


2. checking constant_clock (0)
------------------------------
 There are 0 register/latch pins with constant_clock.


3. checking pulse_width_clock (0)
---------------------------------
 There are 0 register/latch pins which need pulse_width check


4. checking unconstrained_internal_endpoints (0)
------------------------------------------------
 There are 0 pins that are not constrained for maximum delay.

 There are 0 pins that are not constrained for maximum delay due to constant clock.


5. checking no_input_delay (1)
------------------------------
 There is 1 input port with no input delay specified. (HIGH)

 There are 0 input ports with no input delay but user has a false path constraint.


6. checking no_output_delay (4)
-------------------------------
 There are 4 ports with no output delay specified. (HIGH)

 There are 0 ports with no output delay but user has a false path constraint

 There are 0 ports with no output delay but with a timing clock defined on it or propagating through it


7. checking multiple_clock (0)
------------------------------
 There are 0 register/latch pins with multiple clocks.


8. checking generated_clocks (0)
--------------------------------
 There are 0 generated clocks that are not connected to a clock source.


9. checking loops (0)
---------------------
 There are 0 combinational loops in the design.


10. checking partial_input_delay (0)
------------------------------------
 There are 0 input ports with partial input delay specified.


11. checking partial_output_delay (0)
-------------------------------------
 There are 0 ports with partial output delay specified.


12. checking latch_loops (0)
----------------------------
 There are 0 combinational latch loops in the design through latch input



------------------------------------------------------------------------------------------------
| Design Timing Summary
| ---------------------
------------------------------------------------------------------------------------------------

    WNS(ns)      TNS(ns)  TNS Failing Endpoints  TNS Total Endpoints     WPWS(ns)     TPWS(ns)  TPWS Failing Endpoints  TPWS Total Endpoints  
    -------      -------  ---------------------  -------------------     --------     --------  ----------------------  --------------------  
      0.872        0.000                      0                 2510        5.750        0.000                       0                   915  


All user specified timing constraints are met.


------------------------------------------------------------------------------------------------
| Clock Summary
| -------------
------------------------------------------------------------------------------------------------

Clock        Waveform(ns)       Period(ns)      Frequency(MHz)
-----        ------------       ----------      --------------
sys_clk_pin  {0.000 7.000}      14.000          71.429          


------------------------------------------------------------------------------------------------
| Intra Clock Table
| -----------------
------------------------------------------------------------------------------------------------

Clock             WNS(ns)      TNS(ns)  TNS Failing Endpoints  TNS Total Endpoints     WPWS(ns)     TPWS(ns)  TPWS Failing Endpoints  TPWS Total Endpoints  
-----             -------      -------  ---------------------  -------------------     --------     --------  ----------------------  --------------------  
sys_clk_pin         0.872        0.000                      0                 2510        5.750        0.000                       0                   915  


------------------------------------------------------------------------------------------------
| Inter Clock Table
| -----------------
------------------------------------------------------------------------------------------------

From Clock    To Clock          WNS(ns)      TNS(ns)  TNS Failing Endpoints  TNS Total Endpoints  
----------    --------          -------      -------  ---------------------  -------------------  


------------------------------------------------------------------------------------------------
| Other Path Groups Table
| -----------------------
------------------------------------------------------------------------------------------------

Path Group    From Clock    To Clock          WNS(ns)      TNS(ns)  TNS Failing Endpoints  TNS Total Endpoints  
----------    ----------    --------          -------      -------  ---------------------  -------------------  


------------------------------------------------------------------------------------------------
| Timing Details
| --------------
------------------------------------------------------------------------------------------------


---------------------------------------------------------------------------------------------------
From Clock:  sys_clk_pin
  To Clock:  sys_clk_pin

Setup :            0  Failing Endpoints,  Worst Slack        0.872ns,  Total Violation        0.000ns
Hold  :           NA  Failing Endpoints,  Worst Slack           NA  ,  Total Violation           NA
PW    :            0  Failing Endpoints,  Worst Slack        5.750ns,  Total Violation        0.000ns
---------------------------------------------------------------------------------------------------


Max Delay Paths
--------------------------------------------------------------------------------------
Slack (MET) :             0.872ns  (required time - arrival time)
  Source:                 u_system/u_gemm/g_mac1.u_mac/j_reg[1]/C
                            (rising edge-triggered cell FDRE clocked by sys_clk_pin  {rise@0.000ns fall@7.000ns period=14.000ns})
  Destination:            u_system/u_gemm/g_mac1.u_mac/acc_reg[31]/D
                            (rising edge-triggered cell FDRE clocked by sys_clk_pin  {rise@0.000ns fall@7.000ns period=14.000ns})
  Path Group:             sys_clk_pin
  Path Type:              Setup (Max at Slow Process Corner)
  Requirement:            14.000ns  (sys_clk_pin rise@14.000ns - sys_clk_pin rise@0.000ns)
  Data Path Delay:        13.088ns  (logic 5.393ns (41.206%)  route 7.695ns (58.794%))
  Logic Levels:           16  (CARRY4=7 LUT2=1 LUT3=2 LUT4=2 LUT6=3 RAMD32=1)
  Clock Path Skew:        -0.080ns (DCD - SCD + CPR)
    Destination Clock Delay (DCD):    5.630ns = ( 19.630 - 14.000 ) 
    Source Clock Delay      (SCD):    6.152ns
    Clock Pessimism Removal (CPR):    0.441ns
  Clock Uncertainty:      0.035ns  ((TSJ^2 + TIJ^2)^1/2 + DJ) / 2 + PE
    Total System Jitter     (TSJ):    0.071ns
    Total Input Jitter      (TIJ):    0.000ns
    Discrete Jitter          (DJ):    0.000ns
    Phase Error              (PE):    0.000ns

    Location             Delay type                Incr(ns)  Path(ns)    Netlist Resource(s)
  -------------------------------------------------------------------    -------------------
                         (clock sys_clk_pin rise edge)
                                                      0.000     0.000 r  
    K17                                               0.000     0.000 r  clk (IN)
                         net (fo=0)                   0.000     0.000    clk
    K17                  IBUF (Prop_ibuf_I_O)         1.475     1.475 r  clk_IBUF_inst/O
                         net (fo=1, routed)           2.522     3.997    clk_IBUF
    BUFGCTRL_X0Y16       BUFG (Prop_bufg_I_O)         0.101     4.098 r  clk_IBUF_BUFG_inst/O
                         net (fo=914, routed)         2.054     6.152    u_system/u_gemm/g_mac1.u_mac/clk_IBUF_BUFG
    SLICE_X111Y111       FDRE                                         r  u_system/u_gemm/g_mac1.u_mac/j_reg[1]/C
  -------------------------------------------------------------------    -------------------
    SLICE_X111Y111       FDRE (Prop_fdre_C_Q)         0.456     6.608 r  u_system/u_gemm/g_mac1.u_mac/j_reg[1]/Q
                         net (fo=7, routed)           0.986     7.593    u_system/u_gemm/g_mac1.u_mac/j_reg_n_0_[1]
    SLICE_X111Y109       LUT6 (Prop_lut6_I0_O)        0.124     7.717 r  u_system/u_gemm/g_mac1.u_mac/b_buf_reg_0_15_0_5_i_5/O
                         net (fo=2, routed)           0.825     8.542    u_system/u_gemm/g_mac1.u_mac/b_buf_reg_0_15_0_5_i_5_n_0
    SLICE_X110Y108       LUT4 (Prop_lut4_I0_O)        0.152     8.694 r  u_system/u_gemm/g_mac1.u_mac/b_buf_reg_0_15_0_5_i_1/O
                         net (fo=8, routed)           1.053     9.747    u_system/u_gemm/u_buf/b_buf_reg_0_15_0_5/ADDRB3
    SLICE_X108Y103       RAMD32 (Prop_ramd32_RADR3_O)
                                                      0.352    10.099 r  u_system/u_gemm/u_buf/b_buf_reg_0_15_0_5/RAMB/O
                         net (fo=16, routed)          1.536    11.635    u_system/u_gemm/u_buf/b_rdata[2]
    SLICE_X107Y114       LUT6 (Prop_lut6_I0_O)        0.348    11.983 r  u_system/u_gemm/u_buf/prod__0_carry__0_i_4/O
                         net (fo=2, routed)           0.595    12.578    u_system/u_gemm/u_buf/b_we_reg_0[0]
    SLICE_X108Y114       LUT6 (Prop_lut6_I0_O)        0.124    12.702 r  u_system/u_gemm/u_buf/prod__0_carry__0_i_8/O
                         net (fo=1, routed)           0.000    12.702    u_system/u_gemm/g_mac1.u_mac/prod__85_carry_i_8_1[0]
    SLICE_X108Y114       CARRY4 (Prop_carry4_S[0]_O[3])
                                                      0.608    13.310 r  u_system/u_gemm/g_mac1.u_mac/prod__0_carry__0/O[3]
                         net (fo=2, routed)           0.784    14.094    u_system/u_gemm/g_mac1.u_mac/prod__0_carry__0_n_4
    SLICE_X110Y114       LUT3 (Prop_lut3_I2_O)        0.332    14.426 r  u_system/u_gemm/g_mac1.u_mac/prod__85_carry__0_i_4/O
                         net (fo=2, routed)           0.431    14.857    u_system/u_gemm/g_mac1.u_mac/prod__85_carry__0_i_4_n_0
    SLICE_X110Y115       LUT4 (Prop_lut4_I3_O)        0.332    15.189 r  u_system/u_gemm/g_mac1.u_mac/prod__85_carry__0_i_8/O
                         net (fo=1, routed)           0.000    15.189    u_system/u_gemm/g_mac1.u_mac/prod__85_carry__0_i_8_n_0
    SLICE_X110Y115       CARRY4 (Prop_carry4_S[0]_CO[3])
                                                      0.532    15.721 r  u_system/u_gemm/g_mac1.u_mac/prod__85_carry__0/CO[3]
                         net (fo=1, routed)           0.000    15.721    u_system/u_gemm/g_mac1.u_mac/prod__85_carry__0_n_0
    SLICE_X110Y116       CARRY4 (Prop_carry4_CI_O[3])
                                                      0.313    16.034 r  u_system/u_gemm/g_mac1.u_mac/prod__85_carry__1/O[3]
                         net (fo=4, routed)           0.855    16.888    u_system/u_gemm/u_buf/O[0]
    SLICE_X108Y123       LUT2 (Prop_lut2_I0_O)        0.306    17.194 r  u_system/u_gemm/u_buf/acc0_carry__3_i_5/O
                         net (fo=1, routed)           0.000    17.194    u_system/u_gemm/g_mac1.u_mac/c_wdata_reg[19]_1[0]
    SLICE_X108Y123       CARRY4 (Prop_carry4_S[0]_CO[3])
                                                      0.513    17.707 r  u_system/u_gemm/g_mac1.u_mac/acc0_carry__3/CO[3]
                         net (fo=1, routed)           0.000    17.707    u_system/u_gemm/g_mac1.u_mac/acc0_carry__3_n_0
    SLICE_X108Y124       CARRY4 (Prop_carry4_CI_CO[3])
                                                      0.117    17.824 r  u_system/u_gemm/g_mac1.u_mac/acc0_carry__4/CO[3]
                         net (fo=1, routed)           0.009    17.833    u_system/u_gemm/g_mac1.u_mac/acc0_carry__4_n_0
    SLICE_X108Y125       CARRY4 (Prop_carry4_CI_CO[3])
                                                      0.117    17.950 r  u_system/u_gemm/g_mac1.u_mac/acc0_carry__5/CO[3]
                         net (fo=1, routed)           0.000    17.950    u_system/u_gemm/g_mac1.u_mac/acc0_carry__5_n_0
    SLICE_X108Y126       CARRY4 (Prop_carry4_CI_O[3])
                                                      0.331    18.281 r  u_system/u_gemm/g_mac1.u_mac/acc0_carry__6/O[3]
                         net (fo=2, routed)           0.623    18.904    u_system/u_gemm/g_mac1.u_mac/acc0[31]
    SLICE_X109Y126       LUT3 (Prop_lut3_I2_O)        0.336    19.240 r  u_system/u_gemm/g_mac1.u_mac/acc[31]_i_1/O
                         net (fo=1, routed)           0.000    19.240    u_system/u_gemm/g_mac1.u_mac/acc[31]
    SLICE_X109Y126       FDRE                                         r  u_system/u_gemm/g_mac1.u_mac/acc_reg[31]/D
  -------------------------------------------------------------------    -------------------

                         (clock sys_clk_pin rise edge)
                                                     14.000    14.000 r  
    K17                                               0.000    14.000 r  clk (IN)
                         net (fo=0)                   0.000    14.000    clk
    K17                  IBUF (Prop_ibuf_I_O)         1.404    15.404 r  clk_IBUF_inst/O
                         net (fo=1, routed)           2.293    17.697    clk_IBUF
    BUFGCTRL_X0Y16       BUFG (Prop_bufg_I_O)         0.091    17.788 r  clk_IBUF_BUFG_inst/O
                         net (fo=914, routed)         1.842    19.630    u_system/u_gemm/g_mac1.u_mac/clk_IBUF_BUFG
    SLICE_X109Y126       FDRE                                         r  u_system/u_gemm/g_mac1.u_mac/acc_reg[31]/C
                         clock pessimism              0.441    20.072    
                         clock uncertainty           -0.035    20.036    
    SLICE_X109Y126       FDRE (Setup_fdre_C_D)        0.075    20.111    u_system/u_gemm/g_mac1.u_mac/acc_reg[31]
  -------------------------------------------------------------------
                         required time                         20.111    
                         arrival time                         -19.240    
  -------------------------------------------------------------------
                         slack                                  0.872    

Slack (MET) :             0.889ns  (required time - arrival time)
  Source:                 u_system/u_gemm/g_mac1.u_mac/j_reg[1]/C
                            (rising edge-triggered cell FDRE clocked by sys_clk_pin  {rise@0.000ns fall@7.000ns period=14.000ns})
  Destination:            u_system/u_gemm/g_mac1.u_mac/acc_reg[25]/D
                            (rising edge-triggered cell FDRE clocked by sys_clk_pin  {rise@0.000ns fall@7.000ns period=14.000ns})
  Path Group:             sys_clk_pin
  Path Type:              Setup (Max at Slow Process Corner)
  Requirement:            14.000ns  (sys_clk_pin rise@14.000ns - sys_clk_pin rise@0.000ns)
  Data Path Delay:        13.024ns  (logic 5.252ns (40.324%)  route 7.772ns (59.676%))
  Logic Levels:           15  (CARRY4=6 LUT2=1 LUT3=2 LUT4=2 LUT6=3 RAMD32=1)
  Clock Path Skew:        -0.080ns (DCD - SCD + CPR)
    Destination Clock Delay (DCD):    5.630ns = ( 19.630 - 14.000 ) 
    Source Clock Delay      (SCD):    6.152ns
    Clock Pessimism Removal (CPR):    0.441ns
  Clock Uncertainty:      0.035ns  ((TSJ^2 + TIJ^2)^1/2 + DJ) / 2 + PE
    Total System Jitter     (TSJ):    0.071ns
    Total Input Jitter      (TIJ):    0.000ns
    Discrete Jitter          (DJ):    0.000ns
    Phase Error              (PE):    0.000ns

    Location             Delay type                Incr(ns)  Path(ns)    Netlist Resource(s)
  -------------------------------------------------------------------    -------------------
                         (clock sys_clk_pin rise edge)
                                                      0.000     0.000 r  
    K17                                               0.000     0.000 r  clk (IN)
                         net (fo=0)                   0.000     0.000    clk
    K17                  IBUF (Prop_ibuf_I_O)         1.475     1.475 r  clk_IBUF_inst/O
                         net (fo=1, routed)           2.522     3.997    clk_IBUF
    BUFGCTRL_X0Y16       BUFG (Prop_bufg_I_O)         0.101     4.098 r  clk_IBUF_BUFG_inst/O
                         net (fo=914, routed)         2.054     6.152    u_system/u_gemm/g_mac1.u_mac/clk_IBUF_BUFG
    SLICE_X111Y111       FDRE                                         r  u_system/u_gemm/g_mac1.u_mac/j_reg[1]/C
  -------------------------------------------------------------------    -------------------
    SLICE_X111Y111       FDRE (Prop_fdre_C_Q)         0.456     6.608 r  u_system/u_gemm/g_mac1.u_mac/j_reg[1]/Q
                         net (fo=7, routed)           0.986     7.593    u_system/u_gemm/g_mac1.u_mac/j_reg_n_0_[1]
    SLICE_X111Y109       LUT6 (Prop_lut6_I0_O)        0.124     7.717 r  u_system/u_gemm/g_mac1.u_mac/b_buf_reg_0_15_0_5_i_5/O
                         net (fo=2, routed)           0.825     8.542    u_system/u_gemm/g_mac1.u_mac/b_buf_reg_0_15_0_5_i_5_n_0
    SLICE_X110Y108       LUT4 (Prop_lut4_I0_O)        0.152     8.694 r  u_system/u_gemm/g_mac1.u_mac/b_buf_reg_0_15_0_5_i_1/O
                         net (fo=8, routed)           1.053     9.747    u_system/u_gemm/u_buf/b_buf_reg_0_15_0_5/ADDRB3
    SLICE_X108Y103       RAMD32 (Prop_ramd32_RADR3_O)
                                                      0.352    10.099 r  u_system/u_gemm/u_buf/b_buf_reg_0_15_0_5/RAMB/O
                         net (fo=16, routed)          1.536    11.635    u_system/u_gemm/u_buf/b_rdata[2]
    SLICE_X107Y114       LUT6 (Prop_lut6_I0_O)        0.348    11.983 r  u_system/u_gemm/u_buf/prod__0_carry__0_i_4/O
                         net (fo=2, routed)           0.595    12.578    u_system/u_gemm/u_buf/b_we_reg_0[0]
    SLICE_X108Y114       LUT6 (Prop_lut6_I0_O)        0.124    12.702 r  u_system/u_gemm/u_buf/prod__0_carry__0_i_8/O
                         net (fo=1, routed)           0.000    12.702    u_system/u_gemm/g_mac1.u_mac/prod__85_carry_i_8_1[0]
    SLICE_X108Y114       CARRY4 (Prop_carry4_S[0]_O[3])
                                                      0.608    13.310 r  u_system/u_gemm/g_mac1.u_mac/prod__0_carry__0/O[3]
                         net (fo=2, routed)           0.784    14.094    u_system/u_gemm/g_mac1.u_mac/prod__0_carry__0_n_4
    SLICE_X110Y114       LUT3 (Prop_lut3_I2_O)        0.332    14.426 r  u_system/u_gemm/g_mac1.u_mac/prod__85_carry__0_i_4/O
                         net (fo=2, routed)           0.431    14.857    u_system/u_gemm/g_mac1.u_mac/prod__85_carry__0_i_4_n_0
    SLICE_X110Y115       LUT4 (Prop_lut4_I3_O)        0.332    15.189 r  u_system/u_gemm/g_mac1.u_mac/prod__85_carry__0_i_8/O
                         net (fo=1, routed)           0.000    15.189    u_system/u_gemm/g_mac1.u_mac/prod__85_carry__0_i_8_n_0
    SLICE_X110Y115       CARRY4 (Prop_carry4_S[0]_CO[3])
                                                      0.532    15.721 r  u_system/u_gemm/g_mac1.u_mac/prod__85_carry__0/CO[3]
                         net (fo=1, routed)           0.000    15.721    u_system/u_gemm/g_mac1.u_mac/prod__85_carry__0_n_0
    SLICE_X110Y116       CARRY4 (Prop_carry4_CI_O[3])
                                                      0.313    16.034 r  u_system/u_gemm/g_mac1.u_mac/prod__85_carry__1/O[3]
                         net (fo=4, routed)           0.855    16.888    u_system/u_gemm/u_buf/O[0]
    SLICE_X108Y123       LUT2 (Prop_lut2_I0_O)        0.306    17.194 r  u_system/u_gemm/u_buf/acc0_carry__3_i_5/O
                         net (fo=1, routed)           0.000    17.194    u_system/u_gemm/g_mac1.u_mac/c_wdata_reg[19]_1[0]
    SLICE_X108Y123       CARRY4 (Prop_carry4_S[0]_CO[3])
                                                      0.513    17.707 r  u_system/u_gemm/g_mac1.u_mac/acc0_carry__3/CO[3]
                         net (fo=1, routed)           0.000    17.707    u_system/u_gemm/g_mac1.u_mac/acc0_carry__3_n_0
    SLICE_X108Y124       CARRY4 (Prop_carry4_CI_CO[3])
                                                      0.117    17.824 r  u_system/u_gemm/g_mac1.u_mac/acc0_carry__4/CO[3]
                         net (fo=1, routed)           0.009    17.833    u_system/u_gemm/g_mac1.u_mac/acc0_carry__4_n_0
    SLICE_X108Y125       CARRY4 (Prop_carry4_CI_O[1])
                                                      0.337    18.170 r  u_system/u_gemm/g_mac1.u_mac/acc0_carry__5/O[1]
                         net (fo=2, routed)           0.700    18.870    u_system/u_gemm/g_mac1.u_mac/acc0[25]
    SLICE_X109Y126       LUT3 (Prop_lut3_I2_O)        0.306    19.176 r  u_system/u_gemm/g_mac1.u_mac/acc[25]_i_1/O
                         net (fo=1, routed)           0.000    19.176    u_system/u_gemm/g_mac1.u_mac/acc[25]
    SLICE_X109Y126       FDRE                                         r  u_system/u_gemm/g_mac1.u_mac/acc_reg[25]/D
  -------------------------------------------------------------------    -------------------

                         (clock sys_clk_pin rise edge)
                                                     14.000    14.000 r  
    K17                                               0.000    14.000 r  clk (IN)
                         net (fo=0)                   0.000    14.000    clk
    K17                  IBUF (Prop_ibuf_I_O)         1.404    15.404 r  clk_IBUF_inst/O
                         net (fo=1, routed)           2.293    17.697    clk_IBUF
    BUFGCTRL_X0Y16       BUFG (Prop_bufg_I_O)         0.091    17.788 r  clk_IBUF_BUFG_inst/O
                         net (fo=914, routed)         1.842    19.630    u_system/u_gemm/g_mac1.u_mac/clk_IBUF_BUFG
    SLICE_X109Y126       FDRE                                         r  u_system/u_gemm/g_mac1.u_mac/acc_reg[25]/C
                         clock pessimism              0.441    20.072    
                         clock uncertainty           -0.035    20.036    
    SLICE_X109Y126       FDRE (Setup_fdre_C_D)        0.029    20.065    u_system/u_gemm/g_mac1.u_mac/acc_reg[25]
  -------------------------------------------------------------------
                         required time                         20.065    
                         arrival time                         -19.176    
  -------------------------------------------------------------------
                         slack                                  0.889    

Slack (MET) :             0.916ns  (required time - arrival time)
  Source:                 u_system/u_gemm/g_mac1.u_mac/j_reg[1]/C
                            (rising edge-triggered cell FDRE clocked by sys_clk_pin  {rise@0.000ns fall@7.000ns period=14.000ns})
  Destination:            u_system/u_gemm/g_mac1.u_mac/acc_reg[30]/D
                            (rising edge-triggered cell FDRE clocked by sys_clk_pin  {rise@0.000ns fall@7.000ns period=14.000ns})
  Path Group:             sys_clk_pin
  Path Type:              Setup (Max at Slow Process Corner)
  Requirement:            14.000ns  (sys_clk_pin rise@14.000ns - sys_clk_pin rise@0.000ns)
  Data Path Delay:        13.044ns  (logic 5.278ns (40.463%)  route 7.766ns (59.537%))
  Logic Levels:           16  (CARRY4=7 LUT2=1 LUT3=2 LUT4=2 LUT6=3 RAMD32=1)
  Clock Path Skew:        -0.080ns (DCD - SCD + CPR)
    Destination Clock Delay (DCD):    5.630ns = ( 19.630 - 14.000 ) 
    Source Clock Delay      (SCD):    6.152ns
    Clock Pessimism Removal (CPR):    0.441ns
  Clock Uncertainty:      0.035ns  ((TSJ^2 + TIJ^2)^1/2 + DJ) / 2 + PE
    Total System Jitter     (TSJ):    0.071ns
    Total Input Jitter      (TIJ):    0.000ns
    Discrete Jitter          (DJ):    0.000ns
    Phase Error              (PE):    0.000ns

    Location             Delay type                Incr(ns)  Path(ns)    Netlist Resource(s)
  -------------------------------------------------------------------    -------------------
                         (clock sys_clk_pin rise edge)
                                                      0.000     0.000 r  
    K17                                               0.000     0.000 r  clk (IN)
                         net (fo=0)                   0.000     0.000    clk
    K17                  IBUF (Prop_ibuf_I_O)         1.475     1.475 r  clk_IBUF_inst/O
                         net (fo=1, routed)           2.522     3.997    clk_IBUF
    BUFGCTRL_X0Y16       BUFG (Prop_bufg_I_O)         0.101     4.098 r  clk_IBUF_BUFG_inst/O
                         net (fo=914, routed)         2.054     6.152    u_system/u_gemm/g_mac1.u_mac/clk_IBUF_BUFG
    SLICE_X111Y111       FDRE                                         r  u_system/u_gemm/g_mac1.u_mac/j_reg[1]/C
  -------------------------------------------------------------------    -------------------
    SLICE_X111Y111       FDRE (Prop_fdre_C_Q)         0.456     6.608 r  u_system/u_gemm/g_mac1.u_mac/j_reg[1]/Q
                         net (fo=7, routed)           0.986     7.593    u_system/u_gemm/g_mac1.u_mac/j_reg_n_0_[1]
    SLICE_X111Y109       LUT6 (Prop_lut6_I0_O)        0.124     7.717 r  u_system/u_gemm/g_mac1.u_mac/b_buf_reg_0_15_0_5_i_5/O
                         net (fo=2, routed)           0.825     8.542    u_system/u_gemm/g_mac1.u_mac/b_buf_reg_0_15_0_5_i_5_n_0
    SLICE_X110Y108       LUT4 (Prop_lut4_I0_O)        0.152     8.694 r  u_system/u_gemm/g_mac1.u_mac/b_buf_reg_0_15_0_5_i_1/O
                         net (fo=8, routed)           1.053     9.747    u_system/u_gemm/u_buf/b_buf_reg_0_15_0_5/ADDRB3
    SLICE_X108Y103       RAMD32 (Prop_ramd32_RADR3_O)
                                                      0.352    10.099 r  u_system/u_gemm/u_buf/b_buf_reg_0_15_0_5/RAMB/O
                         net (fo=16, routed)          1.536    11.635    u_system/u_gemm/u_buf/b_rdata[2]
    SLICE_X107Y114       LUT6 (Prop_lut6_I0_O)        0.348    11.983 r  u_system/u_gemm/u_buf/prod__0_carry__0_i_4/O
                         net (fo=2, routed)           0.595    12.578    u_system/u_gemm/u_buf/b_we_reg_0[0]
    SLICE_X108Y114       LUT6 (Prop_lut6_I0_O)        0.124    12.702 r  u_system/u_gemm/u_buf/prod__0_carry__0_i_8/O
                         net (fo=1, routed)           0.000    12.702    u_system/u_gemm/g_mac1.u_mac/prod__85_carry_i_8_1[0]
    SLICE_X108Y114       CARRY4 (Prop_carry4_S[0]_O[3])
                                                      0.608    13.310 r  u_system/u_gemm/g_mac1.u_mac/prod__0_carry__0/O[3]
                         net (fo=2, routed)           0.784    14.094    u_system/u_gemm/g_mac1.u_mac/prod__0_carry__0_n_4
    SLICE_X110Y114       LUT3 (Prop_lut3_I2_O)        0.332    14.426 r  u_system/u_gemm/g_mac1.u_mac/prod__85_carry__0_i_4/O
                         net (fo=2, routed)           0.431    14.857    u_system/u_gemm/g_mac1.u_mac/prod__85_carry__0_i_4_n_0
    SLICE_X110Y115       LUT4 (Prop_lut4_I3_O)        0.332    15.189 r  u_system/u_gemm/g_mac1.u_mac/prod__85_carry__0_i_8/O
                         net (fo=1, routed)           0.000    15.189    u_system/u_gemm/g_mac1.u_mac/prod__85_carry__0_i_8_n_0
    SLICE_X110Y115       CARRY4 (Prop_carry4_S[0]_CO[3])
                                                      0.532    15.721 r  u_system/u_gemm/g_mac1.u_mac/prod__85_carry__0/CO[3]
                         net (fo=1, routed)           0.000    15.721    u_system/u_gemm/g_mac1.u_mac/prod__85_carry__0_n_0
    SLICE_X110Y116       CARRY4 (Prop_carry4_CI_O[3])
                                                      0.313    16.034 r  u_system/u_gemm/g_mac1.u_mac/prod__85_carry__1/O[3]
                         net (fo=4, routed)           0.855    16.888    u_system/u_gemm/u_buf/O[0]
    SLICE_X108Y123       LUT2 (Prop_lut2_I0_O)        0.306    17.194 r  u_system/u_gemm/u_buf/acc0_carry__3_i_5/O
                         net (fo=1, routed)           0.000    17.194    u_system/u_gemm/g_mac1.u_mac/c_wdata_reg[19]_1[0]
    SLICE_X108Y123       CARRY4 (Prop_carry4_S[0]_CO[3])
                                                      0.513    17.707 r  u_system/u_gemm/g_mac1.u_mac/acc0_carry__3/CO[3]
                         net (fo=1, routed)           0.000    17.707    u_system/u_gemm/g_mac1.u_mac/acc0_carry__3_n_0
    SLICE_X108Y124       CARRY4 (Prop_carry4_CI_CO[3])
                                                      0.117    17.824 r  u_system/u_gemm/g_mac1.u_mac/acc0_carry__4/CO[3]
                         net (fo=1, routed)           0.009    17.833    u_system/u_gemm/g_mac1.u_mac/acc0_carry__4_n_0
    SLICE_X108Y125       CARRY4 (Prop_carry4_CI_CO[3])
                                                      0.117    17.950 r  u_system/u_gemm/g_mac1.u_mac/acc0_carry__5/CO[3]
                         net (fo=1, routed)           0.000    17.950    u_system/u_gemm/g_mac1.u_mac/acc0_carry__5_n_0
    SLICE_X108Y126       CARRY4 (Prop_carry4_CI_O[2])
                                                      0.256    18.206 r  u_system/u_gemm/g_mac1.u_mac/acc0_carry__6/O[2]
                         net (fo=2, routed)           0.694    18.900    u_system/u_gemm/g_mac1.u_mac/acc0[30]
    SLICE_X109Y126       LUT3 (Prop_lut3_I2_O)        0.296    19.196 r  u_system/u_gemm/g_mac1.u_mac/acc[30]_i_1/O
                         net (fo=1, routed)           0.000    19.196    u_system/u_gemm/g_mac1.u_mac/acc[30]
    SLICE_X109Y126       FDRE                                         r  u_system/u_gemm/g_mac1.u_mac/acc_reg[30]/D
  -------------------------------------------------------------------    -------------------

                         (clock sys_clk_pin rise edge)
                                                     14.000    14.000 r  
    K17                                               0.000    14.000 r  clk (IN)
                         net (fo=0)                   0.000    14.000    clk
    K17                  IBUF (Prop_ibuf_I_O)         1.404    15.404 r  clk_IBUF_inst/O
                         net (fo=1, routed)           2.293    17.697    clk_IBUF
    BUFGCTRL_X0Y16       BUFG (Prop_bufg_I_O)         0.091    17.788 r  clk_IBUF_BUFG_inst/O
                         net (fo=914, routed)         1.842    19.630    u_system/u_gemm/g_mac1.u_mac/clk_IBUF_BUFG
    SLICE_X109Y126       FDRE                                         r  u_system/u_gemm/g_mac1.u_mac/acc_reg[30]/C
                         clock pessimism              0.441    20.072    
                         clock uncertainty           -0.035    20.036    
    SLICE_X109Y126       FDRE (Setup_fdre_C_D)        0.075    20.111    u_system/u_gemm/g_mac1.u_mac/acc_reg[30]
  -------------------------------------------------------------------
                         required time                         20.111    
                         arrival time                         -19.196    
  -------------------------------------------------------------------
                         slack                                  0.916    

Slack (MET) :             0.939ns  (required time - arrival time)
  Source:                 u_system/u_gemm/g_mac1.u_mac/j_reg[1]/C
                            (rising edge-triggered cell FDRE clocked by sys_clk_pin  {rise@0.000ns fall@7.000ns period=14.000ns})
  Destination:            u_system/u_gemm/g_mac1.u_mac/acc_reg[28]/D
                            (rising edge-triggered cell FDRE clocked by sys_clk_pin  {rise@0.000ns fall@7.000ns period=14.000ns})
  Path Group:             sys_clk_pin
  Path Type:              Setup (Max at Slow Process Corner)
  Requirement:            14.000ns  (sys_clk_pin rise@14.000ns - sys_clk_pin rise@0.000ns)
  Data Path Delay:        12.977ns  (logic 5.253ns (40.480%)  route 7.724ns (59.520%))
  Logic Levels:           16  (CARRY4=7 LUT2=1 LUT3=2 LUT4=2 LUT6=3 RAMD32=1)
  Clock Path Skew:        -0.080ns (DCD - SCD + CPR)
    Destination Clock Delay (DCD):    5.630ns = ( 19.630 - 14.000 ) 
    Source Clock Delay      (SCD):    6.152ns
    Clock Pessimism Removal (CPR):    0.441ns
  Clock Uncertainty:      0.035ns  ((TSJ^2 + TIJ^2)^1/2 + DJ) / 2 + PE
    Total System Jitter     (TSJ):    0.071ns
    Total Input Jitter      (TIJ):    0.000ns
    Discrete Jitter          (DJ):    0.000ns
    Phase Error              (PE):    0.000ns

    Location             Delay type                Incr(ns)  Path(ns)    Netlist Resource(s)
  -------------------------------------------------------------------    -------------------
                         (clock sys_clk_pin rise edge)
                                                      0.000     0.000 r  
    K17                                               0.000     0.000 r  clk (IN)
                         net (fo=0)                   0.000     0.000    clk
    K17                  IBUF (Prop_ibuf_I_O)         1.475     1.475 r  clk_IBUF_inst/O
                         net (fo=1, routed)           2.522     3.997    clk_IBUF
    BUFGCTRL_X0Y16       BUFG (Prop_bufg_I_O)         0.101     4.098 r  clk_IBUF_BUFG_inst/O
                         net (fo=914, routed)         2.054     6.152    u_system/u_gemm/g_mac1.u_mac/clk_IBUF_BUFG
    SLICE_X111Y111       FDRE                                         r  u_system/u_gemm/g_mac1.u_mac/j_reg[1]/C
  -------------------------------------------------------------------    -------------------
    SLICE_X111Y111       FDRE (Prop_fdre_C_Q)         0.456     6.608 r  u_system/u_gemm/g_mac1.u_mac/j_reg[1]/Q
                         net (fo=7, routed)           0.986     7.593    u_system/u_gemm/g_mac1.u_mac/j_reg_n_0_[1]
    SLICE_X111Y109       LUT6 (Prop_lut6_I0_O)        0.124     7.717 r  u_system/u_gemm/g_mac1.u_mac/b_buf_reg_0_15_0_5_i_5/O
                         net (fo=2, routed)           0.825     8.542    u_system/u_gemm/g_mac1.u_mac/b_buf_reg_0_15_0_5_i_5_n_0
    SLICE_X110Y108       LUT4 (Prop_lut4_I0_O)        0.152     8.694 r  u_system/u_gemm/g_mac1.u_mac/b_buf_reg_0_15_0_5_i_1/O
                         net (fo=8, routed)           1.053     9.747    u_system/u_gemm/u_buf/b_buf_reg_0_15_0_5/ADDRB3
    SLICE_X108Y103       RAMD32 (Prop_ramd32_RADR3_O)
                                                      0.352    10.099 r  u_system/u_gemm/u_buf/b_buf_reg_0_15_0_5/RAMB/O
                         net (fo=16, routed)          1.536    11.635    u_system/u_gemm/u_buf/b_rdata[2]
    SLICE_X107Y114       LUT6 (Prop_lut6_I0_O)        0.348    11.983 r  u_system/u_gemm/u_buf/prod__0_carry__0_i_4/O
                         net (fo=2, routed)           0.595    12.578    u_system/u_gemm/u_buf/b_we_reg_0[0]
    SLICE_X108Y114       LUT6 (Prop_lut6_I0_O)        0.124    12.702 r  u_system/u_gemm/u_buf/prod__0_carry__0_i_8/O
                         net (fo=1, routed)           0.000    12.702    u_system/u_gemm/g_mac1.u_mac/prod__85_carry_i_8_1[0]
    SLICE_X108Y114       CARRY4 (Prop_carry4_S[0]_O[3])
                                                      0.608    13.310 r  u_system/u_gemm/g_mac1.u_mac/prod__0_carry__0/O[3]
                         net (fo=2, routed)           0.784    14.094    u_system/u_gemm/g_mac1.u_mac/prod__0_carry__0_n_4
    SLICE_X110Y114       LUT3 (Prop_lut3_I2_O)        0.332    14.426 r  u_system/u_gemm/g_mac1.u_mac/prod__85_carry__0_i_4/O
                         net (fo=2, routed)           0.431    14.857    u_system/u_gemm/g_mac1.u_mac/prod__85_carry__0_i_4_n_0
    SLICE_X110Y115       LUT4 (Prop_lut4_I3_O)        0.332    15.189 r  u_system/u_gemm/g_mac1.u_mac/prod__85_carry__0_i_8/O
                         net (fo=1, routed)           0.000    15.189    u_system/u_gemm/g_mac1.u_mac/prod__85_carry__0_i_8_n_0
    SLICE_X110Y115       CARRY4 (Prop_carry4_S[0]_CO[3])
                                                      0.532    15.721 r  u_system/u_gemm/g_mac1.u_mac/prod__85_carry__0/CO[3]
                         net (fo=1, routed)           0.000    15.721    u_system/u_gemm/g_mac1.u_mac/prod__85_carry__0_n_0
    SLICE_X110Y116       CARRY4 (Prop_carry4_CI_O[3])
                                                      0.313    16.034 r  u_system/u_gemm/g_mac1.u_mac/prod__85_carry__1/O[3]
                         net (fo=4, routed)           0.855    16.888    u_system/u_gemm/u_buf/O[0]
    SLICE_X108Y123       LUT2 (Prop_lut2_I0_O)        0.306    17.194 r  u_system/u_gemm/u_buf/acc0_carry__3_i_5/O
                         net (fo=1, routed)           0.000    17.194    u_system/u_gemm/g_mac1.u_mac/c_wdata_reg[19]_1[0]
    SLICE_X108Y123       CARRY4 (Prop_carry4_S[0]_CO[3])
                                                      0.513    17.707 r  u_system/u_gemm/g_mac1.u_mac/acc0_carry__3/CO[3]
                         net (fo=1, routed)           0.000    17.707    u_system/u_gemm/g_mac1.u_mac/acc0_carry__3_n_0
    SLICE_X108Y124       CARRY4 (Prop_carry4_CI_CO[3])
                                                      0.117    17.824 r  u_system/u_gemm/g_mac1.u_mac/acc0_carry__4/CO[3]
                         net (fo=1, routed)           0.009    17.833    u_system/u_gemm/g_mac1.u_mac/acc0_carry__4_n_0
    SLICE_X108Y125       CARRY4 (Prop_carry4_CI_CO[3])
                                                      0.117    17.950 r  u_system/u_gemm/g_mac1.u_mac/acc0_carry__5/CO[3]
                         net (fo=1, routed)           0.000    17.950    u_system/u_gemm/g_mac1.u_mac/acc0_carry__5_n_0
    SLICE_X108Y126       CARRY4 (Prop_carry4_CI_O[0])
                                                      0.232    18.182 r  u_system/u_gemm/g_mac1.u_mac/acc0_carry__6/O[0]
                         net (fo=2, routed)           0.652    18.834    u_system/u_gemm/g_mac1.u_mac/acc0[28]
    SLICE_X109Y126       LUT3 (Prop_lut3_I2_O)        0.295    19.129 r  u_system/u_gemm/g_mac1.u_mac/acc[28]_i_1/O
                         net (fo=1, routed)           0.000    19.129    u_system/u_gemm/g_mac1.u_mac/acc[28]
    SLICE_X109Y126       FDRE                                         r  u_system/u_gemm/g_mac1.u_mac/acc_reg[28]/D
  -------------------------------------------------------------------    -------------------

                         (clock sys_clk_pin rise edge)
                                                     14.000    14.000 r  
    K17                                               0.000    14.000 r  clk (IN)
                         net (fo=0)                   0.000    14.000    clk
    K17                  IBUF (Prop_ibuf_I_O)         1.404    15.404 r  clk_IBUF_inst/O
                         net (fo=1, routed)           2.293    17.697    clk_IBUF
    BUFGCTRL_X0Y16       BUFG (Prop_bufg_I_O)         0.091    17.788 r  clk_IBUF_BUFG_inst/O
                         net (fo=914, routed)         1.842    19.630    u_system/u_gemm/g_mac1.u_mac/clk_IBUF_BUFG
    SLICE_X109Y126       FDRE                                         r  u_system/u_gemm/g_mac1.u_mac/acc_reg[28]/C
                         clock pessimism              0.441    20.072    
                         clock uncertainty           -0.035    20.036    
    SLICE_X109Y126       FDRE (Setup_fdre_C_D)        0.031    20.067    u_system/u_gemm/g_mac1.u_mac/acc_reg[28]
  -------------------------------------------------------------------
                         required time                         20.067    
                         arrival time                         -19.129    
  -------------------------------------------------------------------
                         slack                                  0.939    

Slack (MET) :             0.971ns  (required time - arrival time)
  Source:                 u_system/u_gemm/g_mac1.u_mac/j_reg[1]/C
                            (rising edge-triggered cell FDRE clocked by sys_clk_pin  {rise@0.000ns fall@7.000ns period=14.000ns})
  Destination:            u_system/u_gemm/g_mac1.u_mac/acc_reg[29]/D
                            (rising edge-triggered cell FDRE clocked by sys_clk_pin  {rise@0.000ns fall@7.000ns period=14.000ns})
  Path Group:             sys_clk_pin
  Path Type:              Setup (Max at Slow Process Corner)
  Requirement:            14.000ns  (sys_clk_pin rise@14.000ns - sys_clk_pin rise@0.000ns)
  Data Path Delay:        12.945ns  (logic 5.369ns (41.475%)  route 7.576ns (58.525%))
  Logic Levels:           16  (CARRY4=7 LUT2=1 LUT3=2 LUT4=2 LUT6=3 RAMD32=1)
  Clock Path Skew:        -0.080ns (DCD - SCD + CPR)
    Destination Clock Delay (DCD):    5.630ns = ( 19.630 - 14.000 ) 
    Source Clock Delay      (SCD):    6.152ns
    Clock Pessimism Removal (CPR):    0.441ns
  Clock Uncertainty:      0.035ns  ((TSJ^2 + TIJ^2)^1/2 + DJ) / 2 + PE
    Total System Jitter     (TSJ):    0.071ns
    Total Input Jitter      (TIJ):    0.000ns
    Discrete Jitter          (DJ):    0.000ns
    Phase Error              (PE):    0.000ns

    Location             Delay type                Incr(ns)  Path(ns)    Netlist Resource(s)
  -------------------------------------------------------------------    -------------------
                         (clock sys_clk_pin rise edge)
                                                      0.000     0.000 r  
    K17                                               0.000     0.000 r  clk (IN)
                         net (fo=0)                   0.000     0.000    clk
    K17                  IBUF (Prop_ibuf_I_O)         1.475     1.475 r  clk_IBUF_inst/O
                         net (fo=1, routed)           2.522     3.997    clk_IBUF
    BUFGCTRL_X0Y16       BUFG (Prop_bufg_I_O)         0.101     4.098 r  clk_IBUF_BUFG_inst/O
                         net (fo=914, routed)         2.054     6.152    u_system/u_gemm/g_mac1.u_mac/clk_IBUF_BUFG
    SLICE_X111Y111       FDRE                                         r  u_system/u_gemm/g_mac1.u_mac/j_reg[1]/C
  -------------------------------------------------------------------    -------------------
    SLICE_X111Y111       FDRE (Prop_fdre_C_Q)         0.456     6.608 r  u_system/u_gemm/g_mac1.u_mac/j_reg[1]/Q
                         net (fo=7, routed)           0.986     7.593    u_system/u_gemm/g_mac1.u_mac/j_reg_n_0_[1]
    SLICE_X111Y109       LUT6 (Prop_lut6_I0_O)        0.124     7.717 r  u_system/u_gemm/g_mac1.u_mac/b_buf_reg_0_15_0_5_i_5/O
                         net (fo=2, routed)           0.825     8.542    u_system/u_gemm/g_mac1.u_mac/b_buf_reg_0_15_0_5_i_5_n_0
    SLICE_X110Y108       LUT4 (Prop_lut4_I0_O)        0.152     8.694 r  u_system/u_gemm/g_mac1.u_mac/b_buf_reg_0_15_0_5_i_1/O
                         net (fo=8, routed)           1.053     9.747    u_system/u_gemm/u_buf/b_buf_reg_0_15_0_5/ADDRB3
    SLICE_X108Y103       RAMD32 (Prop_ramd32_RADR3_O)
                                                      0.352    10.099 r  u_system/u_gemm/u_buf/b_buf_reg_0_15_0_5/RAMB/O
                         net (fo=16, routed)          1.536    11.635    u_system/u_gemm/u_buf/b_rdata[2]
    SLICE_X107Y114       LUT6 (Prop_lut6_I0_O)        0.348    11.983 r  u_system/u_gemm/u_buf/prod__0_carry__0_i_4/O
                         net (fo=2, routed)           0.595    12.578    u_system/u_gemm/u_buf/b_we_reg_0[0]
    SLICE_X108Y114       LUT6 (Prop_lut6_I0_O)        0.124    12.702 r  u_system/u_gemm/u_buf/prod__0_carry__0_i_8/O
                         net (fo=1, routed)           0.000    12.702    u_system/u_gemm/g_mac1.u_mac/prod__85_carry_i_8_1[0]
    SLICE_X108Y114       CARRY4 (Prop_carry4_S[0]_O[3])
                                                      0.608    13.310 r  u_system/u_gemm/g_mac1.u_mac/prod__0_carry__0/O[3]
                         net (fo=2, routed)           0.784    14.094    u_system/u_gemm/g_mac1.u_mac/prod__0_carry__0_n_4
    SLICE_X110Y114       LUT3 (Prop_lut3_I2_O)        0.332    14.426 r  u_system/u_gemm/g_mac1.u_mac/prod__85_carry__0_i_4/O
                         net (fo=2, routed)           0.431    14.857    u_system/u_gemm/g_mac1.u_mac/prod__85_carry__0_i_4_n_0
    SLICE_X110Y115       LUT4 (Prop_lut4_I3_O)        0.332    15.189 r  u_system/u_gemm/g_mac1.u_mac/prod__85_carry__0_i_8/O
                         net (fo=1, routed)           0.000    15.189    u_system/u_gemm/g_mac1.u_mac/prod__85_carry__0_i_8_n_0
    SLICE_X110Y115       CARRY4 (Prop_carry4_S[0]_CO[3])
                                                      0.532    15.721 r  u_system/u_gemm/g_mac1.u_mac/prod__85_carry__0/CO[3]
                         net (fo=1, routed)           0.000    15.721    u_system/u_gemm/g_mac1.u_mac/prod__85_carry__0_n_0
    SLICE_X110Y116       CARRY4 (Prop_carry4_CI_O[3])
                                                      0.313    16.034 r  u_system/u_gemm/g_mac1.u_mac/prod__85_carry__1/O[3]
                         net (fo=4, routed)           0.855    16.888    u_system/u_gemm/u_buf/O[0]
    SLICE_X108Y123       LUT2 (Prop_lut2_I0_O)        0.306    17.194 r  u_system/u_gemm/u_buf/acc0_carry__3_i_5/O
                         net (fo=1, routed)           0.000    17.194    u_system/u_gemm/g_mac1.u_mac/c_wdata_reg[19]_1[0]
    SLICE_X108Y123       CARRY4 (Prop_carry4_S[0]_CO[3])
                                                      0.513    17.707 r  u_system/u_gemm/g_mac1.u_mac/acc0_carry__3/CO[3]
                         net (fo=1, routed)           0.000    17.707    u_system/u_gemm/g_mac1.u_mac/acc0_carry__3_n_0
    SLICE_X108Y124       CARRY4 (Prop_carry4_CI_CO[3])
                                                      0.117    17.824 r  u_system/u_gemm/g_mac1.u_mac/acc0_carry__4/CO[3]
                         net (fo=1, routed)           0.009    17.833    u_system/u_gemm/g_mac1.u_mac/acc0_carry__4_n_0
    SLICE_X108Y125       CARRY4 (Prop_carry4_CI_CO[3])
                                                      0.117    17.950 r  u_system/u_gemm/g_mac1.u_mac/acc0_carry__5/CO[3]
                         net (fo=1, routed)           0.000    17.950    u_system/u_gemm/g_mac1.u_mac/acc0_carry__5_n_0
    SLICE_X108Y126       CARRY4 (Prop_carry4_CI_O[1])
                                                      0.337    18.287 r  u_system/u_gemm/g_mac1.u_mac/acc0_carry__6/O[1]
                         net (fo=2, routed)           0.504    18.791    u_system/u_gemm/g_mac1.u_mac/acc0[29]
    SLICE_X109Y126       LUT3 (Prop_lut3_I2_O)        0.306    19.097 r  u_system/u_gemm/g_mac1.u_mac/acc[29]_i_1/O
                         net (fo=1, routed)           0.000    19.097    u_system/u_gemm/g_mac1.u_mac/acc[29]
    SLICE_X109Y126       FDRE                                         r  u_system/u_gemm/g_mac1.u_mac/acc_reg[29]/D
  -------------------------------------------------------------------    -------------------

                         (clock sys_clk_pin rise edge)
                                                     14.000    14.000 r  
    K17                                               0.000    14.000 r  clk (IN)
                         net (fo=0)                   0.000    14.000    clk
    K17                  IBUF (Prop_ibuf_I_O)         1.404    15.404 r  clk_IBUF_inst/O
                         net (fo=1, routed)           2.293    17.697    clk_IBUF
    BUFGCTRL_X0Y16       BUFG (Prop_bufg_I_O)         0.091    17.788 r  clk_IBUF_BUFG_inst/O
                         net (fo=914, routed)         1.842    19.630    u_system/u_gemm/g_mac1.u_mac/clk_IBUF_BUFG
    SLICE_X109Y126       FDRE                                         r  u_system/u_gemm/g_mac1.u_mac/acc_reg[29]/C
                         clock pessimism              0.441    20.072    
                         clock uncertainty           -0.035    20.036    
    SLICE_X109Y126       FDRE (Setup_fdre_C_D)        0.031    20.067    u_system/u_gemm/g_mac1.u_mac/acc_reg[29]
  -------------------------------------------------------------------
                         required time                         20.067    
                         arrival time                         -19.097    
  -------------------------------------------------------------------
                         slack                                  0.971    





Pulse Width Checks
--------------------------------------------------------------------------------------
Clock Name:         sys_clk_pin
Waveform(ns):       { 0.000 7.000 }
Period(ns):         14.000
Sources:            { clk }

Check Type        Corner  Lib Pin             Reference Pin  Required(ns)  Actual(ns)  Slack(ns)  Location        Pin
Min Period        n/a     RAMB36E1/CLKARDCLK  n/a            2.944         14.000      11.056     RAMB36_X5Y19    u_system/mem_reg_0/CLKARDCLK
Min Period        n/a     RAMB36E1/CLKARDCLK  n/a            2.944         14.000      11.056     RAMB36_X5Y20    u_system/mem_reg_1/CLKARDCLK
Min Period        n/a     RAMB36E1/CLKARDCLK  n/a            2.944         14.000      11.056     RAMB36_X5Y21    u_system/mem_reg_2/CLKARDCLK
Min Period        n/a     RAMB36E1/CLKARDCLK  n/a            2.944         14.000      11.056     RAMB36_X5Y22    u_system/mem_reg_3/CLKARDCLK
Min Period        n/a     RAMB36E1/CLKBWRCLK  n/a            2.576         14.000      11.424     RAMB36_X5Y19    u_system/mem_reg_0/CLKBWRCLK
Low Pulse Width   Slow    RAMD32/CLK          n/a            1.250         7.000       5.750      SLICE_X108Y104  u_system/u_gemm/u_buf/a_buf_reg_0_15_0_5/RAMA/CLK
Low Pulse Width   Fast    RAMD32/CLK          n/a            1.250         7.000       5.750      SLICE_X108Y104  u_system/u_gemm/u_buf/a_buf_reg_0_15_0_5/RAMA/CLK
Low Pulse Width   Slow    RAMD32/CLK          n/a            1.250         7.000       5.750      SLICE_X108Y104  u_system/u_gemm/u_buf/a_buf_reg_0_15_0_5/RAMA_D1/CLK
Low Pulse Width   Fast    RAMD32/CLK          n/a            1.250         7.000       5.750      SLICE_X108Y104  u_system/u_gemm/u_buf/a_buf_reg_0_15_0_5/RAMA_D1/CLK
Low Pulse Width   Slow    RAMD32/CLK          n/a            1.250         7.000       5.750      SLICE_X108Y104  u_system/u_gemm/u_buf/a_buf_reg_0_15_0_5/RAMB/CLK
High Pulse Width  Slow    RAMD32/CLK          n/a            1.250         7.000       5.750      SLICE_X108Y104  u_system/u_gemm/u_buf/a_buf_reg_0_15_0_5/RAMA/CLK
High Pulse Width  Fast    RAMD32/CLK          n/a            1.250         7.000       5.750      SLICE_X108Y104  u_system/u_gemm/u_buf/a_buf_reg_0_15_0_5/RAMA/CLK
High Pulse Width  Slow    RAMD32/CLK          n/a            1.250         7.000       5.750      SLICE_X108Y104  u_system/u_gemm/u_buf/a_buf_reg_0_15_0_5/RAMA_D1/CLK
High Pulse Width  Fast    RAMD32/CLK          n/a            1.250         7.000       5.750      SLICE_X108Y104  u_system/u_gemm/u_buf/a_buf_reg_0_15_0_5/RAMA_D1/CLK
High Pulse Width  Slow    RAMD32/CLK          n/a            1.250         7.000       5.750      SLICE_X108Y104  u_system/u_gemm/u_buf/a_buf_reg_0_15_0_5/RAMB/CLK



