Copyright 1986-2022 Xilinx, Inc. All Rights Reserved. Copyright 2022-2024 Advanced Micro Devices, Inc. All Rights Reserved.
----------------------------------------------------------------------------------------------------------------------------------------------------------------------------------------------------
| Tool Version : Vivado v.2024.2 (lin64) Build 5239630 Fri Nov 08 22:34:34 MST 2024
| Date         : Wed Jun 17 03:39:51 2026
| Host         : young-PC running 64-bit Ubuntu 24.04.4 LTS
| Command      : report_timing_summary -delay_type max -max_paths 5 -file /home/young/dev/20_digital-systems-lab/projects/simple-cpu-gemm-accelerator/fpga/reports/mode1/76_9mhz_timing_summary.rpt
| Design       : zybo_top
| Device       : 7z020-clg400
| Speed File   : -1  PRODUCTION 1.12 2019-11-22
| Design State : Routed
----------------------------------------------------------------------------------------------------------------------------------------------------------------------------------------------------

Timing Summary Report

------------------------------------------------------------------------------------------------
| Timer Settings
| --------------
------------------------------------------------------------------------------------------------

  Enable Multi Corner Analysis               :  Yes
  Enable Pessimism Removal                   :  Yes
  Pessimism Removal Resolution               :  Nearest Common Node
  Enable Input Delay Default Clock           :  No
  Enable Preset / Clear Arcs                 :  No
  Disable Flight Delays                      :  No
  Ignore I/O Paths                           :  No
  Timing Early Launch at Borrowing Latches   :  No
  Borrow Time for Max Delay Exceptions       :  Yes
  Merge Timing Exceptions                    :  Yes
  Inter-SLR Compensation                     :  Conservative

  Corner  Analyze    Analyze    
  Name    Max Paths  Min Paths  
  ------  ---------  ---------  
  Slow    Yes        Yes        
  Fast    Yes        Yes        


------------------------------------------------------------------------------------------------
| Report Methodology
| ------------------
------------------------------------------------------------------------------------------------

Rule       Severity  Description                                 Violations  
---------  --------  ------------------------------------------  ----------  
SYNTH-6    Warning   Timing of a RAM block might be sub-optimal  4           
TIMING-18  Warning   Missing input or output delay               5           

Note: This report is based on the most recent report_methodology run and may not be up-to-date. Run report_methodology on the current design for the latest report.



check_timing report

Table of Contents
-----------------
1. checking no_clock (0)
2. checking constant_clock (0)
3. checking pulse_width_clock (0)
4. checking unconstrained_internal_endpoints (0)
5. checking no_input_delay (1)
6. checking no_output_delay (4)
7. checking multiple_clock (0)
8. checking generated_clocks (0)
9. checking loops (0)
10. checking partial_input_delay (0)
11. checking partial_output_delay (0)
12. checking latch_loops (0)

1. checking no_clock (0)
------------------------
 There are 0 register/latch pins with no clock.


2. checking constant_clock (0)
------------------------------
 There are 0 register/latch pins with constant_clock.


3. checking pulse_width_clock (0)
---------------------------------
 There are 0 register/latch pins which need pulse_width check


4. checking unconstrained_internal_endpoints (0)
------------------------------------------------
 There are 0 pins that are not constrained for maximum delay.

 There are 0 pins that are not constrained for maximum delay due to constant clock.


5. checking no_input_delay (1)
------------------------------
 There is 1 input port with no input delay specified. (HIGH)

 There are 0 input ports with no input delay but user has a false path constraint.


6. checking no_output_delay (4)
-------------------------------
 There are 4 ports with no output delay specified. (HIGH)

 There are 0 ports with no output delay but user has a false path constraint

 There are 0 ports with no output delay but with a timing clock defined on it or propagating through it


7. checking multiple_clock (0)
------------------------------
 There are 0 register/latch pins with multiple clocks.


8. checking generated_clocks (0)
--------------------------------
 There are 0 generated clocks that are not connected to a clock source.


9. checking loops (0)
---------------------
 There are 0 combinational loops in the design.


10. checking partial_input_delay (0)
------------------------------------
 There are 0 input ports with partial input delay specified.


11. checking partial_output_delay (0)
-------------------------------------
 There are 0 ports with partial output delay specified.


12. checking latch_loops (0)
----------------------------
 There are 0 combinational latch loops in the design through latch input



------------------------------------------------------------------------------------------------
| Design Timing Summary
| ---------------------
------------------------------------------------------------------------------------------------

    WNS(ns)      TNS(ns)  TNS Failing Endpoints  TNS Total Endpoints     WPWS(ns)     TPWS(ns)  TPWS Failing Endpoints  TPWS Total Endpoints  
    -------      -------  ---------------------  -------------------     --------     --------  ----------------------  --------------------  
      0.592        0.000                      0                 2510        5.250        0.000                       0                   915  


All user specified timing constraints are met.


------------------------------------------------------------------------------------------------
| Clock Summary
| -------------
------------------------------------------------------------------------------------------------

Clock        Waveform(ns)       Period(ns)      Frequency(MHz)
-----        ------------       ----------      --------------
sys_clk_pin  {0.000 6.500}      13.000          76.923          


------------------------------------------------------------------------------------------------
| Intra Clock Table
| -----------------
------------------------------------------------------------------------------------------------

Clock             WNS(ns)      TNS(ns)  TNS Failing Endpoints  TNS Total Endpoints     WPWS(ns)     TPWS(ns)  TPWS Failing Endpoints  TPWS Total Endpoints  
-----             -------      -------  ---------------------  -------------------     --------     --------  ----------------------  --------------------  
sys_clk_pin         0.592        0.000                      0                 2510        5.250        0.000                       0                   915  


------------------------------------------------------------------------------------------------
| Inter Clock Table
| -----------------
------------------------------------------------------------------------------------------------

From Clock    To Clock          WNS(ns)      TNS(ns)  TNS Failing Endpoints  TNS Total Endpoints  
----------    --------          -------      -------  ---------------------  -------------------  


------------------------------------------------------------------------------------------------
| Other Path Groups Table
| -----------------------
------------------------------------------------------------------------------------------------

Path Group    From Clock    To Clock          WNS(ns)      TNS(ns)  TNS Failing Endpoints  TNS Total Endpoints  
----------    ----------    --------          -------      -------  ---------------------  -------------------  


------------------------------------------------------------------------------------------------
| Timing Details
| --------------
------------------------------------------------------------------------------------------------


---------------------------------------------------------------------------------------------------
From Clock:  sys_clk_pin
  To Clock:  sys_clk_pin

Setup :            0  Failing Endpoints,  Worst Slack        0.592ns,  Total Violation        0.000ns
Hold  :           NA  Failing Endpoints,  Worst Slack           NA  ,  Total Violation           NA
PW    :            0  Failing Endpoints,  Worst Slack        5.250ns,  Total Violation        0.000ns
---------------------------------------------------------------------------------------------------


Max Delay Paths
--------------------------------------------------------------------------------------
Slack (MET) :             0.592ns  (required time - arrival time)
  Source:                 u_system/u_gemm/g_mac1.u_mac/i_reg[2]/C
                            (rising edge-triggered cell FDRE clocked by sys_clk_pin  {rise@0.000ns fall@6.500ns period=13.000ns})
  Destination:            u_system/u_gemm/g_mac1.u_mac/acc_reg[31]/D
                            (rising edge-triggered cell FDRE clocked by sys_clk_pin  {rise@0.000ns fall@6.500ns period=13.000ns})
  Path Group:             sys_clk_pin
  Path Type:              Setup (Max at Slow Process Corner)
  Requirement:            13.000ns  (sys_clk_pin rise@13.000ns - sys_clk_pin rise@0.000ns)
  Data Path Delay:        12.367ns  (logic 5.533ns (44.740%)  route 6.834ns (55.260%))
  Logic Levels:           16  (CARRY4=9 LUT2=1 LUT3=2 LUT4=1 LUT6=2 RAMD32=1)
  Clock Path Skew:        -0.081ns (DCD - SCD + CPR)
    Destination Clock Delay (DCD):    5.630ns = ( 18.630 - 13.000 ) 
    Source Clock Delay      (SCD):    6.153ns
    Clock Pessimism Removal (CPR):    0.441ns
  Clock Uncertainty:      0.035ns  ((TSJ^2 + TIJ^2)^1/2 + DJ) / 2 + PE
    Total System Jitter     (TSJ):    0.071ns
    Total Input Jitter      (TIJ):    0.000ns
    Discrete Jitter          (DJ):    0.000ns
    Phase Error              (PE):    0.000ns

    Location             Delay type                Incr(ns)  Path(ns)    Netlist Resource(s)
  -------------------------------------------------------------------    -------------------
                         (clock sys_clk_pin rise edge)
                                                      0.000     0.000 r  
    K17                                               0.000     0.000 r  clk (IN)
                         net (fo=0)                   0.000     0.000    clk
    K17                  IBUF (Prop_ibuf_I_O)         1.475     1.475 r  clk_IBUF_inst/O
                         net (fo=1, routed)           2.522     3.997    clk_IBUF
    BUFGCTRL_X0Y16       BUFG (Prop_bufg_I_O)         0.101     4.098 r  clk_IBUF_BUFG_inst/O
                         net (fo=914, routed)         2.055     6.153    u_system/u_gemm/g_mac1.u_mac/clk_IBUF_BUFG
    SLICE_X113Y109       FDRE                                         r  u_system/u_gemm/g_mac1.u_mac/i_reg[2]/C
  -------------------------------------------------------------------    -------------------
    SLICE_X113Y109       FDRE (Prop_fdre_C_Q)         0.419     6.572 r  u_system/u_gemm/g_mac1.u_mac/i_reg[2]/Q
                         net (fo=6, routed)           0.831     7.403    u_system/u_gemm/g_mac1.u_mac/i[2]
    SLICE_X110Y109       LUT6 (Prop_lut6_I0_O)        0.299     7.702 r  u_system/u_gemm/g_mac1.u_mac/a_buf_reg_0_15_0_5_i_6/O
                         net (fo=2, routed)           0.799     8.501    u_system/u_gemm/g_mac1.u_mac/a_buf_reg_0_15_0_5_i_6_n_0
    SLICE_X111Y108       LUT4 (Prop_lut4_I2_O)        0.150     8.651 r  u_system/u_gemm/g_mac1.u_mac/a_buf_reg_0_15_0_5_i_1/O
                         net (fo=8, routed)           0.780     9.431    u_system/u_gemm/u_buf/a_buf_reg_0_15_0_5/ADDRB3
    SLICE_X108Y105       RAMD32 (Prop_ramd32_RADR3_O)
                                                      0.358     9.789 r  u_system/u_gemm/u_buf/a_buf_reg_0_15_0_5/RAMB/O
                         net (fo=16, routed)          1.432    11.221    u_system/u_gemm/u_buf/a_rdata[2]
    SLICE_X108Y114       LUT6 (Prop_lut6_I1_O)        0.348    11.569 r  u_system/u_gemm/u_buf/prod__0_carry_i_1/O
                         net (fo=1, routed)           0.490    12.059    u_system/u_gemm/g_mac1.u_mac/DI[2]
    SLICE_X107Y114       CARRY4 (Prop_carry4_DI[3]_CO[3])
                                                      0.385    12.444 r  u_system/u_gemm/g_mac1.u_mac/prod__0_carry/CO[3]
                         net (fo=1, routed)           0.000    12.444    u_system/u_gemm/g_mac1.u_mac/prod__0_carry_n_0
    SLICE_X107Y115       CARRY4 (Prop_carry4_CI_O[3])
                                                      0.313    12.757 r  u_system/u_gemm/g_mac1.u_mac/prod__0_carry__0/O[3]
                         net (fo=2, routed)           0.566    13.323    u_system/u_gemm/g_mac1.u_mac/prod__0_carry__0_n_4
    SLICE_X108Y116       LUT3 (Prop_lut3_I2_O)        0.301    13.624 r  u_system/u_gemm/g_mac1.u_mac/prod__85_carry__0_i_4/O
                         net (fo=2, routed)           0.676    14.300    u_system/u_gemm/g_mac1.u_mac/prod__85_carry__0_i_4_n_0
    SLICE_X108Y117       CARRY4 (Prop_carry4_DI[0]_CO[3])
                                                      0.781    15.081 r  u_system/u_gemm/g_mac1.u_mac/prod__85_carry__0/CO[3]
                         net (fo=1, routed)           0.000    15.081    u_system/u_gemm/g_mac1.u_mac/prod__85_carry__0_n_0
    SLICE_X108Y118       CARRY4 (Prop_carry4_CI_O[1])
                                                      0.323    15.404 r  u_system/u_gemm/g_mac1.u_mac/prod__85_carry__1/O[1]
                         net (fo=1, routed)           0.591    15.995    u_system/u_gemm/g_mac1.u_mac/prod[13]
    SLICE_X108Y122       LUT2 (Prop_lut2_I1_O)        0.306    16.301 r  u_system/u_gemm/g_mac1.u_mac/acc0_carry__2_i_3/O
                         net (fo=1, routed)           0.000    16.301    u_system/u_gemm/g_mac1.u_mac/acc0_carry__2_i_3_n_0
    SLICE_X108Y122       CARRY4 (Prop_carry4_S[1]_CO[3])
                                                      0.533    16.834 r  u_system/u_gemm/g_mac1.u_mac/acc0_carry__2/CO[3]
                         net (fo=1, routed)           0.000    16.834    u_system/u_gemm/g_mac1.u_mac/acc0_carry__2_n_0
    SLICE_X108Y123       CARRY4 (Prop_carry4_CI_CO[3])
                                                      0.117    16.951 r  u_system/u_gemm/g_mac1.u_mac/acc0_carry__3/CO[3]
                         net (fo=1, routed)           0.000    16.951    u_system/u_gemm/g_mac1.u_mac/acc0_carry__3_n_0
    SLICE_X108Y124       CARRY4 (Prop_carry4_CI_CO[3])
                                                      0.117    17.068 r  u_system/u_gemm/g_mac1.u_mac/acc0_carry__4/CO[3]
                         net (fo=1, routed)           0.009    17.077    u_system/u_gemm/g_mac1.u_mac/acc0_carry__4_n_0
    SLICE_X108Y125       CARRY4 (Prop_carry4_CI_CO[3])
                                                      0.117    17.194 r  u_system/u_gemm/g_mac1.u_mac/acc0_carry__5/CO[3]
                         net (fo=1, routed)           0.000    17.194    u_system/u_gemm/g_mac1.u_mac/acc0_carry__5_n_0
    SLICE_X108Y126       CARRY4 (Prop_carry4_CI_O[3])
                                                      0.331    17.525 r  u_system/u_gemm/g_mac1.u_mac/acc0_carry__6/O[3]
                         net (fo=2, routed)           0.659    18.185    u_system/u_gemm/g_mac1.u_mac/acc0[31]
    SLICE_X109Y126       LUT3 (Prop_lut3_I2_O)        0.335    18.520 r  u_system/u_gemm/g_mac1.u_mac/acc[31]_i_1/O
                         net (fo=1, routed)           0.000    18.520    u_system/u_gemm/g_mac1.u_mac/acc[31]
    SLICE_X109Y126       FDRE                                         r  u_system/u_gemm/g_mac1.u_mac/acc_reg[31]/D
  -------------------------------------------------------------------    -------------------

                         (clock sys_clk_pin rise edge)
                                                     13.000    13.000 r  
    K17                                               0.000    13.000 r  clk (IN)
                         net (fo=0)                   0.000    13.000    clk
    K17                  IBUF (Prop_ibuf_I_O)         1.404    14.404 r  clk_IBUF_inst/O
                         net (fo=1, routed)           2.293    16.697    clk_IBUF
    BUFGCTRL_X0Y16       BUFG (Prop_bufg_I_O)         0.091    16.788 r  clk_IBUF_BUFG_inst/O
                         net (fo=914, routed)         1.842    18.630    u_system/u_gemm/g_mac1.u_mac/clk_IBUF_BUFG
    SLICE_X109Y126       FDRE                                         r  u_system/u_gemm/g_mac1.u_mac/acc_reg[31]/C
                         clock pessimism              0.441    19.072    
                         clock uncertainty           -0.035    19.036    
    SLICE_X109Y126       FDRE (Setup_fdre_C_D)        0.075    19.111    u_system/u_gemm/g_mac1.u_mac/acc_reg[31]
  -------------------------------------------------------------------
                         required time                         19.111    
                         arrival time                         -18.520    
  -------------------------------------------------------------------
                         slack                                  0.592    

Slack (MET) :             0.669ns  (required time - arrival time)
  Source:                 u_system/u_gemm/g_mac1.u_mac/i_reg[2]/C
                            (rising edge-triggered cell FDRE clocked by sys_clk_pin  {rise@0.000ns fall@6.500ns period=13.000ns})
  Destination:            u_system/u_gemm/g_mac1.u_mac/acc_reg[25]/D
                            (rising edge-triggered cell FDRE clocked by sys_clk_pin  {rise@0.000ns fall@6.500ns period=13.000ns})
  Path Group:             sys_clk_pin
  Path Type:              Setup (Max at Slow Process Corner)
  Requirement:            13.000ns  (sys_clk_pin rise@13.000ns - sys_clk_pin rise@0.000ns)
  Data Path Delay:        12.246ns  (logic 5.393ns (44.040%)  route 6.853ns (55.960%))
  Logic Levels:           15  (CARRY4=8 LUT2=1 LUT3=2 LUT4=1 LUT6=2 RAMD32=1)
  Clock Path Skew:        -0.081ns (DCD - SCD + CPR)
    Destination Clock Delay (DCD):    5.630ns = ( 18.630 - 13.000 ) 
    Source Clock Delay      (SCD):    6.153ns
    Clock Pessimism Removal (CPR):    0.441ns
  Clock Uncertainty:      0.035ns  ((TSJ^2 + TIJ^2)^1/2 + DJ) / 2 + PE
    Total System Jitter     (TSJ):    0.071ns
    Total Input Jitter      (TIJ):    0.000ns
    Discrete Jitter          (DJ):    0.000ns
    Phase Error              (PE):    0.000ns

    Location             Delay type                Incr(ns)  Path(ns)    Netlist Resource(s)
  -------------------------------------------------------------------    -------------------
                         (clock sys_clk_pin rise edge)
                                                      0.000     0.000 r  
    K17                                               0.000     0.000 r  clk (IN)
                         net (fo=0)                   0.000     0.000    clk
    K17                  IBUF (Prop_ibuf_I_O)         1.475     1.475 r  clk_IBUF_inst/O
                         net (fo=1, routed)           2.522     3.997    clk_IBUF
    BUFGCTRL_X0Y16       BUFG (Prop_bufg_I_O)         0.101     4.098 r  clk_IBUF_BUFG_inst/O
                         net (fo=914, routed)         2.055     6.153    u_system/u_gemm/g_mac1.u_mac/clk_IBUF_BUFG
    SLICE_X113Y109       FDRE                                         r  u_system/u_gemm/g_mac1.u_mac/i_reg[2]/C
  -------------------------------------------------------------------    -------------------
    SLICE_X113Y109       FDRE (Prop_fdre_C_Q)         0.419     6.572 r  u_system/u_gemm/g_mac1.u_mac/i_reg[2]/Q
                         net (fo=6, routed)           0.831     7.403    u_system/u_gemm/g_mac1.u_mac/i[2]
    SLICE_X110Y109       LUT6 (Prop_lut6_I0_O)        0.299     7.702 r  u_system/u_gemm/g_mac1.u_mac/a_buf_reg_0_15_0_5_i_6/O
                         net (fo=2, routed)           0.799     8.501    u_system/u_gemm/g_mac1.u_mac/a_buf_reg_0_15_0_5_i_6_n_0
    SLICE_X111Y108       LUT4 (Prop_lut4_I2_O)        0.150     8.651 r  u_system/u_gemm/g_mac1.u_mac/a_buf_reg_0_15_0_5_i_1/O
                         net (fo=8, routed)           0.780     9.431    u_system/u_gemm/u_buf/a_buf_reg_0_15_0_5/ADDRB3
    SLICE_X108Y105       RAMD32 (Prop_ramd32_RADR3_O)
                                                      0.358     9.789 r  u_system/u_gemm/u_buf/a_buf_reg_0_15_0_5/RAMB/O
                         net (fo=16, routed)          1.432    11.221    u_system/u_gemm/u_buf/a_rdata[2]
    SLICE_X108Y114       LUT6 (Prop_lut6_I1_O)        0.348    11.569 r  u_system/u_gemm/u_buf/prod__0_carry_i_1/O
                         net (fo=1, routed)           0.490    12.059    u_system/u_gemm/g_mac1.u_mac/DI[2]
    SLICE_X107Y114       CARRY4 (Prop_carry4_DI[3]_CO[3])
                                                      0.385    12.444 r  u_system/u_gemm/g_mac1.u_mac/prod__0_carry/CO[3]
                         net (fo=1, routed)           0.000    12.444    u_system/u_gemm/g_mac1.u_mac/prod__0_carry_n_0
    SLICE_X107Y115       CARRY4 (Prop_carry4_CI_O[3])
                                                      0.313    12.757 r  u_system/u_gemm/g_mac1.u_mac/prod__0_carry__0/O[3]
                         net (fo=2, routed)           0.566    13.323    u_system/u_gemm/g_mac1.u_mac/prod__0_carry__0_n_4
    SLICE_X108Y116       LUT3 (Prop_lut3_I2_O)        0.301    13.624 r  u_system/u_gemm/g_mac1.u_mac/prod__85_carry__0_i_4/O
                         net (fo=2, routed)           0.676    14.300    u_system/u_gemm/g_mac1.u_mac/prod__85_carry__0_i_4_n_0
    SLICE_X108Y117       CARRY4 (Prop_carry4_DI[0]_CO[3])
                                                      0.781    15.081 r  u_system/u_gemm/g_mac1.u_mac/prod__85_carry__0/CO[3]
                         net (fo=1, routed)           0.000    15.081    u_system/u_gemm/g_mac1.u_mac/prod__85_carry__0_n_0
    SLICE_X108Y118       CARRY4 (Prop_carry4_CI_O[1])
                                                      0.323    15.404 r  u_system/u_gemm/g_mac1.u_mac/prod__85_carry__1/O[1]
                         net (fo=1, routed)           0.591    15.995    u_system/u_gemm/g_mac1.u_mac/prod[13]
    SLICE_X108Y122       LUT2 (Prop_lut2_I1_O)        0.306    16.301 r  u_system/u_gemm/g_mac1.u_mac/acc0_carry__2_i_3/O
                         net (fo=1, routed)           0.000    16.301    u_system/u_gemm/g_mac1.u_mac/acc0_carry__2_i_3_n_0
    SLICE_X108Y122       CARRY4 (Prop_carry4_S[1]_CO[3])
                                                      0.533    16.834 r  u_system/u_gemm/g_mac1.u_mac/acc0_carry__2/CO[3]
                         net (fo=1, routed)           0.000    16.834    u_system/u_gemm/g_mac1.u_mac/acc0_carry__2_n_0
    SLICE_X108Y123       CARRY4 (Prop_carry4_CI_CO[3])
                                                      0.117    16.951 r  u_system/u_gemm/g_mac1.u_mac/acc0_carry__3/CO[3]
                         net (fo=1, routed)           0.000    16.951    u_system/u_gemm/g_mac1.u_mac/acc0_carry__3_n_0
    SLICE_X108Y124       CARRY4 (Prop_carry4_CI_CO[3])
                                                      0.117    17.068 r  u_system/u_gemm/g_mac1.u_mac/acc0_carry__4/CO[3]
                         net (fo=1, routed)           0.009    17.077    u_system/u_gemm/g_mac1.u_mac/acc0_carry__4_n_0
    SLICE_X108Y125       CARRY4 (Prop_carry4_CI_O[1])
                                                      0.337    17.414 r  u_system/u_gemm/g_mac1.u_mac/acc0_carry__5/O[1]
                         net (fo=2, routed)           0.678    18.092    u_system/u_gemm/g_mac1.u_mac/acc0[25]
    SLICE_X109Y126       LUT3 (Prop_lut3_I2_O)        0.306    18.398 r  u_system/u_gemm/g_mac1.u_mac/acc[25]_i_1/O
                         net (fo=1, routed)           0.000    18.398    u_system/u_gemm/g_mac1.u_mac/acc[25]
    SLICE_X109Y126       FDRE                                         r  u_system/u_gemm/g_mac1.u_mac/acc_reg[25]/D
  -------------------------------------------------------------------    -------------------

                         (clock sys_clk_pin rise edge)
                                                     13.000    13.000 r  
    K17                                               0.000    13.000 r  clk (IN)
                         net (fo=0)                   0.000    13.000    clk
    K17                  IBUF (Prop_ibuf_I_O)         1.404    14.404 r  clk_IBUF_inst/O
                         net (fo=1, routed)           2.293    16.697    clk_IBUF
    BUFGCTRL_X0Y16       BUFG (Prop_bufg_I_O)         0.091    16.788 r  clk_IBUF_BUFG_inst/O
                         net (fo=914, routed)         1.842    18.630    u_system/u_gemm/g_mac1.u_mac/clk_IBUF_BUFG
    SLICE_X109Y126       FDRE                                         r  u_system/u_gemm/g_mac1.u_mac/acc_reg[25]/C
                         clock pessimism              0.441    19.072    
                         clock uncertainty           -0.035    19.036    
    SLICE_X109Y126       FDRE (Setup_fdre_C_D)        0.031    19.067    u_system/u_gemm/g_mac1.u_mac/acc_reg[25]
  -------------------------------------------------------------------
                         required time                         19.067    
                         arrival time                         -18.398    
  -------------------------------------------------------------------
                         slack                                  0.669    

Slack (MET) :             0.778ns  (required time - arrival time)
  Source:                 u_system/u_gemm/g_mac1.u_mac/i_reg[2]/C
                            (rising edge-triggered cell FDRE clocked by sys_clk_pin  {rise@0.000ns fall@6.500ns period=13.000ns})
  Destination:            u_system/u_gemm/g_mac1.u_mac/acc_reg[28]/D
                            (rising edge-triggered cell FDRE clocked by sys_clk_pin  {rise@0.000ns fall@6.500ns period=13.000ns})
  Path Group:             sys_clk_pin
  Path Type:              Setup (Max at Slow Process Corner)
  Requirement:            13.000ns  (sys_clk_pin rise@13.000ns - sys_clk_pin rise@0.000ns)
  Data Path Delay:        12.136ns  (logic 5.394ns (44.445%)  route 6.742ns (55.555%))
  Logic Levels:           16  (CARRY4=9 LUT2=1 LUT3=2 LUT4=1 LUT6=2 RAMD32=1)
  Clock Path Skew:        -0.081ns (DCD - SCD + CPR)
    Destination Clock Delay (DCD):    5.630ns = ( 18.630 - 13.000 ) 
    Source Clock Delay      (SCD):    6.153ns
    Clock Pessimism Removal (CPR):    0.441ns
  Clock Uncertainty:      0.035ns  ((TSJ^2 + TIJ^2)^1/2 + DJ) / 2 + PE
    Total System Jitter     (TSJ):    0.071ns
    Total Input Jitter      (TIJ):    0.000ns
    Discrete Jitter          (DJ):    0.000ns
    Phase Error              (PE):    0.000ns

    Location             Delay type                Incr(ns)  Path(ns)    Netlist Resource(s)
  -------------------------------------------------------------------    -------------------
                         (clock sys_clk_pin rise edge)
                                                      0.000     0.000 r  
    K17                                               0.000     0.000 r  clk (IN)
                         net (fo=0)                   0.000     0.000    clk
    K17                  IBUF (Prop_ibuf_I_O)         1.475     1.475 r  clk_IBUF_inst/O
                         net (fo=1, routed)           2.522     3.997    clk_IBUF
    BUFGCTRL_X0Y16       BUFG (Prop_bufg_I_O)         0.101     4.098 r  clk_IBUF_BUFG_inst/O
                         net (fo=914, routed)         2.055     6.153    u_system/u_gemm/g_mac1.u_mac/clk_IBUF_BUFG
    SLICE_X113Y109       FDRE                                         r  u_system/u_gemm/g_mac1.u_mac/i_reg[2]/C
  -------------------------------------------------------------------    -------------------
    SLICE_X113Y109       FDRE (Prop_fdre_C_Q)         0.419     6.572 r  u_system/u_gemm/g_mac1.u_mac/i_reg[2]/Q
                         net (fo=6, routed)           0.831     7.403    u_system/u_gemm/g_mac1.u_mac/i[2]
    SLICE_X110Y109       LUT6 (Prop_lut6_I0_O)        0.299     7.702 r  u_system/u_gemm/g_mac1.u_mac/a_buf_reg_0_15_0_5_i_6/O
                         net (fo=2, routed)           0.799     8.501    u_system/u_gemm/g_mac1.u_mac/a_buf_reg_0_15_0_5_i_6_n_0
    SLICE_X111Y108       LUT4 (Prop_lut4_I2_O)        0.150     8.651 r  u_system/u_gemm/g_mac1.u_mac/a_buf_reg_0_15_0_5_i_1/O
                         net (fo=8, routed)           0.780     9.431    u_system/u_gemm/u_buf/a_buf_reg_0_15_0_5/ADDRB3
    SLICE_X108Y105       RAMD32 (Prop_ramd32_RADR3_O)
                                                      0.358     9.789 r  u_system/u_gemm/u_buf/a_buf_reg_0_15_0_5/RAMB/O
                         net (fo=16, routed)          1.432    11.221    u_system/u_gemm/u_buf/a_rdata[2]
    SLICE_X108Y114       LUT6 (Prop_lut6_I1_O)        0.348    11.569 r  u_system/u_gemm/u_buf/prod__0_carry_i_1/O
                         net (fo=1, routed)           0.490    12.059    u_system/u_gemm/g_mac1.u_mac/DI[2]
    SLICE_X107Y114       CARRY4 (Prop_carry4_DI[3]_CO[3])
                                                      0.385    12.444 r  u_system/u_gemm/g_mac1.u_mac/prod__0_carry/CO[3]
                         net (fo=1, routed)           0.000    12.444    u_system/u_gemm/g_mac1.u_mac/prod__0_carry_n_0
    SLICE_X107Y115       CARRY4 (Prop_carry4_CI_O[3])
                                                      0.313    12.757 r  u_system/u_gemm/g_mac1.u_mac/prod__0_carry__0/O[3]
                         net (fo=2, routed)           0.566    13.323    u_system/u_gemm/g_mac1.u_mac/prod__0_carry__0_n_4
    SLICE_X108Y116       LUT3 (Prop_lut3_I2_O)        0.301    13.624 r  u_system/u_gemm/g_mac1.u_mac/prod__85_carry__0_i_4/O
                         net (fo=2, routed)           0.676    14.300    u_system/u_gemm/g_mac1.u_mac/prod__85_carry__0_i_4_n_0
    SLICE_X108Y117       CARRY4 (Prop_carry4_DI[0]_CO[3])
                                                      0.781    15.081 r  u_system/u_gemm/g_mac1.u_mac/prod__85_carry__0/CO[3]
                         net (fo=1, routed)           0.000    15.081    u_system/u_gemm/g_mac1.u_mac/prod__85_carry__0_n_0
    SLICE_X108Y118       CARRY4 (Prop_carry4_CI_O[1])
                                                      0.323    15.404 r  u_system/u_gemm/g_mac1.u_mac/prod__85_carry__1/O[1]
                         net (fo=1, routed)           0.591    15.995    u_system/u_gemm/g_mac1.u_mac/prod[13]
    SLICE_X108Y122       LUT2 (Prop_lut2_I1_O)        0.306    16.301 r  u_system/u_gemm/g_mac1.u_mac/acc0_carry__2_i_3/O
                         net (fo=1, routed)           0.000    16.301    u_system/u_gemm/g_mac1.u_mac/acc0_carry__2_i_3_n_0
    SLICE_X108Y122       CARRY4 (Prop_carry4_S[1]_CO[3])
                                                      0.533    16.834 r  u_system/u_gemm/g_mac1.u_mac/acc0_carry__2/CO[3]
                         net (fo=1, routed)           0.000    16.834    u_system/u_gemm/g_mac1.u_mac/acc0_carry__2_n_0
    SLICE_X108Y123       CARRY4 (Prop_carry4_CI_CO[3])
                                                      0.117    16.951 r  u_system/u_gemm/g_mac1.u_mac/acc0_carry__3/CO[3]
                         net (fo=1, routed)           0.000    16.951    u_system/u_gemm/g_mac1.u_mac/acc0_carry__3_n_0
    SLICE_X108Y124       CARRY4 (Prop_carry4_CI_CO[3])
                                                      0.117    17.068 r  u_system/u_gemm/g_mac1.u_mac/acc0_carry__4/CO[3]
                         net (fo=1, routed)           0.009    17.077    u_system/u_gemm/g_mac1.u_mac/acc0_carry__4_n_0
    SLICE_X108Y125       CARRY4 (Prop_carry4_CI_CO[3])
                                                      0.117    17.194 r  u_system/u_gemm/g_mac1.u_mac/acc0_carry__5/CO[3]
                         net (fo=1, routed)           0.000    17.194    u_system/u_gemm/g_mac1.u_mac/acc0_carry__5_n_0
    SLICE_X108Y126       CARRY4 (Prop_carry4_CI_O[0])
                                                      0.232    17.426 r  u_system/u_gemm/g_mac1.u_mac/acc0_carry__6/O[0]
                         net (fo=2, routed)           0.568    17.994    u_system/u_gemm/g_mac1.u_mac/acc0[28]
    SLICE_X107Y126       LUT3 (Prop_lut3_I2_O)        0.295    18.289 r  u_system/u_gemm/g_mac1.u_mac/acc[28]_i_1/O
                         net (fo=1, routed)           0.000    18.289    u_system/u_gemm/g_mac1.u_mac/acc[28]
    SLICE_X107Y126       FDRE                                         r  u_system/u_gemm/g_mac1.u_mac/acc_reg[28]/D
  -------------------------------------------------------------------    -------------------

                         (clock sys_clk_pin rise edge)
                                                     13.000    13.000 r  
    K17                                               0.000    13.000 r  clk (IN)
                         net (fo=0)                   0.000    13.000    clk
    K17                  IBUF (Prop_ibuf_I_O)         1.404    14.404 r  clk_IBUF_inst/O
                         net (fo=1, routed)           2.293    16.697    clk_IBUF
    BUFGCTRL_X0Y16       BUFG (Prop_bufg_I_O)         0.091    16.788 r  clk_IBUF_BUFG_inst/O
                         net (fo=914, routed)         1.842    18.630    u_system/u_gemm/g_mac1.u_mac/clk_IBUF_BUFG
    SLICE_X107Y126       FDRE                                         r  u_system/u_gemm/g_mac1.u_mac/acc_reg[28]/C
                         clock pessimism              0.441    19.072    
                         clock uncertainty           -0.035    19.036    
    SLICE_X107Y126       FDRE (Setup_fdre_C_D)        0.031    19.067    u_system/u_gemm/g_mac1.u_mac/acc_reg[28]
  -------------------------------------------------------------------
                         required time                         19.067    
                         arrival time                         -18.289    
  -------------------------------------------------------------------
                         slack                                  0.778    

Slack (MET) :             0.784ns  (required time - arrival time)
  Source:                 u_system/u_gemm/g_mac1.u_mac/i_reg[2]/C
                            (rising edge-triggered cell FDRE clocked by sys_clk_pin  {rise@0.000ns fall@6.500ns period=13.000ns})
  Destination:            u_system/u_gemm/g_mac1.u_mac/acc_reg[26]/D
                            (rising edge-triggered cell FDRE clocked by sys_clk_pin  {rise@0.000ns fall@6.500ns period=13.000ns})
  Path Group:             sys_clk_pin
  Path Type:              Setup (Max at Slow Process Corner)
  Requirement:            13.000ns  (sys_clk_pin rise@13.000ns - sys_clk_pin rise@0.000ns)
  Data Path Delay:        12.173ns  (logic 5.333ns (43.811%)  route 6.840ns (56.189%))
  Logic Levels:           15  (CARRY4=8 LUT2=1 LUT3=2 LUT4=1 LUT6=2 RAMD32=1)
  Clock Path Skew:        -0.083ns (DCD - SCD + CPR)
    Destination Clock Delay (DCD):    5.628ns = ( 18.628 - 13.000 ) 
    Source Clock Delay      (SCD):    6.153ns
    Clock Pessimism Removal (CPR):    0.441ns
  Clock Uncertainty:      0.035ns  ((TSJ^2 + TIJ^2)^1/2 + DJ) / 2 + PE
    Total System Jitter     (TSJ):    0.071ns
    Total Input Jitter      (TIJ):    0.000ns
    Discrete Jitter          (DJ):    0.000ns
    Phase Error              (PE):    0.000ns

    Location             Delay type                Incr(ns)  Path(ns)    Netlist Resource(s)
  -------------------------------------------------------------------    -------------------
                         (clock sys_clk_pin rise edge)
                                                      0.000     0.000 r  
    K17                                               0.000     0.000 r  clk (IN)
                         net (fo=0)                   0.000     0.000    clk
    K17                  IBUF (Prop_ibuf_I_O)         1.475     1.475 r  clk_IBUF_inst/O
                         net (fo=1, routed)           2.522     3.997    clk_IBUF
    BUFGCTRL_X0Y16       BUFG (Prop_bufg_I_O)         0.101     4.098 r  clk_IBUF_BUFG_inst/O
                         net (fo=914, routed)         2.055     6.153    u_system/u_gemm/g_mac1.u_mac/clk_IBUF_BUFG
    SLICE_X113Y109       FDRE                                         r  u_system/u_gemm/g_mac1.u_mac/i_reg[2]/C
  -------------------------------------------------------------------    -------------------
    SLICE_X113Y109       FDRE (Prop_fdre_C_Q)         0.419     6.572 r  u_system/u_gemm/g_mac1.u_mac/i_reg[2]/Q
                         net (fo=6, routed)           0.831     7.403    u_system/u_gemm/g_mac1.u_mac/i[2]
    SLICE_X110Y109       LUT6 (Prop_lut6_I0_O)        0.299     7.702 r  u_system/u_gemm/g_mac1.u_mac/a_buf_reg_0_15_0_5_i_6/O
                         net (fo=2, routed)           0.799     8.501    u_system/u_gemm/g_mac1.u_mac/a_buf_reg_0_15_0_5_i_6_n_0
    SLICE_X111Y108       LUT4 (Prop_lut4_I2_O)        0.150     8.651 r  u_system/u_gemm/g_mac1.u_mac/a_buf_reg_0_15_0_5_i_1/O
                         net (fo=8, routed)           0.780     9.431    u_system/u_gemm/u_buf/a_buf_reg_0_15_0_5/ADDRB3
    SLICE_X108Y105       RAMD32 (Prop_ramd32_RADR3_O)
                                                      0.358     9.789 r  u_system/u_gemm/u_buf/a_buf_reg_0_15_0_5/RAMB/O
                         net (fo=16, routed)          1.432    11.221    u_system/u_gemm/u_buf/a_rdata[2]
    SLICE_X108Y114       LUT6 (Prop_lut6_I1_O)        0.348    11.569 r  u_system/u_gemm/u_buf/prod__0_carry_i_1/O
                         net (fo=1, routed)           0.490    12.059    u_system/u_gemm/g_mac1.u_mac/DI[2]
    SLICE_X107Y114       CARRY4 (Prop_carry4_DI[3]_CO[3])
                                                      0.385    12.444 r  u_system/u_gemm/g_mac1.u_mac/prod__0_carry/CO[3]
                         net (fo=1, routed)           0.000    12.444    u_system/u_gemm/g_mac1.u_mac/prod__0_carry_n_0
    SLICE_X107Y115       CARRY4 (Prop_carry4_CI_O[3])
                                                      0.313    12.757 r  u_system/u_gemm/g_mac1.u_mac/prod__0_carry__0/O[3]
                         net (fo=2, routed)           0.566    13.323    u_system/u_gemm/g_mac1.u_mac/prod__0_carry__0_n_4
    SLICE_X108Y116       LUT3 (Prop_lut3_I2_O)        0.301    13.624 r  u_system/u_gemm/g_mac1.u_mac/prod__85_carry__0_i_4/O
                         net (fo=2, routed)           0.676    14.300    u_system/u_gemm/g_mac1.u_mac/prod__85_carry__0_i_4_n_0
    SLICE_X108Y117       CARRY4 (Prop_carry4_DI[0]_CO[3])
                                                      0.781    15.081 r  u_system/u_gemm/g_mac1.u_mac/prod__85_carry__0/CO[3]
                         net (fo=1, routed)           0.000    15.081    u_system/u_gemm/g_mac1.u_mac/prod__85_carry__0_n_0
    SLICE_X108Y118       CARRY4 (Prop_carry4_CI_O[1])
                                                      0.323    15.404 r  u_system/u_gemm/g_mac1.u_mac/prod__85_carry__1/O[1]
                         net (fo=1, routed)           0.591    15.995    u_system/u_gemm/g_mac1.u_mac/prod[13]
    SLICE_X108Y122       LUT2 (Prop_lut2_I1_O)        0.306    16.301 r  u_system/u_gemm/g_mac1.u_mac/acc0_carry__2_i_3/O
                         net (fo=1, routed)           0.000    16.301    u_system/u_gemm/g_mac1.u_mac/acc0_carry__2_i_3_n_0
    SLICE_X108Y122       CARRY4 (Prop_carry4_S[1]_CO[3])
                                                      0.533    16.834 r  u_system/u_gemm/g_mac1.u_mac/acc0_carry__2/CO[3]
                         net (fo=1, routed)           0.000    16.834    u_system/u_gemm/g_mac1.u_mac/acc0_carry__2_n_0
    SLICE_X108Y123       CARRY4 (Prop_carry4_CI_CO[3])
                                                      0.117    16.951 r  u_system/u_gemm/g_mac1.u_mac/acc0_carry__3/CO[3]
                         net (fo=1, routed)           0.000    16.951    u_system/u_gemm/g_mac1.u_mac/acc0_carry__3_n_0
    SLICE_X108Y124       CARRY4 (Prop_carry4_CI_CO[3])
                                                      0.117    17.068 r  u_system/u_gemm/g_mac1.u_mac/acc0_carry__4/CO[3]
                         net (fo=1, routed)           0.009    17.077    u_system/u_gemm/g_mac1.u_mac/acc0_carry__4_n_0
    SLICE_X108Y125       CARRY4 (Prop_carry4_CI_O[2])
                                                      0.256    17.333 r  u_system/u_gemm/g_mac1.u_mac/acc0_carry__5/O[2]
                         net (fo=2, routed)           0.665    17.998    u_system/u_gemm/g_mac1.u_mac/acc0[26]
    SLICE_X109Y124       LUT3 (Prop_lut3_I2_O)        0.327    18.325 r  u_system/u_gemm/g_mac1.u_mac/acc[26]_i_1/O
                         net (fo=1, routed)           0.000    18.325    u_system/u_gemm/g_mac1.u_mac/acc[26]
    SLICE_X109Y124       FDRE                                         r  u_system/u_gemm/g_mac1.u_mac/acc_reg[26]/D
  -------------------------------------------------------------------    -------------------

                         (clock sys_clk_pin rise edge)
                                                     13.000    13.000 r  
    K17                                               0.000    13.000 r  clk (IN)
                         net (fo=0)                   0.000    13.000    clk
    K17                  IBUF (Prop_ibuf_I_O)         1.404    14.404 r  clk_IBUF_inst/O
                         net (fo=1, routed)           2.293    16.697    clk_IBUF
    BUFGCTRL_X0Y16       BUFG (Prop_bufg_I_O)         0.091    16.788 r  clk_IBUF_BUFG_inst/O
                         net (fo=914, routed)         1.840    18.628    u_system/u_gemm/g_mac1.u_mac/clk_IBUF_BUFG
    SLICE_X109Y124       FDRE                                         r  u_system/u_gemm/g_mac1.u_mac/acc_reg[26]/C
                         clock pessimism              0.441    19.070    
                         clock uncertainty           -0.035    19.034    
    SLICE_X109Y124       FDRE (Setup_fdre_C_D)        0.075    19.109    u_system/u_gemm/g_mac1.u_mac/acc_reg[26]
  -------------------------------------------------------------------
                         required time                         19.109    
                         arrival time                         -18.325    
  -------------------------------------------------------------------
                         slack                                  0.784    

Slack (MET) :             0.793ns  (required time - arrival time)
  Source:                 u_system/u_gemm/g_mac1.u_mac/i_reg[2]/C
                            (rising edge-triggered cell FDRE clocked by sys_clk_pin  {rise@0.000ns fall@6.500ns period=13.000ns})
  Destination:            u_system/u_gemm/g_mac1.u_mac/acc_reg[27]/D
                            (rising edge-triggered cell FDRE clocked by sys_clk_pin  {rise@0.000ns fall@6.500ns period=13.000ns})
  Path Group:             sys_clk_pin
  Path Type:              Setup (Max at Slow Process Corner)
  Requirement:            13.000ns  (sys_clk_pin rise@13.000ns - sys_clk_pin rise@0.000ns)
  Data Path Delay:        12.166ns  (logic 5.414ns (44.503%)  route 6.752ns (55.497%))
  Logic Levels:           15  (CARRY4=8 LUT2=1 LUT3=2 LUT4=1 LUT6=2 RAMD32=1)
  Clock Path Skew:        -0.081ns (DCD - SCD + CPR)
    Destination Clock Delay (DCD):    5.630ns = ( 18.630 - 13.000 ) 
    Source Clock Delay      (SCD):    6.153ns
    Clock Pessimism Removal (CPR):    0.441ns
  Clock Uncertainty:      0.035ns  ((TSJ^2 + TIJ^2)^1/2 + DJ) / 2 + PE
    Total System Jitter     (TSJ):    0.071ns
    Total Input Jitter      (TIJ):    0.000ns
    Discrete Jitter          (DJ):    0.000ns
    Phase Error              (PE):    0.000ns

    Location             Delay type                Incr(ns)  Path(ns)    Netlist Resource(s)
  -------------------------------------------------------------------    -------------------
                         (clock sys_clk_pin rise edge)
                                                      0.000     0.000 r  
    K17                                               0.000     0.000 r  clk (IN)
                         net (fo=0)                   0.000     0.000    clk
    K17                  IBUF (Prop_ibuf_I_O)         1.475     1.475 r  clk_IBUF_inst/O
                         net (fo=1, routed)           2.522     3.997    clk_IBUF
    BUFGCTRL_X0Y16       BUFG (Prop_bufg_I_O)         0.101     4.098 r  clk_IBUF_BUFG_inst/O
                         net (fo=914, routed)         2.055     6.153    u_system/u_gemm/g_mac1.u_mac/clk_IBUF_BUFG
    SLICE_X113Y109       FDRE                                         r  u_system/u_gemm/g_mac1.u_mac/i_reg[2]/C
  -------------------------------------------------------------------    -------------------
    SLICE_X113Y109       FDRE (Prop_fdre_C_Q)         0.419     6.572 r  u_system/u_gemm/g_mac1.u_mac/i_reg[2]/Q
                         net (fo=6, routed)           0.831     7.403    u_system/u_gemm/g_mac1.u_mac/i[2]
    SLICE_X110Y109       LUT6 (Prop_lut6_I0_O)        0.299     7.702 r  u_system/u_gemm/g_mac1.u_mac/a_buf_reg_0_15_0_5_i_6/O
                         net (fo=2, routed)           0.799     8.501    u_system/u_gemm/g_mac1.u_mac/a_buf_reg_0_15_0_5_i_6_n_0
    SLICE_X111Y108       LUT4 (Prop_lut4_I2_O)        0.150     8.651 r  u_system/u_gemm/g_mac1.u_mac/a_buf_reg_0_15_0_5_i_1/O
                         net (fo=8, routed)           0.780     9.431    u_system/u_gemm/u_buf/a_buf_reg_0_15_0_5/ADDRB3
    SLICE_X108Y105       RAMD32 (Prop_ramd32_RADR3_O)
                                                      0.358     9.789 r  u_system/u_gemm/u_buf/a_buf_reg_0_15_0_5/RAMB/O
                         net (fo=16, routed)          1.432    11.221    u_system/u_gemm/u_buf/a_rdata[2]
    SLICE_X108Y114       LUT6 (Prop_lut6_I1_O)        0.348    11.569 r  u_system/u_gemm/u_buf/prod__0_carry_i_1/O
                         net (fo=1, routed)           0.490    12.059    u_system/u_gemm/g_mac1.u_mac/DI[2]
    SLICE_X107Y114       CARRY4 (Prop_carry4_DI[3]_CO[3])
                                                      0.385    12.444 r  u_system/u_gemm/g_mac1.u_mac/prod__0_carry/CO[3]
                         net (fo=1, routed)           0.000    12.444    u_system/u_gemm/g_mac1.u_mac/prod__0_carry_n_0
    SLICE_X107Y115       CARRY4 (Prop_carry4_CI_O[3])
                                                      0.313    12.757 r  u_system/u_gemm/g_mac1.u_mac/prod__0_carry__0/O[3]
                         net (fo=2, routed)           0.566    13.323    u_system/u_gemm/g_mac1.u_mac/prod__0_carry__0_n_4
    SLICE_X108Y116       LUT3 (Prop_lut3_I2_O)        0.301    13.624 r  u_system/u_gemm/g_mac1.u_mac/prod__85_carry__0_i_4/O
                         net (fo=2, routed)           0.676    14.300    u_system/u_gemm/g_mac1.u_mac/prod__85_carry__0_i_4_n_0
    SLICE_X108Y117       CARRY4 (Prop_carry4_DI[0]_CO[3])
                                                      0.781    15.081 r  u_system/u_gemm/g_mac1.u_mac/prod__85_carry__0/CO[3]
                         net (fo=1, routed)           0.000    15.081    u_system/u_gemm/g_mac1.u_mac/prod__85_carry__0_n_0
    SLICE_X108Y118       CARRY4 (Prop_carry4_CI_O[1])
                                                      0.323    15.404 r  u_system/u_gemm/g_mac1.u_mac/prod__85_carry__1/O[1]
                         net (fo=1, routed)           0.591    15.995    u_system/u_gemm/g_mac1.u_mac/prod[13]
    SLICE_X108Y122       LUT2 (Prop_lut2_I1_O)        0.306    16.301 r  u_system/u_gemm/g_mac1.u_mac/acc0_carry__2_i_3/O
                         net (fo=1, routed)           0.000    16.301    u_system/u_gemm/g_mac1.u_mac/acc0_carry__2_i_3_n_0
    SLICE_X108Y122       CARRY4 (Prop_carry4_S[1]_CO[3])
                                                      0.533    16.834 r  u_system/u_gemm/g_mac1.u_mac/acc0_carry__2/CO[3]
                         net (fo=1, routed)           0.000    16.834    u_system/u_gemm/g_mac1.u_mac/acc0_carry__2_n_0
    SLICE_X108Y123       CARRY4 (Prop_carry4_CI_CO[3])
                                                      0.117    16.951 r  u_system/u_gemm/g_mac1.u_mac/acc0_carry__3/CO[3]
                         net (fo=1, routed)           0.000    16.951    u_system/u_gemm/g_mac1.u_mac/acc0_carry__3_n_0
    SLICE_X108Y124       CARRY4 (Prop_carry4_CI_CO[3])
                                                      0.117    17.068 r  u_system/u_gemm/g_mac1.u_mac/acc0_carry__4/CO[3]
                         net (fo=1, routed)           0.009    17.077    u_system/u_gemm/g_mac1.u_mac/acc0_carry__4_n_0
    SLICE_X108Y125       CARRY4 (Prop_carry4_CI_O[3])
                                                      0.331    17.408 r  u_system/u_gemm/g_mac1.u_mac/acc0_carry__5/O[3]
                         net (fo=2, routed)           0.577    17.985    u_system/u_gemm/g_mac1.u_mac/acc0[27]
    SLICE_X109Y126       LUT3 (Prop_lut3_I2_O)        0.333    18.318 r  u_system/u_gemm/g_mac1.u_mac/acc[27]_i_1/O
                         net (fo=1, routed)           0.000    18.318    u_system/u_gemm/g_mac1.u_mac/acc[27]
    SLICE_X109Y126       FDRE                                         r  u_system/u_gemm/g_mac1.u_mac/acc_reg[27]/D
  -------------------------------------------------------------------    -------------------

                         (clock sys_clk_pin rise edge)
                                                     13.000    13.000 r  
    K17                                               0.000    13.000 r  clk (IN)
                         net (fo=0)                   0.000    13.000    clk
    K17                  IBUF (Prop_ibuf_I_O)         1.404    14.404 r  clk_IBUF_inst/O
                         net (fo=1, routed)           2.293    16.697    clk_IBUF
    BUFGCTRL_X0Y16       BUFG (Prop_bufg_I_O)         0.091    16.788 r  clk_IBUF_BUFG_inst/O
                         net (fo=914, routed)         1.842    18.630    u_system/u_gemm/g_mac1.u_mac/clk_IBUF_BUFG
    SLICE_X109Y126       FDRE                                         r  u_system/u_gemm/g_mac1.u_mac/acc_reg[27]/C
                         clock pessimism              0.441    19.072    
                         clock uncertainty           -0.035    19.036    
    SLICE_X109Y126       FDRE (Setup_fdre_C_D)        0.075    19.111    u_system/u_gemm/g_mac1.u_mac/acc_reg[27]
  -------------------------------------------------------------------
                         required time                         19.111    
                         arrival time                         -18.318    
  -------------------------------------------------------------------
                         slack                                  0.793    





Pulse Width Checks
--------------------------------------------------------------------------------------
Clock Name:         sys_clk_pin
Waveform(ns):       { 0.000 6.500 }
Period(ns):         13.000
Sources:            { clk }

Check Type        Corner  Lib Pin             Reference Pin  Required(ns)  Actual(ns)  Slack(ns)  Location        Pin
Min Period        n/a     RAMB36E1/CLKARDCLK  n/a            2.944         13.000      10.056     RAMB36_X5Y19    u_system/mem_reg_0/CLKARDCLK
Min Period        n/a     RAMB36E1/CLKARDCLK  n/a            2.944         13.000      10.056     RAMB36_X5Y20    u_system/mem_reg_1/CLKARDCLK
Min Period        n/a     RAMB36E1/CLKARDCLK  n/a            2.944         13.000      10.056     RAMB36_X5Y21    u_system/mem_reg_2/CLKARDCLK
Min Period        n/a     RAMB36E1/CLKARDCLK  n/a            2.944         13.000      10.056     RAMB36_X5Y22    u_system/mem_reg_3/CLKARDCLK
Min Period        n/a     RAMB36E1/CLKBWRCLK  n/a            2.576         13.000      10.424     RAMB36_X5Y19    u_system/mem_reg_0/CLKBWRCLK
Low Pulse Width   Slow    RAMD32/CLK          n/a            1.250         6.500       5.250      SLICE_X108Y105  u_system/u_gemm/u_buf/a_buf_reg_0_15_0_5/RAMA/CLK
Low Pulse Width   Fast    RAMD32/CLK          n/a            1.250         6.500       5.250      SLICE_X108Y105  u_system/u_gemm/u_buf/a_buf_reg_0_15_0_5/RAMA/CLK
Low Pulse Width   Slow    RAMD32/CLK          n/a            1.250         6.500       5.250      SLICE_X108Y105  u_system/u_gemm/u_buf/a_buf_reg_0_15_0_5/RAMA_D1/CLK
Low Pulse Width   Fast    RAMD32/CLK          n/a            1.250         6.500       5.250      SLICE_X108Y105  u_system/u_gemm/u_buf/a_buf_reg_0_15_0_5/RAMA_D1/CLK
Low Pulse Width   Slow    RAMD32/CLK          n/a            1.250         6.500       5.250      SLICE_X108Y105  u_system/u_gemm/u_buf/a_buf_reg_0_15_0_5/RAMB/CLK
High Pulse Width  Slow    RAMD32/CLK          n/a            1.250         6.500       5.250      SLICE_X108Y105  u_system/u_gemm/u_buf/a_buf_reg_0_15_0_5/RAMA/CLK
High Pulse Width  Fast    RAMD32/CLK          n/a            1.250         6.500       5.250      SLICE_X108Y105  u_system/u_gemm/u_buf/a_buf_reg_0_15_0_5/RAMA/CLK
High Pulse Width  Slow    RAMD32/CLK          n/a            1.250         6.500       5.250      SLICE_X108Y105  u_system/u_gemm/u_buf/a_buf_reg_0_15_0_5/RAMA_D1/CLK
High Pulse Width  Fast    RAMD32/CLK          n/a            1.250         6.500       5.250      SLICE_X108Y105  u_system/u_gemm/u_buf/a_buf_reg_0_15_0_5/RAMA_D1/CLK
High Pulse Width  Slow    RAMD32/CLK          n/a            1.250         6.500       5.250      SLICE_X108Y105  u_system/u_gemm/u_buf/a_buf_reg_0_15_0_5/RAMB/CLK



