Copyright 1986-2022 Xilinx, Inc. All Rights Reserved. Copyright 2022-2024 Advanced Micro Devices, Inc. All Rights Reserved.
----------------------------------------------------------------------------------------------------------------------------------------------------------------------------------------------------
| Tool Version : Vivado v.2024.2 (lin64) Build 5239630 Fri Nov 08 22:34:34 MST 2024
| Date         : Wed Jun 17 03:41:05 2026
| Host         : young-PC running 64-bit Ubuntu 24.04.4 LTS
| Command      : report_timing_summary -delay_type max -max_paths 5 -file /home/young/dev/20_digital-systems-lab/projects/simple-cpu-gemm-accelerator/fpga/reports/mode1/83_3mhz_timing_summary.rpt
| Design       : zybo_top
| Device       : 7z020-clg400
| Speed File   : -1  PRODUCTION 1.12 2019-11-22
| Design State : Routed
----------------------------------------------------------------------------------------------------------------------------------------------------------------------------------------------------

Timing Summary Report

------------------------------------------------------------------------------------------------
| Timer Settings
| --------------
------------------------------------------------------------------------------------------------

  Enable Multi Corner Analysis               :  Yes
  Enable Pessimism Removal                   :  Yes
  Pessimism Removal Resolution               :  Nearest Common Node
  Enable Input Delay Default Clock           :  No
  Enable Preset / Clear Arcs                 :  No
  Disable Flight Delays                      :  No
  Ignore I/O Paths                           :  No
  Timing Early Launch at Borrowing Latches   :  No
  Borrow Time for Max Delay Exceptions       :  Yes
  Merge Timing Exceptions                    :  Yes
  Inter-SLR Compensation                     :  Conservative

  Corner  Analyze    Analyze    
  Name    Max Paths  Min Paths  
  ------  ---------  ---------  
  Slow    Yes        Yes        
  Fast    Yes        Yes        


------------------------------------------------------------------------------------------------
| Report Methodology
| ------------------
------------------------------------------------------------------------------------------------

Rule       Severity  Description                                 Violations  
---------  --------  ------------------------------------------  ----------  
SYNTH-6    Warning   Timing of a RAM block might be sub-optimal  4           
TIMING-18  Warning   Missing input or output delay               5           

Note: This report is based on the most recent report_methodology run and may not be up-to-date. Run report_methodology on the current design for the latest report.



check_timing report

Table of Contents
-----------------
1. checking no_clock (0)
2. checking constant_clock (0)
3. checking pulse_width_clock (0)
4. checking unconstrained_internal_endpoints (0)
5. checking no_input_delay (1)
6. checking no_output_delay (4)
7. checking multiple_clock (0)
8. checking generated_clocks (0)
9. checking loops (0)
10. checking partial_input_delay (0)
11. checking partial_output_delay (0)
12. checking latch_loops (0)

1. checking no_clock (0)
------------------------
 There are 0 register/latch pins with no clock.


2. checking constant_clock (0)
------------------------------
 There are 0 register/latch pins with constant_clock.


3. checking pulse_width_clock (0)
---------------------------------
 There are 0 register/latch pins which need pulse_width check


4. checking unconstrained_internal_endpoints (0)
------------------------------------------------
 There are 0 pins that are not constrained for maximum delay.

 There are 0 pins that are not constrained for maximum delay due to constant clock.


5. checking no_input_delay (1)
------------------------------
 There is 1 input port with no input delay specified. (HIGH)

 There are 0 input ports with no input delay but user has a false path constraint.


6. checking no_output_delay (4)
-------------------------------
 There are 4 ports with no output delay specified. (HIGH)

 There are 0 ports with no output delay but user has a false path constraint

 There are 0 ports with no output delay but with a timing clock defined on it or propagating through it


7. checking multiple_clock (0)
------------------------------
 There are 0 register/latch pins with multiple clocks.


8. checking generated_clocks (0)
--------------------------------
 There are 0 generated clocks that are not connected to a clock source.


9. checking loops (0)
---------------------
 There are 0 combinational loops in the design.


10. checking partial_input_delay (0)
------------------------------------
 There are 0 input ports with partial input delay specified.


11. checking partial_output_delay (0)
-------------------------------------
 There are 0 ports with partial output delay specified.


12. checking latch_loops (0)
----------------------------
 There are 0 combinational latch loops in the design through latch input



------------------------------------------------------------------------------------------------
| Design Timing Summary
| ---------------------
------------------------------------------------------------------------------------------------

    WNS(ns)      TNS(ns)  TNS Failing Endpoints  TNS Total Endpoints     WPWS(ns)     TPWS(ns)  TPWS Failing Endpoints  TPWS Total Endpoints  
    -------      -------  ---------------------  -------------------     --------     --------  ----------------------  --------------------  
      0.267        0.000                      0                 2510        4.750        0.000                       0                   915  


All user specified timing constraints are met.


------------------------------------------------------------------------------------------------
| Clock Summary
| -------------
------------------------------------------------------------------------------------------------

Clock        Waveform(ns)       Period(ns)      Frequency(MHz)
-----        ------------       ----------      --------------
sys_clk_pin  {0.000 6.000}      12.000          83.333          


------------------------------------------------------------------------------------------------
| Intra Clock Table
| -----------------
------------------------------------------------------------------------------------------------

Clock             WNS(ns)      TNS(ns)  TNS Failing Endpoints  TNS Total Endpoints     WPWS(ns)     TPWS(ns)  TPWS Failing Endpoints  TPWS Total Endpoints  
-----             -------      -------  ---------------------  -------------------     --------     --------  ----------------------  --------------------  
sys_clk_pin         0.267        0.000                      0                 2510        4.750        0.000                       0                   915  


------------------------------------------------------------------------------------------------
| Inter Clock Table
| -----------------
------------------------------------------------------------------------------------------------

From Clock    To Clock          WNS(ns)      TNS(ns)  TNS Failing Endpoints  TNS Total Endpoints  
----------    --------          -------      -------  ---------------------  -------------------  


------------------------------------------------------------------------------------------------
| Other Path Groups Table
| -----------------------
------------------------------------------------------------------------------------------------

Path Group    From Clock    To Clock          WNS(ns)      TNS(ns)  TNS Failing Endpoints  TNS Total Endpoints  
----------    ----------    --------          -------      -------  ---------------------  -------------------  


------------------------------------------------------------------------------------------------
| Timing Details
| --------------
------------------------------------------------------------------------------------------------


---------------------------------------------------------------------------------------------------
From Clock:  sys_clk_pin
  To Clock:  sys_clk_pin

Setup :            0  Failing Endpoints,  Worst Slack        0.267ns,  Total Violation        0.000ns
Hold  :           NA  Failing Endpoints,  Worst Slack           NA  ,  Total Violation           NA
PW    :            0  Failing Endpoints,  Worst Slack        4.750ns,  Total Violation        0.000ns
---------------------------------------------------------------------------------------------------


Max Delay Paths
--------------------------------------------------------------------------------------
Slack (MET) :             0.267ns  (required time - arrival time)
  Source:                 u_system/u_gemm/u_mmio/r_n_reg[0]/C
                            (rising edge-triggered cell FDRE clocked by sys_clk_pin  {rise@0.000ns fall@6.000ns period=12.000ns})
  Destination:            u_system/u_gemm/g_mac1.u_mac/acc_reg[31]/D
                            (rising edge-triggered cell FDRE clocked by sys_clk_pin  {rise@0.000ns fall@6.000ns period=12.000ns})
  Path Group:             sys_clk_pin
  Path Type:              Setup (Max at Slow Process Corner)
  Requirement:            12.000ns  (sys_clk_pin rise@12.000ns - sys_clk_pin rise@0.000ns)
  Data Path Delay:        11.741ns  (logic 5.077ns (43.242%)  route 6.664ns (56.758%))
  Logic Levels:           15  (CARRY4=7 LUT2=1 LUT3=2 LUT4=2 LUT6=2 RAMD32=1)
  Clock Path Skew:        -0.075ns (DCD - SCD + CPR)
    Destination Clock Delay (DCD):    5.631ns = ( 17.631 - 12.000 ) 
    Source Clock Delay      (SCD):    6.148ns
    Clock Pessimism Removal (CPR):    0.441ns
  Clock Uncertainty:      0.035ns  ((TSJ^2 + TIJ^2)^1/2 + DJ) / 2 + PE
    Total System Jitter     (TSJ):    0.071ns
    Total Input Jitter      (TIJ):    0.000ns
    Discrete Jitter          (DJ):    0.000ns
    Phase Error              (PE):    0.000ns

    Location             Delay type                Incr(ns)  Path(ns)    Netlist Resource(s)
  -------------------------------------------------------------------    -------------------
                         (clock sys_clk_pin rise edge)
                                                      0.000     0.000 r  
    K17                                               0.000     0.000 r  clk (IN)
                         net (fo=0)                   0.000     0.000    clk
    K17                  IBUF (Prop_ibuf_I_O)         1.475     1.475 r  clk_IBUF_inst/O
                         net (fo=1, routed)           2.522     3.997    clk_IBUF
    BUFGCTRL_X0Y16       BUFG (Prop_bufg_I_O)         0.101     4.098 r  clk_IBUF_BUFG_inst/O
                         net (fo=914, routed)         2.050     6.148    u_system/u_gemm/u_mmio/clk_IBUF_BUFG
    SLICE_X113Y115       FDRE                                         r  u_system/u_gemm/u_mmio/r_n_reg[0]/C
  -------------------------------------------------------------------    -------------------
    SLICE_X113Y115       FDRE (Prop_fdre_C_Q)         0.456     6.604 r  u_system/u_gemm/u_mmio/r_n_reg[0]/Q
                         net (fo=54, routed)          0.852     7.455    u_system/u_gemm/u_mmio/r_n_reg[2]_1[0]
    SLICE_X110Y115       LUT6 (Prop_lut6_I0_O)        0.124     7.579 r  u_system/u_gemm/u_mmio/b_buf_reg_0_15_0_5_i_7/O
                         net (fo=1, routed)           0.658     8.238    u_system/u_gemm/g_mac1.u_mac/b_idx0[0]
    SLICE_X111Y115       LUT4 (Prop_lut4_I3_O)        0.150     8.388 r  u_system/u_gemm/g_mac1.u_mac/b_buf_reg_0_15_0_5_i_1/O
                         net (fo=8, routed)           0.791     9.179    u_system/u_gemm/u_buf/b_buf_reg_0_15_0_5/ADDRB3
    SLICE_X108Y115       RAMD32 (Prop_ramd32_RADR3_O)
                                                      0.358     9.537 r  u_system/u_gemm/u_buf/b_buf_reg_0_15_0_5/RAMB/O
                         net (fo=16, routed)          1.087    10.624    u_system/u_gemm/u_buf/b_rdata[2]
    SLICE_X109Y114       LUT6 (Prop_lut6_I0_O)        0.348    10.972 r  u_system/u_gemm/u_buf/prod__0_carry__0_i_2/O
                         net (fo=2, routed)           0.788    11.760    u_system/u_gemm/g_mac1.u_mac/prod__85_carry_i_8_0[2]
    SLICE_X107Y115       CARRY4 (Prop_carry4_DI[2]_O[3])
                                                      0.438    12.198 r  u_system/u_gemm/g_mac1.u_mac/prod__0_carry__0/O[3]
                         net (fo=2, routed)           0.732    12.930    u_system/u_gemm/g_mac1.u_mac/prod__0_carry__0_n_4
    SLICE_X107Y117       LUT3 (Prop_lut3_I2_O)        0.299    13.229 r  u_system/u_gemm/g_mac1.u_mac/prod__85_carry__0_i_4/O
                         net (fo=2, routed)           0.594    13.823    u_system/u_gemm/g_mac1.u_mac/prod__85_carry__0_i_4_n_0
    SLICE_X107Y118       LUT4 (Prop_lut4_I3_O)        0.332    14.155 r  u_system/u_gemm/g_mac1.u_mac/prod__85_carry__0_i_8/O
                         net (fo=1, routed)           0.000    14.155    u_system/u_gemm/g_mac1.u_mac/prod__85_carry__0_i_8_n_0
    SLICE_X107Y118       CARRY4 (Prop_carry4_S[0]_CO[3])
                                                      0.532    14.687 r  u_system/u_gemm/g_mac1.u_mac/prod__85_carry__0/CO[3]
                         net (fo=1, routed)           0.000    14.687    u_system/u_gemm/g_mac1.u_mac/prod__85_carry__0_n_0
    SLICE_X107Y119       CARRY4 (Prop_carry4_CI_O[3])
                                                      0.313    15.000 r  u_system/u_gemm/g_mac1.u_mac/prod__85_carry__1/O[3]
                         net (fo=4, routed)           0.565    15.565    u_system/u_gemm/u_buf/O[0]
    SLICE_X109Y120       LUT2 (Prop_lut2_I0_O)        0.306    15.871 r  u_system/u_gemm/u_buf/acc0_carry__3_i_5/O
                         net (fo=1, routed)           0.000    15.871    u_system/u_gemm/g_mac1.u_mac/c_wdata_reg[19]_1[0]
    SLICE_X109Y120       CARRY4 (Prop_carry4_S[0]_CO[3])
                                                      0.532    16.403 r  u_system/u_gemm/g_mac1.u_mac/acc0_carry__3/CO[3]
                         net (fo=1, routed)           0.000    16.403    u_system/u_gemm/g_mac1.u_mac/acc0_carry__3_n_0
    SLICE_X109Y121       CARRY4 (Prop_carry4_CI_CO[3])
                                                      0.114    16.517 r  u_system/u_gemm/g_mac1.u_mac/acc0_carry__4/CO[3]
                         net (fo=1, routed)           0.000    16.517    u_system/u_gemm/g_mac1.u_mac/acc0_carry__4_n_0
    SLICE_X109Y122       CARRY4 (Prop_carry4_CI_CO[3])
                                                      0.114    16.631 r  u_system/u_gemm/g_mac1.u_mac/acc0_carry__5/CO[3]
                         net (fo=1, routed)           0.000    16.631    u_system/u_gemm/g_mac1.u_mac/acc0_carry__5_n_0
    SLICE_X109Y123       CARRY4 (Prop_carry4_CI_O[3])
                                                      0.329    16.960 r  u_system/u_gemm/g_mac1.u_mac/acc0_carry__6/O[3]
                         net (fo=2, routed)           0.597    17.557    u_system/u_gemm/g_mac1.u_mac/acc0[31]
    SLICE_X108Y122       LUT3 (Prop_lut3_I2_O)        0.332    17.889 r  u_system/u_gemm/g_mac1.u_mac/acc[31]_i_1/O
                         net (fo=1, routed)           0.000    17.889    u_system/u_gemm/g_mac1.u_mac/acc[31]
    SLICE_X108Y122       FDRE                                         r  u_system/u_gemm/g_mac1.u_mac/acc_reg[31]/D
  -------------------------------------------------------------------    -------------------

                         (clock sys_clk_pin rise edge)
                                                     12.000    12.000 r  
    K17                                               0.000    12.000 r  clk (IN)
                         net (fo=0)                   0.000    12.000    clk
    K17                  IBUF (Prop_ibuf_I_O)         1.404    13.404 r  clk_IBUF_inst/O
                         net (fo=1, routed)           2.293    15.697    clk_IBUF
    BUFGCTRL_X0Y16       BUFG (Prop_bufg_I_O)         0.091    15.788 r  clk_IBUF_BUFG_inst/O
                         net (fo=914, routed)         1.843    17.631    u_system/u_gemm/g_mac1.u_mac/clk_IBUF_BUFG
    SLICE_X108Y122       FDRE                                         r  u_system/u_gemm/g_mac1.u_mac/acc_reg[31]/C
                         clock pessimism              0.441    18.073    
                         clock uncertainty           -0.035    18.037    
    SLICE_X108Y122       FDRE (Setup_fdre_C_D)        0.118    18.155    u_system/u_gemm/g_mac1.u_mac/acc_reg[31]
  -------------------------------------------------------------------
                         required time                         18.155    
                         arrival time                         -17.889    
  -------------------------------------------------------------------
                         slack                                  0.267    

Slack (MET) :             0.319ns  (required time - arrival time)
  Source:                 u_system/u_gemm/u_mmio/r_n_reg[0]/C
                            (rising edge-triggered cell FDRE clocked by sys_clk_pin  {rise@0.000ns fall@6.000ns period=12.000ns})
  Destination:            u_system/u_gemm/g_mac1.u_mac/acc_reg[27]/D
                            (rising edge-triggered cell FDRE clocked by sys_clk_pin  {rise@0.000ns fall@6.000ns period=12.000ns})
  Path Group:             sys_clk_pin
  Path Type:              Setup (Max at Slow Process Corner)
  Requirement:            12.000ns  (sys_clk_pin rise@12.000ns - sys_clk_pin rise@0.000ns)
  Data Path Delay:        11.689ns  (logic 4.965ns (42.477%)  route 6.724ns (57.523%))
  Logic Levels:           14  (CARRY4=6 LUT2=1 LUT3=2 LUT4=2 LUT6=2 RAMD32=1)
  Clock Path Skew:        -0.075ns (DCD - SCD + CPR)
    Destination Clock Delay (DCD):    5.631ns = ( 17.631 - 12.000 ) 
    Source Clock Delay      (SCD):    6.148ns
    Clock Pessimism Removal (CPR):    0.441ns
  Clock Uncertainty:      0.035ns  ((TSJ^2 + TIJ^2)^1/2 + DJ) / 2 + PE
    Total System Jitter     (TSJ):    0.071ns
    Total Input Jitter      (TIJ):    0.000ns
    Discrete Jitter          (DJ):    0.000ns
    Phase Error              (PE):    0.000ns

    Location             Delay type                Incr(ns)  Path(ns)    Netlist Resource(s)
  -------------------------------------------------------------------    -------------------
                         (clock sys_clk_pin rise edge)
                                                      0.000     0.000 r  
    K17                                               0.000     0.000 r  clk (IN)
                         net (fo=0)                   0.000     0.000    clk
    K17                  IBUF (Prop_ibuf_I_O)         1.475     1.475 r  clk_IBUF_inst/O
                         net (fo=1, routed)           2.522     3.997    clk_IBUF
    BUFGCTRL_X0Y16       BUFG (Prop_bufg_I_O)         0.101     4.098 r  clk_IBUF_BUFG_inst/O
                         net (fo=914, routed)         2.050     6.148    u_system/u_gemm/u_mmio/clk_IBUF_BUFG
    SLICE_X113Y115       FDRE                                         r  u_system/u_gemm/u_mmio/r_n_reg[0]/C
  -------------------------------------------------------------------    -------------------
    SLICE_X113Y115       FDRE (Prop_fdre_C_Q)         0.456     6.604 r  u_system/u_gemm/u_mmio/r_n_reg[0]/Q
                         net (fo=54, routed)          0.852     7.455    u_system/u_gemm/u_mmio/r_n_reg[2]_1[0]
    SLICE_X110Y115       LUT6 (Prop_lut6_I0_O)        0.124     7.579 r  u_system/u_gemm/u_mmio/b_buf_reg_0_15_0_5_i_7/O
                         net (fo=1, routed)           0.658     8.238    u_system/u_gemm/g_mac1.u_mac/b_idx0[0]
    SLICE_X111Y115       LUT4 (Prop_lut4_I3_O)        0.150     8.388 r  u_system/u_gemm/g_mac1.u_mac/b_buf_reg_0_15_0_5_i_1/O
                         net (fo=8, routed)           0.791     9.179    u_system/u_gemm/u_buf/b_buf_reg_0_15_0_5/ADDRB3
    SLICE_X108Y115       RAMD32 (Prop_ramd32_RADR3_O)
                                                      0.358     9.537 r  u_system/u_gemm/u_buf/b_buf_reg_0_15_0_5/RAMB/O
                         net (fo=16, routed)          1.087    10.624    u_system/u_gemm/u_buf/b_rdata[2]
    SLICE_X109Y114       LUT6 (Prop_lut6_I0_O)        0.348    10.972 r  u_system/u_gemm/u_buf/prod__0_carry__0_i_2/O
                         net (fo=2, routed)           0.788    11.760    u_system/u_gemm/g_mac1.u_mac/prod__85_carry_i_8_0[2]
    SLICE_X107Y115       CARRY4 (Prop_carry4_DI[2]_O[3])
                                                      0.438    12.198 r  u_system/u_gemm/g_mac1.u_mac/prod__0_carry__0/O[3]
                         net (fo=2, routed)           0.732    12.930    u_system/u_gemm/g_mac1.u_mac/prod__0_carry__0_n_4
    SLICE_X107Y117       LUT3 (Prop_lut3_I2_O)        0.299    13.229 r  u_system/u_gemm/g_mac1.u_mac/prod__85_carry__0_i_4/O
                         net (fo=2, routed)           0.594    13.823    u_system/u_gemm/g_mac1.u_mac/prod__85_carry__0_i_4_n_0
    SLICE_X107Y118       LUT4 (Prop_lut4_I3_O)        0.332    14.155 r  u_system/u_gemm/g_mac1.u_mac/prod__85_carry__0_i_8/O
                         net (fo=1, routed)           0.000    14.155    u_system/u_gemm/g_mac1.u_mac/prod__85_carry__0_i_8_n_0
    SLICE_X107Y118       CARRY4 (Prop_carry4_S[0]_CO[3])
                                                      0.532    14.687 r  u_system/u_gemm/g_mac1.u_mac/prod__85_carry__0/CO[3]
                         net (fo=1, routed)           0.000    14.687    u_system/u_gemm/g_mac1.u_mac/prod__85_carry__0_n_0
    SLICE_X107Y119       CARRY4 (Prop_carry4_CI_O[3])
                                                      0.313    15.000 r  u_system/u_gemm/g_mac1.u_mac/prod__85_carry__1/O[3]
                         net (fo=4, routed)           0.565    15.565    u_system/u_gemm/u_buf/O[0]
    SLICE_X109Y120       LUT2 (Prop_lut2_I0_O)        0.306    15.871 r  u_system/u_gemm/u_buf/acc0_carry__3_i_5/O
                         net (fo=1, routed)           0.000    15.871    u_system/u_gemm/g_mac1.u_mac/c_wdata_reg[19]_1[0]
    SLICE_X109Y120       CARRY4 (Prop_carry4_S[0]_CO[3])
                                                      0.532    16.403 r  u_system/u_gemm/g_mac1.u_mac/acc0_carry__3/CO[3]
                         net (fo=1, routed)           0.000    16.403    u_system/u_gemm/g_mac1.u_mac/acc0_carry__3_n_0
    SLICE_X109Y121       CARRY4 (Prop_carry4_CI_CO[3])
                                                      0.114    16.517 r  u_system/u_gemm/g_mac1.u_mac/acc0_carry__4/CO[3]
                         net (fo=1, routed)           0.000    16.517    u_system/u_gemm/g_mac1.u_mac/acc0_carry__4_n_0
    SLICE_X109Y122       CARRY4 (Prop_carry4_CI_O[3])
                                                      0.329    16.846 r  u_system/u_gemm/g_mac1.u_mac/acc0_carry__5/O[3]
                         net (fo=2, routed)           0.656    17.502    u_system/u_gemm/g_mac1.u_mac/acc0[27]
    SLICE_X108Y122       LUT3 (Prop_lut3_I2_O)        0.334    17.836 r  u_system/u_gemm/g_mac1.u_mac/acc[27]_i_1/O
                         net (fo=1, routed)           0.000    17.836    u_system/u_gemm/g_mac1.u_mac/acc[27]
    SLICE_X108Y122       FDRE                                         r  u_system/u_gemm/g_mac1.u_mac/acc_reg[27]/D
  -------------------------------------------------------------------    -------------------

                         (clock sys_clk_pin rise edge)
                                                     12.000    12.000 r  
    K17                                               0.000    12.000 r  clk (IN)
                         net (fo=0)                   0.000    12.000    clk
    K17                  IBUF (Prop_ibuf_I_O)         1.404    13.404 r  clk_IBUF_inst/O
                         net (fo=1, routed)           2.293    15.697    clk_IBUF
    BUFGCTRL_X0Y16       BUFG (Prop_bufg_I_O)         0.091    15.788 r  clk_IBUF_BUFG_inst/O
                         net (fo=914, routed)         1.843    17.631    u_system/u_gemm/g_mac1.u_mac/clk_IBUF_BUFG
    SLICE_X108Y122       FDRE                                         r  u_system/u_gemm/g_mac1.u_mac/acc_reg[27]/C
                         clock pessimism              0.441    18.073    
                         clock uncertainty           -0.035    18.037    
    SLICE_X108Y122       FDRE (Setup_fdre_C_D)        0.118    18.155    u_system/u_gemm/g_mac1.u_mac/acc_reg[27]
  -------------------------------------------------------------------
                         required time                         18.155    
                         arrival time                         -17.836    
  -------------------------------------------------------------------
                         slack                                  0.319    

Slack (MET) :             0.343ns  (required time - arrival time)
  Source:                 u_system/u_gemm/u_mmio/r_n_reg[0]/C
                            (rising edge-triggered cell FDRE clocked by sys_clk_pin  {rise@0.000ns fall@6.000ns period=12.000ns})
  Destination:            u_system/u_gemm/g_mac1.u_mac/acc_reg[30]/D
                            (rising edge-triggered cell FDRE clocked by sys_clk_pin  {rise@0.000ns fall@6.000ns period=12.000ns})
  Path Group:             sys_clk_pin
  Path Type:              Setup (Max at Slow Process Corner)
  Requirement:            12.000ns  (sys_clk_pin rise@12.000ns - sys_clk_pin rise@0.000ns)
  Data Path Delay:        11.665ns  (logic 5.003ns (42.889%)  route 6.662ns (57.111%))
  Logic Levels:           15  (CARRY4=7 LUT2=1 LUT3=2 LUT4=2 LUT6=2 RAMD32=1)
  Clock Path Skew:        -0.075ns (DCD - SCD + CPR)
    Destination Clock Delay (DCD):    5.631ns = ( 17.631 - 12.000 ) 
    Source Clock Delay      (SCD):    6.148ns
    Clock Pessimism Removal (CPR):    0.441ns
  Clock Uncertainty:      0.035ns  ((TSJ^2 + TIJ^2)^1/2 + DJ) / 2 + PE
    Total System Jitter     (TSJ):    0.071ns
    Total Input Jitter      (TIJ):    0.000ns
    Discrete Jitter          (DJ):    0.000ns
    Phase Error              (PE):    0.000ns

    Location             Delay type                Incr(ns)  Path(ns)    Netlist Resource(s)
  -------------------------------------------------------------------    -------------------
                         (clock sys_clk_pin rise edge)
                                                      0.000     0.000 r  
    K17                                               0.000     0.000 r  clk (IN)
                         net (fo=0)                   0.000     0.000    clk
    K17                  IBUF (Prop_ibuf_I_O)         1.475     1.475 r  clk_IBUF_inst/O
                         net (fo=1, routed)           2.522     3.997    clk_IBUF
    BUFGCTRL_X0Y16       BUFG (Prop_bufg_I_O)         0.101     4.098 r  clk_IBUF_BUFG_inst/O
                         net (fo=914, routed)         2.050     6.148    u_system/u_gemm/u_mmio/clk_IBUF_BUFG
    SLICE_X113Y115       FDRE                                         r  u_system/u_gemm/u_mmio/r_n_reg[0]/C
  -------------------------------------------------------------------    -------------------
    SLICE_X113Y115       FDRE (Prop_fdre_C_Q)         0.456     6.604 r  u_system/u_gemm/u_mmio/r_n_reg[0]/Q
                         net (fo=54, routed)          0.852     7.455    u_system/u_gemm/u_mmio/r_n_reg[2]_1[0]
    SLICE_X110Y115       LUT6 (Prop_lut6_I0_O)        0.124     7.579 r  u_system/u_gemm/u_mmio/b_buf_reg_0_15_0_5_i_7/O
                         net (fo=1, routed)           0.658     8.238    u_system/u_gemm/g_mac1.u_mac/b_idx0[0]
    SLICE_X111Y115       LUT4 (Prop_lut4_I3_O)        0.150     8.388 r  u_system/u_gemm/g_mac1.u_mac/b_buf_reg_0_15_0_5_i_1/O
                         net (fo=8, routed)           0.791     9.179    u_system/u_gemm/u_buf/b_buf_reg_0_15_0_5/ADDRB3
    SLICE_X108Y115       RAMD32 (Prop_ramd32_RADR3_O)
                                                      0.358     9.537 r  u_system/u_gemm/u_buf/b_buf_reg_0_15_0_5/RAMB/O
                         net (fo=16, routed)          1.087    10.624    u_system/u_gemm/u_buf/b_rdata[2]
    SLICE_X109Y114       LUT6 (Prop_lut6_I0_O)        0.348    10.972 r  u_system/u_gemm/u_buf/prod__0_carry__0_i_2/O
                         net (fo=2, routed)           0.788    11.760    u_system/u_gemm/g_mac1.u_mac/prod__85_carry_i_8_0[2]
    SLICE_X107Y115       CARRY4 (Prop_carry4_DI[2]_O[3])
                                                      0.438    12.198 r  u_system/u_gemm/g_mac1.u_mac/prod__0_carry__0/O[3]
                         net (fo=2, routed)           0.732    12.930    u_system/u_gemm/g_mac1.u_mac/prod__0_carry__0_n_4
    SLICE_X107Y117       LUT3 (Prop_lut3_I2_O)        0.299    13.229 r  u_system/u_gemm/g_mac1.u_mac/prod__85_carry__0_i_4/O
                         net (fo=2, routed)           0.594    13.823    u_system/u_gemm/g_mac1.u_mac/prod__85_carry__0_i_4_n_0
    SLICE_X107Y118       LUT4 (Prop_lut4_I3_O)        0.332    14.155 r  u_system/u_gemm/g_mac1.u_mac/prod__85_carry__0_i_8/O
                         net (fo=1, routed)           0.000    14.155    u_system/u_gemm/g_mac1.u_mac/prod__85_carry__0_i_8_n_0
    SLICE_X107Y118       CARRY4 (Prop_carry4_S[0]_CO[3])
                                                      0.532    14.687 r  u_system/u_gemm/g_mac1.u_mac/prod__85_carry__0/CO[3]
                         net (fo=1, routed)           0.000    14.687    u_system/u_gemm/g_mac1.u_mac/prod__85_carry__0_n_0
    SLICE_X107Y119       CARRY4 (Prop_carry4_CI_O[3])
                                                      0.313    15.000 r  u_system/u_gemm/g_mac1.u_mac/prod__85_carry__1/O[3]
                         net (fo=4, routed)           0.565    15.565    u_system/u_gemm/u_buf/O[0]
    SLICE_X109Y120       LUT2 (Prop_lut2_I0_O)        0.306    15.871 r  u_system/u_gemm/u_buf/acc0_carry__3_i_5/O
                         net (fo=1, routed)           0.000    15.871    u_system/u_gemm/g_mac1.u_mac/c_wdata_reg[19]_1[0]
    SLICE_X109Y120       CARRY4 (Prop_carry4_S[0]_CO[3])
                                                      0.532    16.403 r  u_system/u_gemm/g_mac1.u_mac/acc0_carry__3/CO[3]
                         net (fo=1, routed)           0.000    16.403    u_system/u_gemm/g_mac1.u_mac/acc0_carry__3_n_0
    SLICE_X109Y121       CARRY4 (Prop_carry4_CI_CO[3])
                                                      0.114    16.517 r  u_system/u_gemm/g_mac1.u_mac/acc0_carry__4/CO[3]
                         net (fo=1, routed)           0.000    16.517    u_system/u_gemm/g_mac1.u_mac/acc0_carry__4_n_0
    SLICE_X109Y122       CARRY4 (Prop_carry4_CI_CO[3])
                                                      0.114    16.631 r  u_system/u_gemm/g_mac1.u_mac/acc0_carry__5/CO[3]
                         net (fo=1, routed)           0.000    16.631    u_system/u_gemm/g_mac1.u_mac/acc0_carry__5_n_0
    SLICE_X109Y123       CARRY4 (Prop_carry4_CI_O[2])
                                                      0.256    16.887 r  u_system/u_gemm/g_mac1.u_mac/acc0_carry__6/O[2]
                         net (fo=2, routed)           0.595    17.482    u_system/u_gemm/g_mac1.u_mac/acc0[30]
    SLICE_X108Y122       LUT3 (Prop_lut3_I2_O)        0.331    17.813 r  u_system/u_gemm/g_mac1.u_mac/acc[30]_i_1/O
                         net (fo=1, routed)           0.000    17.813    u_system/u_gemm/g_mac1.u_mac/acc[30]
    SLICE_X108Y122       FDRE                                         r  u_system/u_gemm/g_mac1.u_mac/acc_reg[30]/D
  -------------------------------------------------------------------    -------------------

                         (clock sys_clk_pin rise edge)
                                                     12.000    12.000 r  
    K17                                               0.000    12.000 r  clk (IN)
                         net (fo=0)                   0.000    12.000    clk
    K17                  IBUF (Prop_ibuf_I_O)         1.404    13.404 r  clk_IBUF_inst/O
                         net (fo=1, routed)           2.293    15.697    clk_IBUF
    BUFGCTRL_X0Y16       BUFG (Prop_bufg_I_O)         0.091    15.788 r  clk_IBUF_BUFG_inst/O
                         net (fo=914, routed)         1.843    17.631    u_system/u_gemm/g_mac1.u_mac/clk_IBUF_BUFG
    SLICE_X108Y122       FDRE                                         r  u_system/u_gemm/g_mac1.u_mac/acc_reg[30]/C
                         clock pessimism              0.441    18.073    
                         clock uncertainty           -0.035    18.037    
    SLICE_X108Y122       FDRE (Setup_fdre_C_D)        0.118    18.155    u_system/u_gemm/g_mac1.u_mac/acc_reg[30]
  -------------------------------------------------------------------
                         required time                         18.155    
                         arrival time                         -17.813    
  -------------------------------------------------------------------
                         slack                                  0.343    

Slack (MET) :             0.379ns  (required time - arrival time)
  Source:                 u_system/u_gemm/u_mmio/r_n_reg[0]/C
                            (rising edge-triggered cell FDRE clocked by sys_clk_pin  {rise@0.000ns fall@6.000ns period=12.000ns})
  Destination:            u_system/u_gemm/g_mac1.u_mac/acc_reg[25]/D
                            (rising edge-triggered cell FDRE clocked by sys_clk_pin  {rise@0.000ns fall@6.000ns period=12.000ns})
  Path Group:             sys_clk_pin
  Path Type:              Setup (Max at Slow Process Corner)
  Requirement:            12.000ns  (sys_clk_pin rise@12.000ns - sys_clk_pin rise@0.000ns)
  Data Path Delay:        11.591ns  (logic 4.953ns (42.730%)  route 6.638ns (57.270%))
  Logic Levels:           14  (CARRY4=6 LUT2=1 LUT3=2 LUT4=2 LUT6=2 RAMD32=1)
  Clock Path Skew:        -0.075ns (DCD - SCD + CPR)
    Destination Clock Delay (DCD):    5.631ns = ( 17.631 - 12.000 ) 
    Source Clock Delay      (SCD):    6.148ns
    Clock Pessimism Removal (CPR):    0.441ns
  Clock Uncertainty:      0.035ns  ((TSJ^2 + TIJ^2)^1/2 + DJ) / 2 + PE
    Total System Jitter     (TSJ):    0.071ns
    Total Input Jitter      (TIJ):    0.000ns
    Discrete Jitter          (DJ):    0.000ns
    Phase Error              (PE):    0.000ns

    Location             Delay type                Incr(ns)  Path(ns)    Netlist Resource(s)
  -------------------------------------------------------------------    -------------------
                         (clock sys_clk_pin rise edge)
                                                      0.000     0.000 r  
    K17                                               0.000     0.000 r  clk (IN)
                         net (fo=0)                   0.000     0.000    clk
    K17                  IBUF (Prop_ibuf_I_O)         1.475     1.475 r  clk_IBUF_inst/O
                         net (fo=1, routed)           2.522     3.997    clk_IBUF
    BUFGCTRL_X0Y16       BUFG (Prop_bufg_I_O)         0.101     4.098 r  clk_IBUF_BUFG_inst/O
                         net (fo=914, routed)         2.050     6.148    u_system/u_gemm/u_mmio/clk_IBUF_BUFG
    SLICE_X113Y115       FDRE                                         r  u_system/u_gemm/u_mmio/r_n_reg[0]/C
  -------------------------------------------------------------------    -------------------
    SLICE_X113Y115       FDRE (Prop_fdre_C_Q)         0.456     6.604 r  u_system/u_gemm/u_mmio/r_n_reg[0]/Q
                         net (fo=54, routed)          0.852     7.455    u_system/u_gemm/u_mmio/r_n_reg[2]_1[0]
    SLICE_X110Y115       LUT6 (Prop_lut6_I0_O)        0.124     7.579 r  u_system/u_gemm/u_mmio/b_buf_reg_0_15_0_5_i_7/O
                         net (fo=1, routed)           0.658     8.238    u_system/u_gemm/g_mac1.u_mac/b_idx0[0]
    SLICE_X111Y115       LUT4 (Prop_lut4_I3_O)        0.150     8.388 r  u_system/u_gemm/g_mac1.u_mac/b_buf_reg_0_15_0_5_i_1/O
                         net (fo=8, routed)           0.791     9.179    u_system/u_gemm/u_buf/b_buf_reg_0_15_0_5/ADDRB3
    SLICE_X108Y115       RAMD32 (Prop_ramd32_RADR3_O)
                                                      0.358     9.537 r  u_system/u_gemm/u_buf/b_buf_reg_0_15_0_5/RAMB/O
                         net (fo=16, routed)          1.087    10.624    u_system/u_gemm/u_buf/b_rdata[2]
    SLICE_X109Y114       LUT6 (Prop_lut6_I0_O)        0.348    10.972 r  u_system/u_gemm/u_buf/prod__0_carry__0_i_2/O
                         net (fo=2, routed)           0.788    11.760    u_system/u_gemm/g_mac1.u_mac/prod__85_carry_i_8_0[2]
    SLICE_X107Y115       CARRY4 (Prop_carry4_DI[2]_O[3])
                                                      0.438    12.198 r  u_system/u_gemm/g_mac1.u_mac/prod__0_carry__0/O[3]
                         net (fo=2, routed)           0.732    12.930    u_system/u_gemm/g_mac1.u_mac/prod__0_carry__0_n_4
    SLICE_X107Y117       LUT3 (Prop_lut3_I2_O)        0.299    13.229 r  u_system/u_gemm/g_mac1.u_mac/prod__85_carry__0_i_4/O
                         net (fo=2, routed)           0.594    13.823    u_system/u_gemm/g_mac1.u_mac/prod__85_carry__0_i_4_n_0
    SLICE_X107Y118       LUT4 (Prop_lut4_I3_O)        0.332    14.155 r  u_system/u_gemm/g_mac1.u_mac/prod__85_carry__0_i_8/O
                         net (fo=1, routed)           0.000    14.155    u_system/u_gemm/g_mac1.u_mac/prod__85_carry__0_i_8_n_0
    SLICE_X107Y118       CARRY4 (Prop_carry4_S[0]_CO[3])
                                                      0.532    14.687 r  u_system/u_gemm/g_mac1.u_mac/prod__85_carry__0/CO[3]
                         net (fo=1, routed)           0.000    14.687    u_system/u_gemm/g_mac1.u_mac/prod__85_carry__0_n_0
    SLICE_X107Y119       CARRY4 (Prop_carry4_CI_O[3])
                                                      0.313    15.000 r  u_system/u_gemm/g_mac1.u_mac/prod__85_carry__1/O[3]
                         net (fo=4, routed)           0.565    15.565    u_system/u_gemm/u_buf/O[0]
    SLICE_X109Y120       LUT2 (Prop_lut2_I0_O)        0.306    15.871 r  u_system/u_gemm/u_buf/acc0_carry__3_i_5/O
                         net (fo=1, routed)           0.000    15.871    u_system/u_gemm/g_mac1.u_mac/c_wdata_reg[19]_1[0]
    SLICE_X109Y120       CARRY4 (Prop_carry4_S[0]_CO[3])
                                                      0.532    16.403 r  u_system/u_gemm/g_mac1.u_mac/acc0_carry__3/CO[3]
                         net (fo=1, routed)           0.000    16.403    u_system/u_gemm/g_mac1.u_mac/acc0_carry__3_n_0
    SLICE_X109Y121       CARRY4 (Prop_carry4_CI_CO[3])
                                                      0.114    16.517 r  u_system/u_gemm/g_mac1.u_mac/acc0_carry__4/CO[3]
                         net (fo=1, routed)           0.000    16.517    u_system/u_gemm/g_mac1.u_mac/acc0_carry__4_n_0
    SLICE_X109Y122       CARRY4 (Prop_carry4_CI_O[1])
                                                      0.348    16.865 r  u_system/u_gemm/g_mac1.u_mac/acc0_carry__5/O[1]
                         net (fo=2, routed)           0.571    17.436    u_system/u_gemm/g_mac1.u_mac/acc0[25]
    SLICE_X108Y122       LUT3 (Prop_lut3_I2_O)        0.303    17.739 r  u_system/u_gemm/g_mac1.u_mac/acc[25]_i_1/O
                         net (fo=1, routed)           0.000    17.739    u_system/u_gemm/g_mac1.u_mac/acc[25]
    SLICE_X108Y122       FDRE                                         r  u_system/u_gemm/g_mac1.u_mac/acc_reg[25]/D
  -------------------------------------------------------------------    -------------------

                         (clock sys_clk_pin rise edge)
                                                     12.000    12.000 r  
    K17                                               0.000    12.000 r  clk (IN)
                         net (fo=0)                   0.000    12.000    clk
    K17                  IBUF (Prop_ibuf_I_O)         1.404    13.404 r  clk_IBUF_inst/O
                         net (fo=1, routed)           2.293    15.697    clk_IBUF
    BUFGCTRL_X0Y16       BUFG (Prop_bufg_I_O)         0.091    15.788 r  clk_IBUF_BUFG_inst/O
                         net (fo=914, routed)         1.843    17.631    u_system/u_gemm/g_mac1.u_mac/clk_IBUF_BUFG
    SLICE_X108Y122       FDRE                                         r  u_system/u_gemm/g_mac1.u_mac/acc_reg[25]/C
                         clock pessimism              0.441    18.073    
                         clock uncertainty           -0.035    18.037    
    SLICE_X108Y122       FDRE (Setup_fdre_C_D)        0.081    18.118    u_system/u_gemm/g_mac1.u_mac/acc_reg[25]
  -------------------------------------------------------------------
                         required time                         18.118    
                         arrival time                         -17.739    
  -------------------------------------------------------------------
                         slack                                  0.379    

Slack (MET) :             0.384ns  (required time - arrival time)
  Source:                 u_system/u_gemm/u_mmio/r_n_reg[0]/C
                            (rising edge-triggered cell FDRE clocked by sys_clk_pin  {rise@0.000ns fall@6.000ns period=12.000ns})
  Destination:            u_system/u_gemm/g_mac1.u_mac/acc_reg[26]/D
                            (rising edge-triggered cell FDRE clocked by sys_clk_pin  {rise@0.000ns fall@6.000ns period=12.000ns})
  Path Group:             sys_clk_pin
  Path Type:              Setup (Max at Slow Process Corner)
  Requirement:            12.000ns  (sys_clk_pin rise@12.000ns - sys_clk_pin rise@0.000ns)
  Data Path Delay:        11.624ns  (logic 4.886ns (42.034%)  route 6.738ns (57.966%))
  Logic Levels:           14  (CARRY4=6 LUT2=1 LUT3=2 LUT4=2 LUT6=2 RAMD32=1)
  Clock Path Skew:        -0.075ns (DCD - SCD + CPR)
    Destination Clock Delay (DCD):    5.631ns = ( 17.631 - 12.000 ) 
    Source Clock Delay      (SCD):    6.148ns
    Clock Pessimism Removal (CPR):    0.441ns
  Clock Uncertainty:      0.035ns  ((TSJ^2 + TIJ^2)^1/2 + DJ) / 2 + PE
    Total System Jitter     (TSJ):    0.071ns
    Total Input Jitter      (TIJ):    0.000ns
    Discrete Jitter          (DJ):    0.000ns
    Phase Error              (PE):    0.000ns

    Location             Delay type                Incr(ns)  Path(ns)    Netlist Resource(s)
  -------------------------------------------------------------------    -------------------
                         (clock sys_clk_pin rise edge)
                                                      0.000     0.000 r  
    K17                                               0.000     0.000 r  clk (IN)
                         net (fo=0)                   0.000     0.000    clk
    K17                  IBUF (Prop_ibuf_I_O)         1.475     1.475 r  clk_IBUF_inst/O
                         net (fo=1, routed)           2.522     3.997    clk_IBUF
    BUFGCTRL_X0Y16       BUFG (Prop_bufg_I_O)         0.101     4.098 r  clk_IBUF_BUFG_inst/O
                         net (fo=914, routed)         2.050     6.148    u_system/u_gemm/u_mmio/clk_IBUF_BUFG
    SLICE_X113Y115       FDRE                                         r  u_system/u_gemm/u_mmio/r_n_reg[0]/C
  -------------------------------------------------------------------    -------------------
    SLICE_X113Y115       FDRE (Prop_fdre_C_Q)         0.456     6.604 r  u_system/u_gemm/u_mmio/r_n_reg[0]/Q
                         net (fo=54, routed)          0.852     7.455    u_system/u_gemm/u_mmio/r_n_reg[2]_1[0]
    SLICE_X110Y115       LUT6 (Prop_lut6_I0_O)        0.124     7.579 r  u_system/u_gemm/u_mmio/b_buf_reg_0_15_0_5_i_7/O
                         net (fo=1, routed)           0.658     8.238    u_system/u_gemm/g_mac1.u_mac/b_idx0[0]
    SLICE_X111Y115       LUT4 (Prop_lut4_I3_O)        0.150     8.388 r  u_system/u_gemm/g_mac1.u_mac/b_buf_reg_0_15_0_5_i_1/O
                         net (fo=8, routed)           0.791     9.179    u_system/u_gemm/u_buf/b_buf_reg_0_15_0_5/ADDRB3
    SLICE_X108Y115       RAMD32 (Prop_ramd32_RADR3_O)
                                                      0.358     9.537 r  u_system/u_gemm/u_buf/b_buf_reg_0_15_0_5/RAMB/O
                         net (fo=16, routed)          1.087    10.624    u_system/u_gemm/u_buf/b_rdata[2]
    SLICE_X109Y114       LUT6 (Prop_lut6_I0_O)        0.348    10.972 r  u_system/u_gemm/u_buf/prod__0_carry__0_i_2/O
                         net (fo=2, routed)           0.788    11.760    u_system/u_gemm/g_mac1.u_mac/prod__85_carry_i_8_0[2]
    SLICE_X107Y115       CARRY4 (Prop_carry4_DI[2]_O[3])
                                                      0.438    12.198 r  u_system/u_gemm/g_mac1.u_mac/prod__0_carry__0/O[3]
                         net (fo=2, routed)           0.732    12.930    u_system/u_gemm/g_mac1.u_mac/prod__0_carry__0_n_4
    SLICE_X107Y117       LUT3 (Prop_lut3_I2_O)        0.299    13.229 r  u_system/u_gemm/g_mac1.u_mac/prod__85_carry__0_i_4/O
                         net (fo=2, routed)           0.594    13.823    u_system/u_gemm/g_mac1.u_mac/prod__85_carry__0_i_4_n_0
    SLICE_X107Y118       LUT4 (Prop_lut4_I3_O)        0.332    14.155 r  u_system/u_gemm/g_mac1.u_mac/prod__85_carry__0_i_8/O
                         net (fo=1, routed)           0.000    14.155    u_system/u_gemm/g_mac1.u_mac/prod__85_carry__0_i_8_n_0
    SLICE_X107Y118       CARRY4 (Prop_carry4_S[0]_CO[3])
                                                      0.532    14.687 r  u_system/u_gemm/g_mac1.u_mac/prod__85_carry__0/CO[3]
                         net (fo=1, routed)           0.000    14.687    u_system/u_gemm/g_mac1.u_mac/prod__85_carry__0_n_0
    SLICE_X107Y119       CARRY4 (Prop_carry4_CI_O[3])
                                                      0.313    15.000 r  u_system/u_gemm/g_mac1.u_mac/prod__85_carry__1/O[3]
                         net (fo=4, routed)           0.565    15.565    u_system/u_gemm/u_buf/O[0]
    SLICE_X109Y120       LUT2 (Prop_lut2_I0_O)        0.306    15.871 r  u_system/u_gemm/u_buf/acc0_carry__3_i_5/O
                         net (fo=1, routed)           0.000    15.871    u_system/u_gemm/g_mac1.u_mac/c_wdata_reg[19]_1[0]
    SLICE_X109Y120       CARRY4 (Prop_carry4_S[0]_CO[3])
                                                      0.532    16.403 r  u_system/u_gemm/g_mac1.u_mac/acc0_carry__3/CO[3]
                         net (fo=1, routed)           0.000    16.403    u_system/u_gemm/g_mac1.u_mac/acc0_carry__3_n_0
    SLICE_X109Y121       CARRY4 (Prop_carry4_CI_CO[3])
                                                      0.114    16.517 r  u_system/u_gemm/g_mac1.u_mac/acc0_carry__4/CO[3]
                         net (fo=1, routed)           0.000    16.517    u_system/u_gemm/g_mac1.u_mac/acc0_carry__4_n_0
    SLICE_X109Y122       CARRY4 (Prop_carry4_CI_O[2])
                                                      0.256    16.773 r  u_system/u_gemm/g_mac1.u_mac/acc0_carry__5/O[2]
                         net (fo=2, routed)           0.671    17.444    u_system/u_gemm/g_mac1.u_mac/acc0[26]
    SLICE_X108Y122       LUT3 (Prop_lut3_I2_O)        0.328    17.772 r  u_system/u_gemm/g_mac1.u_mac/acc[26]_i_1/O
                         net (fo=1, routed)           0.000    17.772    u_system/u_gemm/g_mac1.u_mac/acc[26]
    SLICE_X108Y122       FDRE                                         r  u_system/u_gemm/g_mac1.u_mac/acc_reg[26]/D
  -------------------------------------------------------------------    -------------------

                         (clock sys_clk_pin rise edge)
                                                     12.000    12.000 r  
    K17                                               0.000    12.000 r  clk (IN)
                         net (fo=0)                   0.000    12.000    clk
    K17                  IBUF (Prop_ibuf_I_O)         1.404    13.404 r  clk_IBUF_inst/O
                         net (fo=1, routed)           2.293    15.697    clk_IBUF
    BUFGCTRL_X0Y16       BUFG (Prop_bufg_I_O)         0.091    15.788 r  clk_IBUF_BUFG_inst/O
                         net (fo=914, routed)         1.843    17.631    u_system/u_gemm/g_mac1.u_mac/clk_IBUF_BUFG
    SLICE_X108Y122       FDRE                                         r  u_system/u_gemm/g_mac1.u_mac/acc_reg[26]/C
                         clock pessimism              0.441    18.073    
                         clock uncertainty           -0.035    18.037    
    SLICE_X108Y122       FDRE (Setup_fdre_C_D)        0.118    18.155    u_system/u_gemm/g_mac1.u_mac/acc_reg[26]
  -------------------------------------------------------------------
                         required time                         18.155    
                         arrival time                         -17.772    
  -------------------------------------------------------------------
                         slack                                  0.384    





Pulse Width Checks
--------------------------------------------------------------------------------------
Clock Name:         sys_clk_pin
Waveform(ns):       { 0.000 6.000 }
Period(ns):         12.000
Sources:            { clk }

Check Type        Corner  Lib Pin             Reference Pin  Required(ns)  Actual(ns)  Slack(ns)  Location        Pin
Min Period        n/a     RAMB36E1/CLKARDCLK  n/a            2.944         12.000      9.056      RAMB36_X5Y21    u_system/mem_reg_0/CLKARDCLK
Min Period        n/a     RAMB36E1/CLKARDCLK  n/a            2.944         12.000      9.056      RAMB36_X5Y20    u_system/mem_reg_1/CLKARDCLK
Min Period        n/a     RAMB36E1/CLKARDCLK  n/a            2.944         12.000      9.056      RAMB36_X5Y22    u_system/mem_reg_2/CLKARDCLK
Min Period        n/a     RAMB36E1/CLKARDCLK  n/a            2.944         12.000      9.056      RAMB36_X5Y23    u_system/mem_reg_3/CLKARDCLK
Min Period        n/a     RAMB36E1/CLKBWRCLK  n/a            2.576         12.000      9.424      RAMB36_X5Y21    u_system/mem_reg_0/CLKBWRCLK
Low Pulse Width   Slow    RAMD32/CLK          n/a            1.250         6.000       4.750      SLICE_X108Y114  u_system/u_gemm/u_buf/a_buf_reg_0_15_0_5/RAMA/CLK
Low Pulse Width   Fast    RAMD32/CLK          n/a            1.250         6.000       4.750      SLICE_X108Y114  u_system/u_gemm/u_buf/a_buf_reg_0_15_0_5/RAMA/CLK
Low Pulse Width   Slow    RAMD32/CLK          n/a            1.250         6.000       4.750      SLICE_X108Y114  u_system/u_gemm/u_buf/a_buf_reg_0_15_0_5/RAMA_D1/CLK
Low Pulse Width   Fast    RAMD32/CLK          n/a            1.250         6.000       4.750      SLICE_X108Y114  u_system/u_gemm/u_buf/a_buf_reg_0_15_0_5/RAMA_D1/CLK
Low Pulse Width   Slow    RAMD32/CLK          n/a            1.250         6.000       4.750      SLICE_X108Y114  u_system/u_gemm/u_buf/a_buf_reg_0_15_0_5/RAMB/CLK
High Pulse Width  Slow    RAMD32/CLK          n/a            1.250         6.000       4.750      SLICE_X108Y114  u_system/u_gemm/u_buf/a_buf_reg_0_15_0_5/RAMA/CLK
High Pulse Width  Fast    RAMD32/CLK          n/a            1.250         6.000       4.750      SLICE_X108Y114  u_system/u_gemm/u_buf/a_buf_reg_0_15_0_5/RAMA/CLK
High Pulse Width  Slow    RAMD32/CLK          n/a            1.250         6.000       4.750      SLICE_X108Y114  u_system/u_gemm/u_buf/a_buf_reg_0_15_0_5/RAMA_D1/CLK
High Pulse Width  Fast    RAMD32/CLK          n/a            1.250         6.000       4.750      SLICE_X108Y114  u_system/u_gemm/u_buf/a_buf_reg_0_15_0_5/RAMA_D1/CLK
High Pulse Width  Slow    RAMD32/CLK          n/a            1.250         6.000       4.750      SLICE_X108Y114  u_system/u_gemm/u_buf/a_buf_reg_0_15_0_5/RAMB/CLK



