Copyright 1986-2022 Xilinx, Inc. All Rights Reserved. Copyright 2022-2024 Advanced Micro Devices, Inc. All Rights Reserved.
----------------------------------------------------------------------------------------------------------------------------------------------------------------------------------------------------
| Tool Version : Vivado v.2024.2 (lin64) Build 5239630 Fri Nov 08 22:34:34 MST 2024
| Date         : Wed Jun 17 03:42:27 2026
| Host         : young-PC running 64-bit Ubuntu 24.04.4 LTS
| Command      : report_timing_summary -delay_type max -max_paths 5 -file /home/young/dev/20_digital-systems-lab/projects/simple-cpu-gemm-accelerator/fpga/reports/mode1/90_9mhz_timing_summary.rpt
| Design       : zybo_top
| Device       : 7z020-clg400
| Speed File   : -1  PRODUCTION 1.12 2019-11-22
| Design State : Routed
----------------------------------------------------------------------------------------------------------------------------------------------------------------------------------------------------

Timing Summary Report

------------------------------------------------------------------------------------------------
| Timer Settings
| --------------
------------------------------------------------------------------------------------------------

  Enable Multi Corner Analysis               :  Yes
  Enable Pessimism Removal                   :  Yes
  Pessimism Removal Resolution               :  Nearest Common Node
  Enable Input Delay Default Clock           :  No
  Enable Preset / Clear Arcs                 :  No
  Disable Flight Delays                      :  No
  Ignore I/O Paths                           :  No
  Timing Early Launch at Borrowing Latches   :  No
  Borrow Time for Max Delay Exceptions       :  Yes
  Merge Timing Exceptions                    :  Yes
  Inter-SLR Compensation                     :  Conservative

  Corner  Analyze    Analyze    
  Name    Max Paths  Min Paths  
  ------  ---------  ---------  
  Slow    Yes        Yes        
  Fast    Yes        Yes        


------------------------------------------------------------------------------------------------
| Report Methodology
| ------------------
------------------------------------------------------------------------------------------------

Rule       Severity  Description                                 Violations  
---------  --------  ------------------------------------------  ----------  
SYNTH-6    Warning   Timing of a RAM block might be sub-optimal  4           
TIMING-18  Warning   Missing input or output delay               5           

Note: This report is based on the most recent report_methodology run and may not be up-to-date. Run report_methodology on the current design for the latest report.



check_timing report

Table of Contents
-----------------
1. checking no_clock (0)
2. checking constant_clock (0)
3. checking pulse_width_clock (0)
4. checking unconstrained_internal_endpoints (0)
5. checking no_input_delay (1)
6. checking no_output_delay (4)
7. checking multiple_clock (0)
8. checking generated_clocks (0)
9. checking loops (0)
10. checking partial_input_delay (0)
11. checking partial_output_delay (0)
12. checking latch_loops (0)

1. checking no_clock (0)
------------------------
 There are 0 register/latch pins with no clock.


2. checking constant_clock (0)
------------------------------
 There are 0 register/latch pins with constant_clock.


3. checking pulse_width_clock (0)
---------------------------------
 There are 0 register/latch pins which need pulse_width check


4. checking unconstrained_internal_endpoints (0)
------------------------------------------------
 There are 0 pins that are not constrained for maximum delay.

 There are 0 pins that are not constrained for maximum delay due to constant clock.


5. checking no_input_delay (1)
------------------------------
 There is 1 input port with no input delay specified. (HIGH)

 There are 0 input ports with no input delay but user has a false path constraint.


6. checking no_output_delay (4)
-------------------------------
 There are 4 ports with no output delay specified. (HIGH)

 There are 0 ports with no output delay but user has a false path constraint

 There are 0 ports with no output delay but with a timing clock defined on it or propagating through it


7. checking multiple_clock (0)
------------------------------
 There are 0 register/latch pins with multiple clocks.


8. checking generated_clocks (0)
--------------------------------
 There are 0 generated clocks that are not connected to a clock source.


9. checking loops (0)
---------------------
 There are 0 combinational loops in the design.


10. checking partial_input_delay (0)
------------------------------------
 There are 0 input ports with partial input delay specified.


11. checking partial_output_delay (0)
-------------------------------------
 There are 0 ports with partial output delay specified.


12. checking latch_loops (0)
----------------------------
 There are 0 combinational latch loops in the design through latch input



------------------------------------------------------------------------------------------------
| Design Timing Summary
| ---------------------
------------------------------------------------------------------------------------------------

    WNS(ns)      TNS(ns)  TNS Failing Endpoints  TNS Total Endpoints     WPWS(ns)     TPWS(ns)  TPWS Failing Endpoints  TPWS Total Endpoints  
    -------      -------  ---------------------  -------------------     --------     --------  ----------------------  --------------------  
     -0.379       -1.928                     10                 2521        4.250        0.000                       0                   923  


Timing constraints are not met.


------------------------------------------------------------------------------------------------
| Clock Summary
| -------------
------------------------------------------------------------------------------------------------

Clock        Waveform(ns)       Period(ns)      Frequency(MHz)
-----        ------------       ----------      --------------
sys_clk_pin  {0.000 5.500}      11.000          90.909          


------------------------------------------------------------------------------------------------
| Intra Clock Table
| -----------------
------------------------------------------------------------------------------------------------

Clock             WNS(ns)      TNS(ns)  TNS Failing Endpoints  TNS Total Endpoints     WPWS(ns)     TPWS(ns)  TPWS Failing Endpoints  TPWS Total Endpoints  
-----             -------      -------  ---------------------  -------------------     --------     --------  ----------------------  --------------------  
sys_clk_pin        -0.379       -1.928                     10                 2521        4.250        0.000                       0                   923  


------------------------------------------------------------------------------------------------
| Inter Clock Table
| -----------------
------------------------------------------------------------------------------------------------

From Clock    To Clock          WNS(ns)      TNS(ns)  TNS Failing Endpoints  TNS Total Endpoints  
----------    --------          -------      -------  ---------------------  -------------------  


------------------------------------------------------------------------------------------------
| Other Path Groups Table
| -----------------------
------------------------------------------------------------------------------------------------

Path Group    From Clock    To Clock          WNS(ns)      TNS(ns)  TNS Failing Endpoints  TNS Total Endpoints  
----------    ----------    --------          -------      -------  ---------------------  -------------------  


------------------------------------------------------------------------------------------------
| Timing Details
| --------------
------------------------------------------------------------------------------------------------


---------------------------------------------------------------------------------------------------
From Clock:  sys_clk_pin
  To Clock:  sys_clk_pin

Setup :           10  Failing Endpoints,  Worst Slack       -0.379ns,  Total Violation       -1.928ns
Hold  :           NA  Failing Endpoints,  Worst Slack           NA  ,  Total Violation           NA
PW    :            0  Failing Endpoints,  Worst Slack        4.250ns,  Total Violation        0.000ns
---------------------------------------------------------------------------------------------------


Max Delay Paths
--------------------------------------------------------------------------------------
Slack (VIOLATED) :        -0.379ns  (required time - arrival time)
  Source:                 u_system/u_gemm/g_mac1.u_mac/i_reg[2]_replica_1/C
                            (rising edge-triggered cell FDRE clocked by sys_clk_pin  {rise@0.000ns fall@5.500ns period=11.000ns})
  Destination:            u_system/u_gemm/g_mac1.u_mac/acc_reg[31]/D
                            (rising edge-triggered cell FDRE clocked by sys_clk_pin  {rise@0.000ns fall@5.500ns period=11.000ns})
  Path Group:             sys_clk_pin
  Path Type:              Setup (Max at Slow Process Corner)
  Requirement:            11.000ns  (sys_clk_pin rise@11.000ns - sys_clk_pin rise@0.000ns)
  Data Path Delay:        11.357ns  (logic 5.190ns (45.697%)  route 6.167ns (54.303%))
  Logic Levels:           16  (CARRY4=7 LUT2=1 LUT3=3 LUT4=1 LUT6=3 RAMD32=1)
  Clock Path Skew:        -0.061ns (DCD - SCD + CPR)
    Destination Clock Delay (DCD):    5.639ns = ( 16.639 - 11.000 ) 
    Source Clock Delay      (SCD):    6.142ns
    Clock Pessimism Removal (CPR):    0.441ns
  Clock Uncertainty:      0.035ns  ((TSJ^2 + TIJ^2)^1/2 + DJ) / 2 + PE
    Total System Jitter     (TSJ):    0.071ns
    Total Input Jitter      (TIJ):    0.000ns
    Discrete Jitter          (DJ):    0.000ns
    Phase Error              (PE):    0.000ns

    Location             Delay type                Incr(ns)  Path(ns)    Netlist Resource(s)
  -------------------------------------------------------------------    -------------------
                         (clock sys_clk_pin rise edge)
                                                      0.000     0.000 r  
    K17                                               0.000     0.000 r  clk (IN)
                         net (fo=0)                   0.000     0.000    clk
    K17                  IBUF (Prop_ibuf_I_O)         1.475     1.475 r  clk_IBUF_inst/O
                         net (fo=1, routed)           2.522     3.997    clk_IBUF
    BUFGCTRL_X0Y16       BUFG (Prop_bufg_I_O)         0.101     4.098 r  clk_IBUF_BUFG_inst/O
                         net (fo=922, routed)         2.044     6.142    u_system/u_gemm/g_mac1.u_mac/clk_IBUF_BUFG
    SLICE_X111Y129       FDRE                                         r  u_system/u_gemm/g_mac1.u_mac/i_reg[2]_replica_1/C
  -------------------------------------------------------------------    -------------------
    SLICE_X111Y129       FDRE (Prop_fdre_C_Q)         0.456     6.598 r  u_system/u_gemm/g_mac1.u_mac/i_reg[2]_replica_1/Q
                         net (fo=1, routed)           0.812     7.410    u_system/u_gemm/g_mac1.u_mac/i[2]_repN_1
    SLICE_X110Y128       LUT6 (Prop_lut6_I0_O)        0.124     7.534 r  u_system/u_gemm/g_mac1.u_mac/a_buf_reg_0_15_0_5_i_6/O
                         net (fo=2, routed)           0.670     8.204    u_system/u_gemm/g_mac1.u_mac/a_buf_reg_0_15_0_5_i_6_n_0
    SLICE_X109Y127       LUT3 (Prop_lut3_I2_O)        0.124     8.328 r  u_system/u_gemm/g_mac1.u_mac/a_buf_reg_0_15_0_5_i_2/O
                         net (fo=8, routed)           0.832     9.160    u_system/u_gemm/u_buf/a_buf_reg_0_15_0_5/ADDRB2
    SLICE_X108Y127       RAMD32 (Prop_ramd32_RADR2_O)
                                                      0.150     9.310 r  u_system/u_gemm/u_buf/a_buf_reg_0_15_0_5/RAMB/O
                         net (fo=16, routed)          0.933    10.243    u_system/u_gemm/u_buf/a_rdata[2]
    SLICE_X107Y128       LUT6 (Prop_lut6_I1_O)        0.348    10.591 r  u_system/u_gemm/u_buf/prod__0_carry__0_i_3/O
                         net (fo=2, routed)           0.432    11.023    u_system/u_gemm/u_buf/b_we_reg_0[1]
    SLICE_X106Y129       LUT6 (Prop_lut6_I0_O)        0.124    11.147 r  u_system/u_gemm/u_buf/prod__0_carry__0_i_7/O
                         net (fo=1, routed)           0.000    11.147    u_system/u_gemm/g_mac1.u_mac/prod__85_carry_i_8_1[1]
    SLICE_X106Y129       CARRY4 (Prop_carry4_S[1]_O[3])
                                                      0.640    11.787 r  u_system/u_gemm/g_mac1.u_mac/prod__0_carry__0/O[3]
                         net (fo=2, routed)           0.866    12.653    u_system/u_gemm/g_mac1.u_mac/prod__0_carry__0_n_4
    SLICE_X107Y129       LUT3 (Prop_lut3_I2_O)        0.331    12.984 r  u_system/u_gemm/g_mac1.u_mac/prod__85_carry__0_i_4/O
                         net (fo=2, routed)           0.450    13.434    u_system/u_gemm/g_mac1.u_mac/prod__85_carry__0_i_4_n_0
    SLICE_X107Y130       LUT4 (Prop_lut4_I3_O)        0.332    13.766 r  u_system/u_gemm/g_mac1.u_mac/prod__85_carry__0_i_8/O
                         net (fo=1, routed)           0.000    13.766    u_system/u_gemm/g_mac1.u_mac/prod__85_carry__0_i_8_n_0
    SLICE_X107Y130       CARRY4 (Prop_carry4_S[0]_CO[3])
                                                      0.532    14.298 r  u_system/u_gemm/g_mac1.u_mac/prod__85_carry__0/CO[3]
                         net (fo=1, routed)           0.000    14.298    u_system/u_gemm/g_mac1.u_mac/prod__85_carry__0_n_0
    SLICE_X107Y131       CARRY4 (Prop_carry4_CI_O[3])
                                                      0.313    14.611 r  u_system/u_gemm/g_mac1.u_mac/prod__85_carry__1/O[3]
                         net (fo=4, routed)           0.586    15.196    u_system/u_gemm/u_buf/O[0]
    SLICE_X108Y132       LUT2 (Prop_lut2_I0_O)        0.306    15.502 r  u_system/u_gemm/u_buf/acc0_carry__3_i_5/O
                         net (fo=1, routed)           0.000    15.502    u_system/u_gemm/g_mac1.u_mac/c_wdata_reg[19]_1[0]
    SLICE_X108Y132       CARRY4 (Prop_carry4_S[0]_CO[3])
                                                      0.513    16.015 r  u_system/u_gemm/g_mac1.u_mac/acc0_carry__3/CO[3]
                         net (fo=1, routed)           0.000    16.015    u_system/u_gemm/g_mac1.u_mac/acc0_carry__3_n_0
    SLICE_X108Y133       CARRY4 (Prop_carry4_CI_CO[3])
                                                      0.117    16.132 r  u_system/u_gemm/g_mac1.u_mac/acc0_carry__4/CO[3]
                         net (fo=1, routed)           0.000    16.132    u_system/u_gemm/g_mac1.u_mac/acc0_carry__4_n_0
    SLICE_X108Y134       CARRY4 (Prop_carry4_CI_CO[3])
                                                      0.117    16.249 r  u_system/u_gemm/g_mac1.u_mac/acc0_carry__5/CO[3]
                         net (fo=1, routed)           0.000    16.249    u_system/u_gemm/g_mac1.u_mac/acc0_carry__5_n_0
    SLICE_X108Y135       CARRY4 (Prop_carry4_CI_O[3])
                                                      0.331    16.580 r  u_system/u_gemm/g_mac1.u_mac/acc0_carry__6/O[3]
                         net (fo=2, routed)           0.587    17.167    u_system/u_gemm/g_mac1.u_mac/acc0[31]
    SLICE_X109Y134       LUT3 (Prop_lut3_I2_O)        0.332    17.499 r  u_system/u_gemm/g_mac1.u_mac/acc[31]_i_1/O
                         net (fo=1, routed)           0.000    17.499    u_system/u_gemm/g_mac1.u_mac/acc[31]
    SLICE_X109Y134       FDRE                                         r  u_system/u_gemm/g_mac1.u_mac/acc_reg[31]/D
  -------------------------------------------------------------------    -------------------

                         (clock sys_clk_pin rise edge)
                                                     11.000    11.000 r  
    K17                                               0.000    11.000 r  clk (IN)
                         net (fo=0)                   0.000    11.000    clk
    K17                  IBUF (Prop_ibuf_I_O)         1.404    12.404 r  clk_IBUF_inst/O
                         net (fo=1, routed)           2.293    14.697    clk_IBUF
    BUFGCTRL_X0Y16       BUFG (Prop_bufg_I_O)         0.091    14.788 r  clk_IBUF_BUFG_inst/O
                         net (fo=922, routed)         1.851    16.639    u_system/u_gemm/g_mac1.u_mac/clk_IBUF_BUFG
    SLICE_X109Y134       FDRE                                         r  u_system/u_gemm/g_mac1.u_mac/acc_reg[31]/C
                         clock pessimism              0.441    17.081    
                         clock uncertainty           -0.035    17.045    
    SLICE_X109Y134       FDRE (Setup_fdre_C_D)        0.075    17.120    u_system/u_gemm/g_mac1.u_mac/acc_reg[31]
  -------------------------------------------------------------------
                         required time                         17.120    
                         arrival time                         -17.499    
  -------------------------------------------------------------------
                         slack                                 -0.379    

Slack (VIOLATED) :        -0.336ns  (required time - arrival time)
  Source:                 u_system/u_gemm/g_mac1.u_mac/i_reg[2]_replica_1/C
                            (rising edge-triggered cell FDRE clocked by sys_clk_pin  {rise@0.000ns fall@5.500ns period=11.000ns})
  Destination:            u_system/u_gemm/g_mac1.u_mac/acc_reg[27]/D
                            (rising edge-triggered cell FDRE clocked by sys_clk_pin  {rise@0.000ns fall@5.500ns period=11.000ns})
  Path Group:             sys_clk_pin
  Path Type:              Setup (Max at Slow Process Corner)
  Requirement:            11.000ns  (sys_clk_pin rise@11.000ns - sys_clk_pin rise@0.000ns)
  Data Path Delay:        11.315ns  (logic 5.076ns (44.861%)  route 6.239ns (55.139%))
  Logic Levels:           15  (CARRY4=6 LUT2=1 LUT3=3 LUT4=1 LUT6=3 RAMD32=1)
  Clock Path Skew:        -0.061ns (DCD - SCD + CPR)
    Destination Clock Delay (DCD):    5.639ns = ( 16.639 - 11.000 ) 
    Source Clock Delay      (SCD):    6.142ns
    Clock Pessimism Removal (CPR):    0.441ns
  Clock Uncertainty:      0.035ns  ((TSJ^2 + TIJ^2)^1/2 + DJ) / 2 + PE
    Total System Jitter     (TSJ):    0.071ns
    Total Input Jitter      (TIJ):    0.000ns
    Discrete Jitter          (DJ):    0.000ns
    Phase Error              (PE):    0.000ns

    Location             Delay type                Incr(ns)  Path(ns)    Netlist Resource(s)
  -------------------------------------------------------------------    -------------------
                         (clock sys_clk_pin rise edge)
                                                      0.000     0.000 r  
    K17                                               0.000     0.000 r  clk (IN)
                         net (fo=0)                   0.000     0.000    clk
    K17                  IBUF (Prop_ibuf_I_O)         1.475     1.475 r  clk_IBUF_inst/O
                         net (fo=1, routed)           2.522     3.997    clk_IBUF
    BUFGCTRL_X0Y16       BUFG (Prop_bufg_I_O)         0.101     4.098 r  clk_IBUF_BUFG_inst/O
                         net (fo=922, routed)         2.044     6.142    u_system/u_gemm/g_mac1.u_mac/clk_IBUF_BUFG
    SLICE_X111Y129       FDRE                                         r  u_system/u_gemm/g_mac1.u_mac/i_reg[2]_replica_1/C
  -------------------------------------------------------------------    -------------------
    SLICE_X111Y129       FDRE (Prop_fdre_C_Q)         0.456     6.598 r  u_system/u_gemm/g_mac1.u_mac/i_reg[2]_replica_1/Q
                         net (fo=1, routed)           0.812     7.410    u_system/u_gemm/g_mac1.u_mac/i[2]_repN_1
    SLICE_X110Y128       LUT6 (Prop_lut6_I0_O)        0.124     7.534 r  u_system/u_gemm/g_mac1.u_mac/a_buf_reg_0_15_0_5_i_6/O
                         net (fo=2, routed)           0.670     8.204    u_system/u_gemm/g_mac1.u_mac/a_buf_reg_0_15_0_5_i_6_n_0
    SLICE_X109Y127       LUT3 (Prop_lut3_I2_O)        0.124     8.328 r  u_system/u_gemm/g_mac1.u_mac/a_buf_reg_0_15_0_5_i_2/O
                         net (fo=8, routed)           0.832     9.160    u_system/u_gemm/u_buf/a_buf_reg_0_15_0_5/ADDRB2
    SLICE_X108Y127       RAMD32 (Prop_ramd32_RADR2_O)
                                                      0.150     9.310 r  u_system/u_gemm/u_buf/a_buf_reg_0_15_0_5/RAMB/O
                         net (fo=16, routed)          0.933    10.243    u_system/u_gemm/u_buf/a_rdata[2]
    SLICE_X107Y128       LUT6 (Prop_lut6_I1_O)        0.348    10.591 r  u_system/u_gemm/u_buf/prod__0_carry__0_i_3/O
                         net (fo=2, routed)           0.432    11.023    u_system/u_gemm/u_buf/b_we_reg_0[1]
    SLICE_X106Y129       LUT6 (Prop_lut6_I0_O)        0.124    11.147 r  u_system/u_gemm/u_buf/prod__0_carry__0_i_7/O
                         net (fo=1, routed)           0.000    11.147    u_system/u_gemm/g_mac1.u_mac/prod__85_carry_i_8_1[1]
    SLICE_X106Y129       CARRY4 (Prop_carry4_S[1]_O[3])
                                                      0.640    11.787 r  u_system/u_gemm/g_mac1.u_mac/prod__0_carry__0/O[3]
                         net (fo=2, routed)           0.866    12.653    u_system/u_gemm/g_mac1.u_mac/prod__0_carry__0_n_4
    SLICE_X107Y129       LUT3 (Prop_lut3_I2_O)        0.331    12.984 r  u_system/u_gemm/g_mac1.u_mac/prod__85_carry__0_i_4/O
                         net (fo=2, routed)           0.450    13.434    u_system/u_gemm/g_mac1.u_mac/prod__85_carry__0_i_4_n_0
    SLICE_X107Y130       LUT4 (Prop_lut4_I3_O)        0.332    13.766 r  u_system/u_gemm/g_mac1.u_mac/prod__85_carry__0_i_8/O
                         net (fo=1, routed)           0.000    13.766    u_system/u_gemm/g_mac1.u_mac/prod__85_carry__0_i_8_n_0
    SLICE_X107Y130       CARRY4 (Prop_carry4_S[0]_CO[3])
                                                      0.532    14.298 r  u_system/u_gemm/g_mac1.u_mac/prod__85_carry__0/CO[3]
                         net (fo=1, routed)           0.000    14.298    u_system/u_gemm/g_mac1.u_mac/prod__85_carry__0_n_0
    SLICE_X107Y131       CARRY4 (Prop_carry4_CI_O[3])
                                                      0.313    14.611 r  u_system/u_gemm/g_mac1.u_mac/prod__85_carry__1/O[3]
                         net (fo=4, routed)           0.586    15.196    u_system/u_gemm/u_buf/O[0]
    SLICE_X108Y132       LUT2 (Prop_lut2_I0_O)        0.306    15.502 r  u_system/u_gemm/u_buf/acc0_carry__3_i_5/O
                         net (fo=1, routed)           0.000    15.502    u_system/u_gemm/g_mac1.u_mac/c_wdata_reg[19]_1[0]
    SLICE_X108Y132       CARRY4 (Prop_carry4_S[0]_CO[3])
                                                      0.513    16.015 r  u_system/u_gemm/g_mac1.u_mac/acc0_carry__3/CO[3]
                         net (fo=1, routed)           0.000    16.015    u_system/u_gemm/g_mac1.u_mac/acc0_carry__3_n_0
    SLICE_X108Y133       CARRY4 (Prop_carry4_CI_CO[3])
                                                      0.117    16.132 r  u_system/u_gemm/g_mac1.u_mac/acc0_carry__4/CO[3]
                         net (fo=1, routed)           0.000    16.132    u_system/u_gemm/g_mac1.u_mac/acc0_carry__4_n_0
    SLICE_X108Y134       CARRY4 (Prop_carry4_CI_O[3])
                                                      0.331    16.463 r  u_system/u_gemm/g_mac1.u_mac/acc0_carry__5/O[3]
                         net (fo=2, routed)           0.658    17.122    u_system/u_gemm/g_mac1.u_mac/acc0[27]
    SLICE_X109Y134       LUT3 (Prop_lut3_I2_O)        0.335    17.457 r  u_system/u_gemm/g_mac1.u_mac/acc[27]_i_1/O
                         net (fo=1, routed)           0.000    17.457    u_system/u_gemm/g_mac1.u_mac/acc[27]
    SLICE_X109Y134       FDRE                                         r  u_system/u_gemm/g_mac1.u_mac/acc_reg[27]/D
  -------------------------------------------------------------------    -------------------

                         (clock sys_clk_pin rise edge)
                                                     11.000    11.000 r  
    K17                                               0.000    11.000 r  clk (IN)
                         net (fo=0)                   0.000    11.000    clk
    K17                  IBUF (Prop_ibuf_I_O)         1.404    12.404 r  clk_IBUF_inst/O
                         net (fo=1, routed)           2.293    14.697    clk_IBUF
    BUFGCTRL_X0Y16       BUFG (Prop_bufg_I_O)         0.091    14.788 r  clk_IBUF_BUFG_inst/O
                         net (fo=922, routed)         1.851    16.639    u_system/u_gemm/g_mac1.u_mac/clk_IBUF_BUFG
    SLICE_X109Y134       FDRE                                         r  u_system/u_gemm/g_mac1.u_mac/acc_reg[27]/C
                         clock pessimism              0.441    17.081    
                         clock uncertainty           -0.035    17.045    
    SLICE_X109Y134       FDRE (Setup_fdre_C_D)        0.075    17.120    u_system/u_gemm/g_mac1.u_mac/acc_reg[27]
  -------------------------------------------------------------------
                         required time                         17.120    
                         arrival time                         -17.457    
  -------------------------------------------------------------------
                         slack                                 -0.336    

Slack (VIOLATED) :        -0.275ns  (required time - arrival time)
  Source:                 u_system/u_gemm/g_mac1.u_mac/i_reg[2]_replica_1/C
                            (rising edge-triggered cell FDRE clocked by sys_clk_pin  {rise@0.000ns fall@5.500ns period=11.000ns})
  Destination:            u_system/u_gemm/g_mac1.u_mac/acc_reg[28]/D
                            (rising edge-triggered cell FDRE clocked by sys_clk_pin  {rise@0.000ns fall@5.500ns period=11.000ns})
  Path Group:             sys_clk_pin
  Path Type:              Setup (Max at Slow Process Corner)
  Requirement:            11.000ns  (sys_clk_pin rise@11.000ns - sys_clk_pin rise@0.000ns)
  Data Path Delay:        11.209ns  (logic 5.054ns (45.088%)  route 6.155ns (54.912%))
  Logic Levels:           16  (CARRY4=7 LUT2=1 LUT3=3 LUT4=1 LUT6=3 RAMD32=1)
  Clock Path Skew:        -0.061ns (DCD - SCD + CPR)
    Destination Clock Delay (DCD):    5.639ns = ( 16.639 - 11.000 ) 
    Source Clock Delay      (SCD):    6.142ns
    Clock Pessimism Removal (CPR):    0.441ns
  Clock Uncertainty:      0.035ns  ((TSJ^2 + TIJ^2)^1/2 + DJ) / 2 + PE
    Total System Jitter     (TSJ):    0.071ns
    Total Input Jitter      (TIJ):    0.000ns
    Discrete Jitter          (DJ):    0.000ns
    Phase Error              (PE):    0.000ns

    Location             Delay type                Incr(ns)  Path(ns)    Netlist Resource(s)
  -------------------------------------------------------------------    -------------------
                         (clock sys_clk_pin rise edge)
                                                      0.000     0.000 r  
    K17                                               0.000     0.000 r  clk (IN)
                         net (fo=0)                   0.000     0.000    clk
    K17                  IBUF (Prop_ibuf_I_O)         1.475     1.475 r  clk_IBUF_inst/O
                         net (fo=1, routed)           2.522     3.997    clk_IBUF
    BUFGCTRL_X0Y16       BUFG (Prop_bufg_I_O)         0.101     4.098 r  clk_IBUF_BUFG_inst/O
                         net (fo=922, routed)         2.044     6.142    u_system/u_gemm/g_mac1.u_mac/clk_IBUF_BUFG
    SLICE_X111Y129       FDRE                                         r  u_system/u_gemm/g_mac1.u_mac/i_reg[2]_replica_1/C
  -------------------------------------------------------------------    -------------------
    SLICE_X111Y129       FDRE (Prop_fdre_C_Q)         0.456     6.598 r  u_system/u_gemm/g_mac1.u_mac/i_reg[2]_replica_1/Q
                         net (fo=1, routed)           0.812     7.410    u_system/u_gemm/g_mac1.u_mac/i[2]_repN_1
    SLICE_X110Y128       LUT6 (Prop_lut6_I0_O)        0.124     7.534 r  u_system/u_gemm/g_mac1.u_mac/a_buf_reg_0_15_0_5_i_6/O
                         net (fo=2, routed)           0.670     8.204    u_system/u_gemm/g_mac1.u_mac/a_buf_reg_0_15_0_5_i_6_n_0
    SLICE_X109Y127       LUT3 (Prop_lut3_I2_O)        0.124     8.328 r  u_system/u_gemm/g_mac1.u_mac/a_buf_reg_0_15_0_5_i_2/O
                         net (fo=8, routed)           0.832     9.160    u_system/u_gemm/u_buf/a_buf_reg_0_15_0_5/ADDRB2
    SLICE_X108Y127       RAMD32 (Prop_ramd32_RADR2_O)
                                                      0.150     9.310 r  u_system/u_gemm/u_buf/a_buf_reg_0_15_0_5/RAMB/O
                         net (fo=16, routed)          0.933    10.243    u_system/u_gemm/u_buf/a_rdata[2]
    SLICE_X107Y128       LUT6 (Prop_lut6_I1_O)        0.348    10.591 r  u_system/u_gemm/u_buf/prod__0_carry__0_i_3/O
                         net (fo=2, routed)           0.432    11.023    u_system/u_gemm/u_buf/b_we_reg_0[1]
    SLICE_X106Y129       LUT6 (Prop_lut6_I0_O)        0.124    11.147 r  u_system/u_gemm/u_buf/prod__0_carry__0_i_7/O
                         net (fo=1, routed)           0.000    11.147    u_system/u_gemm/g_mac1.u_mac/prod__85_carry_i_8_1[1]
    SLICE_X106Y129       CARRY4 (Prop_carry4_S[1]_O[3])
                                                      0.640    11.787 r  u_system/u_gemm/g_mac1.u_mac/prod__0_carry__0/O[3]
                         net (fo=2, routed)           0.866    12.653    u_system/u_gemm/g_mac1.u_mac/prod__0_carry__0_n_4
    SLICE_X107Y129       LUT3 (Prop_lut3_I2_O)        0.331    12.984 r  u_system/u_gemm/g_mac1.u_mac/prod__85_carry__0_i_4/O
                         net (fo=2, routed)           0.450    13.434    u_system/u_gemm/g_mac1.u_mac/prod__85_carry__0_i_4_n_0
    SLICE_X107Y130       LUT4 (Prop_lut4_I3_O)        0.332    13.766 r  u_system/u_gemm/g_mac1.u_mac/prod__85_carry__0_i_8/O
                         net (fo=1, routed)           0.000    13.766    u_system/u_gemm/g_mac1.u_mac/prod__85_carry__0_i_8_n_0
    SLICE_X107Y130       CARRY4 (Prop_carry4_S[0]_CO[3])
                                                      0.532    14.298 r  u_system/u_gemm/g_mac1.u_mac/prod__85_carry__0/CO[3]
                         net (fo=1, routed)           0.000    14.298    u_system/u_gemm/g_mac1.u_mac/prod__85_carry__0_n_0
    SLICE_X107Y131       CARRY4 (Prop_carry4_CI_O[3])
                                                      0.313    14.611 r  u_system/u_gemm/g_mac1.u_mac/prod__85_carry__1/O[3]
                         net (fo=4, routed)           0.586    15.196    u_system/u_gemm/u_buf/O[0]
    SLICE_X108Y132       LUT2 (Prop_lut2_I0_O)        0.306    15.502 r  u_system/u_gemm/u_buf/acc0_carry__3_i_5/O
                         net (fo=1, routed)           0.000    15.502    u_system/u_gemm/g_mac1.u_mac/c_wdata_reg[19]_1[0]
    SLICE_X108Y132       CARRY4 (Prop_carry4_S[0]_CO[3])
                                                      0.513    16.015 r  u_system/u_gemm/g_mac1.u_mac/acc0_carry__3/CO[3]
                         net (fo=1, routed)           0.000    16.015    u_system/u_gemm/g_mac1.u_mac/acc0_carry__3_n_0
    SLICE_X108Y133       CARRY4 (Prop_carry4_CI_CO[3])
                                                      0.117    16.132 r  u_system/u_gemm/g_mac1.u_mac/acc0_carry__4/CO[3]
                         net (fo=1, routed)           0.000    16.132    u_system/u_gemm/g_mac1.u_mac/acc0_carry__4_n_0
    SLICE_X108Y134       CARRY4 (Prop_carry4_CI_CO[3])
                                                      0.117    16.249 r  u_system/u_gemm/g_mac1.u_mac/acc0_carry__5/CO[3]
                         net (fo=1, routed)           0.000    16.249    u_system/u_gemm/g_mac1.u_mac/acc0_carry__5_n_0
    SLICE_X108Y135       CARRY4 (Prop_carry4_CI_O[0])
                                                      0.232    16.481 r  u_system/u_gemm/g_mac1.u_mac/acc0_carry__6/O[0]
                         net (fo=2, routed)           0.575    17.056    u_system/u_gemm/g_mac1.u_mac/acc0[28]
    SLICE_X109Y134       LUT3 (Prop_lut3_I2_O)        0.295    17.351 r  u_system/u_gemm/g_mac1.u_mac/acc[28]_i_1/O
                         net (fo=1, routed)           0.000    17.351    u_system/u_gemm/g_mac1.u_mac/acc[28]
    SLICE_X109Y134       FDRE                                         r  u_system/u_gemm/g_mac1.u_mac/acc_reg[28]/D
  -------------------------------------------------------------------    -------------------

                         (clock sys_clk_pin rise edge)
                                                     11.000    11.000 r  
    K17                                               0.000    11.000 r  clk (IN)
                         net (fo=0)                   0.000    11.000    clk
    K17                  IBUF (Prop_ibuf_I_O)         1.404    12.404 r  clk_IBUF_inst/O
                         net (fo=1, routed)           2.293    14.697    clk_IBUF
    BUFGCTRL_X0Y16       BUFG (Prop_bufg_I_O)         0.091    14.788 r  clk_IBUF_BUFG_inst/O
                         net (fo=922, routed)         1.851    16.639    u_system/u_gemm/g_mac1.u_mac/clk_IBUF_BUFG
    SLICE_X109Y134       FDRE                                         r  u_system/u_gemm/g_mac1.u_mac/acc_reg[28]/C
                         clock pessimism              0.441    17.081    
                         clock uncertainty           -0.035    17.045    
    SLICE_X109Y134       FDRE (Setup_fdre_C_D)        0.031    17.076    u_system/u_gemm/g_mac1.u_mac/acc_reg[28]
  -------------------------------------------------------------------
                         required time                         17.076    
                         arrival time                         -17.351    
  -------------------------------------------------------------------
                         slack                                 -0.275    

Slack (VIOLATED) :        -0.222ns  (required time - arrival time)
  Source:                 u_system/u_gemm/g_mac1.u_mac/i_reg[2]_replica_1/C
                            (rising edge-triggered cell FDRE clocked by sys_clk_pin  {rise@0.000ns fall@5.500ns period=11.000ns})
  Destination:            u_system/u_gemm/g_mac1.u_mac/acc_reg[29]/D
                            (rising edge-triggered cell FDRE clocked by sys_clk_pin  {rise@0.000ns fall@5.500ns period=11.000ns})
  Path Group:             sys_clk_pin
  Path Type:              Setup (Max at Slow Process Corner)
  Requirement:            11.000ns  (sys_clk_pin rise@11.000ns - sys_clk_pin rise@0.000ns)
  Data Path Delay:        11.158ns  (logic 5.170ns (46.336%)  route 5.988ns (53.664%))
  Logic Levels:           16  (CARRY4=7 LUT2=1 LUT3=3 LUT4=1 LUT6=3 RAMD32=1)
  Clock Path Skew:        -0.061ns (DCD - SCD + CPR)
    Destination Clock Delay (DCD):    5.639ns = ( 16.639 - 11.000 ) 
    Source Clock Delay      (SCD):    6.142ns
    Clock Pessimism Removal (CPR):    0.441ns
  Clock Uncertainty:      0.035ns  ((TSJ^2 + TIJ^2)^1/2 + DJ) / 2 + PE
    Total System Jitter     (TSJ):    0.071ns
    Total Input Jitter      (TIJ):    0.000ns
    Discrete Jitter          (DJ):    0.000ns
    Phase Error              (PE):    0.000ns

    Location             Delay type                Incr(ns)  Path(ns)    Netlist Resource(s)
  -------------------------------------------------------------------    -------------------
                         (clock sys_clk_pin rise edge)
                                                      0.000     0.000 r  
    K17                                               0.000     0.000 r  clk (IN)
                         net (fo=0)                   0.000     0.000    clk
    K17                  IBUF (Prop_ibuf_I_O)         1.475     1.475 r  clk_IBUF_inst/O
                         net (fo=1, routed)           2.522     3.997    clk_IBUF
    BUFGCTRL_X0Y16       BUFG (Prop_bufg_I_O)         0.101     4.098 r  clk_IBUF_BUFG_inst/O
                         net (fo=922, routed)         2.044     6.142    u_system/u_gemm/g_mac1.u_mac/clk_IBUF_BUFG
    SLICE_X111Y129       FDRE                                         r  u_system/u_gemm/g_mac1.u_mac/i_reg[2]_replica_1/C
  -------------------------------------------------------------------    -------------------
    SLICE_X111Y129       FDRE (Prop_fdre_C_Q)         0.456     6.598 r  u_system/u_gemm/g_mac1.u_mac/i_reg[2]_replica_1/Q
                         net (fo=1, routed)           0.812     7.410    u_system/u_gemm/g_mac1.u_mac/i[2]_repN_1
    SLICE_X110Y128       LUT6 (Prop_lut6_I0_O)        0.124     7.534 r  u_system/u_gemm/g_mac1.u_mac/a_buf_reg_0_15_0_5_i_6/O
                         net (fo=2, routed)           0.670     8.204    u_system/u_gemm/g_mac1.u_mac/a_buf_reg_0_15_0_5_i_6_n_0
    SLICE_X109Y127       LUT3 (Prop_lut3_I2_O)        0.124     8.328 r  u_system/u_gemm/g_mac1.u_mac/a_buf_reg_0_15_0_5_i_2/O
                         net (fo=8, routed)           0.832     9.160    u_system/u_gemm/u_buf/a_buf_reg_0_15_0_5/ADDRB2
    SLICE_X108Y127       RAMD32 (Prop_ramd32_RADR2_O)
                                                      0.150     9.310 r  u_system/u_gemm/u_buf/a_buf_reg_0_15_0_5/RAMB/O
                         net (fo=16, routed)          0.933    10.243    u_system/u_gemm/u_buf/a_rdata[2]
    SLICE_X107Y128       LUT6 (Prop_lut6_I1_O)        0.348    10.591 r  u_system/u_gemm/u_buf/prod__0_carry__0_i_3/O
                         net (fo=2, routed)           0.432    11.023    u_system/u_gemm/u_buf/b_we_reg_0[1]
    SLICE_X106Y129       LUT6 (Prop_lut6_I0_O)        0.124    11.147 r  u_system/u_gemm/u_buf/prod__0_carry__0_i_7/O
                         net (fo=1, routed)           0.000    11.147    u_system/u_gemm/g_mac1.u_mac/prod__85_carry_i_8_1[1]
    SLICE_X106Y129       CARRY4 (Prop_carry4_S[1]_O[3])
                                                      0.640    11.787 r  u_system/u_gemm/g_mac1.u_mac/prod__0_carry__0/O[3]
                         net (fo=2, routed)           0.866    12.653    u_system/u_gemm/g_mac1.u_mac/prod__0_carry__0_n_4
    SLICE_X107Y129       LUT3 (Prop_lut3_I2_O)        0.331    12.984 r  u_system/u_gemm/g_mac1.u_mac/prod__85_carry__0_i_4/O
                         net (fo=2, routed)           0.450    13.434    u_system/u_gemm/g_mac1.u_mac/prod__85_carry__0_i_4_n_0
    SLICE_X107Y130       LUT4 (Prop_lut4_I3_O)        0.332    13.766 r  u_system/u_gemm/g_mac1.u_mac/prod__85_carry__0_i_8/O
                         net (fo=1, routed)           0.000    13.766    u_system/u_gemm/g_mac1.u_mac/prod__85_carry__0_i_8_n_0
    SLICE_X107Y130       CARRY4 (Prop_carry4_S[0]_CO[3])
                                                      0.532    14.298 r  u_system/u_gemm/g_mac1.u_mac/prod__85_carry__0/CO[3]
                         net (fo=1, routed)           0.000    14.298    u_system/u_gemm/g_mac1.u_mac/prod__85_carry__0_n_0
    SLICE_X107Y131       CARRY4 (Prop_carry4_CI_O[3])
                                                      0.313    14.611 r  u_system/u_gemm/g_mac1.u_mac/prod__85_carry__1/O[3]
                         net (fo=4, routed)           0.586    15.196    u_system/u_gemm/u_buf/O[0]
    SLICE_X108Y132       LUT2 (Prop_lut2_I0_O)        0.306    15.502 r  u_system/u_gemm/u_buf/acc0_carry__3_i_5/O
                         net (fo=1, routed)           0.000    15.502    u_system/u_gemm/g_mac1.u_mac/c_wdata_reg[19]_1[0]
    SLICE_X108Y132       CARRY4 (Prop_carry4_S[0]_CO[3])
                                                      0.513    16.015 r  u_system/u_gemm/g_mac1.u_mac/acc0_carry__3/CO[3]
                         net (fo=1, routed)           0.000    16.015    u_system/u_gemm/g_mac1.u_mac/acc0_carry__3_n_0
    SLICE_X108Y133       CARRY4 (Prop_carry4_CI_CO[3])
                                                      0.117    16.132 r  u_system/u_gemm/g_mac1.u_mac/acc0_carry__4/CO[3]
                         net (fo=1, routed)           0.000    16.132    u_system/u_gemm/g_mac1.u_mac/acc0_carry__4_n_0
    SLICE_X108Y134       CARRY4 (Prop_carry4_CI_CO[3])
                                                      0.117    16.249 r  u_system/u_gemm/g_mac1.u_mac/acc0_carry__5/CO[3]
                         net (fo=1, routed)           0.000    16.249    u_system/u_gemm/g_mac1.u_mac/acc0_carry__5_n_0
    SLICE_X108Y135       CARRY4 (Prop_carry4_CI_O[1])
                                                      0.337    16.586 r  u_system/u_gemm/g_mac1.u_mac/acc0_carry__6/O[1]
                         net (fo=2, routed)           0.407    16.994    u_system/u_gemm/g_mac1.u_mac/acc0[29]
    SLICE_X109Y134       LUT3 (Prop_lut3_I2_O)        0.306    17.300 r  u_system/u_gemm/g_mac1.u_mac/acc[29]_i_1/O
                         net (fo=1, routed)           0.000    17.300    u_system/u_gemm/g_mac1.u_mac/acc[29]
    SLICE_X109Y134       FDRE                                         r  u_system/u_gemm/g_mac1.u_mac/acc_reg[29]/D
  -------------------------------------------------------------------    -------------------

                         (clock sys_clk_pin rise edge)
                                                     11.000    11.000 r  
    K17                                               0.000    11.000 r  clk (IN)
                         net (fo=0)                   0.000    11.000    clk
    K17                  IBUF (Prop_ibuf_I_O)         1.404    12.404 r  clk_IBUF_inst/O
                         net (fo=1, routed)           2.293    14.697    clk_IBUF
    BUFGCTRL_X0Y16       BUFG (Prop_bufg_I_O)         0.091    14.788 r  clk_IBUF_BUFG_inst/O
                         net (fo=922, routed)         1.851    16.639    u_system/u_gemm/g_mac1.u_mac/clk_IBUF_BUFG
    SLICE_X109Y134       FDRE                                         r  u_system/u_gemm/g_mac1.u_mac/acc_reg[29]/C
                         clock pessimism              0.441    17.081    
                         clock uncertainty           -0.035    17.045    
    SLICE_X109Y134       FDRE (Setup_fdre_C_D)        0.032    17.077    u_system/u_gemm/g_mac1.u_mac/acc_reg[29]
  -------------------------------------------------------------------
                         required time                         17.077    
                         arrival time                         -17.300    
  -------------------------------------------------------------------
                         slack                                 -0.222    

Slack (VIOLATED) :        -0.189ns  (required time - arrival time)
  Source:                 u_system/u_gemm/g_mac1.u_mac/i_reg[2]_replica_1/C
                            (rising edge-triggered cell FDRE clocked by sys_clk_pin  {rise@0.000ns fall@5.500ns period=11.000ns})
  Destination:            u_system/u_gemm/g_mac1.u_mac/acc_reg[24]/D
                            (rising edge-triggered cell FDRE clocked by sys_clk_pin  {rise@0.000ns fall@5.500ns period=11.000ns})
  Path Group:             sys_clk_pin
  Path Type:              Setup (Max at Slow Process Corner)
  Requirement:            11.000ns  (sys_clk_pin rise@11.000ns - sys_clk_pin rise@0.000ns)
  Data Path Delay:        11.121ns  (logic 4.937ns (44.392%)  route 6.184ns (55.608%))
  Logic Levels:           15  (CARRY4=6 LUT2=1 LUT3=3 LUT4=1 LUT6=3 RAMD32=1)
  Clock Path Skew:        -0.061ns (DCD - SCD + CPR)
    Destination Clock Delay (DCD):    5.639ns = ( 16.639 - 11.000 ) 
    Source Clock Delay      (SCD):    6.142ns
    Clock Pessimism Removal (CPR):    0.441ns
  Clock Uncertainty:      0.035ns  ((TSJ^2 + TIJ^2)^1/2 + DJ) / 2 + PE
    Total System Jitter     (TSJ):    0.071ns
    Total Input Jitter      (TIJ):    0.000ns
    Discrete Jitter          (DJ):    0.000ns
    Phase Error              (PE):    0.000ns

    Location             Delay type                Incr(ns)  Path(ns)    Netlist Resource(s)
  -------------------------------------------------------------------    -------------------
                         (clock sys_clk_pin rise edge)
                                                      0.000     0.000 r  
    K17                                               0.000     0.000 r  clk (IN)
                         net (fo=0)                   0.000     0.000    clk
    K17                  IBUF (Prop_ibuf_I_O)         1.475     1.475 r  clk_IBUF_inst/O
                         net (fo=1, routed)           2.522     3.997    clk_IBUF
    BUFGCTRL_X0Y16       BUFG (Prop_bufg_I_O)         0.101     4.098 r  clk_IBUF_BUFG_inst/O
                         net (fo=922, routed)         2.044     6.142    u_system/u_gemm/g_mac1.u_mac/clk_IBUF_BUFG
    SLICE_X111Y129       FDRE                                         r  u_system/u_gemm/g_mac1.u_mac/i_reg[2]_replica_1/C
  -------------------------------------------------------------------    -------------------
    SLICE_X111Y129       FDRE (Prop_fdre_C_Q)         0.456     6.598 r  u_system/u_gemm/g_mac1.u_mac/i_reg[2]_replica_1/Q
                         net (fo=1, routed)           0.812     7.410    u_system/u_gemm/g_mac1.u_mac/i[2]_repN_1
    SLICE_X110Y128       LUT6 (Prop_lut6_I0_O)        0.124     7.534 r  u_system/u_gemm/g_mac1.u_mac/a_buf_reg_0_15_0_5_i_6/O
                         net (fo=2, routed)           0.670     8.204    u_system/u_gemm/g_mac1.u_mac/a_buf_reg_0_15_0_5_i_6_n_0
    SLICE_X109Y127       LUT3 (Prop_lut3_I2_O)        0.124     8.328 r  u_system/u_gemm/g_mac1.u_mac/a_buf_reg_0_15_0_5_i_2/O
                         net (fo=8, routed)           0.832     9.160    u_system/u_gemm/u_buf/a_buf_reg_0_15_0_5/ADDRB2
    SLICE_X108Y127       RAMD32 (Prop_ramd32_RADR2_O)
                                                      0.150     9.310 r  u_system/u_gemm/u_buf/a_buf_reg_0_15_0_5/RAMB/O
                         net (fo=16, routed)          0.933    10.243    u_system/u_gemm/u_buf/a_rdata[2]
    SLICE_X107Y128       LUT6 (Prop_lut6_I1_O)        0.348    10.591 r  u_system/u_gemm/u_buf/prod__0_carry__0_i_3/O
                         net (fo=2, routed)           0.432    11.023    u_system/u_gemm/u_buf/b_we_reg_0[1]
    SLICE_X106Y129       LUT6 (Prop_lut6_I0_O)        0.124    11.147 r  u_system/u_gemm/u_buf/prod__0_carry__0_i_7/O
                         net (fo=1, routed)           0.000    11.147    u_system/u_gemm/g_mac1.u_mac/prod__85_carry_i_8_1[1]
    SLICE_X106Y129       CARRY4 (Prop_carry4_S[1]_O[3])
                                                      0.640    11.787 r  u_system/u_gemm/g_mac1.u_mac/prod__0_carry__0/O[3]
                         net (fo=2, routed)           0.866    12.653    u_system/u_gemm/g_mac1.u_mac/prod__0_carry__0_n_4
    SLICE_X107Y129       LUT3 (Prop_lut3_I2_O)        0.331    12.984 r  u_system/u_gemm/g_mac1.u_mac/prod__85_carry__0_i_4/O
                         net (fo=2, routed)           0.450    13.434    u_system/u_gemm/g_mac1.u_mac/prod__85_carry__0_i_4_n_0
    SLICE_X107Y130       LUT4 (Prop_lut4_I3_O)        0.332    13.766 r  u_system/u_gemm/g_mac1.u_mac/prod__85_carry__0_i_8/O
                         net (fo=1, routed)           0.000    13.766    u_system/u_gemm/g_mac1.u_mac/prod__85_carry__0_i_8_n_0
    SLICE_X107Y130       CARRY4 (Prop_carry4_S[0]_CO[3])
                                                      0.532    14.298 r  u_system/u_gemm/g_mac1.u_mac/prod__85_carry__0/CO[3]
                         net (fo=1, routed)           0.000    14.298    u_system/u_gemm/g_mac1.u_mac/prod__85_carry__0_n_0
    SLICE_X107Y131       CARRY4 (Prop_carry4_CI_O[3])
                                                      0.313    14.611 r  u_system/u_gemm/g_mac1.u_mac/prod__85_carry__1/O[3]
                         net (fo=4, routed)           0.586    15.196    u_system/u_gemm/u_buf/O[0]
    SLICE_X108Y132       LUT2 (Prop_lut2_I0_O)        0.306    15.502 r  u_system/u_gemm/u_buf/acc0_carry__3_i_5/O
                         net (fo=1, routed)           0.000    15.502    u_system/u_gemm/g_mac1.u_mac/c_wdata_reg[19]_1[0]
    SLICE_X108Y132       CARRY4 (Prop_carry4_S[0]_CO[3])
                                                      0.513    16.015 r  u_system/u_gemm/g_mac1.u_mac/acc0_carry__3/CO[3]
                         net (fo=1, routed)           0.000    16.015    u_system/u_gemm/g_mac1.u_mac/acc0_carry__3_n_0
    SLICE_X108Y133       CARRY4 (Prop_carry4_CI_CO[3])
                                                      0.117    16.132 r  u_system/u_gemm/g_mac1.u_mac/acc0_carry__4/CO[3]
                         net (fo=1, routed)           0.000    16.132    u_system/u_gemm/g_mac1.u_mac/acc0_carry__4_n_0
    SLICE_X108Y134       CARRY4 (Prop_carry4_CI_O[0])
                                                      0.232    16.364 r  u_system/u_gemm/g_mac1.u_mac/acc0_carry__5/O[0]
                         net (fo=2, routed)           0.604    16.968    u_system/u_gemm/g_mac1.u_mac/acc0[24]
    SLICE_X109Y134       LUT3 (Prop_lut3_I2_O)        0.295    17.263 r  u_system/u_gemm/g_mac1.u_mac/acc[24]_i_1/O
                         net (fo=1, routed)           0.000    17.263    u_system/u_gemm/g_mac1.u_mac/acc[24]
    SLICE_X109Y134       FDRE                                         r  u_system/u_gemm/g_mac1.u_mac/acc_reg[24]/D
  -------------------------------------------------------------------    -------------------

                         (clock sys_clk_pin rise edge)
                                                     11.000    11.000 r  
    K17                                               0.000    11.000 r  clk (IN)
                         net (fo=0)                   0.000    11.000    clk
    K17                  IBUF (Prop_ibuf_I_O)         1.404    12.404 r  clk_IBUF_inst/O
                         net (fo=1, routed)           2.293    14.697    clk_IBUF
    BUFGCTRL_X0Y16       BUFG (Prop_bufg_I_O)         0.091    14.788 r  clk_IBUF_BUFG_inst/O
                         net (fo=922, routed)         1.851    16.639    u_system/u_gemm/g_mac1.u_mac/clk_IBUF_BUFG
    SLICE_X109Y134       FDRE                                         r  u_system/u_gemm/g_mac1.u_mac/acc_reg[24]/C
                         clock pessimism              0.441    17.081    
                         clock uncertainty           -0.035    17.045    
    SLICE_X109Y134       FDRE (Setup_fdre_C_D)        0.029    17.074    u_system/u_gemm/g_mac1.u_mac/acc_reg[24]
  -------------------------------------------------------------------
                         required time                         17.074    
                         arrival time                         -17.263    
  -------------------------------------------------------------------
                         slack                                 -0.189    





Pulse Width Checks
--------------------------------------------------------------------------------------
Clock Name:         sys_clk_pin
Waveform(ns):       { 0.000 5.500 }
Period(ns):         11.000
Sources:            { clk }

Check Type        Corner  Lib Pin             Reference Pin  Required(ns)  Actual(ns)  Slack(ns)  Location        Pin
Min Period        n/a     RAMB36E1/CLKARDCLK  n/a            2.944         11.000      8.056      RAMB36_X5Y24    u_system/mem_reg_0/CLKARDCLK
Min Period        n/a     RAMB36E1/CLKARDCLK  n/a            2.944         11.000      8.056      RAMB36_X4Y24    u_system/mem_reg_1/CLKARDCLK
Min Period        n/a     RAMB36E1/CLKARDCLK  n/a            2.944         11.000      8.056      RAMB36_X5Y23    u_system/mem_reg_2/CLKARDCLK
Min Period        n/a     RAMB36E1/CLKARDCLK  n/a            2.944         11.000      8.056      RAMB36_X4Y23    u_system/mem_reg_3/CLKARDCLK
Min Period        n/a     RAMB36E1/CLKBWRCLK  n/a            2.576         11.000      8.424      RAMB36_X5Y24    u_system/mem_reg_0/CLKBWRCLK
Low Pulse Width   Slow    RAMD32/CLK          n/a            1.250         5.500       4.250      SLICE_X108Y127  u_system/u_gemm/u_buf/a_buf_reg_0_15_0_5/RAMA/CLK
Low Pulse Width   Fast    RAMD32/CLK          n/a            1.250         5.500       4.250      SLICE_X108Y127  u_system/u_gemm/u_buf/a_buf_reg_0_15_0_5/RAMA/CLK
Low Pulse Width   Slow    RAMD32/CLK          n/a            1.250         5.500       4.250      SLICE_X108Y127  u_system/u_gemm/u_buf/a_buf_reg_0_15_0_5/RAMA_D1/CLK
Low Pulse Width   Fast    RAMD32/CLK          n/a            1.250         5.500       4.250      SLICE_X108Y127  u_system/u_gemm/u_buf/a_buf_reg_0_15_0_5/RAMA_D1/CLK
Low Pulse Width   Slow    RAMD32/CLK          n/a            1.250         5.500       4.250      SLICE_X108Y127  u_system/u_gemm/u_buf/a_buf_reg_0_15_0_5/RAMB/CLK
High Pulse Width  Slow    RAMD32/CLK          n/a            1.250         5.500       4.250      SLICE_X108Y127  u_system/u_gemm/u_buf/a_buf_reg_0_15_0_5/RAMA/CLK
High Pulse Width  Fast    RAMD32/CLK          n/a            1.250         5.500       4.250      SLICE_X108Y127  u_system/u_gemm/u_buf/a_buf_reg_0_15_0_5/RAMA/CLK
High Pulse Width  Slow    RAMD32/CLK          n/a            1.250         5.500       4.250      SLICE_X108Y127  u_system/u_gemm/u_buf/a_buf_reg_0_15_0_5/RAMA_D1/CLK
High Pulse Width  Fast    RAMD32/CLK          n/a            1.250         5.500       4.250      SLICE_X108Y127  u_system/u_gemm/u_buf/a_buf_reg_0_15_0_5/RAMA_D1/CLK
High Pulse Width  Slow    RAMD32/CLK          n/a            1.250         5.500       4.250      SLICE_X108Y127  u_system/u_gemm/u_buf/a_buf_reg_0_15_0_5/RAMB/CLK



